******************************************************************************
            TI ARM Clang Linker PC v4.0.1                      
******************************************************************************
>> Linked Sun Apr 20 00:32:03 2025

OUTPUT FILE NAME:   <ECE319K_Lab9H.out>
ENTRY POINT SYMBOL: "_c_int00_noargs"  address: 00004641


MEMORY CONFIGURATION

         name            origin    length      used     unused   attr    fill
----------------------  --------  ---------  --------  --------  ----  --------
  FLASH                 00000000   00020000  000055e0  0001aa20  R  X
  SRAM                  20200000   00008000  00000e9a  00007166  RW X
  BCR_CONFIG            41c00000   00000080  00000000  00000080  R   
  BSL_CONFIG            41c00100   00000080  00000000  00000080  R   


SEGMENT ALLOCATION MAP

run origin  load origin   length   init length attrs members
----------  ----------- ---------- ----------- ----- -------
00000000    00000000    000055e0   000055e0    r-x
  00000000    00000000    000000c0   000000c0    r-- .intvecs
  000000c0    000000c0    00004950   00004950    r-x .text
  00004a10    00004a10    00000b30   00000b30    r-- .rodata
  00005540    00005540    00000008   00000008    r-- .init_array
  00005548    00005548    00000098   00000098    r-- .cinit
20200000    20200000    00000ca1   00000000    rw-
  20200000    20200000    000008c1   00000000    rw- .data
  202008c8    202008c8    00000200   00000000    rw- .sysmem
  20200ac8    20200ac8    000001d9   00000000    rw- .bss
20207e00    20207e00    00000200   00000000    rw-
  20207e00    20207e00    00000200   00000000    rw- .stack


SECTION ALLOCATION MAP

 output                                  attributes/
section   page    origin      length       input sections
--------  ----  ----------  ----------   ----------------
.intvecs   0    00000000    000000c0     
                  00000000    000000c0     startup_mspm0g3507_ticlang.o (.intvecs)

.binit     0    00000000    00000000     

.text      0    000000c0    00004950     
                  000000c0    00000644     libc.a : k_rem_pio2.c.obj (.text.__kernel_rem_pio2)
                  00000704    00000210     ST7735.o (.text._Z17ST7735_DrawBitmapssPKtss)
                  00000914    000001d4     libc.a : s_cosf.c.obj (.text.cosf)
                  00000ae8    000001c8            : s_sinf.c.obj (.text.sinf)
                  00000cb0    000001b4     Clock.o (.text._Z15Clock_Init80MHzi)
                  00000e64    000001a8     ST7735.o (.text._Z15ST7735_DrawCharsscssh)
                  0000100c    00000192     libclang_rt.builtins.a : adddf3.S.obj (.text.adddf3_subdf3)
                  0000119e    00000002     Sound.o (.text.SysTick_Handler)
                  000011a0    00000178     tank.o (.text._ZN4Tank12rotateSpriteEf)
                  00001318    00000154     libc.a : fopen.c.obj (.text._openfile)
                  0000146c    00000144            : s_floor.c.obj (.text.floor)
                  000015b0    00000128     TExaS.o (.text._Z8ADC_InitP10ADC12_Regsjj)
                  000016d8    00000118     ST7735.o (.text._Z15ST7735_FillRectsssst)
                  000017f0    00000114     libc.a : memory.c.obj (.text.aligned_alloc)
                  00001904    000000f8     SPI.o (.text._Z8SPI_Initv)
                  000019fc    000000ec     libsysbm.a : add_device.c.obj (.text.add_device)
                  00001ae8    000000e8     ST7735.o (.text._Z14ST7735_OutCharc)
                  00001bd0    000000e8     TExaS.o (.text._Z9UART_Initv)
                  00001cb8    000000e8     libc.a : memory.c.obj (.text.free)
                  00001da0    000000e4     libclang_rt.builtins.a : muldf3.S.obj (.text.__muldf3)
                  00001e84    000000e0     libc.a : setvbuf.c.obj (.text.setvbuf)
                  00001f64    000000d8     tank.o (.text._ZN4Tank4MoveEv)
                  0000203c    000000d8     libc.a : s_scalbn.c.obj (.text.scalbn)
                  00002114    000000d8     libclang_rt.builtins.a : addsf3.S.obj (.text)
                  000021ec    000000cc     tools.o (.text._Z12bulletUpdatev)
                  000022b8    000000c8     tank.o (.text._ZN4TankC2EiiiPKthhjj)
                  00002380    000000c4     bullet.o (.text._ZN6Bullet4MoveEv)
                  00002444    000000ac     tank.o (.text._ZN4Tank11TriVelocityEi)
                  000024f0    000000ac     libc.a : s_cosf.c.obj (.text.__kernel_sindf)
                  0000259c    000000ac            : s_sinf.c.obj (.text.__kernel_sindf)
                  00002648    000000a8     Timer.o (.text._Z14TimerG7_IntArmtjj)
                  000026f0    000000a4     tools.o (.text._Z12rotateUpdatev)
                  00002794    000000a2     ST7735.o (.text._ZL11commandListPKh)
                  00002836    00000002     Sound.o (.text._Z10Sound_Initv)
                  00002838    000000a0     ST7735.o (.text._Z12ST7735_InitR10initRFlags)
                  000028d8    000000a0     ST7735.o (.text._Z17ST7735_InitPrintf10initRFlags)
                  00002978    000000a0     libsysbm.a : open.c.obj (.text.open)
                  00002a18    000000a0     libc.a : e_sqrtf.c.obj (.text.sqrtf)
                  00002ab8    0000009c     tools.o (.text._Z11isCollisionv)
                  00002b54    0000009c     libc.a : s_cosf.c.obj (.text.__kernel_cosdf)
                  00002bf0    0000009c            : s_sinf.c.obj (.text.__kernel_cosdf)
                  00002c8c    0000009a     tank.o (.text._ZN4Tank5ShootEP6Bulleti)
                  00002d26    00000002     libclang_rt.builtins.a : aeabi_div0.c.obj (.text.__aeabi_idiv0)
                  00002d28    00000094     Timer.o (.text._Z15TimerG12_IntArmjj)
                  00002dbc    00000090     SlidePot.o (.text._ZN8SlidePot4InitEj)
                  00002e4c    0000008c     libclang_rt.builtins.a : mulsf3.S.obj (.text.__mulsf3)
                  00002ed8    0000008c     Lab9HMain.o (.text.main)
                  00002f64    00000088     ST7735.o (.text._ZL13setAddrWindowhhhh)
                  00002fec    00000004     libc.a : pre_init.c.obj (.text._system_pre_init)
                  00002ff0    00000088            : strcmp-armv6m.S.obj (.text:strcmp)
                  00003078    00000084     ST7735.o (.text._Z17ST7735_DrawStringttPcs)
                  000030fc    00000082     libclang_rt.builtins.a : divsf3.S.obj (.text.__divsf3)
                  0000317e    00000002     libc.a : _lock.c.obj (.text._nop)
                  00003180    00000080     bullet.o (.text._ZN6Bullet4InitEiifii)
                  00003200    0000007c     Lab9HMain.o (.text.TIMG12_IRQHandler)
                  0000327c    0000007c     LaunchPad.o (.text._Z14LaunchPad_Initv)
                  000032f8    0000007c     libc.a : fclose.c.obj (.text.__TI_closefile)
                  00003374    0000007c            : copy_decompress_lzss.c.obj (.text:decompress:lzss)
                  000033f0    00000074     libclang_rt.builtins.a : comparedf2.c.obj (.text.__gedf2)
                  00003464    0000000c     Clock.o (.text._Z10Clock_Freqv)
                  00003470    00000074     libclang_rt.builtins.a : truncdfsf2.S.obj (.text.__truncdfsf2)
                  000034e4    0000006c     libsysbm.a : hostlseek.c.obj (.text.HOSTlseek)
                  00003550    0000006c                : hostrename.c.obj (.text.HOSTrename)
                  000035bc    0000006c     libc.a : getdevice.c.obj (.text.getdevice)
                  00003628    00000068     libclang_rt.builtins.a : comparedf2.c.obj (.text.__ledf2)
                  00003690    00000064     libc.a : memory.c.obj (.text.split)
                  000036f4    00000062     libclang_rt.builtins.a : aeabi_dcmp.S.obj (.text.__aeabi_dcmp)
                  00003756    00000002     --HOLE-- [fill = 0]
                  00003758    00000062                            : aeabi_fcmp.S.obj (.text.__aeabi_fcmp)
                  000037ba    00000002     --HOLE-- [fill = 0]
                  000037bc    00000060     libsysbm.a : hostopen.c.obj (.text.HOSTopen)
                  0000381c    00000060     SlidePot.o (.text._ZN8SlidePot2InEv)
                  0000387c    00000058     libsysbm.a : hostread.c.obj (.text.HOSTread)
                  000038d4    00000058                : hostwrite.c.obj (.text.HOSTwrite)
                  0000392c    00000058     TExaS.o (.text._Z10TExaS_InitP10ADC12_RegsjPFhvE)
                  00003984    00000056     libclang_rt.builtins.a : aeabi_idivmod.S.obj (.text.__aeabi_idivmod)
                  000039da    00000002     --HOLE-- [fill = 0]
                  000039dc    00000054     libc.a : autoinit.c.obj (.text:__TI_auto_init_nobinit)
                  00003a30    00000052            : fflush.c.obj (.text.__TI_doflush)
                  00003a82    00000050     tools.o (.text._Z12tankMovementjjR4Tank)
                  00003ad2    00000050     tank.o (.text._ZN4Tank6RotateEi)
                  00003b22    00000002     --HOLE-- [fill = 0]
                  00003b24    00000050     libsysbm.a : close.c.obj (.text.close)
                  00003b74    0000004a     libclang_rt.builtins.a : fixdfsi.S.obj (.text.__fixdfsi)
                  00003bbe    00000002     --HOLE-- [fill = 0]
                  00003bc0    00000048     libsysbm.a : hostclose.c.obj (.text.HOSTclose)
                  00003c08    00000048                : hostunlink.c.obj (.text.HOSTunlink)
                  00003c50    00000048     SPI.o (.text._Z14SPI_OutCommandc)
                  00003c98    00000044     tools.o (.text._Z9queryTankv)
                  00003cdc    00000040     TExaS.o (.text.TIMG7_IRQHandler)
                  00003d1c    00000040     SPI.o (.text._Z9SPI_Resetv)
                  00003d5c    00000040     bullet.o (.text._ZN6Bullet4DrawEv)
                  00003d9c    00000040     libclang_rt.builtins.a : aeabi_uidivmod.S.obj (.text.__aeabi_uidivmod)
                  00003ddc    00000040                            : extendsfdf2.S.obj (.text.__extendsfdf2)
                  00003e1c    00000040     libc.a : fopen.c.obj (.text._search_fp)
                  00003e5c    0000003e     tools.o (.text._Z5clampfff)
                  00003e9a    00000002     --HOLE-- [fill = 0]
                  00003e9c    0000003c     libclang_rt.builtins.a : floatsisf.S.obj (.text.__floatsisf)
                  00003ed8    0000003c                            : comparesf2.S.obj (.text.__gtsf2)
                  00003f14    0000003a                            : comparesf2.S.obj (.text.__eqsf2)
                  00003f4e    00000002     --HOLE-- [fill = 0]
                  00003f50    0000003a                            : muldsi3.S.obj (.text.__muldsi3)
                  00003f8a    00000002     --HOLE-- [fill = 0]
                  00003f8c    00000038     SPI.o (.text._Z11SPI_OutDatac)
                  00003fc4    00000038     LaunchPad.o (.text._Z15ActivatePortA_Bv)
                  00003ffc    00000038     bullet.o (.text._ZN6Bullet5EraseEv)
                  00004034    00000038     libclang_rt.builtins.a : fixsfsi.S.obj (.text.__fixsfsi)
                  0000406c    00000036     tank.o (.text._ZN4Tank15rotateIncrementEi)
                  000040a2    00000034     ST7735.o (.text._Z12ST7735_writeiPKcj)
                  000040d6    00000002     --HOLE-- [fill = 0]
                  000040d8    00000034     tools.o (.text._Z13displayUpdatev)
                  0000410c    00000034     Clock.o (.text._Z14Clock_Delay1msj)
                  00004140    00000034     ST7735.o (.text._Z16ST7735_SetCursorjj)
                  00004174    00000034     LED.o (.text._Z8LED_Initv)
                  000041a8    00000034     libc.a : fopen.c.obj (.text.__TI_cleanup)
                  000041dc    00000034     libsysbm.a : trgmsg.c.obj (.text.__TI_readmsg)
                  00004210    00000034                : trgmsg.c.obj (.text.__TI_writemsg)
                  00004244    00000034     libc.a : exit.c.obj (.text.exit)
                  00004278    00000034            : getdevice.c.obj (.text.finddevice)
                  000042ac    00000034            : fopen.c.obj (.text.freopen)
                  000042e0    00000032     ST7735.o (.text._Z15ST7735_Color565hhh)
                  00004312    00000032     tank.o (.text._ZN4Tank13TickCooldownsEv)
                  00004344    00000032     tank.o (.text._ZN4Tank4DrawEv)
                  00004376    00000002     --HOLE-- [fill = 0]
                  00004378    00000030     ST7735.o (.text._ZL10commonInitPKh)
                  000043a8    00000030     SlidePot.o (.text._ZN8SlidePot4SaveEj)
                  000043d8    00000030     Lab9HMain.o (.text.__cxx_global_var_init.4)
                  00004408    00000030     Lab9HMain.o (.text.__cxx_global_var_init.5)
                  00004438    00000030     libc.a : fopen.c.obj (.text.fopen)
                  00004468    0000002e     SlidePot.o (.text._ZN8SlidePot4SyncEv)
                  00004496    00000002     --HOLE-- [fill = 0]
                  00004498    0000002c     ST7735.o (.text._Z17ST7735_FillScreent)
                  000044c4    0000002c     tank.o (.text._ZN4Tank5EraseEv)
                  000044f0    0000002c     Lab9HMain.o (.text.__cxx_global_var_init.1)
                  0000451c    0000002c     Lab9HMain.o (.text.__cxx_global_var_init)
                  00004548    0000002c     libclang_rt.builtins.a : floatsidf.S.obj (.text.__floatsidf)
                  00004574    0000002c     libsysbm.a : unlink.c.obj (.text.unlink)
                  000045a0    00000028     Switch.o (.text._Z11Switch_Initv)
                  000045c8    00000028     TExaS.o (.text._Z9ADC_StartP10ADC12_Regs)
                  000045f0    00000028     libc.a : memory.c.obj (.text.free_list_insert)
                  00004618    00000028     libsysbm.a : write.c.obj (.text.write)
                  00004640    00000028     libc.a : boot_cortex_m.c.obj (.text:_c_int00_noargs)
                  00004668    0000001e     ST7735.o (.text._ZL9pushColort)
                  00004686    00000002     --HOLE-- [fill = 0]
                  00004688    0000001c     startup_mspm0g3507_ticlang.o (.text.Default_Handler)
                  000046a4    0000001c     startup_mspm0g3507_ticlang.o (.text.HardFault_Handler)
                  000046c0    0000001c     Lab9HMain.o (.text._GLOBAL__sub_I_Lab9HMain.cpp)
                  000046dc    0000001c     Switch.o (.text._Z10Switch_In1v)
                  000046f8    0000001c     Switch.o (.text._Z10Switch_In2v)
                  00004714    0000001c     ST7735.o (.text._Z11ST7735_openPKcji)
                  00004730    0000001c     Switch.o (.text._Z7P1SHOOTv)
                  0000474c    0000001c     Switch.o (.text._Z7P2SHOOTv)
                  00004768    0000001c     libc.a : memory.c.obj (.text.free_list_remove)
                  00004784    0000001a     tools.o (.text._Z15SlidePotSamplerR8SlidePot)
                  0000479e    0000001a     SlidePot.o (.text._ZN8SlidePotC2Ejj)
                  000047b8    00000018     bullet.o (.text._ZN6BulletC2Ev)
                  000047d0    00000016     libc.a : k_rem_pio2.c.obj (.text.OUTLINED_FUNCTION_0)
                  000047e6    00000002     --HOLE-- [fill = 0]
                  000047e8    00000010     libclang_rt.builtins.a : adddf3.S.obj (.tramp.__aeabi_dadd.1)
                  000047f8    00000016     ST7735.o (.text._Z11ST7735_readiPcj)
                  0000480e    00000016     libc.a : copy_zero_init.c.obj (.text:decompress:ZI:__TI_zero_init_nomemset)
                  00004824    00000014     Lab9HMain.o (.text.__cxx_global_var_init.2)
                  00004838    00000014     Lab9HMain.o (.text.__cxx_global_var_init.3)
                  0000484c    00000012     tank.o (.text._ZN4Tank11NeedsRedrawEv)
                  0000485e    00000012     libc.a : memcpy16.S.obj (.text:TI_memcpy_small)
                  00004870    00000012            : copy_decompress_none.c.obj (.text:decompress:none)
                  00004882    00000010            : k_rem_pio2.c.obj (.text.OUTLINED_FUNCTION_2)
                  00004892    00000010     Clock.o (.text._Z11Clock_Delayj)
                  000048a2    00000002     --HOLE-- [fill = 0]
                  000048a4    00000010     Lab9HMain.o (.text._Z28TExaS_LaunchPadLogicPB27PB26v)
                  000048b4    00000010     tank.o (.text._ZN4Tank8CanShootEv)
                  000048c4    00000010     bullet.o (.text._ZNK6Bullet8IsActiveEv)
                  000048d4    0000000e     libc.a : memory.c.obj (.text.OUTLINED_FUNCTION_0)
                  000048e2    0000000e     ST7735.o (.text._Z12ST7735_lseekili)
                  000048f0    0000000e     libsysbm.a : hostrename.c.obj (.text.strcpy)
                  000048fe    0000000e                : hostrename.c.obj (.text.strlen)
                  0000490c    0000000e     libc.a : memset16.S.obj (.text:TI_memset_small)
                  0000491a    0000000c     ST7735.o (.text._Z13ST7735_renamePKcS0_)
                  00004926    0000000c     SlidePot.o (.text._ZN8SlidePot12lastDistanceEv)
                  00004932    0000000c     SlidePot.o (.text._ZN8SlidePot8DistanceEv)
                  0000493e    0000000c     tank.o (.text._ZNK4Tank4GetXEv)
                  0000494a    0000000c     tank.o (.text._ZNK4Tank4GetYEv)
                  00004956    00000002     --HOLE-- [fill = 0]
                  00004958    0000000c     libclang_rt.builtins.a : aeabi_memset.S.obj (.text.__aeabi_memclr)
                  00004964    0000000c     libc.a : memory.c.obj (.text.malloc)
                  00004970    0000000a            : k_rem_pio2.c.obj (.text.OUTLINED_FUNCTION_1)
                  0000497a    0000000a            : s_cosf.c.obj (.text.OUTLINED_FUNCTION_3)
                  00004984    0000000a            : s_sinf.c.obj (.text.OUTLINED_FUNCTION_3)
                  0000498e    0000000a     ST7735.o (.text._Z12ST7735_closei)
                  00004998    0000000a     ST7735.o (.text._Z13ST7735_unlinkPKc)
                  000049a2    0000000a     Lab9HMain.o (.text._Z8PLL_Initv)
                  000049ac    00000008     libc.a : aeabi_portable.c.obj (.text.__aeabi_errno_addr)
                  000049b4    00000008     libclang_rt.builtins.a : aeabi_memcpy.S.obj (.text.__aeabi_memcpy)
                  000049bc    00000008     libsysbm.a : remove.c.obj (.text.remove)
                  000049c4    00000006     libc.a : s_cosf.c.obj (.text.OUTLINED_FUNCTION_0)
                  000049ca    00000002     --HOLE-- [fill = 0]
                  000049cc    00000010     libclang_rt.builtins.a : muldf3.S.obj (.tramp.__aeabi_dmul.1)
                  000049dc    00000006     libc.a : s_sinf.c.obj (.text.OUTLINED_FUNCTION_0)
                  000049e2    00000006            : s_cosf.c.obj (.text.OUTLINED_FUNCTION_1)
                  000049e8    00000006            : s_sinf.c.obj (.text.OUTLINED_FUNCTION_1)
                  000049ee    00000004            : s_cosf.c.obj (.text.OUTLINED_FUNCTION_2)
                  000049f2    00000002     --HOLE-- [fill = 0]
                  000049f4    00000010     libclang_rt.builtins.a : extendsfdf2.S.obj (.tramp.__aeabi_f2d.1)
                  00004a04    00000004     libc.a : s_sinf.c.obj (.text.OUTLINED_FUNCTION_2)
                  00004a08    00000004     startup_mspm0g3507_ticlang.o (.text.Reset_Handler)
                  00004a0c    00000004     libc.a : exit.c.obj (.text:abort)

.cinit     0    00005548    00000098     
                  00005548    0000006f     (.cinit..data.load) [load image, compression = lzss]
                  000055b7    00000001     --HOLE-- [fill = 0]
                  000055b8    0000000c     (__TI_handler_table)
                  000055c4    00000008     (.cinit..bss.load) [load image, compression = zero_init]
                  000055cc    00000010     (__TI_cinit_table)
                  000055dc    00000004     --HOLE-- [fill = 0]

.rodata    0    00004a10    00000b30     
                  00004a10    000004fb     ST7735.o (.rodata._ZL4Font)
                  00004f0b    00000001     --HOLE-- [fill = 0]
                  00004f0c    00000214     Lab9HMain.o (.rodata._ZL7MiniRed)
                  00005120    00000214     Lab9HMain.o (.rodata._ZL8MiniBlue)
                  00005334    00000108     libc.a : k_rem_pio2.c.obj (.rodata.ipio2)
                  0000543c    00000002     ST7735.o (.rodata.str1.145302396146969619001)
                  0000543e    00000002     --HOLE-- [fill = 0]
                  00005440    00000040     libc.a : k_rem_pio2.c.obj (.rodata.PIo2)
                  00005480    0000003b     ST7735.o (.rodata._ZL5Rcmd1)
                  000054bb    0000002b     ST7735.o (.rodata._ZL5Rcmd3)
                  000054e6    00000016     ST7735.o (.rodata.str1.59959519694590733531)
                  000054fc    00000010     libc.a : k_rem_pio2.c.obj (.rodata.cst16)
                  0000550c    0000000d     ST7735.o (.rodata._ZL10Rcmd2green)
                  00005519    0000000d     ST7735.o (.rodata._ZL8Rcmd2red)
                  00005526    00000008     ST7735.o (.rodata.str1.48350117711619464051)
                  0000552e    00000007     ST7735.o (.rodata.str1.175719450624619433971)
                  00005535    00000007     ST7735.o (.rodata.str1.42255827801651177341)
                  0000553c    00000004     --HOLE-- [fill = 0]

.init_array 
*          0    00005540    00000008     
                  00005540    00000004     Lab9HMain.o (.init_array)
                  00005544    00000004     --HOLE-- [fill = 0]

.data      0    20200000    000008c1     UNINITIALIZED
                  20200000    0000025c     Lab9HMain.o (.data.p1)
                  2020025c    0000025c     Lab9HMain.o (.data.p2)
                  202004b8    000000f0     libc.a : defs.c.obj (.data._ftable)
                  202005a8    000000f0     Lab9HMain.o (.data.bullets1)
                  20200698    000000f0     Lab9HMain.o (.data.bullets2)
                  20200788    00000078     libsysbm.a : host_device.c.obj (.data._device)
                  20200800    00000050                : host_device.c.obj (.data._stream)
                  20200850    0000001c     Lab9HMain.o (.data.player1SP)
                  2020086c    0000001c     Lab9HMain.o (.data.player2SP)
                  20200888    00000008     libc.a : exit.c.obj (.data..L_MergedGlobals)
                  20200890    00000004     Clock.o (.data.BusFreq)
                  20200894    00000004     ST7735.o (.data.StX)
                  20200898    00000004     ST7735.o (.data.StY)
                  2020089c    00000004     libc.a : defs.c.obj (.data.__TI_ft_end)
                  202008a0    00000004            : aeabi_portable.c.obj (.data.__aeabi_errno)
                  202008a4    00000004            : _lock.c.obj (.data._lock)
                  202008a8    00000004            : _lock.c.obj (.data._unlock)
                  202008ac    00000004     Lab9HMain.o (.data.time)
                  202008b0    00000002     ST7735.o (.data._ZL6_width)
                  202008b2    00000002     ST7735.o (.data._ZL7_height)
                  202008b4    00000001     Lab9HMain.o (.data.TG12Flag)
                  202008b5    00000001     Lab9HMain.o (.data.bulletFlag1)
                  202008b6    00000001     Lab9HMain.o (.data.bulletFlag2)
                  202008b7    00000001     --HOLE--
                  202008b8    00000001     libsysbm.a : add_device.c.obj (.data.add_device.device_init)
                  202008b9    00000003     --HOLE--
                  202008bc    00000001     libc.a : memory.c.obj (.data.memory_is_initialized)
                  202008bd    00000003     --HOLE--
                  202008c0    00000001     libsysbm.a : open.c.obj (.data.open.stream_init)

.sysmem    0    202008c8    00000200     UNINITIALIZED
                  202008c8    00000010     libc.a : memory.c.obj (.sysmem)
                  202008d8    000001f0     --HOLE--

.bss       0    20200ac8    000001d9     UNINITIALIZED
                  20200ac8    00000120     libsysbm.a : trgmsg.c.obj (.bss:_CIOBUF_)
                  20200be8    000000a0     libc.a : defs.c.obj (.bss.__TI_tmpnams)
                  20200c88    00000008     libsysbm.a : hostopen.c.obj (.bss.parmbuf)
                  20200c90    00000004     TExaS.o (.bss.TExaSLogic)
                  20200c94    00000004     TExaS.o (.bss.TExaSadc)
                  20200c98    00000004     libc.a : memory.c.obj (.bss.sys_free)
                  20200c9c    00000002     ST7735.o (.bss.StTextColor)
                  20200c9e    00000001     ST7735.o (.bss._ZL8ColStart)
                  20200c9f    00000001     ST7735.o (.bss._ZL8RowStart)
                  20200ca0    00000001     ST7735.o (.bss._ZL8TabColor)

.stack     0    20207e00    00000200     UNINITIALIZED
                  20207e00    00000004     libc.a : boot_cortex_m.c.obj (.stack)
                  20207e04    000001fc     --HOLE--

__llvm_prf_cnts 
*          0    20200000    00000000     UNINITIALIZED

__llvm_prf_bits 
*          0    20200000    00000000     UNINITIALIZED

MODULE SUMMARY

       Module                         code    ro data   rw data
       ------                         ----    -------   -------
    .\
       ST7735.o                       2586    1449      17     
       Lab9HMain.o                    542     1068      1751   
       tank.o                         1454    0         0      
       tools.o                        812     0         0      
       TExaS.o                        720     0         8      
       Clock.o                        516     0         4      
       bullet.o                       484     0         0      
       SPI.o                          440     0         0      
       SlidePot.o                     384     0         0      
       Timer.o                        316     0         0      
       LaunchPad.o                    180     0         0      
       Switch.o                       152     0         0      
       LED.o                          52      0         0      
       Sound.o                        4       0         0      
    +--+------------------------------+-------+---------+---------+
       Total:                         8642    2517      1780   
                                                               
    .\ticlang\
       startup_mspm0g3507_ticlang.o   60      192       0      
    +--+------------------------------+-------+---------+---------+
       Total:                         60      192       0      
                                                               
    C:\ti\ccs2000\ccs\tools\compiler\ti-cgt-armllvm_4.0.1.LTS\lib\armv6m-ti-none-eabi/c/libc.a
       k_rem_pio2.c.obj               1652    344       0      
       s_cosf.c.obj                   822     0         0      
       s_sinf.c.obj                   810     0         0      
       memory.c.obj                   702     0         5      
       fopen.c.obj                    556     0         0      
       defs.c.obj                     0       0         404    
       s_floor.c.obj                  324     0         0      
       setvbuf.c.obj                  224     0         0      
       s_scalbn.c.obj                 216     0         0      
       e_sqrtf.c.obj                  160     0         0      
       getdevice.c.obj                160     0         0      
       strcmp-armv6m.S.obj            136     0         0      
       copy_decompress_lzss.c.obj     124     0         0      
       fclose.c.obj                   124     0         0      
       autoinit.c.obj                 84      0         0      
       fflush.c.obj                   82      0         0      
       exit.c.obj                     56      0         8      
       boot_cortex_m.c.obj            40      0         0      
       copy_zero_init.c.obj           22      0         0      
       copy_decompress_none.c.obj     18      0         0      
       memcpy16.S.obj                 18      0         0      
       memset16.S.obj                 14      0         0      
       aeabi_portable.c.obj           8       0         4      
       _lock.c.obj                    2       0         8      
       pre_init.c.obj                 4       0         0      
    +--+------------------------------+-------+---------+---------+
       Total:                         6358    344       429    
                                                               
    C:\ti\ccs2000\ccs\tools\compiler\ti-cgt-armllvm_4.0.1.LTS\lib\armv6m-ti-none-eabi/c/libsysbm.a
       trgmsg.c.obj                   104     0         288    
       add_device.c.obj               236     0         1      
       host_device.c.obj              0       0         200    
       open.c.obj                     160     0         1      
       hostrename.c.obj               136     0         0      
       hostlseek.c.obj                108     0         0      
       hostopen.c.obj                 96      0         8      
       hostread.c.obj                 88      0         0      
       hostwrite.c.obj                88      0         0      
       close.c.obj                    80      0         0      
       hostclose.c.obj                72      0         0      
       hostunlink.c.obj               72      0         0      
       unlink.c.obj                   44      0         0      
       write.c.obj                    40      0         0      
       remove.c.obj                   8       0         0      
    +--+------------------------------+-------+---------+---------+
       Total:                         1332    0         498    
                                                               
    C:\ti\ccs2000\ccs\tools\compiler\ti-cgt-armllvm_4.0.1.LTS\lib\armv6m-ti-none-eabi/libclang_rt.builtins.a
       adddf3.S.obj                   418     0         0      
       muldf3.S.obj                   244     0         0      
       comparedf2.c.obj               220     0         0      
       addsf3.S.obj                   216     0         0      
       mulsf3.S.obj                   140     0         0      
       divsf3.S.obj                   130     0         0      
       comparesf2.S.obj               118     0         0      
       truncdfsf2.S.obj               116     0         0      
       aeabi_dcmp.S.obj               98      0         0      
       aeabi_fcmp.S.obj               98      0         0      
       aeabi_idivmod.S.obj            86      0         0      
       extendsfdf2.S.obj              80      0         0      
       fixdfsi.S.obj                  74      0         0      
       aeabi_uidivmod.S.obj           64      0         0      
       floatsisf.S.obj                60      0         0      
       muldsi3.S.obj                  58      0         0      
       fixsfsi.S.obj                  56      0         0      
       floatsidf.S.obj                44      0         0      
       aeabi_memset.S.obj             12      0         0      
       aeabi_memcpy.S.obj             8       0         0      
       aeabi_div0.c.obj               2       0         0      
    +--+------------------------------+-------+---------+---------+
       Total:                         2342    0         0      
                                                               
       Heap:                          0       0         512    
       Stack:                         0       0         512    
       Linker Generated:              0       147       0      
    +--+------------------------------+-------+---------+---------+
       Grand Total:                   18734   3200      3731   


LINKER GENERATED COPY TABLES

__TI_cinit_table @ 000055cc records: 2, size/record: 8, table size: 16
	.data: load addr=00005548, load size=0000006f bytes, run addr=20200000, run size=000008c1 bytes, compression=lzss
	.bss: load addr=000055c4, load size=00000008 bytes, run addr=20200ac8, run size=000001d9 bytes, compression=zero_init


LINKER GENERATED HANDLER TABLE

__TI_handler_table @ 000055b8 records: 3, size/record: 4, table size: 12
	index: 0, handler: __TI_decompress_lzss
	index: 1, handler: __TI_decompress_none
	index: 2, handler: __TI_zero_init


FAR CALL TRAMPOLINES

callee name               trampoline name
   callee addr  tramp addr   call addr  call info
--------------  -----------  ---------  ----------------
__aeabi_dadd              $Tramp$TT$L$PI$$__aeabi_dadd
   00001017     000047e8     000047e4   libc.a : k_rem_pio2.c.obj (.text.OUTLINED_FUNCTION_0)
                             00004978          : k_rem_pio2.c.obj (.text.OUTLINED_FUNCTION_1)
                             00004982          : s_cosf.c.obj (.text.OUTLINED_FUNCTION_3)
                             0000498c          : s_sinf.c.obj (.text.OUTLINED_FUNCTION_3)
__aeabi_dmul              $Tramp$TT$L$PI$$__aeabi_dmul
   00001da1     000049cc     000049c8   libc.a : s_cosf.c.obj (.text.OUTLINED_FUNCTION_0)
                             000049e0          : s_sinf.c.obj (.text.OUTLINED_FUNCTION_0)
                             000049e6          : s_cosf.c.obj (.text.OUTLINED_FUNCTION_1)
                             000049ec          : s_sinf.c.obj (.text.OUTLINED_FUNCTION_1)
__aeabi_f2d               $Tramp$TT$L$PI$$__aeabi_f2d
   00003ddd     000049f4     000049f0   libc.a : s_cosf.c.obj (.text.OUTLINED_FUNCTION_2)
                             00004a06          : s_sinf.c.obj (.text.OUTLINED_FUNCTION_2)

[3 trampolines]
[10 trampoline calls]


GLOBAL SYMBOLS: SORTED ALPHABETICALLY BY Name 

address   name                             
-------   ----                             
00004689  ADC0_IRQHandler                  
00004689  ADC1_IRQHandler                  
00004689  AES_IRQHandler                   
20200890  BusFreq                          
00004a0c  C$$EXIT                          
0000423d  C$$IO$$                          
00004689  CANFD0_IRQHandler                
00004689  DAC0_IRQHandler                  
00004689  DMA_IRQHandler                   
00004689  Default_Handler                  
00004689  GROUP0_IRQHandler                
00004689  GROUP1_IRQHandler                
00003bc1  HOSTclose                        
000034e5  HOSTlseek                        
000037bd  HOSTopen                         
0000387d  HOSTread                         
00003551  HOSTrename                       
00003c09  HOSTunlink                       
000038d5  HOSTwrite                        
000046a5  HardFault_Handler                
00004689  I2C0_IRQHandler                  
00004689  I2C1_IRQHandler                  
00004689  NMI_Handler                      
00004689  PendSV_Handler                   
00004689  RTC_IRQHandler                   
00004a09  Reset_Handler                    
00005540  SHT$$INIT_ARRAY$$Base            
00005544  SHT$$INIT_ARRAY$$Limit           
00004689  SPI0_IRQHandler                  
00004689  SPI1_IRQHandler                  
00004689  SVC_Handler                      
20200c9c  StTextColor                      
20200894  StX                              
20200898  StY                              
0000119f  SysTick_Handler                  
20200c90  TExaSLogic                       
20200c94  TExaSadc                         
202008b4  TG12Flag                         
00004689  TIMA0_IRQHandler                 
00004689  TIMA1_IRQHandler                 
00004689  TIMG0_IRQHandler                 
00003201  TIMG12_IRQHandler                
00004689  TIMG6_IRQHandler                 
00003cdd  TIMG7_IRQHandler                 
00004689  TIMG8_IRQHandler                 
0000485f  TI_memcpy_small                  
0000490d  TI_memset_small                  
00004689  UART0_IRQHandler                 
00004689  UART1_IRQHandler                 
00004689  UART2_IRQHandler                 
00004689  UART3_IRQHandler                 
20200ac8  _CIOBUF_                         
00003465  _Z10Clock_Freqv                  
00002837  _Z10Sound_Initv                  
000046dd  _Z10Switch_In1v                  
000046f9  _Z10Switch_In2v                  
0000392d  _Z10TExaS_InitP10ADC12_RegsjPFhvE
00004893  _Z11Clock_Delayj                 
00003f8d  _Z11SPI_OutDatac                 
00004715  _Z11ST7735_openPKcji             
000047f9  _Z11ST7735_readiPcj              
000045a1  _Z11Switch_Initv                 
00002ab9  _Z11isCollisionv                 
00002839  _Z12ST7735_InitR10initRFlags     
0000498f  _Z12ST7735_closei                
000048e3  _Z12ST7735_lseekili              
000040a3  _Z12ST7735_writeiPKcj            
000021ed  _Z12bulletUpdatev                
000026f1  _Z12rotateUpdatev                
00003a83  _Z12tankMovementjjR4Tank         
0000491b  _Z13ST7735_renamePKcS0_          
00004999  _Z13ST7735_unlinkPKc             
000040d9  _Z13displayUpdatev               
0000410d  _Z14Clock_Delay1msj              
0000327d  _Z14LaunchPad_Initv              
00003c51  _Z14SPI_OutCommandc              
00001ae9  _Z14ST7735_OutCharc              
00002649  _Z14TimerG7_IntArmtjj            
00003fc5  _Z15ActivatePortA_Bv             
00000cb1  _Z15Clock_Init80MHzi             
000042e1  _Z15ST7735_Color565hhh           
00000e65  _Z15ST7735_DrawCharsscssh        
000016d9  _Z15ST7735_FillRectsssst         
00004785  _Z15SlidePotSamplerR8SlidePot    
00002d29  _Z15TimerG12_IntArmjj            
00004141  _Z16ST7735_SetCursorjj           
00000705  _Z17ST7735_DrawBitmapssPKtss     
00003079  _Z17ST7735_DrawStringttPcs       
00004499  _Z17ST7735_FillScreent           
000028d9  _Z17ST7735_InitPrintf10initRFlags
000048a5  _Z28TExaS_LaunchPadLogicPB27PB26v
00003e5d  _Z5clampfff                      
00004731  _Z7P1SHOOTv                      
0000474d  _Z7P2SHOOTv                      
000015b1  _Z8ADC_InitP10ADC12_Regsjj       
00004175  _Z8LED_Initv                     
000049a3  _Z8PLL_Initv                     
00001905  _Z8SPI_Initv                     
000045c9  _Z9ADC_StartP10ADC12_Regs        
00003d1d  _Z9SPI_Resetv                    
00001bd1  _Z9UART_Initv                    
00003c99  _Z9queryTankv                    
0000484d  _ZN4Tank11NeedsRedrawEv          
00002445  _ZN4Tank11TriVelocityEi          
000011a1  _ZN4Tank12rotateSpriteEf         
00004313  _ZN4Tank13TickCooldownsEv        
0000406d  _ZN4Tank15rotateIncrementEi      
00004345  _ZN4Tank4DrawEv                  
00001f65  _ZN4Tank4MoveEv                  
000044c5  _ZN4Tank5EraseEv                 
00002c8d  _ZN4Tank5ShootEP6Bulleti         
00003ad3  _ZN4Tank6RotateEi                
000048b5  _ZN4Tank8CanShootEv              
000022b9  _ZN4TankC1EiiiPKthhjj            
000022b9  _ZN4TankC2EiiiPKthhjj            
00003d5d  _ZN6Bullet4DrawEv                
00003181  _ZN6Bullet4InitEiifii            
00002381  _ZN6Bullet4MoveEv                
00003ffd  _ZN6Bullet5EraseEv               
000047b9  _ZN6BulletC1Ev                   
000047b9  _ZN6BulletC2Ev                   
00004927  _ZN8SlidePot12lastDistanceEv     
0000381d  _ZN8SlidePot2InEv                
00002dbd  _ZN8SlidePot4InitEj              
000043a9  _ZN8SlidePot4SaveEj              
00004469  _ZN8SlidePot4SyncEv              
00004933  _ZN8SlidePot8DistanceEv          
0000479f  _ZN8SlidePotC1Ejj                
0000479f  _ZN8SlidePotC2Ejj                
0000493f  _ZNK4Tank4GetXEv                 
0000494b  _ZNK4Tank4GetYEv                 
000048c5  _ZNK6Bullet8IsActiveEv           
20200ac8  __CIOBUF_                        
20208000  __STACK_END                      
00000200  __STACK_SIZE                     
00000200  __SYSMEM_SIZE                    
00000000  __TI_ATRegion0_region_sz         
00000000  __TI_ATRegion0_src_addr          
00000000  __TI_ATRegion0_trg_addr          
00000000  __TI_ATRegion1_region_sz         
00000000  __TI_ATRegion1_src_addr          
00000000  __TI_ATRegion1_trg_addr          
00000000  __TI_ATRegion2_region_sz         
00000000  __TI_ATRegion2_src_addr          
00000000  __TI_ATRegion2_trg_addr          
000055cc  __TI_CINIT_Base                  
000055dc  __TI_CINIT_Limit                 
000055dc  __TI_CINIT_Warm                  
000055b8  __TI_Handler_Table_Base          
000055c4  __TI_Handler_Table_Limit         
000039dd  __TI_auto_init_nobinit           
000041a9  __TI_cleanup                     
20200888  __TI_cleanup_ptr                 
000032f9  __TI_closefile                   
00003375  __TI_decompress_lzss             
00004871  __TI_decompress_none             
00003a31  __TI_doflush                     
2020088c  __TI_dtors_ptr                   
2020089c  __TI_ft_end                      
ffffffff  __TI_pprof_out_hndl              
ffffffff  __TI_prof_data_size              
ffffffff  __TI_prof_data_start             
000041dd  __TI_readmsg                     
00000000  __TI_static_base__               
20200be8  __TI_tmpnams                     
00004211  __TI_writemsg                    
0000480f  __TI_zero_init_nomemset          
00001017  __adddf3                         
0000211f  __addsf3                         
00003471  __aeabi_d2f                      
00003b75  __aeabi_d2iz                     
00001017  __aeabi_dadd                     
000036f5  __aeabi_dcmpeq                   
00003731  __aeabi_dcmpge                   
00003745  __aeabi_dcmpgt                   
0000371d  __aeabi_dcmple                   
00003709  __aeabi_dcmplt                   
00001da1  __aeabi_dmul                     
0000100d  __aeabi_dsub                     
202008a0  __aeabi_errno                    
000049ad  __aeabi_errno_addr               
00003ddd  __aeabi_f2d                      
00004035  __aeabi_f2iz                     
0000211f  __aeabi_fadd                     
00003759  __aeabi_fcmpeq                   
00003795  __aeabi_fcmpge                   
000037a9  __aeabi_fcmpgt                   
00003781  __aeabi_fcmple                   
0000376d  __aeabi_fcmplt                   
000030fd  __aeabi_fdiv                     
00002e4d  __aeabi_fmul                     
00002115  __aeabi_fsub                     
00004549  __aeabi_i2d                      
00003e9d  __aeabi_i2f                      
00003985  __aeabi_idiv                     
00002d27  __aeabi_idiv0                    
00003985  __aeabi_idivmod                  
00004959  __aeabi_memclr                   
00004959  __aeabi_memclr4                  
00004959  __aeabi_memclr8                  
000049b5  __aeabi_memcpy                   
000049b5  __aeabi_memcpy4                  
000049b5  __aeabi_memcpy8                  
00003d9d  __aeabi_uidiv                    
00003d9d  __aeabi_uidivmod                 
ffffffff  __binit__                        
00003629  __cmpdf2                         
00003f15  __cmpsf2                         
000030fd  __divsf3                         
00003629  __eqdf2                          
00003f15  __eqsf2                          
00003ddd  __extendsfdf2                    
00003b75  __fixdfsi                        
00004035  __fixsfsi                        
00004549  __floatsidf                      
00003e9d  __floatsisf                      
000033f1  __gedf2                          
00003ed9  __gesf2                          
000033f1  __gtdf2                          
00003ed9  __gtsf2                          
000000c1  __kernel_rem_pio2                
00003629  __ledf2                          
00003f15  __lesf2                          
00003629  __ltdf2                          
00003f15  __ltsf2                          
UNDEFED   __mpu_init                       
00001da1  __muldf3                         
00003f51  __muldsi3                        
00002e4d  __mulsf3                         
00003629  __nedf2                          
00003f15  __nesf2                          
20207e00  __stack                          
20200000  __start___llvm_prf_bits          
20200000  __start___llvm_prf_cnts          
20200000  __stop___llvm_prf_bits           
20200000  __stop___llvm_prf_cnts           
0000100d  __subdf3                         
00002115  __subsf3                         
00003471  __truncdfsf2                     
00004641  _c_int00_noargs                  
20200788  _device                          
202004b8  _ftable                          
202008a4  _lock                            
0000317f  _nop                             
20200800  _stream                          
202008c8  _sys_memory                      
UNDEFED   _system_post_cinit               
00002fed  _system_pre_init                 
202008a8  _unlock                          
00004a0d  abort                            
000019fd  add_device                       
000017f1  aligned_alloc                    
ffffffff  binit                            
202008b5  bulletFlag1                      
202008b6  bulletFlag2                      
202005a8  bullets1                         
20200698  bullets2                         
00003b25  close                            
00000915  cosf                             
00004245  exit                             
00004279  finddevice                       
0000146d  floor                            
0000146d  floorl                           
00004439  fopen                            
00001cb9  free                             
000042ad  freopen                          
000035bd  getdevice                        
00000000  interruptVectors                 
0000203d  ldexp                            
0000203d  ldexpl                           
00002ed9  main                             
00004965  malloc                           
000017f1  memalign                         
00002979  open                             
20200000  p1                               
2020025c  p2                               
20200c88  parmbuf                          
20200850  player1SP                        
2020086c  player2SP                        
000049bd  remove                           
0000203d  scalbn                           
0000203d  scalbnl                          
00001e85  setvbuf                          
00000ae9  sinf                             
00002a19  sqrtf                            
00002ff1  strcmp                           
202008ac  time                             
00004575  unlink                           
00004619  write                            


GLOBAL SYMBOLS: SORTED BY Symbol Address 

address   name                             
-------   ----                             
00000000  __TI_ATRegion0_region_sz         
00000000  __TI_ATRegion0_src_addr          
00000000  __TI_ATRegion0_trg_addr          
00000000  __TI_ATRegion1_region_sz         
00000000  __TI_ATRegion1_src_addr          
00000000  __TI_ATRegion1_trg_addr          
00000000  __TI_ATRegion2_region_sz         
00000000  __TI_ATRegion2_src_addr          
00000000  __TI_ATRegion2_trg_addr          
00000000  __TI_static_base__               
00000000  interruptVectors                 
000000c1  __kernel_rem_pio2                
00000200  __STACK_SIZE                     
00000200  __SYSMEM_SIZE                    
00000705  _Z17ST7735_DrawBitmapssPKtss     
00000915  cosf                             
00000ae9  sinf                             
00000cb1  _Z15Clock_Init80MHzi             
00000e65  _Z15ST7735_DrawCharsscssh        
0000100d  __aeabi_dsub                     
0000100d  __subdf3                         
00001017  __adddf3                         
00001017  __aeabi_dadd                     
0000119f  SysTick_Handler                  
000011a1  _ZN4Tank12rotateSpriteEf         
0000146d  floor                            
0000146d  floorl                           
000015b1  _Z8ADC_InitP10ADC12_Regsjj       
000016d9  _Z15ST7735_FillRectsssst         
000017f1  aligned_alloc                    
000017f1  memalign                         
00001905  _Z8SPI_Initv                     
000019fd  add_device                       
00001ae9  _Z14ST7735_OutCharc              
00001bd1  _Z9UART_Initv                    
00001cb9  free                             
00001da1  __aeabi_dmul                     
00001da1  __muldf3                         
00001e85  setvbuf                          
00001f65  _ZN4Tank4MoveEv                  
0000203d  ldexp                            
0000203d  ldexpl                           
0000203d  scalbn                           
0000203d  scalbnl                          
00002115  __aeabi_fsub                     
00002115  __subsf3                         
0000211f  __addsf3                         
0000211f  __aeabi_fadd                     
000021ed  _Z12bulletUpdatev                
000022b9  _ZN4TankC1EiiiPKthhjj            
000022b9  _ZN4TankC2EiiiPKthhjj            
00002381  _ZN6Bullet4MoveEv                
00002445  _ZN4Tank11TriVelocityEi          
00002649  _Z14TimerG7_IntArmtjj            
000026f1  _Z12rotateUpdatev                
00002837  _Z10Sound_Initv                  
00002839  _Z12ST7735_InitR10initRFlags     
000028d9  _Z17ST7735_InitPrintf10initRFlags
00002979  open                             
00002a19  sqrtf                            
00002ab9  _Z11isCollisionv                 
00002c8d  _ZN4Tank5ShootEP6Bulleti         
00002d27  __aeabi_idiv0                    
00002d29  _Z15TimerG12_IntArmjj            
00002dbd  _ZN8SlidePot4InitEj              
00002e4d  __aeabi_fmul                     
00002e4d  __mulsf3                         
00002ed9  main                             
00002fed  _system_pre_init                 
00002ff1  strcmp                           
00003079  _Z17ST7735_DrawStringttPcs       
000030fd  __aeabi_fdiv                     
000030fd  __divsf3                         
0000317f  _nop                             
00003181  _ZN6Bullet4InitEiifii            
00003201  TIMG12_IRQHandler                
0000327d  _Z14LaunchPad_Initv              
000032f9  __TI_closefile                   
00003375  __TI_decompress_lzss             
000033f1  __gedf2                          
000033f1  __gtdf2                          
00003465  _Z10Clock_Freqv                  
00003471  __aeabi_d2f                      
00003471  __truncdfsf2                     
000034e5  HOSTlseek                        
00003551  HOSTrename                       
000035bd  getdevice                        
00003629  __cmpdf2                         
00003629  __eqdf2                          
00003629  __ledf2                          
00003629  __ltdf2                          
00003629  __nedf2                          
000036f5  __aeabi_dcmpeq                   
00003709  __aeabi_dcmplt                   
0000371d  __aeabi_dcmple                   
00003731  __aeabi_dcmpge                   
00003745  __aeabi_dcmpgt                   
00003759  __aeabi_fcmpeq                   
0000376d  __aeabi_fcmplt                   
00003781  __aeabi_fcmple                   
00003795  __aeabi_fcmpge                   
000037a9  __aeabi_fcmpgt                   
000037bd  HOSTopen                         
0000381d  _ZN8SlidePot2InEv                
0000387d  HOSTread                         
000038d5  HOSTwrite                        
0000392d  _Z10TExaS_InitP10ADC12_RegsjPFhvE
00003985  __aeabi_idiv                     
00003985  __aeabi_idivmod                  
000039dd  __TI_auto_init_nobinit           
00003a31  __TI_doflush                     
00003a83  _Z12tankMovementjjR4Tank         
00003ad3  _ZN4Tank6RotateEi                
00003b25  close                            
00003b75  __aeabi_d2iz                     
00003b75  __fixdfsi                        
00003bc1  HOSTclose                        
00003c09  HOSTunlink                       
00003c51  _Z14SPI_OutCommandc              
00003c99  _Z9queryTankv                    
00003cdd  TIMG7_IRQHandler                 
00003d1d  _Z9SPI_Resetv                    
00003d5d  _ZN6Bullet4DrawEv                
00003d9d  __aeabi_uidiv                    
00003d9d  __aeabi_uidivmod                 
00003ddd  __aeabi_f2d                      
00003ddd  __extendsfdf2                    
00003e5d  _Z5clampfff                      
00003e9d  __aeabi_i2f                      
00003e9d  __floatsisf                      
00003ed9  __gesf2                          
00003ed9  __gtsf2                          
00003f15  __cmpsf2                         
00003f15  __eqsf2                          
00003f15  __lesf2                          
00003f15  __ltsf2                          
00003f15  __nesf2                          
00003f51  __muldsi3                        
00003f8d  _Z11SPI_OutDatac                 
00003fc5  _Z15ActivatePortA_Bv             
00003ffd  _ZN6Bullet5EraseEv               
00004035  __aeabi_f2iz                     
00004035  __fixsfsi                        
0000406d  _ZN4Tank15rotateIncrementEi      
000040a3  _Z12ST7735_writeiPKcj            
000040d9  _Z13displayUpdatev               
0000410d  _Z14Clock_Delay1msj              
00004141  _Z16ST7735_SetCursorjj           
00004175  _Z8LED_Initv                     
000041a9  __TI_cleanup                     
000041dd  __TI_readmsg                     
00004211  __TI_writemsg                    
0000423d  C$$IO$$                          
00004245  exit                             
00004279  finddevice                       
000042ad  freopen                          
000042e1  _Z15ST7735_Color565hhh           
00004313  _ZN4Tank13TickCooldownsEv        
00004345  _ZN4Tank4DrawEv                  
000043a9  _ZN8SlidePot4SaveEj              
00004439  fopen                            
00004469  _ZN8SlidePot4SyncEv              
00004499  _Z17ST7735_FillScreent           
000044c5  _ZN4Tank5EraseEv                 
00004549  __aeabi_i2d                      
00004549  __floatsidf                      
00004575  unlink                           
000045a1  _Z11Switch_Initv                 
000045c9  _Z9ADC_StartP10ADC12_Regs        
00004619  write                            
00004641  _c_int00_noargs                  
00004689  ADC0_IRQHandler                  
00004689  ADC1_IRQHandler                  
00004689  AES_IRQHandler                   
00004689  CANFD0_IRQHandler                
00004689  DAC0_IRQHandler                  
00004689  DMA_IRQHandler                   
00004689  Default_Handler                  
00004689  GROUP0_IRQHandler                
00004689  GROUP1_IRQHandler                
00004689  I2C0_IRQHandler                  
00004689  I2C1_IRQHandler                  
00004689  NMI_Handler                      
00004689  PendSV_Handler                   
00004689  RTC_IRQHandler                   
00004689  SPI0_IRQHandler                  
00004689  SPI1_IRQHandler                  
00004689  SVC_Handler                      
00004689  TIMA0_IRQHandler                 
00004689  TIMA1_IRQHandler                 
00004689  TIMG0_IRQHandler                 
00004689  TIMG6_IRQHandler                 
00004689  TIMG8_IRQHandler                 
00004689  UART0_IRQHandler                 
00004689  UART1_IRQHandler                 
00004689  UART2_IRQHandler                 
00004689  UART3_IRQHandler                 
000046a5  HardFault_Handler                
000046dd  _Z10Switch_In1v                  
000046f9  _Z10Switch_In2v                  
00004715  _Z11ST7735_openPKcji             
00004731  _Z7P1SHOOTv                      
0000474d  _Z7P2SHOOTv                      
00004785  _Z15SlidePotSamplerR8SlidePot    
0000479f  _ZN8SlidePotC1Ejj                
0000479f  _ZN8SlidePotC2Ejj                
000047b9  _ZN6BulletC1Ev                   
000047b9  _ZN6BulletC2Ev                   
000047f9  _Z11ST7735_readiPcj              
0000480f  __TI_zero_init_nomemset          
0000484d  _ZN4Tank11NeedsRedrawEv          
0000485f  TI_memcpy_small                  
00004871  __TI_decompress_none             
00004893  _Z11Clock_Delayj                 
000048a5  _Z28TExaS_LaunchPadLogicPB27PB26v
000048b5  _ZN4Tank8CanShootEv              
000048c5  _ZNK6Bullet8IsActiveEv           
000048e3  _Z12ST7735_lseekili              
0000490d  TI_memset_small                  
0000491b  _Z13ST7735_renamePKcS0_          
00004927  _ZN8SlidePot12lastDistanceEv     
00004933  _ZN8SlidePot8DistanceEv          
0000493f  _ZNK4Tank4GetXEv                 
0000494b  _ZNK4Tank4GetYEv                 
00004959  __aeabi_memclr                   
00004959  __aeabi_memclr4                  
00004959  __aeabi_memclr8                  
00004965  malloc                           
0000498f  _Z12ST7735_closei                
00004999  _Z13ST7735_unlinkPKc             
000049a3  _Z8PLL_Initv                     
000049ad  __aeabi_errno_addr               
000049b5  __aeabi_memcpy                   
000049b5  __aeabi_memcpy4                  
000049b5  __aeabi_memcpy8                  
000049bd  remove                           
00004a09  Reset_Handler                    
00004a0c  C$$EXIT                          
00004a0d  abort                            
00005540  SHT$$INIT_ARRAY$$Base            
00005544  SHT$$INIT_ARRAY$$Limit           
000055b8  __TI_Handler_Table_Base          
000055c4  __TI_Handler_Table_Limit         
000055cc  __TI_CINIT_Base                  
000055dc  __TI_CINIT_Limit                 
000055dc  __TI_CINIT_Warm                  
20200000  __start___llvm_prf_bits          
20200000  __start___llvm_prf_cnts          
20200000  __stop___llvm_prf_bits           
20200000  __stop___llvm_prf_cnts           
20200000  p1                               
2020025c  p2                               
202004b8  _ftable                          
202005a8  bullets1                         
20200698  bullets2                         
20200788  _device                          
20200800  _stream                          
20200850  player1SP                        
2020086c  player2SP                        
20200888  __TI_cleanup_ptr                 
2020088c  __TI_dtors_ptr                   
20200890  BusFreq                          
20200894  StX                              
20200898  StY                              
2020089c  __TI_ft_end                      
202008a0  __aeabi_errno                    
202008a4  _lock                            
202008a8  _unlock                          
202008ac  time                             
202008b4  TG12Flag                         
202008b5  bulletFlag1                      
202008b6  bulletFlag2                      
202008c8  _sys_memory                      
20200ac8  _CIOBUF_                         
20200ac8  __CIOBUF_                        
20200be8  __TI_tmpnams                     
20200c88  parmbuf                          
20200c90  TExaSLogic                       
20200c94  TExaSadc                         
20200c9c  StTextColor                      
20207e00  __stack                          
20208000  __STACK_END                      
ffffffff  __TI_pprof_out_hndl              
ffffffff  __TI_prof_data_size              
ffffffff  __TI_prof_data_start             
ffffffff  __binit__                        
ffffffff  binit                            
UNDEFED   __mpu_init                       
UNDEFED   _system_post_cinit               

[289 symbols]
