******************************************************************************
            TI ARM Clang Linker PC v4.0.1                      
******************************************************************************
>> Linked Wed Apr 23 00:28:32 2025

OUTPUT FILE NAME:   <ECE319K_Lab9H.out>
ENTRY POINT SYMBOL: "_c_int00_noargs"  address: 00005941


MEMORY CONFIGURATION

         name            origin    length      used     unused   attr    fill
----------------------  --------  ---------  --------  --------  ----  --------
  FLASH                 00000000   00020000  00006ed8  00019128  R  X
  SRAM                  20200000   00008000  000011ae  00006e52  RW X
  BCR_CONFIG            41c00000   00000080  00000000  00000080  R   
  BSL_CONFIG            41c00100   00000080  00000000  00000080  R   


SEGMENT ALLOCATION MAP

run origin  load origin   length   init length attrs members
----------  ----------- ---------- ----------- ----- -------
00000000    00000000    00006ed8   00006ed8    r-x
  00000000    00000000    000000c0   000000c0    r-- .intvecs
  000000c0    000000c0    00005d60   00005d60    r-x .text
  00005e20    00005e20    00000fb8   00000fb8    r-- .rodata
  00006dd8    00006dd8    00000008   00000008    r-- .init_array
  00006de0    00006de0    000000f8   000000f8    r-- .cinit
20200000    20200000    00000fb1   00000000    rw-
  20200000    20200000    00000bc5   00000000    rw- .data
  20200bc8    20200bc8    00000200   00000000    rw- .sysmem
  20200dc8    20200dc8    000001e9   00000000    rw- .bss
20207e00    20207e00    00000200   00000000    rw-
  20207e00    20207e00    00000200   00000000    rw- .stack


SECTION ALLOCATION MAP

 output                                  attributes/
section   page    origin      length       input sections
--------  ----  ----------  ----------   ----------------
.intvecs   0    00000000    000000c0     
                  00000000    000000c0     startup_mspm0g3507_ticlang.o (.intvecs)

.binit     0    00000000    00000000     

.text      0    000000c0    00005d60     
                  000000c0    00000644     libc.a : k_rem_pio2.c.obj (.text.__kernel_rem_pio2)
                  00000704    000002f8     bullet.o (.text._ZN6Bullet4MoveEv)
                  000009fc    00000210     ST7735.o (.text._Z17ST7735_DrawBitmapssPKtss)
                  00000c0c    000001d4     libc.a : s_cosf.c.obj (.text.cosf)
                  00000de0    000001c8            : s_sinf.c.obj (.text.sinf)
                  00000fa8    000001b4     Clock.o (.text._Z15Clock_Init80MHzi)
                  0000115c    000001a8     ST7735.o (.text._Z15ST7735_DrawCharsscssh)
                  00001304    00000192     libclang_rt.builtins.a : adddf3.S.obj (.text.adddf3_subdf3)
                  00001496    00000002     Sound.o (.text.SysTick_Handler)
                  00001498    0000018c     fsm.o (.text._Z8showMenuv)
                  00001624    00000178     tank.o (.text._ZN4Tank12rotateSpriteEf)
                  0000179c    00000154     libc.a : fopen.c.obj (.text._openfile)
                  000018f0    00000144            : s_floor.c.obj (.text.floor)
                  00001a34    00000128     TExaS.o (.text._Z8ADC_InitP10ADC12_Regsjj)
                  00001b5c    00000118     ST7735.o (.text._Z15ST7735_FillRectsssst)
                  00001c74    00000114     tools.o (.text._Z12bulletUpdatev)
                  00001d88    00000114     libc.a : memory.c.obj (.text.aligned_alloc)
                  00001e9c    00000110     fsm.o (.text._Z11runGameLoopv)
                  00001fac    00000108     tools.o (.text._Z15initializeRoundh)
                  000020b4    00000108     tank.o (.text._ZN4Tank4MoveEv)
                  000021bc    00000100     tools.o (.text._Z12generateMap4h)
                  000022bc    00000100     tools.o (.text._Z12generateMap7h)
                  000023bc    00000100     fsm.o (.text._Z13showEndScreenv)
                  000024bc    000000f8     SPI.o (.text._Z8SPI_Initv)
                  000025b4    000000f4     tools.o (.text._Z12generateMap3h)
                  000026a8    000000ec     tools.o (.text._Z10DrawHealthRK4TankS1_)
                  00002794    000000ec     libsysbm.a : add_device.c.obj (.text.add_device)
                  00002880    000000e8     ST7735.o (.text._Z14ST7735_OutCharc)
                  00002968    000000e8     TExaS.o (.text._Z9UART_Initv)
                  00002a50    000000e8     libc.a : memory.c.obj (.text.free)
                  00002b38    000000e4     libclang_rt.builtins.a : muldf3.S.obj (.text.__muldf3)
                  00002c1c    000000e0     libc.a : setvbuf.c.obj (.text.setvbuf)
                  00002cfc    000000d8            : s_scalbn.c.obj (.text.scalbn)
                  00002dd4    000000d8     libclang_rt.builtins.a : addsf3.S.obj (.text)
                  00002eac    000000c8     tank.o (.text._ZN4TankC2EiiiPKthhjj)
                  00002f74    000000c4     tools.o (.text._Z16curWallCollisionjjjj)
                  00003038    000000c4     tools.o (.text._Z17curWaterCollisionjjjj)
                  000030fc    000000c2     bullet.o (.text._ZN6Bullet5checkER4Tank)
                  000031be    00000002     Sound.o (.text._Z10Sound_Initv)
                  000031c0    000000b4     tools.o (.text._Z12generateMap2h)
                  00003274    000000b4     tools.o (.text._Z12generateMap6h)
                  00003328    000000b0     tools.o (.text._Z12generateMap5h)
                  000033d8    000000ac     tank.o (.text._ZN4Tank11TriVelocityEi)
                  00003484    000000ac     libc.a : s_cosf.c.obj (.text.__kernel_sindf)
                  00003530    000000ac            : s_sinf.c.obj (.text.__kernel_sindf)
                  000035dc    000000a8     Timer.o (.text._Z14TimerG7_IntArmtjj)
                  00003684    000000a4     tools.o (.text._Z12rotateUpdatev)
                  00003728    000000a2     ST7735.o (.text._ZL11commandListPKh)
                  000037ca    00000002     libclang_rt.builtins.a : aeabi_div0.c.obj (.text.__aeabi_idiv0)
                  000037cc    000000a0     ST7735.o (.text._Z12ST7735_InitR10initRFlags)
                  0000386c    000000a0     ST7735.o (.text._Z17ST7735_InitPrintf10initRFlags)
                  0000390c    000000a0     libsysbm.a : open.c.obj (.text.open)
                  000039ac    000000a0     libc.a : e_sqrtf.c.obj (.text.sqrtf)
                  00003a4c    0000009c     tools.o (.text._Z11isCollisionv)
                  00003ae8    0000009c     ST7735.o (.text._Z14ST7735_OutUDecj)
                  00003b84    0000009c     libc.a : s_cosf.c.obj (.text.__kernel_cosdf)
                  00003c20    0000009c            : s_sinf.c.obj (.text.__kernel_cosdf)
                  00003cbc    00000098     tank.o (.text._ZN4Tank5ShootEP6Bulleti)
                  00003d54    00000094     Timer.o (.text._Z15TimerG12_IntArmjj)
                  00003de8    00000094     Lab9HMain.o (.text.main)
                  00003e7c    00000090     SlidePot.o (.text._ZN8SlidePot4InitEj)
                  00003f0c    0000008c     libclang_rt.builtins.a : mulsf3.S.obj (.text.__mulsf3)
                  00003f98    00000088     ST7735.o (.text._ZL13setAddrWindowhhhh)
                  00004020    00000088     libc.a : strcmp-armv6m.S.obj (.text:strcmp)
                  000040a8    00000084     ST7735.o (.text._Z17ST7735_DrawStringttPcs)
                  0000412c    00000082     libclang_rt.builtins.a : divsf3.S.obj (.text.__divsf3)
                  000041ae    00000002     libc.a : _lock.c.obj (.text._nop)
                  000041b0    00000080     Lab9HMain.o (.text.TIMG12_IRQHandler)
                  00004230    00000080     bullet.o (.text._ZN6Bullet4InitEiifii)
                  000042b0    0000007c     LaunchPad.o (.text._Z14LaunchPad_Initv)
                  0000432c    0000007c     libc.a : fclose.c.obj (.text.__TI_closefile)
                  000043a8    0000007c            : copy_decompress_lzss.c.obj (.text:decompress:lzss)
                  00004424    00000074     libclang_rt.builtins.a : comparedf2.c.obj (.text.__gedf2)
                  00004498    00000008     libc.a : aeabi_portable.c.obj (.text.__aeabi_errno_addr)
                  000044a0    00000074     libclang_rt.builtins.a : truncdfsf2.S.obj (.text.__truncdfsf2)
                  00004514    0000006c     libsysbm.a : hostlseek.c.obj (.text.HOSTlseek)
                  00004580    0000006c                : hostrename.c.obj (.text.HOSTrename)
                  000045ec    0000006c     tools.o (.text._Z9DrawWallsv)
                  00004658    0000006c     libc.a : getdevice.c.obj (.text.getdevice)
                  000046c4    00000068     tools.o (.text._Z9DrawWaterv)
                  0000472c    00000068     libclang_rt.builtins.a : comparedf2.c.obj (.text.__ledf2)
                  00004794    00000064     libc.a : memory.c.obj (.text.split)
                  000047f8    00000062     libclang_rt.builtins.a : aeabi_dcmp.S.obj (.text.__aeabi_dcmp)
                  0000485a    00000002     --HOLE-- [fill = 0]
                  0000485c    00000062                            : aeabi_fcmp.S.obj (.text.__aeabi_fcmp)
                  000048be    00000002     --HOLE-- [fill = 0]
                  000048c0    00000060     libsysbm.a : hostopen.c.obj (.text.HOSTopen)
                  00004920    00000060     SlidePot.o (.text._ZN8SlidePot2InEv)
                  00004980    00000058     libsysbm.a : hostread.c.obj (.text.HOSTread)
                  000049d8    00000058                : hostwrite.c.obj (.text.HOSTwrite)
                  00004a30    00000058     TExaS.o (.text._Z10TExaS_InitP10ADC12_RegsjPFhvE)
                  00004a88    00000058     tools.o (.text._Z12generateMap1h)
                  00004ae0    00000058     tools.o (.text._Z12generateMap8h)
                  00004b38    00000058     tools.o (.text._Z12generateMap9h)
                  00004b90    00000058     tools.o (.text._Z13generateMap10h)
                  00004be8    00000056     libclang_rt.builtins.a : aeabi_idivmod.S.obj (.text.__aeabi_idivmod)
                  00004c3e    00000002     --HOLE-- [fill = 0]
                  00004c40    00000054     ST7735.o (.text._Z11fillmessagej)
                  00004c94    00000054     libc.a : autoinit.c.obj (.text:__TI_auto_init_nobinit)
                  00004ce8    00000052            : fflush.c.obj (.text.__TI_doflush)
                  00004d3a    00000050     tools.o (.text._Z12tankMovementjjR4Tank)
                  00004d8a    00000050     tank.o (.text._ZN4Tank6RotateEi)
                  00004dda    00000002     --HOLE-- [fill = 0]
                  00004ddc    00000050     libsysbm.a : close.c.obj (.text.close)
                  00004e2c    0000004a     libclang_rt.builtins.a : fixdfsi.S.obj (.text.__fixdfsi)
                  00004e76    00000002     --HOLE-- [fill = 0]
                  00004e78    00000048     libsysbm.a : hostclose.c.obj (.text.HOSTclose)
                  00004ec0    00000048                : hostunlink.c.obj (.text.HOSTunlink)
                  00004f08    00000048     SPI.o (.text._Z14SPI_OutCommandc)
                  00004f50    00000044     tools.o (.text._Z9queryTankv)
                  00004f94    00000040     TExaS.o (.text.TIMG7_IRQHandler)
                  00004fd4    00000040     SPI.o (.text._Z9SPI_Resetv)
                  00005014    00000040     bullet.o (.text._ZN6Bullet4DrawEv)
                  00005054    00000040     libclang_rt.builtins.a : aeabi_uidivmod.S.obj (.text.__aeabi_uidivmod)
                  00005094    00000040                            : extendsfdf2.S.obj (.text.__extendsfdf2)
                  000050d4    00000040     libc.a : fopen.c.obj (.text._search_fp)
                  00005114    0000003e     tools.o (.text._Z7clamperfff)
                  00005152    00000002     --HOLE-- [fill = 0]
                  00005154    0000003c     libclang_rt.builtins.a : floatsisf.S.obj (.text.__floatsisf)
                  00005190    0000003c                            : comparesf2.S.obj (.text.__gtsf2)
                  000051cc    0000003a                            : comparesf2.S.obj (.text.__eqsf2)
                  00005206    00000002     --HOLE-- [fill = 0]
                  00005208    0000003a                            : muldsi3.S.obj (.text.__muldsi3)
                  00005242    00000002     --HOLE-- [fill = 0]
                  00005244    00000038     SPI.o (.text._Z11SPI_OutDatac)
                  0000527c    00000038     Switch.o (.text._Z11Switch_Initv)
                  000052b4    00000038     LaunchPad.o (.text._Z15ActivatePortA_Bv)
                  000052ec    00000038     tank.o (.text._ZN4Tank10TakeDamageEv)
                  00005324    00000038     bullet.o (.text._ZN6Bullet5EraseEv)
                  0000535c    00000038     libclang_rt.builtins.a : fixsfsi.S.obj (.text.__fixsfsi)
                  00005394    00000036     tank.o (.text._ZN4Tank15rotateIncrementEi)
                  000053ca    00000034     ST7735.o (.text._Z12ST7735_writeiPKcj)
                  000053fe    00000002     --HOLE-- [fill = 0]
                  00005400    00000034     tools.o (.text._Z13displayUpdatev)
                  00005434    00000034     Clock.o (.text._Z14Clock_Delay1msj)
                  00005468    00000034     ST7735.o (.text._Z16ST7735_SetCursorjj)
                  0000549c    00000034     LED.o (.text._Z8LED_Initv)
                  000054d0    00000034     libc.a : fopen.c.obj (.text.__TI_cleanup)
                  00005504    00000034     libsysbm.a : trgmsg.c.obj (.text.__TI_readmsg)
                  00005538    00000034                : trgmsg.c.obj (.text.__TI_writemsg)
                  0000556c    00000034     libc.a : exit.c.obj (.text.exit)
                  000055a0    00000034            : getdevice.c.obj (.text.finddevice)
                  000055d4    00000034            : fopen.c.obj (.text.freopen)
                  00005608    00000032     ST7735.o (.text._Z15ST7735_Color565hhh)
                  0000563a    00000032     tank.o (.text._ZN4Tank13TickCooldownsEv)
                  0000566c    00000032     tank.o (.text._ZN4Tank4DrawEv)
                  0000569e    00000002     --HOLE-- [fill = 0]
                  000056a0    00000030     ST7735.o (.text._ZL10commonInitPKh)
                  000056d0    00000030     SlidePot.o (.text._ZN8SlidePot4SaveEj)
                  00005700    00000030     Lab9HMain.o (.text.__cxx_global_var_init.4)
                  00005730    00000030     Lab9HMain.o (.text.__cxx_global_var_init.5)
                  00005760    00000030     libc.a : fopen.c.obj (.text.fopen)
                  00005790    0000002e     SlidePot.o (.text._ZN8SlidePot4SyncEv)
                  000057be    00000002     --HOLE-- [fill = 0]
                  000057c0    0000002c     ST7735.o (.text._Z17ST7735_FillScreent)
                  000057ec    0000002c     tank.o (.text._ZN4Tank5EraseEv)
                  00005818    0000002c     Lab9HMain.o (.text.__cxx_global_var_init.1)
                  00005844    0000002c     Lab9HMain.o (.text.__cxx_global_var_init)
                  00005870    0000002c     libclang_rt.builtins.a : floatsidf.S.obj (.text.__floatsidf)
                  0000589c    0000002c     libsysbm.a : unlink.c.obj (.text.unlink)
                  000058c8    00000028     TExaS.o (.text._Z9ADC_StartP10ADC12_Regs)
                  000058f0    00000028     libc.a : memory.c.obj (.text.free_list_insert)
                  00005918    00000028     libsysbm.a : write.c.obj (.text.write)
                  00005940    00000028     libc.a : boot_cortex_m.c.obj (.text:_c_int00_noargs)
                  00005968    00000026     ST7735.o (.text._Z16ST7735_OutStringPc)
                  0000598e    00000026     bullet.o (.text._ZN6Bullet10DeactivateEv)
                  000059b4    0000001e     ST7735.o (.text._ZL9pushColort)
                  000059d2    0000001e     tank.o (.text._ZN4Tank4SetXEi)
                  000059f0    0000001e     tank.o (.text._ZN4Tank4SetYEi)
                  00005a0e    00000002     --HOLE-- [fill = 0]
                  00005a10    0000001c     startup_mspm0g3507_ticlang.o (.text.Default_Handler)
                  00005a2c    0000001c     startup_mspm0g3507_ticlang.o (.text.HardFault_Handler)
                  00005a48    0000001c     Lab9HMain.o (.text._GLOBAL__sub_I_Lab9HMain.cpp)
                  00005a64    0000001c     Switch.o (.text._Z10Switch_In1v)
                  00005a80    0000001c     Switch.o (.text._Z10Switch_In2v)
                  00005a9c    0000001c     ST7735.o (.text._Z11ST7735_openPKcji)
                  00005ab8    0000001c     Switch.o (.text._Z7P1SHOOTv)
                  00005ad4    0000001c     Switch.o (.text._Z7P2SHOOTv)
                  00005af0    0000001c     Switch.o (.text._Z8special1v)
                  00005b0c    0000001c     Switch.o (.text._Z8special2v)
                  00005b28    0000001c     tank.o (.text._ZN4Tank8SetAliveEb)
                  00005b44    0000001c     libc.a : memory.c.obj (.text.free_list_remove)
                  00005b60    0000001a     tools.o (.text._Z15SlidePotSamplerR8SlidePot)
                  00005b7a    0000001a     bullet.o (.text._ZN6BulletC2Ev)
                  00005b94    0000001a     SlidePot.o (.text._ZN8SlidePotC2Ejj)
                  00005bae    00000016     libc.a : k_rem_pio2.c.obj (.text.OUTLINED_FUNCTION_0)
                  00005bc4    00000010     libclang_rt.builtins.a : adddf3.S.obj (.tramp.__aeabi_dadd.1)
                  00005bd4    00000016     ST7735.o (.text._Z11ST7735_readiPcj)
                  00005bea    00000016     libc.a : copy_zero_init.c.obj (.text:decompress:ZI:__TI_zero_init_nomemset)
                  00005c00    00000014     tank.o (.text._ZN4Tank5SetHPEh)
                  00005c14    00000014     Lab9HMain.o (.text.__cxx_global_var_init.2)
                  00005c28    00000014     Lab9HMain.o (.text.__cxx_global_var_init.3)
                  00005c3c    00000012     tank.o (.text._ZN4Tank11NeedsRedrawEv)
                  00005c4e    00000012     libc.a : memcpy16.S.obj (.text:TI_memcpy_small)
                  00005c60    00000012            : copy_decompress_none.c.obj (.text:decompress:none)
                  00005c72    00000010            : k_rem_pio2.c.obj (.text.OUTLINED_FUNCTION_2)
                  00005c82    00000010     Clock.o (.text._Z11Clock_Delayj)
                  00005c92    00000002     --HOLE-- [fill = 0]
                  00005c94    00000010     Lab9HMain.o (.text._Z28TExaS_LaunchPadLogicPB27PB26v)
                  00005ca4    00000010     tank.o (.text._ZN4Tank8CanShootEv)
                  00005cb4    00000010     bullet.o (.text._ZNK6Bullet8IsActiveEv)
                  00005cc4    0000000e     libc.a : memory.c.obj (.text.OUTLINED_FUNCTION_0)
                  00005cd2    0000000e     ST7735.o (.text._Z12ST7735_lseekili)
                  00005ce0    0000000e     tank.o (.text._ZNK4Tank9GetHealthEv)
                  00005cee    0000000e     libsysbm.a : hostrename.c.obj (.text.strcpy)
                  00005cfc    0000000e                : hostrename.c.obj (.text.strlen)
                  00005d0a    0000000e     libc.a : memset16.S.obj (.text:TI_memset_small)
                  00005d18    0000000c     Clock.o (.text._Z10Clock_Freqv)
                  00005d24    0000000c     ST7735.o (.text._Z13ST7735_renamePKcS0_)
                  00005d30    0000000c     SlidePot.o (.text._ZN8SlidePot12lastDistanceEv)
                  00005d3c    0000000c     SlidePot.o (.text._ZN8SlidePot8DistanceEv)
                  00005d48    0000000c     tank.o (.text._ZNK4Tank4GetXEv)
                  00005d54    0000000c     tank.o (.text._ZNK4Tank4GetYEv)
                  00005d60    0000000c     libclang_rt.builtins.a : aeabi_memset.S.obj (.text.__aeabi_memclr)
                  00005d6c    0000000c     libc.a : memory.c.obj (.text.malloc)
                  00005d78    0000000a            : k_rem_pio2.c.obj (.text.OUTLINED_FUNCTION_1)
                  00005d82    0000000a            : s_cosf.c.obj (.text.OUTLINED_FUNCTION_3)
                  00005d8c    0000000a            : s_sinf.c.obj (.text.OUTLINED_FUNCTION_3)
                  00005d96    0000000a     ST7735.o (.text._Z12ST7735_closei)
                  00005da0    0000000a     ST7735.o (.text._Z13ST7735_unlinkPKc)
                  00005daa    0000000a     Lab9HMain.o (.text._Z8PLL_Initv)
                  00005db4    00000008     libclang_rt.builtins.a : aeabi_memcpy.S.obj (.text.__aeabi_memcpy)
                  00005dbc    00000008     libsysbm.a : remove.c.obj (.text.remove)
                  00005dc4    00000006     libc.a : s_cosf.c.obj (.text.OUTLINED_FUNCTION_0)
                  00005dca    00000002     --HOLE-- [fill = 0]
                  00005dcc    00000010     libclang_rt.builtins.a : muldf3.S.obj (.tramp.__aeabi_dmul.1)
                  00005ddc    00000006     libc.a : s_sinf.c.obj (.text.OUTLINED_FUNCTION_0)
                  00005de2    00000006            : s_cosf.c.obj (.text.OUTLINED_FUNCTION_1)
                  00005de8    00000006            : s_sinf.c.obj (.text.OUTLINED_FUNCTION_1)
                  00005dee    00000004            : s_cosf.c.obj (.text.OUTLINED_FUNCTION_2)
                  00005df2    00000002     --HOLE-- [fill = 0]
                  00005df4    00000010     libclang_rt.builtins.a : extendsfdf2.S.obj (.tramp.__aeabi_f2d.1)
                  00005e04    00000004     libc.a : s_sinf.c.obj (.text.OUTLINED_FUNCTION_2)
                  00005e08    00000004     startup_mspm0g3507_ticlang.o (.text.Reset_Handler)
                  00005e0c    00000004     libc.a : pre_init.c.obj (.text._system_pre_init)
                  00005e10    00000004            : exit.c.obj (.text:abort)
                  00005e14    0000000c     --HOLE-- [fill = 0]

.cinit     0    00006de0    000000f8     
                  00006de0    000000d3     (.cinit..data.load) [load image, compression = lzss]
                  00006eb3    00000001     --HOLE-- [fill = 0]
                  00006eb4    0000000c     (__TI_handler_table)
                  00006ec0    00000008     (.cinit..bss.load) [load image, compression = zero_init]
                  00006ec8    00000010     (__TI_cinit_table)

.rodata    0    00005e20    00000fb8     
                  00005e20    000004fb     ST7735.o (.rodata._ZL4Font)
                  0000631b    00000001     --HOLE-- [fill = 0]
                  0000631c    00000214     Lab9HMain.o (.rodata._ZL7MiniRed)
                  00006530    00000214     Lab9HMain.o (.rodata._ZL8MiniBlue)
                  00006744    00000108     libc.a : k_rem_pio2.c.obj (.rodata.ipio2)
                  0000684c    000000b0     tools.o (.rodata._ZZ12generateMap2hE4maze)
                  000068fc    00000080     tools.o (.rodata._ZL6heart2)
                  0000697c    00000080     tools.o (.rodata._ZL6heart3)
                  000069fc    00000060     tools.o (.rodata._ZZ12generateMap4hE5river)
                  00006a5c    00000004     fsm.o (.rodata._ZL11Set_English)
                  00006a60    00000040     libc.a : k_rem_pio2.c.obj (.rodata.PIo2)
                  00006aa0    00000040     tools.o (.rodata._ZZ12generateMap3hE4ring)
                  00006ae0    00000040     tools.o (.rodata._ZZ12generateMap6hE5cover)
                  00006b20    00000040     tools.o (.rodata._ZZ12generateMap7hE5cover)
                  00006b60    0000003b     ST7735.o (.rodata._ZL5Rcmd1)
                  00006b9b    0000002b     ST7735.o (.rodata._ZL5Rcmd3)
                  00006bc6    00000002     ST7735.o (.rodata.str1.145302396146969619001)
                  00006bc8    00000020     tools.o (.rodata._ZZ12generateMap3hE5bands)
                  00006be8    00000020     tools.o (.rodata.cst32)
                  00006c08    0000001d     fsm.o (.rodata._ZL13Again_Spanish)
                  00006c25    0000001d     fsm.o (.rodata._ZL16Again_Portuguese)
                  00006c42    00000019     fsm.o (.rodata._ZL13Again_English)
                  00006c5b    00000016     ST7735.o (.rodata.str1.59959519694590733531)
                  00006c71    00000015     fsm.o (.rodata._ZL12Again_French)
                  00006c86    00000012     fsm.o (.rodata.str1.77457526476974311561)
                  00006c98    00000010     libc.a : k_rem_pio2.c.obj (.rodata.cst16)
                  00006ca8    0000000f     fsm.o (.rodata.str1.11889828848536890671)
                  00006cb7    0000000f     fsm.o (.rodata.str1.44122112940247738941)
                  00006cc6    0000000f     fsm.o (.rodata.str1.50879906542808893991)
                  00006cd5    0000000d     ST7735.o (.rodata._ZL10Rcmd2green)
                  00006ce2    0000000d     ST7735.o (.rodata._ZL8Rcmd2red)
                  00006cef    0000000d     fsm.o (.rodata.str1.159722056897094685691)
                  00006cfc    0000000a     fsm.o (.rodata._ZL11Set_Spanish)
                  00006d06    0000000a     fsm.o (.rodata._ZL11Wins_French)
                  00006d10    0000000a     fsm.o (.rodata._ZL12Wins_Spanish)
                  00006d1a    0000000a     fsm.o (.rodata._ZL15Language_French)
                  00006d24    0000000a     fsm.o (.rodata._ZL15Wins_Portuguese)
                  00006d2e    0000000a     fsm.o (.rodata._ZL19Language_Portuguese)
                  00006d38    00000009     fsm.o (.rodata._ZL12Begin_French)
                  00006d41    00000009     fsm.o (.rodata._ZL16Language_English)
                  00006d4a    00000009     fsm.o (.rodata._ZL16Language_Spanish)
                  00006d53    00000009     fsm.o (.rodata.str1.164345169009266180021)
                  00006d5c    00000008     fsm.o (.rodata._ZL13Begin_Spanish)
                  00006d64    00000008     fsm.o (.rodata._ZL14Player_Spanish)
                  00006d6c    00000008     fsm.o (.rodata._ZL17Player_Portuguese)
                  00006d74    00000008     ST7735.o (.rodata.str1.48350117711619464051)
                  00006d7c    00000007     fsm.o (.rodata._ZL10Set_French)
                  00006d83    00000007     fsm.o (.rodata._ZL13Begin_English)
                  00006d8a    00000007     fsm.o (.rodata._ZL13Player_French)
                  00006d91    00000007     fsm.o (.rodata._ZL14Player_English)
                  00006d98    00000007     fsm.o (.rodata._ZL16Ready_Portuguese)
                  00006d9f    00000007     ST7735.o (.rodata.str1.175719450624619433971)
                  00006da6    00000007     ST7735.o (.rodata.str1.42255827801651177341)
                  00006dad    00000006     fsm.o (.rodata._ZL12Ready_French)
                  00006db3    00000006     fsm.o (.rodata._ZL13Ready_English)
                  00006db9    00000006     fsm.o (.rodata._ZL13Ready_Spanish)
                  00006dbf    00000006     fsm.o (.rodata._ZL16Begin_Portuguese)
                  00006dc5    00000005     fsm.o (.rodata._ZL12Wins_English)
                  00006dca    00000005     fsm.o (.rodata.str1.59954496583772618611)
                  00006dcf    00000005     fsm.o (.rodata.str1.90166882800938586951)
                  00006dd4    00000004     fsm.o (.rodata._ZL14Set_Portuguese)

.init_array 
*          0    00006dd8    00000008     
                  00006dd8    00000004     Lab9HMain.o (.init_array)
                  00006ddc    00000004     --HOLE-- [fill = 0]

.data      0    20200000    00000bc5     UNINITIALIZED
                  20200000    0000025c     Lab9HMain.o (.data.p1)
                  2020025c    0000025c     Lab9HMain.o (.data.p2)
                  202004b8    000001e0     tools.o (.data.walls)
                  20200698    000001e0     tools.o (.data.waters)
                  20200878    000000f0     libc.a : defs.c.obj (.data._ftable)
                  20200968    00000078     libsysbm.a : host_device.c.obj (.data._device)
                  202009e0    00000070     fsm.o (.data.Phrases)
                  20200a50    00000054     Lab9HMain.o (.data.bullets1)
                  20200aa4    00000054     Lab9HMain.o (.data.bullets2)
                  20200af8    00000050     libsysbm.a : host_device.c.obj (.data._stream)
                  20200b48    0000001c     Lab9HMain.o (.data.player1SP)
                  20200b64    0000001c     Lab9HMain.o (.data.player2SP)
                  20200b80    00000008     libc.a : exit.c.obj (.data..L_MergedGlobals)
                  20200b88    00000004     Clock.o (.data.BusFreq)
                  20200b8c    00000004     tools.o (.data.NUM_WALLS)
                  20200b90    00000004     tools.o (.data.NUM_WATERS)
                  20200b94    00000004     ST7735.o (.data.StX)
                  20200b98    00000004     ST7735.o (.data.StY)
                  20200b9c    00000004     libc.a : defs.c.obj (.data.__TI_ft_end)
                  20200ba0    00000004            : aeabi_portable.c.obj (.data.__aeabi_errno)
                  20200ba4    00000004            : _lock.c.obj (.data._lock)
                  20200ba8    00000004            : _lock.c.obj (.data._unlock)
                  20200bac    00000004     Lab9HMain.o (.data.time)
                  20200bb0    00000002     ST7735.o (.data._ZL6_width)
                  20200bb2    00000002     ST7735.o (.data._ZL7_height)
                  20200bb4    00000002     fsm.o (.data.winsP1)
                  20200bb6    00000002     fsm.o (.data.winsP2)
                  20200bb8    00000001     Lab9HMain.o (.data.TG12Flag)
                  20200bb9    00000001     tools.o (.data._ZZ10DrawHealthRK4TankS1_E11lastHealth1)
                  20200bba    00000001     tools.o (.data._ZZ10DrawHealthRK4TankS1_E11lastHealth2)
                  20200bbb    00000001     Lab9HMain.o (.data.bulletFlag1)
                  20200bbc    00000001     libsysbm.a : add_device.c.obj (.data.add_device.device_init)
                  20200bbd    00000001     Lab9HMain.o (.data.bulletFlag2)
                  20200bbe    00000001     fsm.o (.data.gameState)
                  20200bbf    00000001     fsm.o (.data.initialLives)
                  20200bc0    00000001     libc.a : memory.c.obj (.data.memory_is_initialized)
                  20200bc1    00000001     fsm.o (.data.myLanguage)
                  20200bc2    00000002     --HOLE--
                  20200bc4    00000001     libsysbm.a : open.c.obj (.data.open.stream_init)

.sysmem    0    20200bc8    00000200     UNINITIALIZED
                  20200bc8    00000010     libc.a : memory.c.obj (.sysmem)
                  20200bd8    000001f0     --HOLE--

.bss       0    20200dc8    000001e9     UNINITIALIZED
                  20200dc8    00000120     libsysbm.a : trgmsg.c.obj (.bss:_CIOBUF_)
                  20200ee8    000000a0     libc.a : defs.c.obj (.bss.__TI_tmpnams)
                  20200f88    0000000c     ST7735.o (.bss.Message)
                  20200f94    00000008     libsysbm.a : hostopen.c.obj (.bss.parmbuf)
                  20200f9c    00000004     ST7735.o (.bss.Messageindex)
                  20200fa0    00000004     TExaS.o (.bss.TExaSLogic)
                  20200fa4    00000004     TExaS.o (.bss.TExaSadc)
                  20200fa8    00000004     libc.a : memory.c.obj (.bss.sys_free)
                  20200fac    00000002     ST7735.o (.bss.StTextColor)
                  20200fae    00000001     ST7735.o (.bss._ZL8ColStart)
                  20200faf    00000001     ST7735.o (.bss._ZL8RowStart)
                  20200fb0    00000001     ST7735.o (.bss._ZL8TabColor)

.stack     0    20207e00    00000200     UNINITIALIZED
                  20207e00    00000004     libc.a : boot_cortex_m.c.obj (.stack)
                  20207e04    000001fc     --HOLE--

__llvm_prf_cnts 
*          0    20200000    00000000     UNINITIALIZED

__llvm_prf_bits 
*          0    20200000    00000000     UNINITIALIZED

MODULE SUMMARY

       Module                         code    ro data   rw data
       ------                         ----    -------   -------
    .\
       tools.o                        3632    784       970    
       ST7735.o                       2864    1449      33     
       Lab9HMain.o                    554     1068      1439   
       tank.o                         1678    0         0      
       fsm.o                          924     382       119    
       bullet.o                       1282    0         0      
       TExaS.o                        720     0         8      
       Clock.o                        516     0         4      
       SPI.o                          440     0         0      
       SlidePot.o                     384     0         0      
       Timer.o                        316     0         0      
       Switch.o                       224     0         0      
       LaunchPad.o                    180     0         0      
       LED.o                          52      0         0      
       Sound.o                        4       0         0      
    +--+------------------------------+-------+---------+---------+
       Total:                         13770   3683      2573   
                                                               
    .\ticlang\
       startup_mspm0g3507_ticlang.o   60      192       0      
    +--+------------------------------+-------+---------+---------+
       Total:                         60      192       0      
                                                               
    C:\ti\ccs2000\ccs\tools\compiler\ti-cgt-armllvm_4.0.1.LTS\lib\armv6m-ti-none-eabi/c/libc.a
       k_rem_pio2.c.obj               1652    344       0      
       s_cosf.c.obj                   822     0         0      
       s_sinf.c.obj                   810     0         0      
       memory.c.obj                   702     0         5      
       fopen.c.obj                    556     0         0      
       defs.c.obj                     0       0         404    
       s_floor.c.obj                  324     0         0      
       setvbuf.c.obj                  224     0         0      
       s_scalbn.c.obj                 216     0         0      
       e_sqrtf.c.obj                  160     0         0      
       getdevice.c.obj                160     0         0      
       strcmp-armv6m.S.obj            136     0         0      
       copy_decompress_lzss.c.obj     124     0         0      
       fclose.c.obj                   124     0         0      
       autoinit.c.obj                 84      0         0      
       fflush.c.obj                   82      0         0      
       exit.c.obj                     56      0         8      
       boot_cortex_m.c.obj            40      0         0      
       copy_zero_init.c.obj           22      0         0      
       copy_decompress_none.c.obj     18      0         0      
       memcpy16.S.obj                 18      0         0      
       memset16.S.obj                 14      0         0      
       aeabi_portable.c.obj           8       0         4      
       _lock.c.obj                    2       0         8      
       pre_init.c.obj                 4       0         0      
    +--+------------------------------+-------+---------+---------+
       Total:                         6358    344       429    
                                                               
    C:\ti\ccs2000\ccs\tools\compiler\ti-cgt-armllvm_4.0.1.LTS\lib\armv6m-ti-none-eabi/c/libsysbm.a
       trgmsg.c.obj                   104     0         288    
       add_device.c.obj               236     0         1      
       host_device.c.obj              0       0         200    
       open.c.obj                     160     0         1      
       hostrename.c.obj               136     0         0      
       hostlseek.c.obj                108     0         0      
       hostopen.c.obj                 96      0         8      
       hostread.c.obj                 88      0         0      
       hostwrite.c.obj                88      0         0      
       close.c.obj                    80      0         0      
       hostclose.c.obj                72      0         0      
       hostunlink.c.obj               72      0         0      
       unlink.c.obj                   44      0         0      
       write.c.obj                    40      0         0      
       remove.c.obj                   8       0         0      
    +--+------------------------------+-------+---------+---------+
       Total:                         1332    0         498    
                                                               
    C:\ti\ccs2000\ccs\tools\compiler\ti-cgt-armllvm_4.0.1.LTS\lib\armv6m-ti-none-eabi/libclang_rt.builtins.a
       adddf3.S.obj                   418     0         0      
       muldf3.S.obj                   244     0         0      
       comparedf2.c.obj               220     0         0      
       addsf3.S.obj                   216     0         0      
       mulsf3.S.obj                   140     0         0      
       divsf3.S.obj                   130     0         0      
       comparesf2.S.obj               118     0         0      
       truncdfsf2.S.obj               116     0         0      
       aeabi_dcmp.S.obj               98      0         0      
       aeabi_fcmp.S.obj               98      0         0      
       aeabi_idivmod.S.obj            86      0         0      
       extendsfdf2.S.obj              80      0         0      
       fixdfsi.S.obj                  74      0         0      
       aeabi_uidivmod.S.obj           64      0         0      
       floatsisf.S.obj                60      0         0      
       muldsi3.S.obj                  58      0         0      
       fixsfsi.S.obj                  56      0         0      
       floatsidf.S.obj                44      0         0      
       aeabi_memset.S.obj             12      0         0      
       aeabi_memcpy.S.obj             8       0         0      
       aeabi_div0.c.obj               2       0         0      
    +--+------------------------------+-------+---------+---------+
       Total:                         2342    0         0      
                                                               
       Heap:                          0       0         512    
       Stack:                         0       0         512    
       Linker Generated:              0       247       0      
    +--+------------------------------+-------+---------+---------+
       Grand Total:                   23862   4466      4524   


LINKER GENERATED COPY TABLES

__TI_cinit_table @ 00006ec8 records: 2, size/record: 8, table size: 16
	.data: load addr=00006de0, load size=000000d3 bytes, run addr=20200000, run size=00000bc5 bytes, compression=lzss
	.bss: load addr=00006ec0, load size=00000008 bytes, run addr=20200dc8, run size=000001e9 bytes, compression=zero_init


LINKER GENERATED HANDLER TABLE

__TI_handler_table @ 00006eb4 records: 3, size/record: 4, table size: 12
	index: 0, handler: __TI_decompress_lzss
	index: 1, handler: __TI_decompress_none
	index: 2, handler: __TI_zero_init


FAR CALL TRAMPOLINES

callee name               trampoline name
   callee addr  tramp addr   call addr  call info
--------------  -----------  ---------  ----------------
__aeabi_dadd              $Tramp$TT$L$PI$$__aeabi_dadd
   0000130f     00005bc4     00005bc2   libc.a : k_rem_pio2.c.obj (.text.OUTLINED_FUNCTION_0)
                             00005d80          : k_rem_pio2.c.obj (.text.OUTLINED_FUNCTION_1)
                             00005d8a          : s_cosf.c.obj (.text.OUTLINED_FUNCTION_3)
                             00005d94          : s_sinf.c.obj (.text.OUTLINED_FUNCTION_3)
__aeabi_dmul              $Tramp$TT$L$PI$$__aeabi_dmul
   00002b39     00005dcc     00005dc8   libc.a : s_cosf.c.obj (.text.OUTLINED_FUNCTION_0)
                             00005de0          : s_sinf.c.obj (.text.OUTLINED_FUNCTION_0)
                             00005de6          : s_cosf.c.obj (.text.OUTLINED_FUNCTION_1)
                             00005dec          : s_sinf.c.obj (.text.OUTLINED_FUNCTION_1)
__aeabi_f2d               $Tramp$TT$L$PI$$__aeabi_f2d
   00005095     00005df4     00005df0   libc.a : s_cosf.c.obj (.text.OUTLINED_FUNCTION_2)
                             00005e06          : s_sinf.c.obj (.text.OUTLINED_FUNCTION_2)

[3 trampolines]
[10 trampoline calls]


GLOBAL SYMBOLS: SORTED ALPHABETICALLY BY Name 

address   name                             
-------   ----                             
00005a11  ADC0_IRQHandler                  
00005a11  ADC1_IRQHandler                  
00005a11  AES_IRQHandler                   
20200b88  BusFreq                          
00005e10  C$$EXIT                          
00005565  C$$IO$$                          
00005a11  CANFD0_IRQHandler                
00005a11  DAC0_IRQHandler                  
00005a11  DMA_IRQHandler                   
00005a11  Default_Handler                  
00005a11  GROUP0_IRQHandler                
00005a11  GROUP1_IRQHandler                
00004e79  HOSTclose                        
00004515  HOSTlseek                        
000048c1  HOSTopen                         
00004981  HOSTread                         
00004581  HOSTrename                       
00004ec1  HOSTunlink                       
000049d9  HOSTwrite                        
00005a2d  HardFault_Handler                
00005a11  I2C0_IRQHandler                  
00005a11  I2C1_IRQHandler                  
20200f88  Message                          
20200f9c  Messageindex                     
00005a11  NMI_Handler                      
20200b8c  NUM_WALLS                        
20200b90  NUM_WATERS                       
00005a11  PendSV_Handler                   
202009e0  Phrases                          
00005a11  RTC_IRQHandler                   
00005e09  Reset_Handler                    
00006dd8  SHT$$INIT_ARRAY$$Base            
00006ddc  SHT$$INIT_ARRAY$$Limit           
00005a11  SPI0_IRQHandler                  
00005a11  SPI1_IRQHandler                  
00005a11  SVC_Handler                      
20200fac  StTextColor                      
20200b94  StX                              
20200b98  StY                              
00001497  SysTick_Handler                  
20200fa0  TExaSLogic                       
20200fa4  TExaSadc                         
20200bb8  TG12Flag                         
00005a11  TIMA0_IRQHandler                 
00005a11  TIMA1_IRQHandler                 
00005a11  TIMG0_IRQHandler                 
000041b1  TIMG12_IRQHandler                
00005a11  TIMG6_IRQHandler                 
00004f95  TIMG7_IRQHandler                 
00005a11  TIMG8_IRQHandler                 
00005c4f  TI_memcpy_small                  
00005d0b  TI_memset_small                  
00005a11  UART0_IRQHandler                 
00005a11  UART1_IRQHandler                 
00005a11  UART2_IRQHandler                 
00005a11  UART3_IRQHandler                 
20200dc8  _CIOBUF_                         
00005d19  _Z10Clock_Freqv                  
000026a9  _Z10DrawHealthRK4TankS1_         
000031bf  _Z10Sound_Initv                  
00005a65  _Z10Switch_In1v                  
00005a81  _Z10Switch_In2v                  
00004a31  _Z10TExaS_InitP10ADC12_RegsjPFhvE
00005c83  _Z11Clock_Delayj                 
00005245  _Z11SPI_OutDatac                 
00005a9d  _Z11ST7735_openPKcji             
00005bd5  _Z11ST7735_readiPcj              
0000527d  _Z11Switch_Initv                 
00004c41  _Z11fillmessagej                 
00003a4d  _Z11isCollisionv                 
00001e9d  _Z11runGameLoopv                 
000037cd  _Z12ST7735_InitR10initRFlags     
00005d97  _Z12ST7735_closei                
00005cd3  _Z12ST7735_lseekili              
000053cb  _Z12ST7735_writeiPKcj            
00001c75  _Z12bulletUpdatev                
00004a89  _Z12generateMap1h                
000031c1  _Z12generateMap2h                
000025b5  _Z12generateMap3h                
000021bd  _Z12generateMap4h                
00003329  _Z12generateMap5h                
00003275  _Z12generateMap6h                
000022bd  _Z12generateMap7h                
00004ae1  _Z12generateMap8h                
00004b39  _Z12generateMap9h                
00003685  _Z12rotateUpdatev                
00004d3b  _Z12tankMovementjjR4Tank         
00005d25  _Z13ST7735_renamePKcS0_          
00005da1  _Z13ST7735_unlinkPKc             
00005401  _Z13displayUpdatev               
00004b91  _Z13generateMap10h               
000023bd  _Z13showEndScreenv               
00005435  _Z14Clock_Delay1msj              
000042b1  _Z14LaunchPad_Initv              
00004f09  _Z14SPI_OutCommandc              
00002881  _Z14ST7735_OutCharc              
00003ae9  _Z14ST7735_OutUDecj              
000035dd  _Z14TimerG7_IntArmtjj            
000052b5  _Z15ActivatePortA_Bv             
00000fa9  _Z15Clock_Init80MHzi             
00005609  _Z15ST7735_Color565hhh           
0000115d  _Z15ST7735_DrawCharsscssh        
00001b5d  _Z15ST7735_FillRectsssst         
00005b61  _Z15SlidePotSamplerR8SlidePot    
00003d55  _Z15TimerG12_IntArmjj            
00001fad  _Z15initializeRoundh             
00005969  _Z16ST7735_OutStringPc           
00005469  _Z16ST7735_SetCursorjj           
00002f75  _Z16curWallCollisionjjjj         
000009fd  _Z17ST7735_DrawBitmapssPKtss     
000040a9  _Z17ST7735_DrawStringttPcs       
000057c1  _Z17ST7735_FillScreent           
0000386d  _Z17ST7735_InitPrintf10initRFlags
00003039  _Z17curWaterCollisionjjjj        
00005c95  _Z28TExaS_LaunchPadLogicPB27PB26v
00005ab9  _Z7P1SHOOTv                      
00005ad5  _Z7P2SHOOTv                      
00005115  _Z7clamperfff                    
00001a35  _Z8ADC_InitP10ADC12_Regsjj       
0000549d  _Z8LED_Initv                     
00005dab  _Z8PLL_Initv                     
000024bd  _Z8SPI_Initv                     
00001499  _Z8showMenuv                     
00005af1  _Z8special1v                     
00005b0d  _Z8special2v                     
000058c9  _Z9ADC_StartP10ADC12_Regs        
000045ed  _Z9DrawWallsv                    
000046c5  _Z9DrawWaterv                    
00004fd5  _Z9SPI_Resetv                    
00002969  _Z9UART_Initv                    
00004f51  _Z9queryTankv                    
000052ed  _ZN4Tank10TakeDamageEv           
00005c3d  _ZN4Tank11NeedsRedrawEv          
000033d9  _ZN4Tank11TriVelocityEi          
00001625  _ZN4Tank12rotateSpriteEf         
0000563b  _ZN4Tank13TickCooldownsEv        
00005395  _ZN4Tank15rotateIncrementEi      
0000566d  _ZN4Tank4DrawEv                  
000020b5  _ZN4Tank4MoveEv                  
000059d3  _ZN4Tank4SetXEi                  
000059f1  _ZN4Tank4SetYEi                  
000057ed  _ZN4Tank5EraseEv                 
00005c01  _ZN4Tank5SetHPEh                 
00003cbd  _ZN4Tank5ShootEP6Bulleti         
00004d8b  _ZN4Tank6RotateEi                
00005ca5  _ZN4Tank8CanShootEv              
00005b29  _ZN4Tank8SetAliveEb              
00002ead  _ZN4TankC1EiiiPKthhjj            
00002ead  _ZN4TankC2EiiiPKthhjj            
0000598f  _ZN6Bullet10DeactivateEv         
00005015  _ZN6Bullet4DrawEv                
00004231  _ZN6Bullet4InitEiifii            
00000705  _ZN6Bullet4MoveEv                
00005325  _ZN6Bullet5EraseEv               
000030fd  _ZN6Bullet5checkER4Tank          
00005b7b  _ZN6BulletC1Ev                   
00005b7b  _ZN6BulletC2Ev                   
00005d31  _ZN8SlidePot12lastDistanceEv     
00004921  _ZN8SlidePot2InEv                
00003e7d  _ZN8SlidePot4InitEj              
000056d1  _ZN8SlidePot4SaveEj              
00005791  _ZN8SlidePot4SyncEv              
00005d3d  _ZN8SlidePot8DistanceEv          
00005b95  _ZN8SlidePotC1Ejj                
00005b95  _ZN8SlidePotC2Ejj                
00005d49  _ZNK4Tank4GetXEv                 
00005d55  _ZNK4Tank4GetYEv                 
00005ce1  _ZNK4Tank9GetHealthEv            
00005cb5  _ZNK6Bullet8IsActiveEv           
20200dc8  __CIOBUF_                        
20208000  __STACK_END                      
00000200  __STACK_SIZE                     
00000200  __SYSMEM_SIZE                    
00000000  __TI_ATRegion0_region_sz         
00000000  __TI_ATRegion0_src_addr          
00000000  __TI_ATRegion0_trg_addr          
00000000  __TI_ATRegion1_region_sz         
00000000  __TI_ATRegion1_src_addr          
00000000  __TI_ATRegion1_trg_addr          
00000000  __TI_ATRegion2_region_sz         
00000000  __TI_ATRegion2_src_addr          
00000000  __TI_ATRegion2_trg_addr          
00006ec8  __TI_CINIT_Base                  
00006ed8  __TI_CINIT_Limit                 
00006ed8  __TI_CINIT_Warm                  
00006eb4  __TI_Handler_Table_Base          
00006ec0  __TI_Handler_Table_Limit         
00004c95  __TI_auto_init_nobinit           
000054d1  __TI_cleanup                     
20200b80  __TI_cleanup_ptr                 
0000432d  __TI_closefile                   
000043a9  __TI_decompress_lzss             
00005c61  __TI_decompress_none             
00004ce9  __TI_doflush                     
20200b84  __TI_dtors_ptr                   
20200b9c  __TI_ft_end                      
ffffffff  __TI_pprof_out_hndl              
ffffffff  __TI_prof_data_size              
ffffffff  __TI_prof_data_start             
00005505  __TI_readmsg                     
00000000  __TI_static_base__               
20200ee8  __TI_tmpnams                     
00005539  __TI_writemsg                    
00005beb  __TI_zero_init_nomemset          
0000130f  __adddf3                         
00002ddf  __addsf3                         
000044a1  __aeabi_d2f                      
00004e2d  __aeabi_d2iz                     
0000130f  __aeabi_dadd                     
000047f9  __aeabi_dcmpeq                   
00004835  __aeabi_dcmpge                   
00004849  __aeabi_dcmpgt                   
00004821  __aeabi_dcmple                   
0000480d  __aeabi_dcmplt                   
00002b39  __aeabi_dmul                     
00001305  __aeabi_dsub                     
20200ba0  __aeabi_errno                    
00004499  __aeabi_errno_addr               
00005095  __aeabi_f2d                      
0000535d  __aeabi_f2iz                     
00002ddf  __aeabi_fadd                     
0000485d  __aeabi_fcmpeq                   
00004899  __aeabi_fcmpge                   
000048ad  __aeabi_fcmpgt                   
00004885  __aeabi_fcmple                   
00004871  __aeabi_fcmplt                   
0000412d  __aeabi_fdiv                     
00003f0d  __aeabi_fmul                     
00002dd5  __aeabi_fsub                     
00005871  __aeabi_i2d                      
00005155  __aeabi_i2f                      
00004be9  __aeabi_idiv                     
000037cb  __aeabi_idiv0                    
00004be9  __aeabi_idivmod                  
00005d61  __aeabi_memclr                   
00005d61  __aeabi_memclr4                  
00005d61  __aeabi_memclr8                  
00005db5  __aeabi_memcpy                   
00005db5  __aeabi_memcpy4                  
00005db5  __aeabi_memcpy8                  
00005055  __aeabi_uidiv                    
00005055  __aeabi_uidivmod                 
ffffffff  __binit__                        
0000472d  __cmpdf2                         
000051cd  __cmpsf2                         
0000412d  __divsf3                         
0000472d  __eqdf2                          
000051cd  __eqsf2                          
00005095  __extendsfdf2                    
00004e2d  __fixdfsi                        
0000535d  __fixsfsi                        
00005871  __floatsidf                      
00005155  __floatsisf                      
00004425  __gedf2                          
00005191  __gesf2                          
00004425  __gtdf2                          
00005191  __gtsf2                          
000000c1  __kernel_rem_pio2                
0000472d  __ledf2                          
000051cd  __lesf2                          
0000472d  __ltdf2                          
000051cd  __ltsf2                          
UNDEFED   __mpu_init                       
00002b39  __muldf3                         
00005209  __muldsi3                        
00003f0d  __mulsf3                         
0000472d  __nedf2                          
000051cd  __nesf2                          
20207e00  __stack                          
20200000  __start___llvm_prf_bits          
20200000  __start___llvm_prf_cnts          
20200000  __stop___llvm_prf_bits           
20200000  __stop___llvm_prf_cnts           
00001305  __subdf3                         
00002dd5  __subsf3                         
000044a1  __truncdfsf2                     
00005941  _c_int00_noargs                  
20200968  _device                          
20200878  _ftable                          
20200ba4  _lock                            
000041af  _nop                             
20200af8  _stream                          
20200bc8  _sys_memory                      
UNDEFED   _system_post_cinit               
00005e0d  _system_pre_init                 
20200ba8  _unlock                          
00005e11  abort                            
00002795  add_device                       
00001d89  aligned_alloc                    
ffffffff  binit                            
20200bbb  bulletFlag1                      
20200bbd  bulletFlag2                      
20200a50  bullets1                         
20200aa4  bullets2                         
00004ddd  close                            
00000c0d  cosf                             
0000556d  exit                             
000055a1  finddevice                       
000018f1  floor                            
000018f1  floorl                           
00005761  fopen                            
00002a51  free                             
000055d5  freopen                          
20200bbe  gameState                        
00004659  getdevice                        
20200bbf  initialLives                     
00000000  interruptVectors                 
00002cfd  ldexp                            
00002cfd  ldexpl                           
00003de9  main                             
00005d6d  malloc                           
00001d89  memalign                         
20200bc1  myLanguage                       
0000390d  open                             
20200000  p1                               
2020025c  p2                               
20200f94  parmbuf                          
20200b48  player1SP                        
20200b64  player2SP                        
00005dbd  remove                           
00002cfd  scalbn                           
00002cfd  scalbnl                          
00002c1d  setvbuf                          
00000de1  sinf                             
000039ad  sqrtf                            
00004021  strcmp                           
20200bac  time                             
0000589d  unlink                           
202004b8  walls                            
20200698  waters                           
20200bb4  winsP1                           
20200bb6  winsP2                           
00005919  write                            


GLOBAL SYMBOLS: SORTED BY Symbol Address 

address   name                             
-------   ----                             
00000000  __TI_ATRegion0_region_sz         
00000000  __TI_ATRegion0_src_addr          
00000000  __TI_ATRegion0_trg_addr          
00000000  __TI_ATRegion1_region_sz         
00000000  __TI_ATRegion1_src_addr          
00000000  __TI_ATRegion1_trg_addr          
00000000  __TI_ATRegion2_region_sz         
00000000  __TI_ATRegion2_src_addr          
00000000  __TI_ATRegion2_trg_addr          
00000000  __TI_static_base__               
00000000  interruptVectors                 
000000c1  __kernel_rem_pio2                
00000200  __STACK_SIZE                     
00000200  __SYSMEM_SIZE                    
00000705  _ZN6Bullet4MoveEv                
000009fd  _Z17ST7735_DrawBitmapssPKtss     
00000c0d  cosf                             
00000de1  sinf                             
00000fa9  _Z15Clock_Init80MHzi             
0000115d  _Z15ST7735_DrawCharsscssh        
00001305  __aeabi_dsub                     
00001305  __subdf3                         
0000130f  __adddf3                         
0000130f  __aeabi_dadd                     
00001497  SysTick_Handler                  
00001499  _Z8showMenuv                     
00001625  _ZN4Tank12rotateSpriteEf         
000018f1  floor                            
000018f1  floorl                           
00001a35  _Z8ADC_InitP10ADC12_Regsjj       
00001b5d  _Z15ST7735_FillRectsssst         
00001c75  _Z12bulletUpdatev                
00001d89  aligned_alloc                    
00001d89  memalign                         
00001e9d  _Z11runGameLoopv                 
00001fad  _Z15initializeRoundh             
000020b5  _ZN4Tank4MoveEv                  
000021bd  _Z12generateMap4h                
000022bd  _Z12generateMap7h                
000023bd  _Z13showEndScreenv               
000024bd  _Z8SPI_Initv                     
000025b5  _Z12generateMap3h                
000026a9  _Z10DrawHealthRK4TankS1_         
00002795  add_device                       
00002881  _Z14ST7735_OutCharc              
00002969  _Z9UART_Initv                    
00002a51  free                             
00002b39  __aeabi_dmul                     
00002b39  __muldf3                         
00002c1d  setvbuf                          
00002cfd  ldexp                            
00002cfd  ldexpl                           
00002cfd  scalbn                           
00002cfd  scalbnl                          
00002dd5  __aeabi_fsub                     
00002dd5  __subsf3                         
00002ddf  __addsf3                         
00002ddf  __aeabi_fadd                     
00002ead  _ZN4TankC1EiiiPKthhjj            
00002ead  _ZN4TankC2EiiiPKthhjj            
00002f75  _Z16curWallCollisionjjjj         
00003039  _Z17curWaterCollisionjjjj        
000030fd  _ZN6Bullet5checkER4Tank          
000031bf  _Z10Sound_Initv                  
000031c1  _Z12generateMap2h                
00003275  _Z12generateMap6h                
00003329  _Z12generateMap5h                
000033d9  _ZN4Tank11TriVelocityEi          
000035dd  _Z14TimerG7_IntArmtjj            
00003685  _Z12rotateUpdatev                
000037cb  __aeabi_idiv0                    
000037cd  _Z12ST7735_InitR10initRFlags     
0000386d  _Z17ST7735_InitPrintf10initRFlags
0000390d  open                             
000039ad  sqrtf                            
00003a4d  _Z11isCollisionv                 
00003ae9  _Z14ST7735_OutUDecj              
00003cbd  _ZN4Tank5ShootEP6Bulleti         
00003d55  _Z15TimerG12_IntArmjj            
00003de9  main                             
00003e7d  _ZN8SlidePot4InitEj              
00003f0d  __aeabi_fmul                     
00003f0d  __mulsf3                         
00004021  strcmp                           
000040a9  _Z17ST7735_DrawStringttPcs       
0000412d  __aeabi_fdiv                     
0000412d  __divsf3                         
000041af  _nop                             
000041b1  TIMG12_IRQHandler                
00004231  _ZN6Bullet4InitEiifii            
000042b1  _Z14LaunchPad_Initv              
0000432d  __TI_closefile                   
000043a9  __TI_decompress_lzss             
00004425  __gedf2                          
00004425  __gtdf2                          
00004499  __aeabi_errno_addr               
000044a1  __aeabi_d2f                      
000044a1  __truncdfsf2                     
00004515  HOSTlseek                        
00004581  HOSTrename                       
000045ed  _Z9DrawWallsv                    
00004659  getdevice                        
000046c5  _Z9DrawWaterv                    
0000472d  __cmpdf2                         
0000472d  __eqdf2                          
0000472d  __ledf2                          
0000472d  __ltdf2                          
0000472d  __nedf2                          
000047f9  __aeabi_dcmpeq                   
0000480d  __aeabi_dcmplt                   
00004821  __aeabi_dcmple                   
00004835  __aeabi_dcmpge                   
00004849  __aeabi_dcmpgt                   
0000485d  __aeabi_fcmpeq                   
00004871  __aeabi_fcmplt                   
00004885  __aeabi_fcmple                   
00004899  __aeabi_fcmpge                   
000048ad  __aeabi_fcmpgt                   
000048c1  HOSTopen                         
00004921  _ZN8SlidePot2InEv                
00004981  HOSTread                         
000049d9  HOSTwrite                        
00004a31  _Z10TExaS_InitP10ADC12_RegsjPFhvE
00004a89  _Z12generateMap1h                
00004ae1  _Z12generateMap8h                
00004b39  _Z12generateMap9h                
00004b91  _Z13generateMap10h               
00004be9  __aeabi_idiv                     
00004be9  __aeabi_idivmod                  
00004c41  _Z11fillmessagej                 
00004c95  __TI_auto_init_nobinit           
00004ce9  __TI_doflush                     
00004d3b  _Z12tankMovementjjR4Tank         
00004d8b  _ZN4Tank6RotateEi                
00004ddd  close                            
00004e2d  __aeabi_d2iz                     
00004e2d  __fixdfsi                        
00004e79  HOSTclose                        
00004ec1  HOSTunlink                       
00004f09  _Z14SPI_OutCommandc              
00004f51  _Z9queryTankv                    
00004f95  TIMG7_IRQHandler                 
00004fd5  _Z9SPI_Resetv                    
00005015  _ZN6Bullet4DrawEv                
00005055  __aeabi_uidiv                    
00005055  __aeabi_uidivmod                 
00005095  __aeabi_f2d                      
00005095  __extendsfdf2                    
00005115  _Z7clamperfff                    
00005155  __aeabi_i2f                      
00005155  __floatsisf                      
00005191  __gesf2                          
00005191  __gtsf2                          
000051cd  __cmpsf2                         
000051cd  __eqsf2                          
000051cd  __lesf2                          
000051cd  __ltsf2                          
000051cd  __nesf2                          
00005209  __muldsi3                        
00005245  _Z11SPI_OutDatac                 
0000527d  _Z11Switch_Initv                 
000052b5  _Z15ActivatePortA_Bv             
000052ed  _ZN4Tank10TakeDamageEv           
00005325  _ZN6Bullet5EraseEv               
0000535d  __aeabi_f2iz                     
0000535d  __fixsfsi                        
00005395  _ZN4Tank15rotateIncrementEi      
000053cb  _Z12ST7735_writeiPKcj            
00005401  _Z13displayUpdatev               
00005435  _Z14Clock_Delay1msj              
00005469  _Z16ST7735_SetCursorjj           
0000549d  _Z8LED_Initv                     
000054d1  __TI_cleanup                     
00005505  __TI_readmsg                     
00005539  __TI_writemsg                    
00005565  C$$IO$$                          
0000556d  exit                             
000055a1  finddevice                       
000055d5  freopen                          
00005609  _Z15ST7735_Color565hhh           
0000563b  _ZN4Tank13TickCooldownsEv        
0000566d  _ZN4Tank4DrawEv                  
000056d1  _ZN8SlidePot4SaveEj              
00005761  fopen                            
00005791  _ZN8SlidePot4SyncEv              
000057c1  _Z17ST7735_FillScreent           
000057ed  _ZN4Tank5EraseEv                 
00005871  __aeabi_i2d                      
00005871  __floatsidf                      
0000589d  unlink                           
000058c9  _Z9ADC_StartP10ADC12_Regs        
00005919  write                            
00005941  _c_int00_noargs                  
00005969  _Z16ST7735_OutStringPc           
0000598f  _ZN6Bullet10DeactivateEv         
000059d3  _ZN4Tank4SetXEi                  
000059f1  _ZN4Tank4SetYEi                  
00005a11  ADC0_IRQHandler                  
00005a11  ADC1_IRQHandler                  
00005a11  AES_IRQHandler                   
00005a11  CANFD0_IRQHandler                
00005a11  DAC0_IRQHandler                  
00005a11  DMA_IRQHandler                   
00005a11  Default_Handler                  
00005a11  GROUP0_IRQHandler                
00005a11  GROUP1_IRQHandler                
00005a11  I2C0_IRQHandler                  
00005a11  I2C1_IRQHandler                  
00005a11  NMI_Handler                      
00005a11  PendSV_Handler                   
00005a11  RTC_IRQHandler                   
00005a11  SPI0_IRQHandler                  
00005a11  SPI1_IRQHandler                  
00005a11  SVC_Handler                      
00005a11  TIMA0_IRQHandler                 
00005a11  TIMA1_IRQHandler                 
00005a11  TIMG0_IRQHandler                 
00005a11  TIMG6_IRQHandler                 
00005a11  TIMG8_IRQHandler                 
00005a11  UART0_IRQHandler                 
00005a11  UART1_IRQHandler                 
00005a11  UART2_IRQHandler                 
00005a11  UART3_IRQHandler                 
00005a2d  HardFault_Handler                
00005a65  _Z10Switch_In1v                  
00005a81  _Z10Switch_In2v                  
00005a9d  _Z11ST7735_openPKcji             
00005ab9  _Z7P1SHOOTv                      
00005ad5  _Z7P2SHOOTv                      
00005af1  _Z8special1v                     
00005b0d  _Z8special2v                     
00005b29  _ZN4Tank8SetAliveEb              
00005b61  _Z15SlidePotSamplerR8SlidePot    
00005b7b  _ZN6BulletC1Ev                   
00005b7b  _ZN6BulletC2Ev                   
00005b95  _ZN8SlidePotC1Ejj                
00005b95  _ZN8SlidePotC2Ejj                
00005bd5  _Z11ST7735_readiPcj              
00005beb  __TI_zero_init_nomemset          
00005c01  _ZN4Tank5SetHPEh                 
00005c3d  _ZN4Tank11NeedsRedrawEv          
00005c4f  TI_memcpy_small                  
00005c61  __TI_decompress_none             
00005c83  _Z11Clock_Delayj                 
00005c95  _Z28TExaS_LaunchPadLogicPB27PB26v
00005ca5  _ZN4Tank8CanShootEv              
00005cb5  _ZNK6Bullet8IsActiveEv           
00005cd3  _Z12ST7735_lseekili              
00005ce1  _ZNK4Tank9GetHealthEv            
00005d0b  TI_memset_small                  
00005d19  _Z10Clock_Freqv                  
00005d25  _Z13ST7735_renamePKcS0_          
00005d31  _ZN8SlidePot12lastDistanceEv     
00005d3d  _ZN8SlidePot8DistanceEv          
00005d49  _ZNK4Tank4GetXEv                 
00005d55  _ZNK4Tank4GetYEv                 
00005d61  __aeabi_memclr                   
00005d61  __aeabi_memclr4                  
00005d61  __aeabi_memclr8                  
00005d6d  malloc                           
00005d97  _Z12ST7735_closei                
00005da1  _Z13ST7735_unlinkPKc             
00005dab  _Z8PLL_Initv                     
00005db5  __aeabi_memcpy                   
00005db5  __aeabi_memcpy4                  
00005db5  __aeabi_memcpy8                  
00005dbd  remove                           
00005e09  Reset_Handler                    
00005e0d  _system_pre_init                 
00005e10  C$$EXIT                          
00005e11  abort                            
00006dd8  SHT$$INIT_ARRAY$$Base            
00006ddc  SHT$$INIT_ARRAY$$Limit           
00006eb4  __TI_Handler_Table_Base          
00006ec0  __TI_Handler_Table_Limit         
00006ec8  __TI_CINIT_Base                  
00006ed8  __TI_CINIT_Limit                 
00006ed8  __TI_CINIT_Warm                  
20200000  __start___llvm_prf_bits          
20200000  __start___llvm_prf_cnts          
20200000  __stop___llvm_prf_bits           
20200000  __stop___llvm_prf_cnts           
20200000  p1                               
2020025c  p2                               
202004b8  walls                            
20200698  waters                           
20200878  _ftable                          
20200968  _device                          
202009e0  Phrases                          
20200a50  bullets1                         
20200aa4  bullets2                         
20200af8  _stream                          
20200b48  player1SP                        
20200b64  player2SP                        
20200b80  __TI_cleanup_ptr                 
20200b84  __TI_dtors_ptr                   
20200b88  BusFreq                          
20200b8c  NUM_WALLS                        
20200b90  NUM_WATERS                       
20200b94  StX                              
20200b98  StY                              
20200b9c  __TI_ft_end                      
20200ba0  __aeabi_errno                    
20200ba4  _lock                            
20200ba8  _unlock                          
20200bac  time                             
20200bb4  winsP1                           
20200bb6  winsP2                           
20200bb8  TG12Flag                         
20200bbb  bulletFlag1                      
20200bbd  bulletFlag2                      
20200bbe  gameState                        
20200bbf  initialLives                     
20200bc1  myLanguage                       
20200bc8  _sys_memory                      
20200dc8  _CIOBUF_                         
20200dc8  __CIOBUF_                        
20200ee8  __TI_tmpnams                     
20200f88  Message                          
20200f94  parmbuf                          
20200f9c  Messageindex                     
20200fa0  TExaSLogic                       
20200fa4  TExaSadc                         
20200fac  StTextColor                      
20207e00  __stack                          
20208000  __STACK_END                      
ffffffff  __TI_pprof_out_hndl              
ffffffff  __TI_prof_data_size              
ffffffff  __TI_prof_data_start             
ffffffff  __binit__                        
ffffffff  binit                            
UNDEFED   __mpu_init                       
UNDEFED   _system_post_cinit               

[333 symbols]
