******************************************************************************
            TI ARM Clang Linker PC v4.0.1                      
******************************************************************************
>> Linked Tue Apr 22 16:55:27 2025

OUTPUT FILE NAME:   <ECE319K_Lab9H.out>
ENTRY POINT SYMBOL: "_c_int00_noargs"  address: 00004db9


MEMORY CONFIGURATION

         name            origin    length      used     unused   attr    fill
----------------------  --------  ---------  --------  --------  ----  --------
  FLASH                 00000000   00020000  00005ee0  0001a120  R  X
  SRAM                  20200000   00008000  00000ef2  0000710e  RW X
  BCR_CONFIG            41c00000   00000080  00000000  00000080  R   
  BSL_CONFIG            41c00100   00000080  00000000  00000080  R   


SEGMENT ALLOCATION MAP

run origin  load origin   length   init length attrs members
----------  ----------- ---------- ----------- ----- -------
00000000    00000000    00005ee0   00005ee0    r-x
  00000000    00000000    000000c0   000000c0    r-- .intvecs
  000000c0    000000c0    00005150   00005150    r-x .text
  00005210    00005210    00000c30   00000c30    r-- .rodata
  00005e40    00005e40    00000008   00000008    r-- .init_array
  00005e48    00005e48    00000098   00000098    r-- .cinit
20200000    20200000    00000cf9   00000000    rw-
  20200000    20200000    00000919   00000000    rw- .data
  20200920    20200920    00000200   00000000    rw- .sysmem
  20200b20    20200b20    000001d9   00000000    rw- .bss
20207e00    20207e00    00000200   00000000    rw-
  20207e00    20207e00    00000200   00000000    rw- .stack


SECTION ALLOCATION MAP

 output                                  attributes/
section   page    origin      length       input sections
--------  ----  ----------  ----------   ----------------
.intvecs   0    00000000    000000c0     
                  00000000    000000c0     startup_mspm0g3507_ticlang.o (.intvecs)

.binit     0    00000000    00000000     

.text      0    000000c0    00005150     
                  000000c0    00000644     libc.a : k_rem_pio2.c.obj (.text.__kernel_rem_pio2)
                  00000704    00000300     bullet.o (.text._ZN6Bullet4MoveEv)
                  00000a04    00000210     ST7735.o (.text._Z17ST7735_DrawBitmapssPKtss)
                  00000c14    000001d4     libc.a : s_cosf.c.obj (.text.cosf)
                  00000de8    000001c8            : s_sinf.c.obj (.text.sinf)
                  00000fb0    000001b4     Clock.o (.text._Z15Clock_Init80MHzi)
                  00001164    000001a8     ST7735.o (.text._Z15ST7735_DrawCharsscssh)
                  0000130c    00000192     libclang_rt.builtins.a : adddf3.S.obj (.text.adddf3_subdf3)
                  0000149e    00000002     Sound.o (.text.SysTick_Handler)
                  000014a0    00000178     tank.o (.text._ZN4Tank12rotateSpriteEf)
                  00001618    00000154     libc.a : fopen.c.obj (.text._openfile)
                  0000176c    00000144            : s_floor.c.obj (.text.floor)
                  000018b0    00000128     TExaS.o (.text._Z8ADC_InitP10ADC12_Regsjj)
                  000019d8    00000118     ST7735.o (.text._Z15ST7735_FillRectsssst)
                  00001af0    00000114     tools.o (.text._Z12bulletUpdatev)
                  00001c04    00000114     libc.a : memory.c.obj (.text.aligned_alloc)
                  00001d18    00000108     tank.o (.text._ZN4Tank4MoveEv)
                  00001e20    000000f8     SPI.o (.text._Z8SPI_Initv)
                  00001f18    000000ec     tools.o (.text._Z10DrawHealthRK4TankS1_)
                  00002004    000000ec     libsysbm.a : add_device.c.obj (.text.add_device)
                  000020f0    000000e8     ST7735.o (.text._Z14ST7735_OutCharc)
                  000021d8    000000e8     TExaS.o (.text._Z9UART_Initv)
                  000022c0    000000e8     libc.a : memory.c.obj (.text.free)
                  000023a8    000000e4     libclang_rt.builtins.a : muldf3.S.obj (.text.__muldf3)
                  0000248c    000000e0     libc.a : setvbuf.c.obj (.text.setvbuf)
                  0000256c    000000d8            : s_scalbn.c.obj (.text.scalbn)
                  00002644    000000d8     libclang_rt.builtins.a : addsf3.S.obj (.text)
                  0000271c    000000c8     tank.o (.text._ZN4TankC2EiiiPKthhjj)
                  000027e4    000000c6     bullet.o (.text._ZN6Bullet5checkER4Tank)
                  000028aa    00000002     Sound.o (.text._Z10Sound_Initv)
                  000028ac    000000c4     tools.o (.text._Z16curWallCollisionjjjj)
                  00002970    000000c4     tools.o (.text._Z17curWaterCollisionjjjj)
                  00002a34    000000ac     tank.o (.text._ZN4Tank11TriVelocityEi)
                  00002ae0    000000ac     libc.a : s_cosf.c.obj (.text.__kernel_sindf)
                  00002b8c    000000ac            : s_sinf.c.obj (.text.__kernel_sindf)
                  00002c38    000000a8     Timer.o (.text._Z14TimerG7_IntArmtjj)
                  00002ce0    000000a4     tools.o (.text._Z12rotateUpdatev)
                  00002d84    000000a2     ST7735.o (.text._ZL11commandListPKh)
                  00002e26    00000002     libclang_rt.builtins.a : aeabi_div0.c.obj (.text.__aeabi_idiv0)
                  00002e28    000000a0     ST7735.o (.text._Z12ST7735_InitR10initRFlags)
                  00002ec8    000000a0     ST7735.o (.text._Z17ST7735_InitPrintf10initRFlags)
                  00002f68    000000a0     Lab9HMain.o (.text.main)
                  00003008    000000a0     libsysbm.a : open.c.obj (.text.open)
                  000030a8    000000a0     libc.a : e_sqrtf.c.obj (.text.sqrtf)
                  00003148    0000009c     tools.o (.text._Z11isCollisionv)
                  000031e4    0000009c     libc.a : s_cosf.c.obj (.text.__kernel_cosdf)
                  00003280    0000009c            : s_sinf.c.obj (.text.__kernel_cosdf)
                  0000331c    0000009a     tank.o (.text._ZN4Tank5ShootEP6Bulleti)
                  000033b6    00000002     libc.a : _lock.c.obj (.text._nop)
                  000033b8    00000094     Timer.o (.text._Z15TimerG12_IntArmjj)
                  0000344c    00000090     SlidePot.o (.text._ZN8SlidePot4InitEj)
                  000034dc    0000008c     libclang_rt.builtins.a : mulsf3.S.obj (.text.__mulsf3)
                  00003568    00000088     ST7735.o (.text._ZL13setAddrWindowhhhh)
                  000035f0    00000088     libc.a : strcmp-armv6m.S.obj (.text:strcmp)
                  00003678    00000084     ST7735.o (.text._Z17ST7735_DrawStringttPcs)
                  000036fc    00000082     libclang_rt.builtins.a : divsf3.S.obj (.text.__divsf3)
                  0000377e    00000002     --HOLE-- [fill = 0]
                  00003780    00000080     bullet.o (.text._ZN6Bullet4InitEiifii)
                  00003800    0000007c     Lab9HMain.o (.text.TIMG12_IRQHandler)
                  0000387c    0000007c     LaunchPad.o (.text._Z14LaunchPad_Initv)
                  000038f8    0000007c     libc.a : fclose.c.obj (.text.__TI_closefile)
                  00003974    0000007c            : copy_decompress_lzss.c.obj (.text:decompress:lzss)
                  000039f0    00000074     libclang_rt.builtins.a : comparedf2.c.obj (.text.__gedf2)
                  00003a64    0000000c     Clock.o (.text._Z10Clock_Freqv)
                  00003a70    00000074     libclang_rt.builtins.a : truncdfsf2.S.obj (.text.__truncdfsf2)
                  00003ae4    0000006c     libsysbm.a : hostlseek.c.obj (.text.HOSTlseek)
                  00003b50    0000006c                : hostrename.c.obj (.text.HOSTrename)
                  00003bbc    0000006c     tools.o (.text._Z9DrawWallsv)
                  00003c28    0000006c     libc.a : getdevice.c.obj (.text.getdevice)
                  00003c94    00000068     tools.o (.text._Z9DrawWaterv)
                  00003cfc    00000068     libclang_rt.builtins.a : comparedf2.c.obj (.text.__ledf2)
                  00003d64    00000064     libc.a : memory.c.obj (.text.split)
                  00003dc8    00000062     libclang_rt.builtins.a : aeabi_dcmp.S.obj (.text.__aeabi_dcmp)
                  00003e2a    00000002     --HOLE-- [fill = 0]
                  00003e2c    00000062                            : aeabi_fcmp.S.obj (.text.__aeabi_fcmp)
                  00003e8e    00000002     --HOLE-- [fill = 0]
                  00003e90    00000060     libsysbm.a : hostopen.c.obj (.text.HOSTopen)
                  00003ef0    00000060     SlidePot.o (.text._ZN8SlidePot2InEv)
                  00003f50    00000058     libsysbm.a : hostread.c.obj (.text.HOSTread)
                  00003fa8    00000058                : hostwrite.c.obj (.text.HOSTwrite)
                  00004000    00000058     TExaS.o (.text._Z10TExaS_InitP10ADC12_RegsjPFhvE)
                  00004058    00000056     libclang_rt.builtins.a : aeabi_idivmod.S.obj (.text.__aeabi_idivmod)
                  000040ae    00000002     --HOLE-- [fill = 0]
                  000040b0    00000054     libc.a : autoinit.c.obj (.text:__TI_auto_init_nobinit)
                  00004104    00000052            : fflush.c.obj (.text.__TI_doflush)
                  00004156    00000002     --HOLE-- [fill = 0]
                  00004158    00000050     tools.o (.text._Z12generateMap1v)
                  000041a8    00000050     tools.o (.text._Z12tankMovementjjR4Tank)
                  000041f8    00000050     tank.o (.text._ZN4Tank6RotateEi)
                  00004248    00000050     libsysbm.a : close.c.obj (.text.close)
                  00004298    0000004a     libclang_rt.builtins.a : fixdfsi.S.obj (.text.__fixdfsi)
                  000042e2    00000002     --HOLE-- [fill = 0]
                  000042e4    00000048     libsysbm.a : hostclose.c.obj (.text.HOSTclose)
                  0000432c    00000048                : hostunlink.c.obj (.text.HOSTunlink)
                  00004374    00000048     SPI.o (.text._Z14SPI_OutCommandc)
                  000043bc    00000044     tools.o (.text._Z9queryTankv)
                  00004400    00000040     TExaS.o (.text.TIMG7_IRQHandler)
                  00004440    00000040     SPI.o (.text._Z9SPI_Resetv)
                  00004480    00000040     bullet.o (.text._ZN6Bullet4DrawEv)
                  000044c0    00000040     libclang_rt.builtins.a : aeabi_uidivmod.S.obj (.text.__aeabi_uidivmod)
                  00004500    00000040                            : extendsfdf2.S.obj (.text.__extendsfdf2)
                  00004540    00000040     libc.a : fopen.c.obj (.text._search_fp)
                  00004580    0000003e     tools.o (.text._Z7clamperfff)
                  000045be    00000002     --HOLE-- [fill = 0]
                  000045c0    0000003c     libclang_rt.builtins.a : floatsisf.S.obj (.text.__floatsisf)
                  000045fc    0000003c                            : comparesf2.S.obj (.text.__gtsf2)
                  00004638    0000003a                            : comparesf2.S.obj (.text.__eqsf2)
                  00004672    00000002     --HOLE-- [fill = 0]
                  00004674    0000003a                            : muldsi3.S.obj (.text.__muldsi3)
                  000046ae    00000002     --HOLE-- [fill = 0]
                  000046b0    00000038     SPI.o (.text._Z11SPI_OutDatac)
                  000046e8    00000038     Switch.o (.text._Z11Switch_Initv)
                  00004720    00000038     LaunchPad.o (.text._Z15ActivatePortA_Bv)
                  00004758    00000038     tank.o (.text._ZN4Tank10TakeDamageEv)
                  00004790    00000038     bullet.o (.text._ZN6Bullet5EraseEv)
                  000047c8    00000038     libclang_rt.builtins.a : fixsfsi.S.obj (.text.__fixsfsi)
                  00004800    00000036     tank.o (.text._ZN4Tank15rotateIncrementEi)
                  00004836    00000034     ST7735.o (.text._Z12ST7735_writeiPKcj)
                  0000486a    00000002     --HOLE-- [fill = 0]
                  0000486c    00000034     tools.o (.text._Z13displayUpdatev)
                  000048a0    00000034     Clock.o (.text._Z14Clock_Delay1msj)
                  000048d4    00000034     ST7735.o (.text._Z16ST7735_SetCursorjj)
                  00004908    00000034     LED.o (.text._Z8LED_Initv)
                  0000493c    00000034     libc.a : fopen.c.obj (.text.__TI_cleanup)
                  00004970    00000034     libsysbm.a : trgmsg.c.obj (.text.__TI_readmsg)
                  000049a4    00000034                : trgmsg.c.obj (.text.__TI_writemsg)
                  000049d8    00000034     Lab9HMain.o (.text.__cxx_global_var_init.5)
                  00004a0c    00000034     libc.a : exit.c.obj (.text.exit)
                  00004a40    00000034            : getdevice.c.obj (.text.finddevice)
                  00004a74    00000034            : fopen.c.obj (.text.freopen)
                  00004aa8    00000032     ST7735.o (.text._Z15ST7735_Color565hhh)
                  00004ada    00000032     tank.o (.text._ZN4Tank13TickCooldownsEv)
                  00004b0c    00000032     tank.o (.text._ZN4Tank4DrawEv)
                  00004b3e    00000002     --HOLE-- [fill = 0]
                  00004b40    00000030     ST7735.o (.text._ZL10commonInitPKh)
                  00004b70    00000030     SlidePot.o (.text._ZN8SlidePot4SaveEj)
                  00004ba0    00000030     Lab9HMain.o (.text.__cxx_global_var_init.1)
                  00004bd0    00000030     Lab9HMain.o (.text.__cxx_global_var_init.4)
                  00004c00    00000030     Lab9HMain.o (.text.__cxx_global_var_init)
                  00004c30    00000030     libc.a : fopen.c.obj (.text.fopen)
                  00004c60    0000002e     SlidePot.o (.text._ZN8SlidePot4SyncEv)
                  00004c8e    00000002     --HOLE-- [fill = 0]
                  00004c90    0000002c     ST7735.o (.text._Z17ST7735_FillScreent)
                  00004cbc    0000002c     tank.o (.text._ZN4Tank5EraseEv)
                  00004ce8    0000002c     libclang_rt.builtins.a : floatsidf.S.obj (.text.__floatsidf)
                  00004d14    0000002c     libsysbm.a : unlink.c.obj (.text.unlink)
                  00004d40    00000028     TExaS.o (.text._Z9ADC_StartP10ADC12_Regs)
                  00004d68    00000028     libc.a : memory.c.obj (.text.free_list_insert)
                  00004d90    00000028     libsysbm.a : write.c.obj (.text.write)
                  00004db8    00000028     libc.a : boot_cortex_m.c.obj (.text:_c_int00_noargs)
                  00004de0    00000026     bullet.o (.text._ZN6Bullet10DeactivateEv)
                  00004e06    0000001e     ST7735.o (.text._ZL9pushColort)
                  00004e24    0000001e     tank.o (.text._ZN4Tank4SetXEi)
                  00004e42    0000001e     tank.o (.text._ZN4Tank4SetYEi)
                  00004e60    0000001c     startup_mspm0g3507_ticlang.o (.text.Default_Handler)
                  00004e7c    0000001c     startup_mspm0g3507_ticlang.o (.text.HardFault_Handler)
                  00004e98    0000001c     Lab9HMain.o (.text._GLOBAL__sub_I_Lab9HMain.cpp)
                  00004eb4    0000001c     Switch.o (.text._Z10Switch_In1v)
                  00004ed0    0000001c     Switch.o (.text._Z10Switch_In2v)
                  00004eec    0000001c     ST7735.o (.text._Z11ST7735_openPKcji)
                  00004f08    0000001c     Switch.o (.text._Z7P1SHOOTv)
                  00004f24    0000001c     Switch.o (.text._Z7P2SHOOTv)
                  00004f40    0000001c     libc.a : memory.c.obj (.text.free_list_remove)
                  00004f5c    0000001a     tools.o (.text._Z15SlidePotSamplerR8SlidePot)
                  00004f76    0000001a     bullet.o (.text._ZN6BulletC2Ev)
                  00004f90    0000001a     SlidePot.o (.text._ZN8SlidePotC2Ejj)
                  00004faa    00000016     libc.a : k_rem_pio2.c.obj (.text.OUTLINED_FUNCTION_0)
                  00004fc0    00000010     libclang_rt.builtins.a : adddf3.S.obj (.tramp.__aeabi_dadd.1)
                  00004fd0    00000016     ST7735.o (.text._Z11ST7735_readiPcj)
                  00004fe6    00000016     libc.a : copy_zero_init.c.obj (.text:decompress:ZI:__TI_zero_init_nomemset)
                  00004ffc    00000014     tank.o (.text._ZN4Tank5SetHPEh)
                  00005010    00000014     Lab9HMain.o (.text.__cxx_global_var_init.2)
                  00005024    00000014     Lab9HMain.o (.text.__cxx_global_var_init.3)
                  00005038    00000012     tank.o (.text._ZN4Tank11NeedsRedrawEv)
                  0000504a    00000012     libc.a : memcpy16.S.obj (.text:TI_memcpy_small)
                  0000505c    00000012            : copy_decompress_none.c.obj (.text:decompress:none)
                  0000506e    00000010            : k_rem_pio2.c.obj (.text.OUTLINED_FUNCTION_2)
                  0000507e    00000010     Clock.o (.text._Z11Clock_Delayj)
                  0000508e    00000002     --HOLE-- [fill = 0]
                  00005090    00000010     Lab9HMain.o (.text._Z28TExaS_LaunchPadLogicPB27PB26v)
                  000050a0    00000010     tank.o (.text._ZN4Tank8CanShootEv)
                  000050b0    00000010     bullet.o (.text._ZNK6Bullet8IsActiveEv)
                  000050c0    0000000e     libc.a : memory.c.obj (.text.OUTLINED_FUNCTION_0)
                  000050ce    0000000e     ST7735.o (.text._Z12ST7735_lseekili)
                  000050dc    0000000e     tank.o (.text._ZNK4Tank9GetHealthEv)
                  000050ea    0000000e     libsysbm.a : hostrename.c.obj (.text.strcpy)
                  000050f8    0000000e                : hostrename.c.obj (.text.strlen)
                  00005106    0000000e     libc.a : memset16.S.obj (.text:TI_memset_small)
                  00005114    0000000c     ST7735.o (.text._Z13ST7735_renamePKcS0_)
                  00005120    0000000c     SlidePot.o (.text._ZN8SlidePot12lastDistanceEv)
                  0000512c    0000000c     SlidePot.o (.text._ZN8SlidePot8DistanceEv)
                  00005138    0000000c     tank.o (.text._ZNK4Tank4GetXEv)
                  00005144    0000000c     tank.o (.text._ZNK4Tank4GetYEv)
                  00005150    0000000c     libclang_rt.builtins.a : aeabi_memset.S.obj (.text.__aeabi_memclr)
                  0000515c    0000000c     libc.a : memory.c.obj (.text.malloc)
                  00005168    0000000a            : k_rem_pio2.c.obj (.text.OUTLINED_FUNCTION_1)
                  00005172    0000000a            : s_cosf.c.obj (.text.OUTLINED_FUNCTION_3)
                  0000517c    0000000a            : s_sinf.c.obj (.text.OUTLINED_FUNCTION_3)
                  00005186    0000000a     ST7735.o (.text._Z12ST7735_closei)
                  00005190    0000000a     ST7735.o (.text._Z13ST7735_unlinkPKc)
                  0000519a    0000000a     Lab9HMain.o (.text._Z8PLL_Initv)
                  000051a4    00000008     libc.a : aeabi_portable.c.obj (.text.__aeabi_errno_addr)
                  000051ac    00000008     libclang_rt.builtins.a : aeabi_memcpy.S.obj (.text.__aeabi_memcpy)
                  000051b4    00000008     libsysbm.a : remove.c.obj (.text.remove)
                  000051bc    00000006     libc.a : s_cosf.c.obj (.text.OUTLINED_FUNCTION_0)
                  000051c2    00000002     --HOLE-- [fill = 0]
                  000051c4    00000010     libclang_rt.builtins.a : muldf3.S.obj (.tramp.__aeabi_dmul.1)
                  000051d4    00000006     libc.a : s_sinf.c.obj (.text.OUTLINED_FUNCTION_0)
                  000051da    00000006            : s_cosf.c.obj (.text.OUTLINED_FUNCTION_1)
                  000051e0    00000006            : s_sinf.c.obj (.text.OUTLINED_FUNCTION_1)
                  000051e6    00000004            : s_cosf.c.obj (.text.OUTLINED_FUNCTION_2)
                  000051ea    00000002     --HOLE-- [fill = 0]
                  000051ec    00000010     libclang_rt.builtins.a : extendsfdf2.S.obj (.tramp.__aeabi_f2d.1)
                  000051fc    00000004     libc.a : s_sinf.c.obj (.text.OUTLINED_FUNCTION_2)
                  00005200    00000004     startup_mspm0g3507_ticlang.o (.text.Reset_Handler)
                  00005204    00000004     libc.a : pre_init.c.obj (.text._system_pre_init)
                  00005208    00000004            : exit.c.obj (.text:abort)
                  0000520c    00000004     --HOLE-- [fill = 0]

.cinit     0    00005e48    00000098     
                  00005e48    0000006e     (.cinit..data.load) [load image, compression = lzss]
                  00005eb6    00000002     --HOLE-- [fill = 0]
                  00005eb8    0000000c     (__TI_handler_table)
                  00005ec4    00000008     (.cinit..bss.load) [load image, compression = zero_init]
                  00005ecc    00000010     (__TI_cinit_table)
                  00005edc    00000004     --HOLE-- [fill = 0]

.rodata    0    00005210    00000c30     
                  00005210    000004fb     ST7735.o (.rodata._ZL4Font)
                  0000570b    00000001     --HOLE-- [fill = 0]
                  0000570c    00000214     Lab9HMain.o (.rodata._ZL7MiniRed)
                  00005920    00000214     Lab9HMain.o (.rodata._ZL8MiniBlue)
                  00005b34    00000108     libc.a : k_rem_pio2.c.obj (.rodata.ipio2)
                  00005c3c    00000080     tools.o (.rodata._ZL6heart2)
                  00005cbc    00000080     tools.o (.rodata._ZL6heart3)
                  00005d3c    00000002     ST7735.o (.rodata.str1.145302396146969619001)
                  00005d3e    00000002     --HOLE-- [fill = 0]
                  00005d40    00000040     libc.a : k_rem_pio2.c.obj (.rodata.PIo2)
                  00005d80    0000003b     ST7735.o (.rodata._ZL5Rcmd1)
                  00005dbb    0000002b     ST7735.o (.rodata._ZL5Rcmd3)
                  00005de6    00000016     ST7735.o (.rodata.str1.59959519694590733531)
                  00005dfc    00000010     libc.a : k_rem_pio2.c.obj (.rodata.cst16)
                  00005e0c    0000000d     ST7735.o (.rodata._ZL10Rcmd2green)
                  00005e19    0000000d     ST7735.o (.rodata._ZL8Rcmd2red)
                  00005e26    00000008     ST7735.o (.rodata.str1.48350117711619464051)
                  00005e2e    00000007     ST7735.o (.rodata.str1.175719450624619433971)
                  00005e35    00000007     ST7735.o (.rodata.str1.42255827801651177341)
                  00005e3c    00000004     --HOLE-- [fill = 0]

.init_array 
*          0    00005e40    00000008     
                  00005e40    00000004     Lab9HMain.o (.init_array)
                  00005e44    00000004     --HOLE-- [fill = 0]

.data      0    20200000    00000919     UNINITIALIZED
                  20200000    0000025c     Lab9HMain.o (.data.p1)
                  2020025c    0000025c     Lab9HMain.o (.data.p2)
                  202004b8    00000118     Lab9HMain.o (.data.bullets1)
                  202005d0    00000118     Lab9HMain.o (.data.bullets2)
                  202006e8    000000f0     libc.a : defs.c.obj (.data._ftable)
                  202007d8    00000078     libsysbm.a : host_device.c.obj (.data._device)
                  20200850    00000050                : host_device.c.obj (.data._stream)
                  202008a0    0000001c     Lab9HMain.o (.data.player1SP)
                  202008bc    0000001c     Lab9HMain.o (.data.player2SP)
                  202008d8    00000008     libc.a : exit.c.obj (.data..L_MergedGlobals)
                  202008e0    00000004     Clock.o (.data.BusFreq)
                  202008e4    00000004     tools.o (.data.NUM_WALLS)
                  202008e8    00000004     tools.o (.data.NUM_WATERS)
                  202008ec    00000004     ST7735.o (.data.StX)
                  202008f0    00000004     ST7735.o (.data.StY)
                  202008f4    00000004     libc.a : defs.c.obj (.data.__TI_ft_end)
                  202008f8    00000004            : aeabi_portable.c.obj (.data.__aeabi_errno)
                  202008fc    00000004            : _lock.c.obj (.data._lock)
                  20200900    00000004            : _lock.c.obj (.data._unlock)
                  20200904    00000004     Lab9HMain.o (.data.time)
                  20200908    00000002     ST7735.o (.data._ZL6_width)
                  2020090a    00000002     ST7735.o (.data._ZL7_height)
                  2020090c    00000001     Lab9HMain.o (.data.TG12Flag)
                  2020090d    00000001     tools.o (.data._ZZ10DrawHealthRK4TankS1_E11lastHealth1)
                  2020090e    00000001     tools.o (.data._ZZ10DrawHealthRK4TankS1_E11lastHealth2)
                  2020090f    00000001     Lab9HMain.o (.data.bulletFlag1)
                  20200910    00000001     libsysbm.a : add_device.c.obj (.data.add_device.device_init)
                  20200911    00000001     Lab9HMain.o (.data.bulletFlag2)
                  20200912    00000002     --HOLE--
                  20200914    00000001     libc.a : memory.c.obj (.data.memory_is_initialized)
                  20200915    00000003     --HOLE--
                  20200918    00000001     libsysbm.a : open.c.obj (.data.open.stream_init)

.sysmem    0    20200920    00000200     UNINITIALIZED
                  20200920    00000010     libc.a : memory.c.obj (.sysmem)
                  20200930    000001f0     --HOLE--

.bss       0    20200b20    000001d9     UNINITIALIZED
                  20200b20    00000120     libsysbm.a : trgmsg.c.obj (.bss:_CIOBUF_)
                  20200c40    000000a0     libc.a : defs.c.obj (.bss.__TI_tmpnams)
                  20200ce0    00000008     libsysbm.a : hostopen.c.obj (.bss.parmbuf)
                  20200ce8    00000004     TExaS.o (.bss.TExaSLogic)
                  20200cec    00000004     TExaS.o (.bss.TExaSadc)
                  20200cf0    00000004     libc.a : memory.c.obj (.bss.sys_free)
                  20200cf4    00000002     ST7735.o (.bss.StTextColor)
                  20200cf6    00000001     ST7735.o (.bss._ZL8ColStart)
                  20200cf7    00000001     ST7735.o (.bss._ZL8RowStart)
                  20200cf8    00000001     ST7735.o (.bss._ZL8TabColor)

.stack     0    20207e00    00000200     UNINITIALIZED
                  20207e00    00000004     libc.a : boot_cortex_m.c.obj (.stack)
                  20207e04    000001fc     --HOLE--

__llvm_prf_cnts 
*          0    20200000    00000000     UNINITIALIZED

__llvm_prf_bits 
*          0    20200000    00000000     UNINITIALIZED

MODULE SUMMARY

       Module                         code    ro data   rw data
       ------                         ----    -------   -------
    .\
       ST7735.o                       2586    1449      17     
       Lab9HMain.o                    574     1068      1831   
       tools.o                        1804    256       10     
       tank.o                         1652    0         0      
       bullet.o                       1294    0         0      
       TExaS.o                        720     0         8      
       Clock.o                        516     0         4      
       SPI.o                          440     0         0      
       SlidePot.o                     384     0         0      
       Timer.o                        316     0         0      
       LaunchPad.o                    180     0         0      
       Switch.o                       168     0         0      
       LED.o                          52      0         0      
       Sound.o                        4       0         0      
    +--+------------------------------+-------+---------+---------+
       Total:                         10690   2773      1870   
                                                               
    .\ticlang\
       startup_mspm0g3507_ticlang.o   60      192       0      
    +--+------------------------------+-------+---------+---------+
       Total:                         60      192       0      
                                                               
    C:\ti\ccs2000\ccs\tools\compiler\ti-cgt-armllvm_4.0.1.LTS\lib\armv6m-ti-none-eabi/c/libc.a
       k_rem_pio2.c.obj               1652    344       0      
       s_cosf.c.obj                   822     0         0      
       s_sinf.c.obj                   810     0         0      
       memory.c.obj                   702     0         5      
       fopen.c.obj                    556     0         0      
       defs.c.obj                     0       0         404    
       s_floor.c.obj                  324     0         0      
       setvbuf.c.obj                  224     0         0      
       s_scalbn.c.obj                 216     0         0      
       e_sqrtf.c.obj                  160     0         0      
       getdevice.c.obj                160     0         0      
       strcmp-armv6m.S.obj            136     0         0      
       copy_decompress_lzss.c.obj     124     0         0      
       fclose.c.obj                   124     0         0      
       autoinit.c.obj                 84      0         0      
       fflush.c.obj                   82      0         0      
       exit.c.obj                     56      0         8      
       boot_cortex_m.c.obj            40      0         0      
       copy_zero_init.c.obj           22      0         0      
       copy_decompress_none.c.obj     18      0         0      
       memcpy16.S.obj                 18      0         0      
       memset16.S.obj                 14      0         0      
       aeabi_portable.c.obj           8       0         4      
       _lock.c.obj                    2       0         8      
       pre_init.c.obj                 4       0         0      
    +--+------------------------------+-------+---------+---------+
       Total:                         6358    344       429    
                                                               
    C:\ti\ccs2000\ccs\tools\compiler\ti-cgt-armllvm_4.0.1.LTS\lib\armv6m-ti-none-eabi/c/libsysbm.a
       trgmsg.c.obj                   104     0         288    
       add_device.c.obj               236     0         1      
       host_device.c.obj              0       0         200    
       open.c.obj                     160     0         1      
       hostrename.c.obj               136     0         0      
       hostlseek.c.obj                108     0         0      
       hostopen.c.obj                 96      0         8      
       hostread.c.obj                 88      0         0      
       hostwrite.c.obj                88      0         0      
       close.c.obj                    80      0         0      
       hostclose.c.obj                72      0         0      
       hostunlink.c.obj               72      0         0      
       unlink.c.obj                   44      0         0      
       write.c.obj                    40      0         0      
       remove.c.obj                   8       0         0      
    +--+------------------------------+-------+---------+---------+
       Total:                         1332    0         498    
                                                               
    C:\ti\ccs2000\ccs\tools\compiler\ti-cgt-armllvm_4.0.1.LTS\lib\armv6m-ti-none-eabi/libclang_rt.builtins.a
       adddf3.S.obj                   418     0         0      
       muldf3.S.obj                   244     0         0      
       comparedf2.c.obj               220     0         0      
       addsf3.S.obj                   216     0         0      
       mulsf3.S.obj                   140     0         0      
       divsf3.S.obj                   130     0         0      
       comparesf2.S.obj               118     0         0      
       truncdfsf2.S.obj               116     0         0      
       aeabi_dcmp.S.obj               98      0         0      
       aeabi_fcmp.S.obj               98      0         0      
       aeabi_idivmod.S.obj            86      0         0      
       extendsfdf2.S.obj              80      0         0      
       fixdfsi.S.obj                  74      0         0      
       aeabi_uidivmod.S.obj           64      0         0      
       floatsisf.S.obj                60      0         0      
       muldsi3.S.obj                  58      0         0      
       fixsfsi.S.obj                  56      0         0      
       floatsidf.S.obj                44      0         0      
       aeabi_memset.S.obj             12      0         0      
       aeabi_memcpy.S.obj             8       0         0      
       aeabi_div0.c.obj               2       0         0      
    +--+------------------------------+-------+---------+---------+
       Total:                         2342    0         0      
                                                               
       Heap:                          0       0         512    
       Stack:                         0       0         512    
       Linker Generated:              0       146       0      
    +--+------------------------------+-------+---------+---------+
       Grand Total:                   20782   3455      3821   


LINKER GENERATED COPY TABLES

__TI_cinit_table @ 00005ecc records: 2, size/record: 8, table size: 16
	.data: load addr=00005e48, load size=0000006e bytes, run addr=20200000, run size=00000919 bytes, compression=lzss
	.bss: load addr=00005ec4, load size=00000008 bytes, run addr=20200b20, run size=000001d9 bytes, compression=zero_init


LINKER GENERATED HANDLER TABLE

__TI_handler_table @ 00005eb8 records: 3, size/record: 4, table size: 12
	index: 0, handler: __TI_decompress_lzss
	index: 1, handler: __TI_decompress_none
	index: 2, handler: __TI_zero_init


FAR CALL TRAMPOLINES

callee name               trampoline name
   callee addr  tramp addr   call addr  call info
--------------  -----------  ---------  ----------------
__aeabi_dadd              $Tramp$TT$L$PI$$__aeabi_dadd
   00001317     00004fc0     00004fbe   libc.a : k_rem_pio2.c.obj (.text.OUTLINED_FUNCTION_0)
                             00005170          : k_rem_pio2.c.obj (.text.OUTLINED_FUNCTION_1)
                             0000517a          : s_cosf.c.obj (.text.OUTLINED_FUNCTION_3)
                             00005184          : s_sinf.c.obj (.text.OUTLINED_FUNCTION_3)
__aeabi_dmul              $Tramp$TT$L$PI$$__aeabi_dmul
   000023a9     000051c4     000051c0   libc.a : s_cosf.c.obj (.text.OUTLINED_FUNCTION_0)
                             000051d8          : s_sinf.c.obj (.text.OUTLINED_FUNCTION_0)
                             000051de          : s_cosf.c.obj (.text.OUTLINED_FUNCTION_1)
                             000051e4          : s_sinf.c.obj (.text.OUTLINED_FUNCTION_1)
__aeabi_f2d               $Tramp$TT$L$PI$$__aeabi_f2d
   00004501     000051ec     000051e8   libc.a : s_cosf.c.obj (.text.OUTLINED_FUNCTION_2)
                             000051fe          : s_sinf.c.obj (.text.OUTLINED_FUNCTION_2)

[3 trampolines]
[10 trampoline calls]


GLOBAL SYMBOLS: SORTED ALPHABETICALLY BY Name 

address   name                             
-------   ----                             
00004e61  ADC0_IRQHandler                  
00004e61  ADC1_IRQHandler                  
00004e61  AES_IRQHandler                   
202008e0  BusFreq                          
00005208  C$$EXIT                          
000049d1  C$$IO$$                          
00004e61  CANFD0_IRQHandler                
00004e61  DAC0_IRQHandler                  
00004e61  DMA_IRQHandler                   
00004e61  Default_Handler                  
00004e61  GROUP0_IRQHandler                
00004e61  GROUP1_IRQHandler                
000042e5  HOSTclose                        
00003ae5  HOSTlseek                        
00003e91  HOSTopen                         
00003f51  HOSTread                         
00003b51  HOSTrename                       
0000432d  HOSTunlink                       
00003fa9  HOSTwrite                        
00004e7d  HardFault_Handler                
00004e61  I2C0_IRQHandler                  
00004e61  I2C1_IRQHandler                  
00004e61  NMI_Handler                      
202008e4  NUM_WALLS                        
202008e8  NUM_WATERS                       
00004e61  PendSV_Handler                   
00004e61  RTC_IRQHandler                   
00005201  Reset_Handler                    
00005e40  SHT$$INIT_ARRAY$$Base            
00005e44  SHT$$INIT_ARRAY$$Limit           
00004e61  SPI0_IRQHandler                  
00004e61  SPI1_IRQHandler                  
00004e61  SVC_Handler                      
20200cf4  StTextColor                      
202008ec  StX                              
202008f0  StY                              
0000149f  SysTick_Handler                  
20200ce8  TExaSLogic                       
20200cec  TExaSadc                         
2020090c  TG12Flag                         
00004e61  TIMA0_IRQHandler                 
00004e61  TIMA1_IRQHandler                 
00004e61  TIMG0_IRQHandler                 
00003801  TIMG12_IRQHandler                
00004e61  TIMG6_IRQHandler                 
00004401  TIMG7_IRQHandler                 
00004e61  TIMG8_IRQHandler                 
0000504b  TI_memcpy_small                  
00005107  TI_memset_small                  
00004e61  UART0_IRQHandler                 
00004e61  UART1_IRQHandler                 
00004e61  UART2_IRQHandler                 
00004e61  UART3_IRQHandler                 
20200b20  _CIOBUF_                         
00003a65  _Z10Clock_Freqv                  
00001f19  _Z10DrawHealthRK4TankS1_         
000028ab  _Z10Sound_Initv                  
00004eb5  _Z10Switch_In1v                  
00004ed1  _Z10Switch_In2v                  
00004001  _Z10TExaS_InitP10ADC12_RegsjPFhvE
0000507f  _Z11Clock_Delayj                 
000046b1  _Z11SPI_OutDatac                 
00004eed  _Z11ST7735_openPKcji             
00004fd1  _Z11ST7735_readiPcj              
000046e9  _Z11Switch_Initv                 
00003149  _Z11isCollisionv                 
00002e29  _Z12ST7735_InitR10initRFlags     
00005187  _Z12ST7735_closei                
000050cf  _Z12ST7735_lseekili              
00004837  _Z12ST7735_writeiPKcj            
00001af1  _Z12bulletUpdatev                
00004159  _Z12generateMap1v                
00002ce1  _Z12rotateUpdatev                
000041a9  _Z12tankMovementjjR4Tank         
00005115  _Z13ST7735_renamePKcS0_          
00005191  _Z13ST7735_unlinkPKc             
0000486d  _Z13displayUpdatev               
000048a1  _Z14Clock_Delay1msj              
0000387d  _Z14LaunchPad_Initv              
00004375  _Z14SPI_OutCommandc              
000020f1  _Z14ST7735_OutCharc              
00002c39  _Z14TimerG7_IntArmtjj            
00004721  _Z15ActivatePortA_Bv             
00000fb1  _Z15Clock_Init80MHzi             
00004aa9  _Z15ST7735_Color565hhh           
00001165  _Z15ST7735_DrawCharsscssh        
000019d9  _Z15ST7735_FillRectsssst         
00004f5d  _Z15SlidePotSamplerR8SlidePot    
000033b9  _Z15TimerG12_IntArmjj            
000048d5  _Z16ST7735_SetCursorjj           
000028ad  _Z16curWallCollisionjjjj         
00000a05  _Z17ST7735_DrawBitmapssPKtss     
00003679  _Z17ST7735_DrawStringttPcs       
00004c91  _Z17ST7735_FillScreent           
00002ec9  _Z17ST7735_InitPrintf10initRFlags
00002971  _Z17curWaterCollisionjjjj        
00005091  _Z28TExaS_LaunchPadLogicPB27PB26v
00004f09  _Z7P1SHOOTv                      
00004f25  _Z7P2SHOOTv                      
00004581  _Z7clamperfff                    
000018b1  _Z8ADC_InitP10ADC12_Regsjj       
00004909  _Z8LED_Initv                     
0000519b  _Z8PLL_Initv                     
00001e21  _Z8SPI_Initv                     
00004d41  _Z9ADC_StartP10ADC12_Regs        
00003bbd  _Z9DrawWallsv                    
00003c95  _Z9DrawWaterv                    
00004441  _Z9SPI_Resetv                    
000021d9  _Z9UART_Initv                    
000043bd  _Z9queryTankv                    
00004759  _ZN4Tank10TakeDamageEv           
00005039  _ZN4Tank11NeedsRedrawEv          
00002a35  _ZN4Tank11TriVelocityEi          
000014a1  _ZN4Tank12rotateSpriteEf         
00004adb  _ZN4Tank13TickCooldownsEv        
00004801  _ZN4Tank15rotateIncrementEi      
00004b0d  _ZN4Tank4DrawEv                  
00001d19  _ZN4Tank4MoveEv                  
00004e25  _ZN4Tank4SetXEi                  
00004e43  _ZN4Tank4SetYEi                  
00004cbd  _ZN4Tank5EraseEv                 
00004ffd  _ZN4Tank5SetHPEh                 
0000331d  _ZN4Tank5ShootEP6Bulleti         
000041f9  _ZN4Tank6RotateEi                
000050a1  _ZN4Tank8CanShootEv              
0000271d  _ZN4TankC1EiiiPKthhjj            
0000271d  _ZN4TankC2EiiiPKthhjj            
00004de1  _ZN6Bullet10DeactivateEv         
00004481  _ZN6Bullet4DrawEv                
00003781  _ZN6Bullet4InitEiifii            
00000705  _ZN6Bullet4MoveEv                
00004791  _ZN6Bullet5EraseEv               
000027e5  _ZN6Bullet5checkER4Tank          
00004f77  _ZN6BulletC1Ev                   
00004f77  _ZN6BulletC2Ev                   
00005121  _ZN8SlidePot12lastDistanceEv     
00003ef1  _ZN8SlidePot2InEv                
0000344d  _ZN8SlidePot4InitEj              
00004b71  _ZN8SlidePot4SaveEj              
00004c61  _ZN8SlidePot4SyncEv              
0000512d  _ZN8SlidePot8DistanceEv          
00004f91  _ZN8SlidePotC1Ejj                
00004f91  _ZN8SlidePotC2Ejj                
00005139  _ZNK4Tank4GetXEv                 
00005145  _ZNK4Tank4GetYEv                 
000050dd  _ZNK4Tank9GetHealthEv            
000050b1  _ZNK6Bullet8IsActiveEv           
20200b20  __CIOBUF_                        
20208000  __STACK_END                      
00000200  __STACK_SIZE                     
00000200  __SYSMEM_SIZE                    
00000000  __TI_ATRegion0_region_sz         
00000000  __TI_ATRegion0_src_addr          
00000000  __TI_ATRegion0_trg_addr          
00000000  __TI_ATRegion1_region_sz         
00000000  __TI_ATRegion1_src_addr          
00000000  __TI_ATRegion1_trg_addr          
00000000  __TI_ATRegion2_region_sz         
00000000  __TI_ATRegion2_src_addr          
00000000  __TI_ATRegion2_trg_addr          
00005ecc  __TI_CINIT_Base                  
00005edc  __TI_CINIT_Limit                 
00005edc  __TI_CINIT_Warm                  
00005eb8  __TI_Handler_Table_Base          
00005ec4  __TI_Handler_Table_Limit         
000040b1  __TI_auto_init_nobinit           
0000493d  __TI_cleanup                     
202008d8  __TI_cleanup_ptr                 
000038f9  __TI_closefile                   
00003975  __TI_decompress_lzss             
0000505d  __TI_decompress_none             
00004105  __TI_doflush                     
202008dc  __TI_dtors_ptr                   
202008f4  __TI_ft_end                      
ffffffff  __TI_pprof_out_hndl              
ffffffff  __TI_prof_data_size              
ffffffff  __TI_prof_data_start             
00004971  __TI_readmsg                     
00000000  __TI_static_base__               
20200c40  __TI_tmpnams                     
000049a5  __TI_writemsg                    
00004fe7  __TI_zero_init_nomemset          
00001317  __adddf3                         
0000264f  __addsf3                         
00003a71  __aeabi_d2f                      
00004299  __aeabi_d2iz                     
00001317  __aeabi_dadd                     
00003dc9  __aeabi_dcmpeq                   
00003e05  __aeabi_dcmpge                   
00003e19  __aeabi_dcmpgt                   
00003df1  __aeabi_dcmple                   
00003ddd  __aeabi_dcmplt                   
000023a9  __aeabi_dmul                     
0000130d  __aeabi_dsub                     
202008f8  __aeabi_errno                    
000051a5  __aeabi_errno_addr               
00004501  __aeabi_f2d                      
000047c9  __aeabi_f2iz                     
0000264f  __aeabi_fadd                     
00003e2d  __aeabi_fcmpeq                   
00003e69  __aeabi_fcmpge                   
00003e7d  __aeabi_fcmpgt                   
00003e55  __aeabi_fcmple                   
00003e41  __aeabi_fcmplt                   
000036fd  __aeabi_fdiv                     
000034dd  __aeabi_fmul                     
00002645  __aeabi_fsub                     
00004ce9  __aeabi_i2d                      
000045c1  __aeabi_i2f                      
00004059  __aeabi_idiv                     
00002e27  __aeabi_idiv0                    
00004059  __aeabi_idivmod                  
00005151  __aeabi_memclr                   
00005151  __aeabi_memclr4                  
00005151  __aeabi_memclr8                  
000051ad  __aeabi_memcpy                   
000051ad  __aeabi_memcpy4                  
000051ad  __aeabi_memcpy8                  
000044c1  __aeabi_uidiv                    
000044c1  __aeabi_uidivmod                 
ffffffff  __binit__                        
00003cfd  __cmpdf2                         
00004639  __cmpsf2                         
000036fd  __divsf3                         
00003cfd  __eqdf2                          
00004639  __eqsf2                          
00004501  __extendsfdf2                    
00004299  __fixdfsi                        
000047c9  __fixsfsi                        
00004ce9  __floatsidf                      
000045c1  __floatsisf                      
000039f1  __gedf2                          
000045fd  __gesf2                          
000039f1  __gtdf2                          
000045fd  __gtsf2                          
000000c1  __kernel_rem_pio2                
00003cfd  __ledf2                          
00004639  __lesf2                          
00003cfd  __ltdf2                          
00004639  __ltsf2                          
UNDEFED   __mpu_init                       
000023a9  __muldf3                         
00004675  __muldsi3                        
000034dd  __mulsf3                         
00003cfd  __nedf2                          
00004639  __nesf2                          
20207e00  __stack                          
20200000  __start___llvm_prf_bits          
20200000  __start___llvm_prf_cnts          
20200000  __stop___llvm_prf_bits           
20200000  __stop___llvm_prf_cnts           
0000130d  __subdf3                         
00002645  __subsf3                         
00003a71  __truncdfsf2                     
00004db9  _c_int00_noargs                  
202007d8  _device                          
202006e8  _ftable                          
202008fc  _lock                            
000033b7  _nop                             
20200850  _stream                          
20200920  _sys_memory                      
UNDEFED   _system_post_cinit               
00005205  _system_pre_init                 
20200900  _unlock                          
00005209  abort                            
00002005  add_device                       
00001c05  aligned_alloc                    
ffffffff  binit                            
2020090f  bulletFlag1                      
20200911  bulletFlag2                      
202004b8  bullets1                         
202005d0  bullets2                         
00004249  close                            
00000c15  cosf                             
00004a0d  exit                             
00004a41  finddevice                       
0000176d  floor                            
0000176d  floorl                           
00004c31  fopen                            
000022c1  free                             
00004a75  freopen                          
00003c29  getdevice                        
00000000  interruptVectors                 
0000256d  ldexp                            
0000256d  ldexpl                           
00002f69  main                             
0000515d  malloc                           
00001c05  memalign                         
00003009  open                             
20200000  p1                               
2020025c  p2                               
20200ce0  parmbuf                          
202008a0  player1SP                        
202008bc  player2SP                        
000051b5  remove                           
0000256d  scalbn                           
0000256d  scalbnl                          
0000248d  setvbuf                          
00000de9  sinf                             
000030a9  sqrtf                            
000035f1  strcmp                           
20200904  time                             
00004d15  unlink                           
20200000  walls                            
20200000  waters                           
00004d91  write                            


GLOBAL SYMBOLS: SORTED BY Symbol Address 

address   name                             
-------   ----                             
00000000  __TI_ATRegion0_region_sz         
00000000  __TI_ATRegion0_src_addr          
00000000  __TI_ATRegion0_trg_addr          
00000000  __TI_ATRegion1_region_sz         
00000000  __TI_ATRegion1_src_addr          
00000000  __TI_ATRegion1_trg_addr          
00000000  __TI_ATRegion2_region_sz         
00000000  __TI_ATRegion2_src_addr          
00000000  __TI_ATRegion2_trg_addr          
00000000  __TI_static_base__               
00000000  interruptVectors                 
000000c1  __kernel_rem_pio2                
00000200  __STACK_SIZE                     
00000200  __SYSMEM_SIZE                    
00000705  _ZN6Bullet4MoveEv                
00000a05  _Z17ST7735_DrawBitmapssPKtss     
00000c15  cosf                             
00000de9  sinf                             
00000fb1  _Z15Clock_Init80MHzi             
00001165  _Z15ST7735_DrawCharsscssh        
0000130d  __aeabi_dsub                     
0000130d  __subdf3                         
00001317  __adddf3                         
00001317  __aeabi_dadd                     
0000149f  SysTick_Handler                  
000014a1  _ZN4Tank12rotateSpriteEf         
0000176d  floor                            
0000176d  floorl                           
000018b1  _Z8ADC_InitP10ADC12_Regsjj       
000019d9  _Z15ST7735_FillRectsssst         
00001af1  _Z12bulletUpdatev                
00001c05  aligned_alloc                    
00001c05  memalign                         
00001d19  _ZN4Tank4MoveEv                  
00001e21  _Z8SPI_Initv                     
00001f19  _Z10DrawHealthRK4TankS1_         
00002005  add_device                       
000020f1  _Z14ST7735_OutCharc              
000021d9  _Z9UART_Initv                    
000022c1  free                             
000023a9  __aeabi_dmul                     
000023a9  __muldf3                         
0000248d  setvbuf                          
0000256d  ldexp                            
0000256d  ldexpl                           
0000256d  scalbn                           
0000256d  scalbnl                          
00002645  __aeabi_fsub                     
00002645  __subsf3                         
0000264f  __addsf3                         
0000264f  __aeabi_fadd                     
0000271d  _ZN4TankC1EiiiPKthhjj            
0000271d  _ZN4TankC2EiiiPKthhjj            
000027e5  _ZN6Bullet5checkER4Tank          
000028ab  _Z10Sound_Initv                  
000028ad  _Z16curWallCollisionjjjj         
00002971  _Z17curWaterCollisionjjjj        
00002a35  _ZN4Tank11TriVelocityEi          
00002c39  _Z14TimerG7_IntArmtjj            
00002ce1  _Z12rotateUpdatev                
00002e27  __aeabi_idiv0                    
00002e29  _Z12ST7735_InitR10initRFlags     
00002ec9  _Z17ST7735_InitPrintf10initRFlags
00002f69  main                             
00003009  open                             
000030a9  sqrtf                            
00003149  _Z11isCollisionv                 
0000331d  _ZN4Tank5ShootEP6Bulleti         
000033b7  _nop                             
000033b9  _Z15TimerG12_IntArmjj            
0000344d  _ZN8SlidePot4InitEj              
000034dd  __aeabi_fmul                     
000034dd  __mulsf3                         
000035f1  strcmp                           
00003679  _Z17ST7735_DrawStringttPcs       
000036fd  __aeabi_fdiv                     
000036fd  __divsf3                         
00003781  _ZN6Bullet4InitEiifii            
00003801  TIMG12_IRQHandler                
0000387d  _Z14LaunchPad_Initv              
000038f9  __TI_closefile                   
00003975  __TI_decompress_lzss             
000039f1  __gedf2                          
000039f1  __gtdf2                          
00003a65  _Z10Clock_Freqv                  
00003a71  __aeabi_d2f                      
00003a71  __truncdfsf2                     
00003ae5  HOSTlseek                        
00003b51  HOSTrename                       
00003bbd  _Z9DrawWallsv                    
00003c29  getdevice                        
00003c95  _Z9DrawWaterv                    
00003cfd  __cmpdf2                         
00003cfd  __eqdf2                          
00003cfd  __ledf2                          
00003cfd  __ltdf2                          
00003cfd  __nedf2                          
00003dc9  __aeabi_dcmpeq                   
00003ddd  __aeabi_dcmplt                   
00003df1  __aeabi_dcmple                   
00003e05  __aeabi_dcmpge                   
00003e19  __aeabi_dcmpgt                   
00003e2d  __aeabi_fcmpeq                   
00003e41  __aeabi_fcmplt                   
00003e55  __aeabi_fcmple                   
00003e69  __aeabi_fcmpge                   
00003e7d  __aeabi_fcmpgt                   
00003e91  HOSTopen                         
00003ef1  _ZN8SlidePot2InEv                
00003f51  HOSTread                         
00003fa9  HOSTwrite                        
00004001  _Z10TExaS_InitP10ADC12_RegsjPFhvE
00004059  __aeabi_idiv                     
00004059  __aeabi_idivmod                  
000040b1  __TI_auto_init_nobinit           
00004105  __TI_doflush                     
00004159  _Z12generateMap1v                
000041a9  _Z12tankMovementjjR4Tank         
000041f9  _ZN4Tank6RotateEi                
00004249  close                            
00004299  __aeabi_d2iz                     
00004299  __fixdfsi                        
000042e5  HOSTclose                        
0000432d  HOSTunlink                       
00004375  _Z14SPI_OutCommandc              
000043bd  _Z9queryTankv                    
00004401  TIMG7_IRQHandler                 
00004441  _Z9SPI_Resetv                    
00004481  _ZN6Bullet4DrawEv                
000044c1  __aeabi_uidiv                    
000044c1  __aeabi_uidivmod                 
00004501  __aeabi_f2d                      
00004501  __extendsfdf2                    
00004581  _Z7clamperfff                    
000045c1  __aeabi_i2f                      
000045c1  __floatsisf                      
000045fd  __gesf2                          
000045fd  __gtsf2                          
00004639  __cmpsf2                         
00004639  __eqsf2                          
00004639  __lesf2                          
00004639  __ltsf2                          
00004639  __nesf2                          
00004675  __muldsi3                        
000046b1  _Z11SPI_OutDatac                 
000046e9  _Z11Switch_Initv                 
00004721  _Z15ActivatePortA_Bv             
00004759  _ZN4Tank10TakeDamageEv           
00004791  _ZN6Bullet5EraseEv               
000047c9  __aeabi_f2iz                     
000047c9  __fixsfsi                        
00004801  _ZN4Tank15rotateIncrementEi      
00004837  _Z12ST7735_writeiPKcj            
0000486d  _Z13displayUpdatev               
000048a1  _Z14Clock_Delay1msj              
000048d5  _Z16ST7735_SetCursorjj           
00004909  _Z8LED_Initv                     
0000493d  __TI_cleanup                     
00004971  __TI_readmsg                     
000049a5  __TI_writemsg                    
000049d1  C$$IO$$                          
00004a0d  exit                             
00004a41  finddevice                       
00004a75  freopen                          
00004aa9  _Z15ST7735_Color565hhh           
00004adb  _ZN4Tank13TickCooldownsEv        
00004b0d  _ZN4Tank4DrawEv                  
00004b71  _ZN8SlidePot4SaveEj              
00004c31  fopen                            
00004c61  _ZN8SlidePot4SyncEv              
00004c91  _Z17ST7735_FillScreent           
00004cbd  _ZN4Tank5EraseEv                 
00004ce9  __aeabi_i2d                      
00004ce9  __floatsidf                      
00004d15  unlink                           
00004d41  _Z9ADC_StartP10ADC12_Regs        
00004d91  write                            
00004db9  _c_int00_noargs                  
00004de1  _ZN6Bullet10DeactivateEv         
00004e25  _ZN4Tank4SetXEi                  
00004e43  _ZN4Tank4SetYEi                  
00004e61  ADC0_IRQHandler                  
00004e61  ADC1_IRQHandler                  
00004e61  AES_IRQHandler                   
00004e61  CANFD0_IRQHandler                
00004e61  DAC0_IRQHandler                  
00004e61  DMA_IRQHandler                   
00004e61  Default_Handler                  
00004e61  GROUP0_IRQHandler                
00004e61  GROUP1_IRQHandler                
00004e61  I2C0_IRQHandler                  
00004e61  I2C1_IRQHandler                  
00004e61  NMI_Handler                      
00004e61  PendSV_Handler                   
00004e61  RTC_IRQHandler                   
00004e61  SPI0_IRQHandler                  
00004e61  SPI1_IRQHandler                  
00004e61  SVC_Handler                      
00004e61  TIMA0_IRQHandler                 
00004e61  TIMA1_IRQHandler                 
00004e61  TIMG0_IRQHandler                 
00004e61  TIMG6_IRQHandler                 
00004e61  TIMG8_IRQHandler                 
00004e61  UART0_IRQHandler                 
00004e61  UART1_IRQHandler                 
00004e61  UART2_IRQHandler                 
00004e61  UART3_IRQHandler                 
00004e7d  HardFault_Handler                
00004eb5  _Z10Switch_In1v                  
00004ed1  _Z10Switch_In2v                  
00004eed  _Z11ST7735_openPKcji             
00004f09  _Z7P1SHOOTv                      
00004f25  _Z7P2SHOOTv                      
00004f5d  _Z15SlidePotSamplerR8SlidePot    
00004f77  _ZN6BulletC1Ev                   
00004f77  _ZN6BulletC2Ev                   
00004f91  _ZN8SlidePotC1Ejj                
00004f91  _ZN8SlidePotC2Ejj                
00004fd1  _Z11ST7735_readiPcj              
00004fe7  __TI_zero_init_nomemset          
00004ffd  _ZN4Tank5SetHPEh                 
00005039  _ZN4Tank11NeedsRedrawEv          
0000504b  TI_memcpy_small                  
0000505d  __TI_decompress_none             
0000507f  _Z11Clock_Delayj                 
00005091  _Z28TExaS_LaunchPadLogicPB27PB26v
000050a1  _ZN4Tank8CanShootEv              
000050b1  _ZNK6Bullet8IsActiveEv           
000050cf  _Z12ST7735_lseekili              
000050dd  _ZNK4Tank9GetHealthEv            
00005107  TI_memset_small                  
00005115  _Z13ST7735_renamePKcS0_          
00005121  _ZN8SlidePot12lastDistanceEv     
0000512d  _ZN8SlidePot8DistanceEv          
00005139  _ZNK4Tank4GetXEv                 
00005145  _ZNK4Tank4GetYEv                 
00005151  __aeabi_memclr                   
00005151  __aeabi_memclr4                  
00005151  __aeabi_memclr8                  
0000515d  malloc                           
00005187  _Z12ST7735_closei                
00005191  _Z13ST7735_unlinkPKc             
0000519b  _Z8PLL_Initv                     
000051a5  __aeabi_errno_addr               
000051ad  __aeabi_memcpy                   
000051ad  __aeabi_memcpy4                  
000051ad  __aeabi_memcpy8                  
000051b5  remove                           
00005201  Reset_Handler                    
00005205  _system_pre_init                 
00005208  C$$EXIT                          
00005209  abort                            
00005e40  SHT$$INIT_ARRAY$$Base            
00005e44  SHT$$INIT_ARRAY$$Limit           
00005eb8  __TI_Handler_Table_Base          
00005ec4  __TI_Handler_Table_Limit         
00005ecc  __TI_CINIT_Base                  
00005edc  __TI_CINIT_Limit                 
00005edc  __TI_CINIT_Warm                  
20200000  __start___llvm_prf_bits          
20200000  __start___llvm_prf_cnts          
20200000  __stop___llvm_prf_bits           
20200000  __stop___llvm_prf_cnts           
20200000  p1                               
20200000  walls                            
20200000  waters                           
2020025c  p2                               
202004b8  bullets1                         
202005d0  bullets2                         
202006e8  _ftable                          
202007d8  _device                          
20200850  _stream                          
202008a0  player1SP                        
202008bc  player2SP                        
202008d8  __TI_cleanup_ptr                 
202008dc  __TI_dtors_ptr                   
202008e0  BusFreq                          
202008e4  NUM_WALLS                        
202008e8  NUM_WATERS                       
202008ec  StX                              
202008f0  StY                              
202008f4  __TI_ft_end                      
202008f8  __aeabi_errno                    
202008fc  _lock                            
20200900  _unlock                          
20200904  time                             
2020090c  TG12Flag                         
2020090f  bulletFlag1                      
20200911  bulletFlag2                      
20200920  _sys_memory                      
20200b20  _CIOBUF_                         
20200b20  __CIOBUF_                        
20200c40  __TI_tmpnams                     
20200ce0  parmbuf                          
20200ce8  TExaSLogic                       
20200cec  TExaSadc                         
20200cf4  StTextColor                      
20207e00  __stack                          
20208000  __STACK_END                      
ffffffff  __TI_pprof_out_hndl              
ffffffff  __TI_prof_data_size              
ffffffff  __TI_prof_data_start             
ffffffff  __binit__                        
ffffffff  binit                            
UNDEFED   __mpu_init                       
UNDEFED   _system_post_cinit               

[306 symbols]
