******************************************************************************
            TI ARM Clang Linker PC v4.0.1                      
******************************************************************************
>> Linked Fri Apr 18 01:07:26 2025

OUTPUT FILE NAME:   <ECE319K_Lab9H.out>
ENTRY POINT SYMBOL: "_c_int00_noargs"  address: 00003dc1


MEMORY CONFIGURATION

         name            origin    length      used     unused   attr    fill
----------------------  --------  ---------  --------  --------  ----  --------
  FLASH                 00000000   00020000  00004c30  0001b3d0  R  X
  SRAM                  20200000   00008000  00000c8e  00007372  RW X
  BCR_CONFIG            41c00000   00000080  00000000  00000080  R   
  BSL_CONFIG            41c00100   00000080  00000000  00000080  R   


SEGMENT ALLOCATION MAP

run origin  load origin   length   init length attrs members
----------  ----------- ---------- ----------- ----- -------
00000000    00000000    00004c30   00004c30    r-x
  00000000    00000000    000000c0   000000c0    r-- .intvecs
  000000c0    000000c0    00004010   00004010    r-x .text
  000040d0    000040d0    00000ac8   00000ac8    r-- .rodata
  00004b98    00004b98    00000008   00000008    r-- .init_array
  00004ba0    00004ba0    00000090   00000090    r-- .cinit
20200000    20200000    00000a91   00000000    rw-
  20200000    20200000    000006b5   00000000    rw- .data
  202006b8    202006b8    00000200   00000000    rw- .sysmem
  202008b8    202008b8    000001d9   00000000    rw- .bss
20207e00    20207e00    00000200   00000000    rw-
  20207e00    20207e00    00000200   00000000    rw- .stack


SECTION ALLOCATION MAP

 output                                  attributes/
section   page    origin      length       input sections
--------  ----  ----------  ----------   ----------------
.intvecs   0    00000000    000000c0     
                  00000000    000000c0     startup_mspm0g3507_ticlang.o (.intvecs)

.binit     0    00000000    00000000     

.text      0    000000c0    00004010     
                  000000c0    00000644     libc.a : k_rem_pio2.c.obj (.text.__kernel_rem_pio2)
                  00000704    00000210     ST7735.o (.text._Z17ST7735_DrawBitmapssPKtss)
                  00000914    000001d4     libc.a : s_cosf.c.obj (.text.cosf)
                  00000ae8    000001c8            : s_sinf.c.obj (.text.sinf)
                  00000cb0    000001b4     Clock.o (.text._Z15Clock_Init80MHzi)
                  00000e64    000001a8     ST7735.o (.text._Z15ST7735_DrawCharsscssh)
                  0000100c    00000192     libclang_rt.builtins.a : adddf3.S.obj (.text.adddf3_subdf3)
                  0000119e    00000002     Sound.o (.text.SysTick_Handler)
                  000011a0    00000178     tank.o (.text._ZN4Tank12rotateSpriteEf)
                  00001318    00000154     libc.a : fopen.c.obj (.text._openfile)
                  0000146c    00000144            : s_floor.c.obj (.text.floor)
                  000015b0    00000128     TExaS.o (.text._Z8ADC_InitP10ADC12_Regsjj)
                  000016d8    00000118     ST7735.o (.text._Z15ST7735_FillRectsssst)
                  000017f0    00000114     libc.a : memory.c.obj (.text.aligned_alloc)
                  00001904    000000f8     SPI.o (.text._Z8SPI_Initv)
                  000019fc    000000ec     libsysbm.a : add_device.c.obj (.text.add_device)
                  00001ae8    000000e8     ST7735.o (.text._Z14ST7735_OutCharc)
                  00001bd0    000000e8     TExaS.o (.text._Z9UART_Initv)
                  00001cb8    000000e8     libc.a : memory.c.obj (.text.free)
                  00001da0    000000e4     libclang_rt.builtins.a : muldf3.S.obj (.text.__muldf3)
                  00001e84    000000e0     libc.a : setvbuf.c.obj (.text.setvbuf)
                  00001f64    000000d8            : s_scalbn.c.obj (.text.scalbn)
                  0000203c    000000d8     libclang_rt.builtins.a : addsf3.S.obj (.text)
                  00002114    000000bc     Lab9HMain.o (.text.main)
                  000021d0    000000ac     libc.a : s_cosf.c.obj (.text.__kernel_sindf)
                  0000227c    000000ac            : s_sinf.c.obj (.text.__kernel_sindf)
                  00002328    000000a8     Timer.o (.text._Z14TimerG7_IntArmtjj)
                  000023d0    000000a6     tank.o (.text._ZN4TankC2EiiiPKthhjj)
                  00002476    000000a2     ST7735.o (.text._ZL11commandListPKh)
                  00002518    000000a0     ST7735.o (.text._Z12ST7735_InitR10initRFlags)
                  000025b8    000000a0     ST7735.o (.text._Z17ST7735_InitPrintf10initRFlags)
                  00002658    000000a0     libsysbm.a : open.c.obj (.text.open)
                  000026f8    0000009c     libc.a : s_cosf.c.obj (.text.__kernel_cosdf)
                  00002794    0000009c            : s_sinf.c.obj (.text.__kernel_cosdf)
                  00002830    00000094     Timer.o (.text._Z15TimerG12_IntArmjj)
                  000028c4    0000008c     libclang_rt.builtins.a : mulsf3.S.obj (.text.__mulsf3)
                  00002950    00000088     ST7735.o (.text._ZL13setAddrWindowhhhh)
                  000029d8    00000008     libc.a : aeabi_portable.c.obj (.text.__aeabi_errno_addr)
                  000029e0    00000088            : strcmp-armv6m.S.obj (.text:strcmp)
                  00002a68    00000084     ST7735.o (.text._Z17ST7735_DrawStringttPcs)
                  00002aec    00000082     libclang_rt.builtins.a : divsf3.S.obj (.text.__divsf3)
                  00002b6e    00000002     Sound.o (.text._Z10Sound_Initv)
                  00002b70    00000080     Lab9HMain.o (.text.TIMG12_IRQHandler)
                  00002bf0    0000007c     LaunchPad.o (.text._Z14LaunchPad_Initv)
                  00002c6c    0000007c     SlidePot.o (.text._ZN8SlidePot4InitEv)
                  00002ce8    0000007c     libc.a : fclose.c.obj (.text.__TI_closefile)
                  00002d64    0000007c            : copy_decompress_lzss.c.obj (.text:decompress:lzss)
                  00002de0    00000074     libclang_rt.builtins.a : comparedf2.c.obj (.text.__gedf2)
                  00002e54    0000000c     Clock.o (.text._Z10Clock_Freqv)
                  00002e60    00000074     libclang_rt.builtins.a : truncdfsf2.S.obj (.text.__truncdfsf2)
                  00002ed4    0000006c     libsysbm.a : hostlseek.c.obj (.text.HOSTlseek)
                  00002f40    0000006c                : hostrename.c.obj (.text.HOSTrename)
                  00002fac    0000006c     libc.a : getdevice.c.obj (.text.getdevice)
                  00003018    00000068     libclang_rt.builtins.a : comparedf2.c.obj (.text.__ledf2)
                  00003080    00000064     tank.o (.text._ZN4Tank11TriVelocityEi)
                  000030e4    00000064     libc.a : memory.c.obj (.text.split)
                  00003148    00000062     libclang_rt.builtins.a : aeabi_dcmp.S.obj (.text.__aeabi_dcmp)
                  000031aa    00000002                            : aeabi_div0.c.obj (.text.__aeabi_idiv0)
                  000031ac    00000060     libsysbm.a : hostopen.c.obj (.text.HOSTopen)
                  0000320c    00000058                : hostread.c.obj (.text.HOSTread)
                  00003264    00000058                : hostwrite.c.obj (.text.HOSTwrite)
                  000032bc    00000058     TExaS.o (.text._Z10TExaS_InitP10ADC12_RegsjPFhvE)
                  00003314    00000056     libclang_rt.builtins.a : aeabi_idivmod.S.obj (.text.__aeabi_idivmod)
                  0000336a    00000002     libc.a : _lock.c.obj (.text._nop)
                  0000336c    00000054            : autoinit.c.obj (.text:__TI_auto_init_nobinit)
                  000033c0    00000052            : fflush.c.obj (.text.__TI_doflush)
                  00003412    00000050     tank.o (.text._ZN4Tank6RotateEi)
                  00003462    00000002     --HOLE-- [fill = 0]
                  00003464    00000050     libsysbm.a : close.c.obj (.text.close)
                  000034b4    0000004a     libclang_rt.builtins.a : fixdfsi.S.obj (.text.__fixdfsi)
                  000034fe    00000002     --HOLE-- [fill = 0]
                  00003500    00000048     libsysbm.a : hostclose.c.obj (.text.HOSTclose)
                  00003548    00000048                : hostunlink.c.obj (.text.HOSTunlink)
                  00003590    00000048     SPI.o (.text._Z14SPI_OutCommandc)
                  000035d8    00000048     SlidePot.o (.text._ZN8SlidePot2InEv)
                  00003620    00000040     TExaS.o (.text.TIMG7_IRQHandler)
                  00003660    00000040     SPI.o (.text._Z9SPI_Resetv)
                  000036a0    00000040     libclang_rt.builtins.a : aeabi_uidivmod.S.obj (.text.__aeabi_uidivmod)
                  000036e0    00000040                            : extendsfdf2.S.obj (.text.__extendsfdf2)
                  00003720    00000040     libc.a : fopen.c.obj (.text._search_fp)
                  00003760    0000003c     libclang_rt.builtins.a : floatsisf.S.obj (.text.__floatsisf)
                  0000379c    0000003a                            : muldsi3.S.obj (.text.__muldsi3)
                  000037d6    00000002     --HOLE-- [fill = 0]
                  000037d8    00000038     SPI.o (.text._Z11SPI_OutDatac)
                  00003810    00000038     LaunchPad.o (.text._Z15ActivatePortA_Bv)
                  00003848    00000038     libclang_rt.builtins.a : fixsfsi.S.obj (.text.__fixsfsi)
                  00003880    00000036     tank.o (.text._ZN4Tank15rotateIncrementEi)
                  000038b6    00000034     ST7735.o (.text._Z12ST7735_writeiPKcj)
                  000038ea    00000002     --HOLE-- [fill = 0]
                  000038ec    00000034     Clock.o (.text._Z14Clock_Delay1msj)
                  00003920    00000034     ST7735.o (.text._Z16ST7735_SetCursorjj)
                  00003954    00000034     LED.o (.text._Z8LED_Initv)
                  00003988    00000034     libc.a : fopen.c.obj (.text.__TI_cleanup)
                  000039bc    00000034     libsysbm.a : trgmsg.c.obj (.text.__TI_readmsg)
                  000039f0    00000034                : trgmsg.c.obj (.text.__TI_writemsg)
                  00003a24    00000034     libc.a : exit.c.obj (.text.exit)
                  00003a58    00000034            : getdevice.c.obj (.text.finddevice)
                  00003a8c    00000034            : fopen.c.obj (.text.freopen)
                  00003ac0    00000032     ST7735.o (.text._Z15ST7735_Color565hhh)
                  00003af2    00000032     tank.o (.text._ZN4Tank4DrawEv)
                  00003b24    00000030     ST7735.o (.text._ZL10commonInitPKh)
                  00003b54    00000030     SlidePot.o (.text._ZN8SlidePot4SaveEj)
                  00003b84    00000030     Lab9HMain.o (.text.__cxx_global_var_init.2)
                  00003bb4    00000030     Lab9HMain.o (.text.__cxx_global_var_init.3)
                  00003be4    00000030     libc.a : fopen.c.obj (.text.fopen)
                  00003c14    0000002e     SlidePot.o (.text._ZN8SlidePot4SyncEv)
                  00003c42    00000002     --HOLE-- [fill = 0]
                  00003c44    0000002c     ST7735.o (.text._Z17ST7735_FillScreent)
                  00003c70    0000002c     tank.o (.text._ZN4Tank5EraseEv)
                  00003c9c    0000002c     libclang_rt.builtins.a : floatsidf.S.obj (.text.__floatsidf)
                  00003cc8    0000002c     libsysbm.a : unlink.c.obj (.text.unlink)
                  00003cf4    0000002a     tank.o (.text._ZN4Tank4MoveEv)
                  00003d1e    00000002     --HOLE-- [fill = 0]
                  00003d20    00000028     Switch.o (.text._Z11Switch_Initv)
                  00003d48    00000028     TExaS.o (.text._Z9ADC_StartP10ADC12_Regs)
                  00003d70    00000028     libc.a : memory.c.obj (.text.free_list_insert)
                  00003d98    00000028     libsysbm.a : write.c.obj (.text.write)
                  00003dc0    00000028     libc.a : boot_cortex_m.c.obj (.text:_c_int00_noargs)
                  00003de8    0000001e     ST7735.o (.text._ZL9pushColort)
                  00003e06    00000002     --HOLE-- [fill = 0]
                  00003e08    0000001c     startup_mspm0g3507_ticlang.o (.text.Default_Handler)
                  00003e24    0000001c     startup_mspm0g3507_ticlang.o (.text.HardFault_Handler)
                  00003e40    0000001c     ST7735.o (.text._Z11ST7735_openPKcji)
                  00003e5c    0000001c     Switch.o (.text._Z9Switch_Inv)
                  00003e78    0000001c     libc.a : memory.c.obj (.text.free_list_remove)
                  00003e94    0000001a     SlidePot.o (.text._ZN8SlidePotC2Ejj)
                  00003eae    00000016     libc.a : k_rem_pio2.c.obj (.text.OUTLINED_FUNCTION_0)
                  00003ec4    00000010     libclang_rt.builtins.a : adddf3.S.obj (.tramp.__aeabi_dadd.1)
                  00003ed4    00000016     ST7735.o (.text._Z11ST7735_readiPcj)
                  00003eea    00000016     libc.a : copy_zero_init.c.obj (.text:decompress:ZI:__TI_zero_init_nomemset)
                  00003f00    00000014     Lab9HMain.o (.text._GLOBAL__sub_I_Lab9HMain.cpp)
                  00003f14    00000014     Lab9HMain.o (.text.__cxx_global_var_init.1)
                  00003f28    00000014     Lab9HMain.o (.text.__cxx_global_var_init)
                  00003f3c    00000012     tank.o (.text._ZN4Tank11NeedsRedrawEv)
                  00003f4e    00000012     libc.a : memcpy16.S.obj (.text:TI_memcpy_small)
                  00003f60    00000012            : copy_decompress_none.c.obj (.text:decompress:none)
                  00003f72    00000010            : k_rem_pio2.c.obj (.text.OUTLINED_FUNCTION_2)
                  00003f82    00000010     Clock.o (.text._Z11Clock_Delayj)
                  00003f92    00000002     --HOLE-- [fill = 0]
                  00003f94    00000010     Lab9HMain.o (.text._Z28TExaS_LaunchPadLogicPB27PB26v)
                  00003fa4    0000000e     libc.a : memory.c.obj (.text.OUTLINED_FUNCTION_0)
                  00003fb2    0000000e     ST7735.o (.text._Z12ST7735_lseekili)
                  00003fc0    0000000e     libsysbm.a : hostrename.c.obj (.text.strcpy)
                  00003fce    0000000e                : hostrename.c.obj (.text.strlen)
                  00003fdc    0000000e     libc.a : memset16.S.obj (.text:TI_memset_small)
                  00003fea    0000000c     ST7735.o (.text._Z13ST7735_renamePKcS0_)
                  00003ff6    0000000c     SlidePot.o (.text._ZN8SlidePot12lastDistanceEv)
                  00004002    0000000c     SlidePot.o (.text._ZN8SlidePot8DistanceEv)
                  0000400e    00000002     --HOLE-- [fill = 0]
                  00004010    0000000c     libclang_rt.builtins.a : aeabi_memset.S.obj (.text.__aeabi_memclr)
                  0000401c    0000000c     libc.a : memory.c.obj (.text.malloc)
                  00004028    0000000a            : k_rem_pio2.c.obj (.text.OUTLINED_FUNCTION_1)
                  00004032    0000000a            : s_cosf.c.obj (.text.OUTLINED_FUNCTION_3)
                  0000403c    0000000a            : s_sinf.c.obj (.text.OUTLINED_FUNCTION_3)
                  00004046    0000000a     ST7735.o (.text._Z12ST7735_closei)
                  00004050    0000000a     ST7735.o (.text._Z13ST7735_unlinkPKc)
                  0000405a    0000000a     Lab9HMain.o (.text._Z8PLL_Initv)
                  00004064    00000008     libclang_rt.builtins.a : aeabi_memcpy.S.obj (.text.__aeabi_memcpy)
                  0000406c    00000008     libsysbm.a : remove.c.obj (.text.remove)
                  00004074    00000006     libc.a : s_cosf.c.obj (.text.OUTLINED_FUNCTION_0)
                  0000407a    00000002     --HOLE-- [fill = 0]
                  0000407c    00000010     libclang_rt.builtins.a : muldf3.S.obj (.tramp.__aeabi_dmul.1)
                  0000408c    00000006     libc.a : s_sinf.c.obj (.text.OUTLINED_FUNCTION_0)
                  00004092    00000006            : s_cosf.c.obj (.text.OUTLINED_FUNCTION_1)
                  00004098    00000006            : s_sinf.c.obj (.text.OUTLINED_FUNCTION_1)
                  0000409e    00000004            : s_cosf.c.obj (.text.OUTLINED_FUNCTION_2)
                  000040a2    00000002     --HOLE-- [fill = 0]
                  000040a4    00000010     libclang_rt.builtins.a : extendsfdf2.S.obj (.tramp.__aeabi_f2d.1)
                  000040b4    00000004     libc.a : s_sinf.c.obj (.text.OUTLINED_FUNCTION_2)
                  000040b8    00000004     startup_mspm0g3507_ticlang.o (.text.Reset_Handler)
                  000040bc    00000004     libc.a : pre_init.c.obj (.text._system_pre_init)
                  000040c0    00000004            : exit.c.obj (.text:abort)
                  000040c4    0000000c     --HOLE-- [fill = 0]

.cinit     0    00004ba0    00000090     
                  00004ba0    0000006a     (.cinit..data.load) [load image, compression = lzss]
                  00004c0a    00000002     --HOLE-- [fill = 0]
                  00004c0c    0000000c     (__TI_handler_table)
                  00004c18    00000008     (.cinit..bss.load) [load image, compression = zero_init]
                  00004c20    00000010     (__TI_cinit_table)

.rodata    0    000040d0    00000ac8     
                  000040d0    000004fb     ST7735.o (.rodata._ZL4Font)
                  000045cb    00000001     --HOLE-- [fill = 0]
                  000045cc    00000214     Lab9HMain.o (.rodata._ZL7MiniRed)
                  000047e0    000001b0     Lab9HMain.o (.rodata._ZL7RedTank)
                  00004990    00000108     libc.a : k_rem_pio2.c.obj (.rodata.ipio2)
                  00004a98    00000040            : k_rem_pio2.c.obj (.rodata.PIo2)
                  00004ad8    0000003b     ST7735.o (.rodata._ZL5Rcmd1)
                  00004b13    0000002b     ST7735.o (.rodata._ZL5Rcmd3)
                  00004b3e    00000016     ST7735.o (.rodata.str1.59959519694590733531)
                  00004b54    00000010     libc.a : k_rem_pio2.c.obj (.rodata.cst16)
                  00004b64    0000000d     ST7735.o (.rodata._ZL10Rcmd2green)
                  00004b71    0000000d     ST7735.o (.rodata._ZL8Rcmd2red)
                  00004b7e    00000008     ST7735.o (.rodata.str1.48350117711619464051)
                  00004b86    00000007     ST7735.o (.rodata.str1.175719450624619433971)
                  00004b8d    00000007     ST7735.o (.rodata.str1.42255827801651177341)
                  00004b94    00000002     ST7735.o (.rodata.str1.145302396146969619001)
                  00004b96    00000002     --HOLE-- [fill = 0]

.init_array 
*          0    00004b98    00000008     
                  00004b98    00000004     Lab9HMain.o (.init_array)
                  00004b9c    00000004     --HOLE-- [fill = 0]

.data      0    20200000    000006b5     UNINITIALIZED
                  20200000    0000024c     Lab9HMain.o (.data.p1)
                  2020024c    0000024c     Lab9HMain.o (.data.p2)
                  20200498    000000f0     libc.a : defs.c.obj (.data._ftable)
                  20200588    00000078     libsysbm.a : host_device.c.obj (.data._device)
                  20200600    00000050                : host_device.c.obj (.data._stream)
                  20200650    00000018     Lab9HMain.o (.data.player1SP)
                  20200668    00000018     Lab9HMain.o (.data.player2SP)
                  20200680    00000008     libc.a : exit.c.obj (.data..L_MergedGlobals)
                  20200688    00000004     Clock.o (.data.BusFreq)
                  2020068c    00000004     ST7735.o (.data.StX)
                  20200690    00000004     ST7735.o (.data.StY)
                  20200694    00000004     libc.a : defs.c.obj (.data.__TI_ft_end)
                  20200698    00000004            : aeabi_portable.c.obj (.data.__aeabi_errno)
                  2020069c    00000004            : _lock.c.obj (.data._lock)
                  202006a0    00000004            : _lock.c.obj (.data._unlock)
                  202006a4    00000004     Lab9HMain.o (.data.time)
                  202006a8    00000002     ST7735.o (.data._ZL6_width)
                  202006aa    00000002     ST7735.o (.data._ZL7_height)
                  202006ac    00000001     libsysbm.a : add_device.c.obj (.data.add_device.device_init)
                  202006ad    00000003     --HOLE--
                  202006b0    00000001     libc.a : memory.c.obj (.data.memory_is_initialized)
                  202006b1    00000003     --HOLE--
                  202006b4    00000001     libsysbm.a : open.c.obj (.data.open.stream_init)

.sysmem    0    202006b8    00000200     UNINITIALIZED
                  202006b8    00000010     libc.a : memory.c.obj (.sysmem)
                  202006c8    000001f0     --HOLE--

.bss       0    202008b8    000001d9     UNINITIALIZED
                  202008b8    00000120     libsysbm.a : trgmsg.c.obj (.bss:_CIOBUF_)
                  202009d8    000000a0     libc.a : defs.c.obj (.bss.__TI_tmpnams)
                  20200a78    00000008     libsysbm.a : hostopen.c.obj (.bss.parmbuf)
                  20200a80    00000004     TExaS.o (.bss.TExaSLogic)
                  20200a84    00000004     TExaS.o (.bss.TExaSadc)
                  20200a88    00000004     libc.a : memory.c.obj (.bss.sys_free)
                  20200a8c    00000002     ST7735.o (.bss.StTextColor)
                  20200a8e    00000001     ST7735.o (.bss._ZL8ColStart)
                  20200a8f    00000001     ST7735.o (.bss._ZL8RowStart)
                  20200a90    00000001     ST7735.o (.bss._ZL8TabColor)

.stack     0    20207e00    00000200     UNINITIALIZED
                  20207e00    00000004     libc.a : boot_cortex_m.c.obj (.stack)
                  20207e04    000001fc     --HOLE--

__llvm_prf_cnts 
*          0    20200000    00000000     UNINITIALIZED

__llvm_prf_bits 
*          0    20200000    00000000     UNINITIALIZED

MODULE SUMMARY

       Module                         code    ro data   rw data
       ------                         ----    -------   -------
    .\
       ST7735.o                       2586    1449      17     
       Lab9HMain.o                    498     968       1228   
       tank.o                         930     0         0      
       TExaS.o                        720     0         8      
       Clock.o                        516     0         4      
       SPI.o                          440     0         0      
       SlidePot.o                     340     0         0      
       Timer.o                        316     0         0      
       LaunchPad.o                    180     0         0      
       Switch.o                       68      0         0      
       LED.o                          52      0         0      
       Sound.o                        4       0         0      
    +--+------------------------------+-------+---------+---------+
       Total:                         6650    2417      1257   
                                                               
    .\ticlang\
       startup_mspm0g3507_ticlang.o   60      192       0      
    +--+------------------------------+-------+---------+---------+
       Total:                         60      192       0      
                                                               
    C:\ti\ccs2000\ccs\tools\compiler\ti-cgt-armllvm_4.0.1.LTS\lib\armv6m-ti-none-eabi/c/libc.a
       k_rem_pio2.c.obj               1652    344       0      
       s_cosf.c.obj                   822     0         0      
       s_sinf.c.obj                   810     0         0      
       memory.c.obj                   702     0         5      
       fopen.c.obj                    556     0         0      
       defs.c.obj                     0       0         404    
       s_floor.c.obj                  324     0         0      
       setvbuf.c.obj                  224     0         0      
       s_scalbn.c.obj                 216     0         0      
       getdevice.c.obj                160     0         0      
       strcmp-armv6m.S.obj            136     0         0      
       copy_decompress_lzss.c.obj     124     0         0      
       fclose.c.obj                   124     0         0      
       autoinit.c.obj                 84      0         0      
       fflush.c.obj                   82      0         0      
       exit.c.obj                     56      0         8      
       boot_cortex_m.c.obj            40      0         0      
       copy_zero_init.c.obj           22      0         0      
       copy_decompress_none.c.obj     18      0         0      
       memcpy16.S.obj                 18      0         0      
       memset16.S.obj                 14      0         0      
       aeabi_portable.c.obj           8       0         4      
       _lock.c.obj                    2       0         8      
       pre_init.c.obj                 4       0         0      
    +--+------------------------------+-------+---------+---------+
       Total:                         6198    344       429    
                                                               
    C:\ti\ccs2000\ccs\tools\compiler\ti-cgt-armllvm_4.0.1.LTS\lib\armv6m-ti-none-eabi/c/libsysbm.a
       trgmsg.c.obj                   104     0         288    
       add_device.c.obj               236     0         1      
       host_device.c.obj              0       0         200    
       open.c.obj                     160     0         1      
       hostrename.c.obj               136     0         0      
       hostlseek.c.obj                108     0         0      
       hostopen.c.obj                 96      0         8      
       hostread.c.obj                 88      0         0      
       hostwrite.c.obj                88      0         0      
       close.c.obj                    80      0         0      
       hostclose.c.obj                72      0         0      
       hostunlink.c.obj               72      0         0      
       unlink.c.obj                   44      0         0      
       write.c.obj                    40      0         0      
       remove.c.obj                   8       0         0      
    +--+------------------------------+-------+---------+---------+
       Total:                         1332    0         498    
                                                               
    C:\ti\ccs2000\ccs\tools\compiler\ti-cgt-armllvm_4.0.1.LTS\lib\armv6m-ti-none-eabi/libclang_rt.builtins.a
       adddf3.S.obj                   418     0         0      
       muldf3.S.obj                   244     0         0      
       comparedf2.c.obj               220     0         0      
       addsf3.S.obj                   216     0         0      
       mulsf3.S.obj                   140     0         0      
       divsf3.S.obj                   130     0         0      
       truncdfsf2.S.obj               116     0         0      
       aeabi_dcmp.S.obj               98      0         0      
       aeabi_idivmod.S.obj            86      0         0      
       extendsfdf2.S.obj              80      0         0      
       fixdfsi.S.obj                  74      0         0      
       aeabi_uidivmod.S.obj           64      0         0      
       floatsisf.S.obj                60      0         0      
       muldsi3.S.obj                  58      0         0      
       fixsfsi.S.obj                  56      0         0      
       floatsidf.S.obj                44      0         0      
       aeabi_memset.S.obj             12      0         0      
       aeabi_memcpy.S.obj             8       0         0      
       aeabi_div0.c.obj               2       0         0      
    +--+------------------------------+-------+---------+---------+
       Total:                         2126    0         0      
                                                               
       Heap:                          0       0         512    
       Stack:                         0       0         512    
       Linker Generated:              0       142       0      
    +--+------------------------------+-------+---------+---------+
       Grand Total:                   16366   3095      3208   


LINKER GENERATED COPY TABLES

__TI_cinit_table @ 00004c20 records: 2, size/record: 8, table size: 16
	.data: load addr=00004ba0, load size=0000006a bytes, run addr=20200000, run size=000006b5 bytes, compression=lzss
	.bss: load addr=00004c18, load size=00000008 bytes, run addr=202008b8, run size=000001d9 bytes, compression=zero_init


LINKER GENERATED HANDLER TABLE

__TI_handler_table @ 00004c0c records: 3, size/record: 4, table size: 12
	index: 0, handler: __TI_decompress_lzss
	index: 1, handler: __TI_decompress_none
	index: 2, handler: __TI_zero_init


FAR CALL TRAMPOLINES

callee name               trampoline name
   callee addr  tramp addr   call addr  call info
--------------  -----------  ---------  ----------------
__aeabi_dadd              $Tramp$TT$L$PI$$__aeabi_dadd
   00001017     00003ec4     00003ec2   libc.a : k_rem_pio2.c.obj (.text.OUTLINED_FUNCTION_0)
                             00004030          : k_rem_pio2.c.obj (.text.OUTLINED_FUNCTION_1)
                             0000403a          : s_cosf.c.obj (.text.OUTLINED_FUNCTION_3)
                             00004044          : s_sinf.c.obj (.text.OUTLINED_FUNCTION_3)
__aeabi_dmul              $Tramp$TT$L$PI$$__aeabi_dmul
   00001da1     0000407c     00004078   libc.a : s_cosf.c.obj (.text.OUTLINED_FUNCTION_0)
                             00004090          : s_sinf.c.obj (.text.OUTLINED_FUNCTION_0)
                             00004096          : s_cosf.c.obj (.text.OUTLINED_FUNCTION_1)
                             0000409c          : s_sinf.c.obj (.text.OUTLINED_FUNCTION_1)
__aeabi_f2d               $Tramp$TT$L$PI$$__aeabi_f2d
   000036e1     000040a4     000040a0   libc.a : s_cosf.c.obj (.text.OUTLINED_FUNCTION_2)
                             000040b6          : s_sinf.c.obj (.text.OUTLINED_FUNCTION_2)

[3 trampolines]
[10 trampoline calls]


GLOBAL SYMBOLS: SORTED ALPHABETICALLY BY Name 

address   name                             
-------   ----                             
00003e09  ADC0_IRQHandler                  
00003e09  ADC1_IRQHandler                  
00003e09  AES_IRQHandler                   
20200688  BusFreq                          
000040c0  C$$EXIT                          
00003a1d  C$$IO$$                          
00003e09  CANFD0_IRQHandler                
00003e09  DAC0_IRQHandler                  
00003e09  DMA_IRQHandler                   
00003e09  Default_Handler                  
00003e09  GROUP0_IRQHandler                
00003e09  GROUP1_IRQHandler                
00003501  HOSTclose                        
00002ed5  HOSTlseek                        
000031ad  HOSTopen                         
0000320d  HOSTread                         
00002f41  HOSTrename                       
00003549  HOSTunlink                       
00003265  HOSTwrite                        
00003e25  HardFault_Handler                
00003e09  I2C0_IRQHandler                  
00003e09  I2C1_IRQHandler                  
00003e09  NMI_Handler                      
00003e09  PendSV_Handler                   
00003e09  RTC_IRQHandler                   
000040b9  Reset_Handler                    
00004b98  SHT$$INIT_ARRAY$$Base            
00004b9c  SHT$$INIT_ARRAY$$Limit           
00003e09  SPI0_IRQHandler                  
00003e09  SPI1_IRQHandler                  
00003e09  SVC_Handler                      
20200a8c  StTextColor                      
2020068c  StX                              
20200690  StY                              
0000119f  SysTick_Handler                  
20200a80  TExaSLogic                       
20200a84  TExaSadc                         
00003e09  TIMA0_IRQHandler                 
00003e09  TIMA1_IRQHandler                 
00003e09  TIMG0_IRQHandler                 
00002b71  TIMG12_IRQHandler                
00003e09  TIMG6_IRQHandler                 
00003621  TIMG7_IRQHandler                 
00003e09  TIMG8_IRQHandler                 
00003f4f  TI_memcpy_small                  
00003fdd  TI_memset_small                  
00003e09  UART0_IRQHandler                 
00003e09  UART1_IRQHandler                 
00003e09  UART2_IRQHandler                 
00003e09  UART3_IRQHandler                 
202008b8  _CIOBUF_                         
00002e55  _Z10Clock_Freqv                  
00002b6f  _Z10Sound_Initv                  
000032bd  _Z10TExaS_InitP10ADC12_RegsjPFhvE
00003f83  _Z11Clock_Delayj                 
000037d9  _Z11SPI_OutDatac                 
00003e41  _Z11ST7735_openPKcji             
00003ed5  _Z11ST7735_readiPcj              
00003d21  _Z11Switch_Initv                 
00002519  _Z12ST7735_InitR10initRFlags     
00004047  _Z12ST7735_closei                
00003fb3  _Z12ST7735_lseekili              
000038b7  _Z12ST7735_writeiPKcj            
00003feb  _Z13ST7735_renamePKcS0_          
00004051  _Z13ST7735_unlinkPKc             
000038ed  _Z14Clock_Delay1msj              
00002bf1  _Z14LaunchPad_Initv              
00003591  _Z14SPI_OutCommandc              
00001ae9  _Z14ST7735_OutCharc              
00002329  _Z14TimerG7_IntArmtjj            
00003811  _Z15ActivatePortA_Bv             
00000cb1  _Z15Clock_Init80MHzi             
00003ac1  _Z15ST7735_Color565hhh           
00000e65  _Z15ST7735_DrawCharsscssh        
000016d9  _Z15ST7735_FillRectsssst         
00002831  _Z15TimerG12_IntArmjj            
00003921  _Z16ST7735_SetCursorjj           
00000705  _Z17ST7735_DrawBitmapssPKtss     
00002a69  _Z17ST7735_DrawStringttPcs       
00003c45  _Z17ST7735_FillScreent           
000025b9  _Z17ST7735_InitPrintf10initRFlags
00003f95  _Z28TExaS_LaunchPadLogicPB27PB26v
000015b1  _Z8ADC_InitP10ADC12_Regsjj       
00003955  _Z8LED_Initv                     
0000405b  _Z8PLL_Initv                     
00001905  _Z8SPI_Initv                     
00003d49  _Z9ADC_StartP10ADC12_Regs        
00003661  _Z9SPI_Resetv                    
00003e5d  _Z9Switch_Inv                    
00001bd1  _Z9UART_Initv                    
00003f3d  _ZN4Tank11NeedsRedrawEv          
00003081  _ZN4Tank11TriVelocityEi          
000011a1  _ZN4Tank12rotateSpriteEf         
00003881  _ZN4Tank15rotateIncrementEi      
00003af3  _ZN4Tank4DrawEv                  
00003cf5  _ZN4Tank4MoveEv                  
00003c71  _ZN4Tank5EraseEv                 
00003413  _ZN4Tank6RotateEi                
000023d1  _ZN4TankC1EiiiPKthhjj            
000023d1  _ZN4TankC2EiiiPKthhjj            
00003ff7  _ZN8SlidePot12lastDistanceEv     
000035d9  _ZN8SlidePot2InEv                
00002c6d  _ZN8SlidePot4InitEv              
00003b55  _ZN8SlidePot4SaveEj              
00003c15  _ZN8SlidePot4SyncEv              
00004003  _ZN8SlidePot8DistanceEv          
00003e95  _ZN8SlidePotC1Ejj                
00003e95  _ZN8SlidePotC2Ejj                
202008b8  __CIOBUF_                        
20208000  __STACK_END                      
00000200  __STACK_SIZE                     
00000200  __SYSMEM_SIZE                    
00000000  __TI_ATRegion0_region_sz         
00000000  __TI_ATRegion0_src_addr          
00000000  __TI_ATRegion0_trg_addr          
00000000  __TI_ATRegion1_region_sz         
00000000  __TI_ATRegion1_src_addr          
00000000  __TI_ATRegion1_trg_addr          
00000000  __TI_ATRegion2_region_sz         
00000000  __TI_ATRegion2_src_addr          
00000000  __TI_ATRegion2_trg_addr          
00004c20  __TI_CINIT_Base                  
00004c30  __TI_CINIT_Limit                 
00004c30  __TI_CINIT_Warm                  
00004c0c  __TI_Handler_Table_Base          
00004c18  __TI_Handler_Table_Limit         
0000336d  __TI_auto_init_nobinit           
00003989  __TI_cleanup                     
20200680  __TI_cleanup_ptr                 
00002ce9  __TI_closefile                   
00002d65  __TI_decompress_lzss             
00003f61  __TI_decompress_none             
000033c1  __TI_doflush                     
20200684  __TI_dtors_ptr                   
20200694  __TI_ft_end                      
ffffffff  __TI_pprof_out_hndl              
ffffffff  __TI_prof_data_size              
ffffffff  __TI_prof_data_start             
000039bd  __TI_readmsg                     
00000000  __TI_static_base__               
202009d8  __TI_tmpnams                     
000039f1  __TI_writemsg                    
00003eeb  __TI_zero_init_nomemset          
00001017  __adddf3                         
00002047  __addsf3                         
00002e61  __aeabi_d2f                      
000034b5  __aeabi_d2iz                     
00001017  __aeabi_dadd                     
00003149  __aeabi_dcmpeq                   
00003185  __aeabi_dcmpge                   
00003199  __aeabi_dcmpgt                   
00003171  __aeabi_dcmple                   
0000315d  __aeabi_dcmplt                   
00001da1  __aeabi_dmul                     
0000100d  __aeabi_dsub                     
20200698  __aeabi_errno                    
000029d9  __aeabi_errno_addr               
000036e1  __aeabi_f2d                      
00003849  __aeabi_f2iz                     
00002047  __aeabi_fadd                     
00002aed  __aeabi_fdiv                     
000028c5  __aeabi_fmul                     
0000203d  __aeabi_fsub                     
00003c9d  __aeabi_i2d                      
00003761  __aeabi_i2f                      
00003315  __aeabi_idiv                     
000031ab  __aeabi_idiv0                    
00003315  __aeabi_idivmod                  
00004011  __aeabi_memclr                   
00004011  __aeabi_memclr4                  
00004011  __aeabi_memclr8                  
00004065  __aeabi_memcpy                   
00004065  __aeabi_memcpy4                  
00004065  __aeabi_memcpy8                  
000036a1  __aeabi_uidiv                    
000036a1  __aeabi_uidivmod                 
ffffffff  __binit__                        
00003019  __cmpdf2                         
00002aed  __divsf3                         
00003019  __eqdf2                          
000036e1  __extendsfdf2                    
000034b5  __fixdfsi                        
00003849  __fixsfsi                        
00003c9d  __floatsidf                      
00003761  __floatsisf                      
00002de1  __gedf2                          
00002de1  __gtdf2                          
000000c1  __kernel_rem_pio2                
00003019  __ledf2                          
00003019  __ltdf2                          
UNDEFED   __mpu_init                       
00001da1  __muldf3                         
0000379d  __muldsi3                        
000028c5  __mulsf3                         
00003019  __nedf2                          
20207e00  __stack                          
20200000  __start___llvm_prf_bits          
20200000  __start___llvm_prf_cnts          
20200000  __stop___llvm_prf_bits           
20200000  __stop___llvm_prf_cnts           
0000100d  __subdf3                         
0000203d  __subsf3                         
00002e61  __truncdfsf2                     
00003dc1  _c_int00_noargs                  
20200588  _device                          
20200498  _ftable                          
2020069c  _lock                            
0000336b  _nop                             
20200600  _stream                          
202006b8  _sys_memory                      
UNDEFED   _system_post_cinit               
000040bd  _system_pre_init                 
202006a0  _unlock                          
000040c1  abort                            
000019fd  add_device                       
000017f1  aligned_alloc                    
ffffffff  binit                            
00003465  close                            
00000915  cosf                             
00003a25  exit                             
00003a59  finddevice                       
0000146d  floor                            
0000146d  floorl                           
00003be5  fopen                            
00001cb9  free                             
00003a8d  freopen                          
00002fad  getdevice                        
00000000  interruptVectors                 
00001f65  ldexp                            
00001f65  ldexpl                           
00002115  main                             
0000401d  malloc                           
000017f1  memalign                         
00002659  open                             
20200000  p1                               
2020024c  p2                               
20200a78  parmbuf                          
20200650  player1SP                        
20200668  player2SP                        
0000406d  remove                           
00001f65  scalbn                           
00001f65  scalbnl                          
00001e85  setvbuf                          
00000ae9  sinf                             
000029e1  strcmp                           
202006a4  time                             
00003cc9  unlink                           
00003d99  write                            


GLOBAL SYMBOLS: SORTED BY Symbol Address 

address   name                             
-------   ----                             
00000000  __TI_ATRegion0_region_sz         
00000000  __TI_ATRegion0_src_addr          
00000000  __TI_ATRegion0_trg_addr          
00000000  __TI_ATRegion1_region_sz         
00000000  __TI_ATRegion1_src_addr          
00000000  __TI_ATRegion1_trg_addr          
00000000  __TI_ATRegion2_region_sz         
00000000  __TI_ATRegion2_src_addr          
00000000  __TI_ATRegion2_trg_addr          
00000000  __TI_static_base__               
00000000  interruptVectors                 
000000c1  __kernel_rem_pio2                
00000200  __STACK_SIZE                     
00000200  __SYSMEM_SIZE                    
00000705  _Z17ST7735_DrawBitmapssPKtss     
00000915  cosf                             
00000ae9  sinf                             
00000cb1  _Z15Clock_Init80MHzi             
00000e65  _Z15ST7735_DrawCharsscssh        
0000100d  __aeabi_dsub                     
0000100d  __subdf3                         
00001017  __adddf3                         
00001017  __aeabi_dadd                     
0000119f  SysTick_Handler                  
000011a1  _ZN4Tank12rotateSpriteEf         
0000146d  floor                            
0000146d  floorl                           
000015b1  _Z8ADC_InitP10ADC12_Regsjj       
000016d9  _Z15ST7735_FillRectsssst         
000017f1  aligned_alloc                    
000017f1  memalign                         
00001905  _Z8SPI_Initv                     
000019fd  add_device                       
00001ae9  _Z14ST7735_OutCharc              
00001bd1  _Z9UART_Initv                    
00001cb9  free                             
00001da1  __aeabi_dmul                     
00001da1  __muldf3                         
00001e85  setvbuf                          
00001f65  ldexp                            
00001f65  ldexpl                           
00001f65  scalbn                           
00001f65  scalbnl                          
0000203d  __aeabi_fsub                     
0000203d  __subsf3                         
00002047  __addsf3                         
00002047  __aeabi_fadd                     
00002115  main                             
00002329  _Z14TimerG7_IntArmtjj            
000023d1  _ZN4TankC1EiiiPKthhjj            
000023d1  _ZN4TankC2EiiiPKthhjj            
00002519  _Z12ST7735_InitR10initRFlags     
000025b9  _Z17ST7735_InitPrintf10initRFlags
00002659  open                             
00002831  _Z15TimerG12_IntArmjj            
000028c5  __aeabi_fmul                     
000028c5  __mulsf3                         
000029d9  __aeabi_errno_addr               
000029e1  strcmp                           
00002a69  _Z17ST7735_DrawStringttPcs       
00002aed  __aeabi_fdiv                     
00002aed  __divsf3                         
00002b6f  _Z10Sound_Initv                  
00002b71  TIMG12_IRQHandler                
00002bf1  _Z14LaunchPad_Initv              
00002c6d  _ZN8SlidePot4InitEv              
00002ce9  __TI_closefile                   
00002d65  __TI_decompress_lzss             
00002de1  __gedf2                          
00002de1  __gtdf2                          
00002e55  _Z10Clock_Freqv                  
00002e61  __aeabi_d2f                      
00002e61  __truncdfsf2                     
00002ed5  HOSTlseek                        
00002f41  HOSTrename                       
00002fad  getdevice                        
00003019  __cmpdf2                         
00003019  __eqdf2                          
00003019  __ledf2                          
00003019  __ltdf2                          
00003019  __nedf2                          
00003081  _ZN4Tank11TriVelocityEi          
00003149  __aeabi_dcmpeq                   
0000315d  __aeabi_dcmplt                   
00003171  __aeabi_dcmple                   
00003185  __aeabi_dcmpge                   
00003199  __aeabi_dcmpgt                   
000031ab  __aeabi_idiv0                    
000031ad  HOSTopen                         
0000320d  HOSTread                         
00003265  HOSTwrite                        
000032bd  _Z10TExaS_InitP10ADC12_RegsjPFhvE
00003315  __aeabi_idiv                     
00003315  __aeabi_idivmod                  
0000336b  _nop                             
0000336d  __TI_auto_init_nobinit           
000033c1  __TI_doflush                     
00003413  _ZN4Tank6RotateEi                
00003465  close                            
000034b5  __aeabi_d2iz                     
000034b5  __fixdfsi                        
00003501  HOSTclose                        
00003549  HOSTunlink                       
00003591  _Z14SPI_OutCommandc              
000035d9  _ZN8SlidePot2InEv                
00003621  TIMG7_IRQHandler                 
00003661  _Z9SPI_Resetv                    
000036a1  __aeabi_uidiv                    
000036a1  __aeabi_uidivmod                 
000036e1  __aeabi_f2d                      
000036e1  __extendsfdf2                    
00003761  __aeabi_i2f                      
00003761  __floatsisf                      
0000379d  __muldsi3                        
000037d9  _Z11SPI_OutDatac                 
00003811  _Z15ActivatePortA_Bv             
00003849  __aeabi_f2iz                     
00003849  __fixsfsi                        
00003881  _ZN4Tank15rotateIncrementEi      
000038b7  _Z12ST7735_writeiPKcj            
000038ed  _Z14Clock_Delay1msj              
00003921  _Z16ST7735_SetCursorjj           
00003955  _Z8LED_Initv                     
00003989  __TI_cleanup                     
000039bd  __TI_readmsg                     
000039f1  __TI_writemsg                    
00003a1d  C$$IO$$                          
00003a25  exit                             
00003a59  finddevice                       
00003a8d  freopen                          
00003ac1  _Z15ST7735_Color565hhh           
00003af3  _ZN4Tank4DrawEv                  
00003b55  _ZN8SlidePot4SaveEj              
00003be5  fopen                            
00003c15  _ZN8SlidePot4SyncEv              
00003c45  _Z17ST7735_FillScreent           
00003c71  _ZN4Tank5EraseEv                 
00003c9d  __aeabi_i2d                      
00003c9d  __floatsidf                      
00003cc9  unlink                           
00003cf5  _ZN4Tank4MoveEv                  
00003d21  _Z11Switch_Initv                 
00003d49  _Z9ADC_StartP10ADC12_Regs        
00003d99  write                            
00003dc1  _c_int00_noargs                  
00003e09  ADC0_IRQHandler                  
00003e09  ADC1_IRQHandler                  
00003e09  AES_IRQHandler                   
00003e09  CANFD0_IRQHandler                
00003e09  DAC0_IRQHandler                  
00003e09  DMA_IRQHandler                   
00003e09  Default_Handler                  
00003e09  GROUP0_IRQHandler                
00003e09  GROUP1_IRQHandler                
00003e09  I2C0_IRQHandler                  
00003e09  I2C1_IRQHandler                  
00003e09  NMI_Handler                      
00003e09  PendSV_Handler                   
00003e09  RTC_IRQHandler                   
00003e09  SPI0_IRQHandler                  
00003e09  SPI1_IRQHandler                  
00003e09  SVC_Handler                      
00003e09  TIMA0_IRQHandler                 
00003e09  TIMA1_IRQHandler                 
00003e09  TIMG0_IRQHandler                 
00003e09  TIMG6_IRQHandler                 
00003e09  TIMG8_IRQHandler                 
00003e09  UART0_IRQHandler                 
00003e09  UART1_IRQHandler                 
00003e09  UART2_IRQHandler                 
00003e09  UART3_IRQHandler                 
00003e25  HardFault_Handler                
00003e41  _Z11ST7735_openPKcji             
00003e5d  _Z9Switch_Inv                    
00003e95  _ZN8SlidePotC1Ejj                
00003e95  _ZN8SlidePotC2Ejj                
00003ed5  _Z11ST7735_readiPcj              
00003eeb  __TI_zero_init_nomemset          
00003f3d  _ZN4Tank11NeedsRedrawEv          
00003f4f  TI_memcpy_small                  
00003f61  __TI_decompress_none             
00003f83  _Z11Clock_Delayj                 
00003f95  _Z28TExaS_LaunchPadLogicPB27PB26v
00003fb3  _Z12ST7735_lseekili              
00003fdd  TI_memset_small                  
00003feb  _Z13ST7735_renamePKcS0_          
00003ff7  _ZN8SlidePot12lastDistanceEv     
00004003  _ZN8SlidePot8DistanceEv          
00004011  __aeabi_memclr                   
00004011  __aeabi_memclr4                  
00004011  __aeabi_memclr8                  
0000401d  malloc                           
00004047  _Z12ST7735_closei                
00004051  _Z13ST7735_unlinkPKc             
0000405b  _Z8PLL_Initv                     
00004065  __aeabi_memcpy                   
00004065  __aeabi_memcpy4                  
00004065  __aeabi_memcpy8                  
0000406d  remove                           
000040b9  Reset_Handler                    
000040bd  _system_pre_init                 
000040c0  C$$EXIT                          
000040c1  abort                            
00004b98  SHT$$INIT_ARRAY$$Base            
00004b9c  SHT$$INIT_ARRAY$$Limit           
00004c0c  __TI_Handler_Table_Base          
00004c18  __TI_Handler_Table_Limit         
00004c20  __TI_CINIT_Base                  
00004c30  __TI_CINIT_Limit                 
00004c30  __TI_CINIT_Warm                  
20200000  __start___llvm_prf_bits          
20200000  __start___llvm_prf_cnts          
20200000  __stop___llvm_prf_bits           
20200000  __stop___llvm_prf_cnts           
20200000  p1                               
2020024c  p2                               
20200498  _ftable                          
20200588  _device                          
20200600  _stream                          
20200650  player1SP                        
20200668  player2SP                        
20200680  __TI_cleanup_ptr                 
20200684  __TI_dtors_ptr                   
20200688  BusFreq                          
2020068c  StX                              
20200690  StY                              
20200694  __TI_ft_end                      
20200698  __aeabi_errno                    
2020069c  _lock                            
202006a0  _unlock                          
202006a4  time                             
202006b8  _sys_memory                      
202008b8  _CIOBUF_                         
202008b8  __CIOBUF_                        
202009d8  __TI_tmpnams                     
20200a78  parmbuf                          
20200a80  TExaSLogic                       
20200a84  TExaSadc                         
20200a8c  StTextColor                      
20207e00  __stack                          
20208000  __STACK_END                      
ffffffff  __TI_pprof_out_hndl              
ffffffff  __TI_prof_data_size              
ffffffff  __TI_prof_data_start             
ffffffff  __binit__                        
ffffffff  binit                            
UNDEFED   __mpu_init                       
UNDEFED   _system_post_cinit               

[248 symbols]
