******************************************************************************
            TI ARM Clang Linker PC v4.0.1                      
******************************************************************************
>> Linked Sat Apr 19 20:49:59 2025

OUTPUT FILE NAME:   <ECE319K_Lab9H.out>
ENTRY POINT SYMBOL: "_c_int00_noargs"  address: 00004405


MEMORY CONFIGURATION

         name            origin    length      used     unused   attr    fill
----------------------  --------  ---------  --------  --------  ----  --------
  FLASH                 00000000   00020000  00005390  0001ac70  R  X
  SRAM                  20200000   00008000  00000e7a  00007186  RW X
  BCR_CONFIG            41c00000   00000080  00000000  00000080  R   
  BSL_CONFIG            41c00100   00000080  00000000  00000080  R   


SEGMENT ALLOCATION MAP

run origin  load origin   length   init length attrs members
----------  ----------- ---------- ----------- ----- -------
00000000    00000000    00005390   00005390    r-x
  00000000    00000000    000000c0   000000c0    r-- .intvecs
  000000c0    000000c0    00004700   00004700    r-x .text
  000047c0    000047c0    00000b30   00000b30    r-- .rodata
  000052f0    000052f0    00000008   00000008    r-- .init_array
  000052f8    000052f8    00000098   00000098    r-- .cinit
20200000    20200000    00000c81   00000000    rw-
  20200000    20200000    000008a1   00000000    rw- .data
  202008a8    202008a8    00000200   00000000    rw- .sysmem
  20200aa8    20200aa8    000001d9   00000000    rw- .bss
20207e00    20207e00    00000200   00000000    rw-
  20207e00    20207e00    00000200   00000000    rw- .stack


SECTION ALLOCATION MAP

 output                                  attributes/
section   page    origin      length       input sections
--------  ----  ----------  ----------   ----------------
.intvecs   0    00000000    000000c0     
                  00000000    000000c0     startup_mspm0g3507_ticlang.o (.intvecs)

.binit     0    00000000    00000000     

.text      0    000000c0    00004700     
                  000000c0    00000644     libc.a : k_rem_pio2.c.obj (.text.__kernel_rem_pio2)
                  00000704    00000210     ST7735.o (.text._Z17ST7735_DrawBitmapssPKtss)
                  00000914    000001d4     libc.a : s_cosf.c.obj (.text.cosf)
                  00000ae8    000001c8            : s_sinf.c.obj (.text.sinf)
                  00000cb0    000001b4     Clock.o (.text._Z15Clock_Init80MHzi)
                  00000e64    000001a8     ST7735.o (.text._Z15ST7735_DrawCharsscssh)
                  0000100c    00000192     libclang_rt.builtins.a : adddf3.S.obj (.text.adddf3_subdf3)
                  0000119e    00000002     Sound.o (.text.SysTick_Handler)
                  000011a0    00000178     tank.o (.text._ZN4Tank12rotateSpriteEf)
                  00001318    00000154     libc.a : fopen.c.obj (.text._openfile)
                  0000146c    00000144            : s_floor.c.obj (.text.floor)
                  000015b0    00000128     TExaS.o (.text._Z8ADC_InitP10ADC12_Regsjj)
                  000016d8    00000118     ST7735.o (.text._Z15ST7735_FillRectsssst)
                  000017f0    00000114     libc.a : memory.c.obj (.text.aligned_alloc)
                  00001904    000000f8     SPI.o (.text._Z8SPI_Initv)
                  000019fc    000000ec     libsysbm.a : add_device.c.obj (.text.add_device)
                  00001ae8    000000e8     ST7735.o (.text._Z14ST7735_OutCharc)
                  00001bd0    000000e8     TExaS.o (.text._Z9UART_Initv)
                  00001cb8    000000e8     libc.a : memory.c.obj (.text.free)
                  00001da0    000000e4     libclang_rt.builtins.a : muldf3.S.obj (.text.__muldf3)
                  00001e84    000000e0     libc.a : setvbuf.c.obj (.text.setvbuf)
                  00001f64    000000d8            : s_scalbn.c.obj (.text.scalbn)
                  0000203c    000000d8     libclang_rt.builtins.a : addsf3.S.obj (.text)
                  00002114    000000cc     tools.o (.text._Z12bulletUpdatev)
                  000021e0    000000c4     bullet.o (.text._ZN6Bullet4MoveEv)
                  000022a4    000000ac     libc.a : s_cosf.c.obj (.text.__kernel_sindf)
                  00002350    000000ac            : s_sinf.c.obj (.text.__kernel_sindf)
                  000023fc    000000a8     Timer.o (.text._Z14TimerG7_IntArmtjj)
                  000024a4    000000a6     tank.o (.text._ZN4TankC2EiiiPKthhjj)
                  0000254a    00000002     Sound.o (.text._Z10Sound_Initv)
                  0000254c    000000a4     tools.o (.text._Z12rotateUpdatev)
                  000025f0    000000a2     ST7735.o (.text._ZL11commandListPKh)
                  00002692    00000002     libclang_rt.builtins.a : aeabi_div0.c.obj (.text.__aeabi_idiv0)
                  00002694    000000a0     ST7735.o (.text._Z12ST7735_InitR10initRFlags)
                  00002734    000000a0     ST7735.o (.text._Z17ST7735_InitPrintf10initRFlags)
                  000027d4    000000a0     libsysbm.a : open.c.obj (.text.open)
                  00002874    0000009c     libc.a : s_cosf.c.obj (.text.__kernel_cosdf)
                  00002910    0000009c            : s_sinf.c.obj (.text.__kernel_cosdf)
                  000029ac    0000009a     tank.o (.text._ZN4Tank5ShootEP6Bulleti)
                  00002a46    00000002     libc.a : _lock.c.obj (.text._nop)
                  00002a48    00000094     Timer.o (.text._Z15TimerG12_IntArmjj)
                  00002adc    00000090     SlidePot.o (.text._ZN8SlidePot4InitEj)
                  00002b6c    0000008c     libclang_rt.builtins.a : mulsf3.S.obj (.text.__mulsf3)
                  00002bf8    0000008c     Lab9HMain.o (.text.main)
                  00002c84    00000088     ST7735.o (.text._ZL13setAddrWindowhhhh)
                  00002d0c    00000004     libc.a : pre_init.c.obj (.text._system_pre_init)
                  00002d10    00000088            : strcmp-armv6m.S.obj (.text:strcmp)
                  00002d98    00000084     ST7735.o (.text._Z17ST7735_DrawStringttPcs)
                  00002e1c    00000082     libclang_rt.builtins.a : divsf3.S.obj (.text.__divsf3)
                  00002e9e    00000002     --HOLE-- [fill = 0]
                  00002ea0    00000080     bullet.o (.text._ZN6Bullet4InitEiifii)
                  00002f20    0000007c     Lab9HMain.o (.text.TIMG12_IRQHandler)
                  00002f9c    0000007c     LaunchPad.o (.text._Z14LaunchPad_Initv)
                  00003018    0000007c     libc.a : fclose.c.obj (.text.__TI_closefile)
                  00003094    0000007c            : copy_decompress_lzss.c.obj (.text:decompress:lzss)
                  00003110    00000074     libclang_rt.builtins.a : comparedf2.c.obj (.text.__gedf2)
                  00003184    0000000c     Clock.o (.text._Z10Clock_Freqv)
                  00003190    00000074     libclang_rt.builtins.a : truncdfsf2.S.obj (.text.__truncdfsf2)
                  00003204    0000006c     libsysbm.a : hostlseek.c.obj (.text.HOSTlseek)
                  00003270    0000006c                : hostrename.c.obj (.text.HOSTrename)
                  000032dc    0000006c     libc.a : getdevice.c.obj (.text.getdevice)
                  00003348    00000068     libclang_rt.builtins.a : comparedf2.c.obj (.text.__ledf2)
                  000033b0    00000064     tank.o (.text._ZN4Tank11TriVelocityEi)
                  00003414    00000064     libc.a : memory.c.obj (.text.split)
                  00003478    00000062     libclang_rt.builtins.a : aeabi_dcmp.S.obj (.text.__aeabi_dcmp)
                  000034da    00000002     --HOLE-- [fill = 0]
                  000034dc    00000062                            : aeabi_fcmp.S.obj (.text.__aeabi_fcmp)
                  0000353e    00000002     --HOLE-- [fill = 0]
                  00003540    00000060     libsysbm.a : hostopen.c.obj (.text.HOSTopen)
                  000035a0    00000060     SlidePot.o (.text._ZN8SlidePot2InEv)
                  00003600    00000058     libsysbm.a : hostread.c.obj (.text.HOSTread)
                  00003658    00000058                : hostwrite.c.obj (.text.HOSTwrite)
                  000036b0    00000058     TExaS.o (.text._Z10TExaS_InitP10ADC12_RegsjPFhvE)
                  00003708    00000056     libclang_rt.builtins.a : aeabi_idivmod.S.obj (.text.__aeabi_idivmod)
                  0000375e    00000002     --HOLE-- [fill = 0]
                  00003760    00000054     libc.a : autoinit.c.obj (.text:__TI_auto_init_nobinit)
                  000037b4    00000052            : fflush.c.obj (.text.__TI_doflush)
                  00003806    00000050     tools.o (.text._Z12tankMovementjjR4Tank)
                  00003856    00000050     tank.o (.text._ZN4Tank6RotateEi)
                  000038a6    00000002     --HOLE-- [fill = 0]
                  000038a8    00000050     libsysbm.a : close.c.obj (.text.close)
                  000038f8    0000004c     tank.o (.text._ZN4Tank4MoveEv)
                  00003944    0000004a     libclang_rt.builtins.a : fixdfsi.S.obj (.text.__fixdfsi)
                  0000398e    00000002     --HOLE-- [fill = 0]
                  00003990    00000048     libsysbm.a : hostclose.c.obj (.text.HOSTclose)
                  000039d8    00000048                : hostunlink.c.obj (.text.HOSTunlink)
                  00003a20    00000048     SPI.o (.text._Z14SPI_OutCommandc)
                  00003a68    00000044     tools.o (.text._Z9queryTankv)
                  00003aac    00000040     TExaS.o (.text.TIMG7_IRQHandler)
                  00003aec    00000040     SPI.o (.text._Z9SPI_Resetv)
                  00003b2c    00000040     bullet.o (.text._ZN6Bullet4DrawEv)
                  00003b6c    00000040     libclang_rt.builtins.a : aeabi_uidivmod.S.obj (.text.__aeabi_uidivmod)
                  00003bac    00000040                            : extendsfdf2.S.obj (.text.__extendsfdf2)
                  00003bec    00000040     libc.a : fopen.c.obj (.text._search_fp)
                  00003c2c    0000003c     libclang_rt.builtins.a : floatsisf.S.obj (.text.__floatsisf)
                  00003c68    0000003c                            : comparesf2.S.obj (.text.__gtsf2)
                  00003ca4    0000003a                            : comparesf2.S.obj (.text.__eqsf2)
                  00003cde    00000002     --HOLE-- [fill = 0]
                  00003ce0    0000003a                            : muldsi3.S.obj (.text.__muldsi3)
                  00003d1a    00000002     --HOLE-- [fill = 0]
                  00003d1c    00000038     SPI.o (.text._Z11SPI_OutDatac)
                  00003d54    00000038     LaunchPad.o (.text._Z15ActivatePortA_Bv)
                  00003d8c    00000038     bullet.o (.text._ZN6Bullet5EraseEv)
                  00003dc4    00000038     libclang_rt.builtins.a : fixsfsi.S.obj (.text.__fixsfsi)
                  00003dfc    00000036     tank.o (.text._ZN4Tank15rotateIncrementEi)
                  00003e32    00000034     ST7735.o (.text._Z12ST7735_writeiPKcj)
                  00003e66    00000002     --HOLE-- [fill = 0]
                  00003e68    00000034     tools.o (.text._Z13displayUpdatev)
                  00003e9c    00000034     Clock.o (.text._Z14Clock_Delay1msj)
                  00003ed0    00000034     ST7735.o (.text._Z16ST7735_SetCursorjj)
                  00003f04    00000034     tools.o (.text._Z7clamperiii)
                  00003f38    00000034     LED.o (.text._Z8LED_Initv)
                  00003f6c    00000034     libc.a : fopen.c.obj (.text.__TI_cleanup)
                  00003fa0    00000034     libsysbm.a : trgmsg.c.obj (.text.__TI_readmsg)
                  00003fd4    00000034                : trgmsg.c.obj (.text.__TI_writemsg)
                  00004008    00000034     libc.a : exit.c.obj (.text.exit)
                  0000403c    00000034            : getdevice.c.obj (.text.finddevice)
                  00004070    00000034            : fopen.c.obj (.text.freopen)
                  000040a4    00000032     ST7735.o (.text._Z15ST7735_Color565hhh)
                  000040d6    00000032     tank.o (.text._ZN4Tank13TickCooldownsEv)
                  00004108    00000032     tank.o (.text._ZN4Tank4DrawEv)
                  0000413a    00000002     --HOLE-- [fill = 0]
                  0000413c    00000030     ST7735.o (.text._ZL10commonInitPKh)
                  0000416c    00000030     SlidePot.o (.text._ZN8SlidePot4SaveEj)
                  0000419c    00000030     Lab9HMain.o (.text.__cxx_global_var_init.4)
                  000041cc    00000030     Lab9HMain.o (.text.__cxx_global_var_init.5)
                  000041fc    00000030     libc.a : fopen.c.obj (.text.fopen)
                  0000422c    0000002e     SlidePot.o (.text._ZN8SlidePot4SyncEv)
                  0000425a    00000002     --HOLE-- [fill = 0]
                  0000425c    0000002c     ST7735.o (.text._Z17ST7735_FillScreent)
                  00004288    0000002c     tank.o (.text._ZN4Tank5EraseEv)
                  000042b4    0000002c     Lab9HMain.o (.text.__cxx_global_var_init.1)
                  000042e0    0000002c     Lab9HMain.o (.text.__cxx_global_var_init)
                  0000430c    0000002c     libclang_rt.builtins.a : floatsidf.S.obj (.text.__floatsidf)
                  00004338    0000002c     libsysbm.a : unlink.c.obj (.text.unlink)
                  00004364    00000028     Switch.o (.text._Z11Switch_Initv)
                  0000438c    00000028     TExaS.o (.text._Z9ADC_StartP10ADC12_Regs)
                  000043b4    00000028     libc.a : memory.c.obj (.text.free_list_insert)
                  000043dc    00000028     libsysbm.a : write.c.obj (.text.write)
                  00004404    00000028     libc.a : boot_cortex_m.c.obj (.text:_c_int00_noargs)
                  0000442c    0000001e     ST7735.o (.text._ZL9pushColort)
                  0000444a    00000002     --HOLE-- [fill = 0]
                  0000444c    0000001c     startup_mspm0g3507_ticlang.o (.text.Default_Handler)
                  00004468    0000001c     startup_mspm0g3507_ticlang.o (.text.HardFault_Handler)
                  00004484    0000001c     Lab9HMain.o (.text._GLOBAL__sub_I_Lab9HMain.cpp)
                  000044a0    0000001c     Switch.o (.text._Z10Switch_In1v)
                  000044bc    0000001c     Switch.o (.text._Z10Switch_In2v)
                  000044d8    0000001c     ST7735.o (.text._Z11ST7735_openPKcji)
                  000044f4    0000001c     Switch.o (.text._Z7P1SHOOTv)
                  00004510    0000001c     Switch.o (.text._Z7P2SHOOTv)
                  0000452c    0000001c     libc.a : memory.c.obj (.text.free_list_remove)
                  00004548    0000001a     tools.o (.text._Z15SlidePotSamplerR8SlidePot)
                  00004562    0000001a     SlidePot.o (.text._ZN8SlidePotC2Ejj)
                  0000457c    00000018     bullet.o (.text._ZN6BulletC2Ev)
                  00004594    00000016     libc.a : k_rem_pio2.c.obj (.text.OUTLINED_FUNCTION_0)
                  000045aa    00000002     --HOLE-- [fill = 0]
                  000045ac    00000010     libclang_rt.builtins.a : adddf3.S.obj (.tramp.__aeabi_dadd.1)
                  000045bc    00000016     ST7735.o (.text._Z11ST7735_readiPcj)
                  000045d2    00000016     libc.a : copy_zero_init.c.obj (.text:decompress:ZI:__TI_zero_init_nomemset)
                  000045e8    00000014     Lab9HMain.o (.text.__cxx_global_var_init.2)
                  000045fc    00000014     Lab9HMain.o (.text.__cxx_global_var_init.3)
                  00004610    00000012     tank.o (.text._ZN4Tank11NeedsRedrawEv)
                  00004622    00000012     libc.a : memcpy16.S.obj (.text:TI_memcpy_small)
                  00004634    00000012            : copy_decompress_none.c.obj (.text:decompress:none)
                  00004646    00000010            : k_rem_pio2.c.obj (.text.OUTLINED_FUNCTION_2)
                  00004656    00000010     Clock.o (.text._Z11Clock_Delayj)
                  00004666    00000002     --HOLE-- [fill = 0]
                  00004668    00000010     Lab9HMain.o (.text._Z28TExaS_LaunchPadLogicPB27PB26v)
                  00004678    00000010     tank.o (.text._ZN4Tank8CanShootEv)
                  00004688    00000010     bullet.o (.text._ZNK6Bullet8IsActiveEv)
                  00004698    0000000e     libc.a : memory.c.obj (.text.OUTLINED_FUNCTION_0)
                  000046a6    0000000e     ST7735.o (.text._Z12ST7735_lseekili)
                  000046b4    0000000e     libsysbm.a : hostrename.c.obj (.text.strcpy)
                  000046c2    0000000e                : hostrename.c.obj (.text.strlen)
                  000046d0    0000000e     libc.a : memset16.S.obj (.text:TI_memset_small)
                  000046de    0000000c     ST7735.o (.text._Z13ST7735_renamePKcS0_)
                  000046ea    0000000c     SlidePot.o (.text._ZN8SlidePot12lastDistanceEv)
                  000046f6    0000000c     SlidePot.o (.text._ZN8SlidePot8DistanceEv)
                  00004702    00000002     --HOLE-- [fill = 0]
                  00004704    0000000c     libclang_rt.builtins.a : aeabi_memset.S.obj (.text.__aeabi_memclr)
                  00004710    0000000c     libc.a : memory.c.obj (.text.malloc)
                  0000471c    0000000a            : k_rem_pio2.c.obj (.text.OUTLINED_FUNCTION_1)
                  00004726    0000000a            : s_cosf.c.obj (.text.OUTLINED_FUNCTION_3)
                  00004730    0000000a            : s_sinf.c.obj (.text.OUTLINED_FUNCTION_3)
                  0000473a    0000000a     ST7735.o (.text._Z12ST7735_closei)
                  00004744    0000000a     ST7735.o (.text._Z13ST7735_unlinkPKc)
                  0000474e    0000000a     Lab9HMain.o (.text._Z8PLL_Initv)
                  00004758    00000008     libc.a : aeabi_portable.c.obj (.text.__aeabi_errno_addr)
                  00004760    00000008     libclang_rt.builtins.a : aeabi_memcpy.S.obj (.text.__aeabi_memcpy)
                  00004768    00000008     libsysbm.a : remove.c.obj (.text.remove)
                  00004770    00000006     libc.a : s_cosf.c.obj (.text.OUTLINED_FUNCTION_0)
                  00004776    00000002     --HOLE-- [fill = 0]
                  00004778    00000010     libclang_rt.builtins.a : muldf3.S.obj (.tramp.__aeabi_dmul.1)
                  00004788    00000006     libc.a : s_sinf.c.obj (.text.OUTLINED_FUNCTION_0)
                  0000478e    00000006            : s_cosf.c.obj (.text.OUTLINED_FUNCTION_1)
                  00004794    00000006            : s_sinf.c.obj (.text.OUTLINED_FUNCTION_1)
                  0000479a    00000004            : s_cosf.c.obj (.text.OUTLINED_FUNCTION_2)
                  0000479e    00000002     --HOLE-- [fill = 0]
                  000047a0    00000010     libclang_rt.builtins.a : extendsfdf2.S.obj (.tramp.__aeabi_f2d.1)
                  000047b0    00000004     libc.a : s_sinf.c.obj (.text.OUTLINED_FUNCTION_2)
                  000047b4    00000004     startup_mspm0g3507_ticlang.o (.text.Reset_Handler)
                  000047b8    00000004     libc.a : exit.c.obj (.text:abort)
                  000047bc    00000004     --HOLE-- [fill = 0]

.cinit     0    000052f8    00000098     
                  000052f8    0000006d     (.cinit..data.load) [load image, compression = lzss]
                  00005365    00000003     --HOLE-- [fill = 0]
                  00005368    0000000c     (__TI_handler_table)
                  00005374    00000008     (.cinit..bss.load) [load image, compression = zero_init]
                  0000537c    00000010     (__TI_cinit_table)
                  0000538c    00000004     --HOLE-- [fill = 0]

.rodata    0    000047c0    00000b30     
                  000047c0    000004fb     ST7735.o (.rodata._ZL4Font)
                  00004cbb    00000001     --HOLE-- [fill = 0]
                  00004cbc    00000214     Lab9HMain.o (.rodata._ZL7MiniRed)
                  00004ed0    00000214     Lab9HMain.o (.rodata._ZL8MiniBlue)
                  000050e4    00000108     libc.a : k_rem_pio2.c.obj (.rodata.ipio2)
                  000051ec    00000002     ST7735.o (.rodata.str1.145302396146969619001)
                  000051ee    00000002     --HOLE-- [fill = 0]
                  000051f0    00000040     libc.a : k_rem_pio2.c.obj (.rodata.PIo2)
                  00005230    0000003b     ST7735.o (.rodata._ZL5Rcmd1)
                  0000526b    0000002b     ST7735.o (.rodata._ZL5Rcmd3)
                  00005296    00000016     ST7735.o (.rodata.str1.59959519694590733531)
                  000052ac    00000010     libc.a : k_rem_pio2.c.obj (.rodata.cst16)
                  000052bc    0000000d     ST7735.o (.rodata._ZL10Rcmd2green)
                  000052c9    0000000d     ST7735.o (.rodata._ZL8Rcmd2red)
                  000052d6    00000008     ST7735.o (.rodata.str1.48350117711619464051)
                  000052de    00000007     ST7735.o (.rodata.str1.175719450624619433971)
                  000052e5    00000007     ST7735.o (.rodata.str1.42255827801651177341)
                  000052ec    00000004     --HOLE-- [fill = 0]

.init_array 
*          0    000052f0    00000008     
                  000052f0    00000004     Lab9HMain.o (.init_array)
                  000052f4    00000004     --HOLE-- [fill = 0]

.data      0    20200000    000008a1     UNINITIALIZED
                  20200000    0000024c     Lab9HMain.o (.data.p1)
                  2020024c    0000024c     Lab9HMain.o (.data.p2)
                  20200498    000000f0     libc.a : defs.c.obj (.data._ftable)
                  20200588    000000f0     Lab9HMain.o (.data.bullets1)
                  20200678    000000f0     Lab9HMain.o (.data.bullets2)
                  20200768    00000078     libsysbm.a : host_device.c.obj (.data._device)
                  202007e0    00000050                : host_device.c.obj (.data._stream)
                  20200830    0000001c     Lab9HMain.o (.data.player1SP)
                  2020084c    0000001c     Lab9HMain.o (.data.player2SP)
                  20200868    00000008     libc.a : exit.c.obj (.data..L_MergedGlobals)
                  20200870    00000004     Clock.o (.data.BusFreq)
                  20200874    00000004     ST7735.o (.data.StX)
                  20200878    00000004     ST7735.o (.data.StY)
                  2020087c    00000004     libc.a : defs.c.obj (.data.__TI_ft_end)
                  20200880    00000004            : aeabi_portable.c.obj (.data.__aeabi_errno)
                  20200884    00000004            : _lock.c.obj (.data._lock)
                  20200888    00000004            : _lock.c.obj (.data._unlock)
                  2020088c    00000004     Lab9HMain.o (.data.time)
                  20200890    00000002     ST7735.o (.data._ZL6_width)
                  20200892    00000002     ST7735.o (.data._ZL7_height)
                  20200894    00000001     Lab9HMain.o (.data.TG12Flag)
                  20200895    00000001     Lab9HMain.o (.data.bulletFlag1)
                  20200896    00000001     Lab9HMain.o (.data.bulletFlag2)
                  20200897    00000001     --HOLE--
                  20200898    00000001     libsysbm.a : add_device.c.obj (.data.add_device.device_init)
                  20200899    00000003     --HOLE--
                  2020089c    00000001     libc.a : memory.c.obj (.data.memory_is_initialized)
                  2020089d    00000003     --HOLE--
                  202008a0    00000001     libsysbm.a : open.c.obj (.data.open.stream_init)

.sysmem    0    202008a8    00000200     UNINITIALIZED
                  202008a8    00000010     libc.a : memory.c.obj (.sysmem)
                  202008b8    000001f0     --HOLE--

.bss       0    20200aa8    000001d9     UNINITIALIZED
                  20200aa8    00000120     libsysbm.a : trgmsg.c.obj (.bss:_CIOBUF_)
                  20200bc8    000000a0     libc.a : defs.c.obj (.bss.__TI_tmpnams)
                  20200c68    00000008     libsysbm.a : hostopen.c.obj (.bss.parmbuf)
                  20200c70    00000004     TExaS.o (.bss.TExaSLogic)
                  20200c74    00000004     TExaS.o (.bss.TExaSadc)
                  20200c78    00000004     libc.a : memory.c.obj (.bss.sys_free)
                  20200c7c    00000002     ST7735.o (.bss.StTextColor)
                  20200c7e    00000001     ST7735.o (.bss._ZL8ColStart)
                  20200c7f    00000001     ST7735.o (.bss._ZL8RowStart)
                  20200c80    00000001     ST7735.o (.bss._ZL8TabColor)

.stack     0    20207e00    00000200     UNINITIALIZED
                  20207e00    00000004     libc.a : boot_cortex_m.c.obj (.stack)
                  20207e04    000001fc     --HOLE--

__llvm_prf_cnts 
*          0    20200000    00000000     UNINITIALIZED

__llvm_prf_bits 
*          0    20200000    00000000     UNINITIALIZED

MODULE SUMMARY

       Module                         code    ro data   rw data
       ------                         ----    -------   -------
    .\
       ST7735.o                       2586    1449      17     
       Lab9HMain.o                    542     1068      1719   
       tank.o                         1184    0         0      
       TExaS.o                        720     0         8      
       tools.o                        646     0         0      
       Clock.o                        516     0         4      
       bullet.o                       484     0         0      
       SPI.o                          440     0         0      
       SlidePot.o                     384     0         0      
       Timer.o                        316     0         0      
       LaunchPad.o                    180     0         0      
       Switch.o                       152     0         0      
       LED.o                          52      0         0      
       Sound.o                        4       0         0      
    +--+------------------------------+-------+---------+---------+
       Total:                         8206    2517      1748   
                                                               
    .\ticlang\
       startup_mspm0g3507_ticlang.o   60      192       0      
    +--+------------------------------+-------+---------+---------+
       Total:                         60      192       0      
                                                               
    C:\ti\ccs2000\ccs\tools\compiler\ti-cgt-armllvm_4.0.1.LTS\lib\armv6m-ti-none-eabi/c/libc.a
       k_rem_pio2.c.obj               1652    344       0      
       s_cosf.c.obj                   822     0         0      
       s_sinf.c.obj                   810     0         0      
       memory.c.obj                   702     0         5      
       fopen.c.obj                    556     0         0      
       defs.c.obj                     0       0         404    
       s_floor.c.obj                  324     0         0      
       setvbuf.c.obj                  224     0         0      
       s_scalbn.c.obj                 216     0         0      
       getdevice.c.obj                160     0         0      
       strcmp-armv6m.S.obj            136     0         0      
       copy_decompress_lzss.c.obj     124     0         0      
       fclose.c.obj                   124     0         0      
       autoinit.c.obj                 84      0         0      
       fflush.c.obj                   82      0         0      
       exit.c.obj                     56      0         8      
       boot_cortex_m.c.obj            40      0         0      
       copy_zero_init.c.obj           22      0         0      
       copy_decompress_none.c.obj     18      0         0      
       memcpy16.S.obj                 18      0         0      
       memset16.S.obj                 14      0         0      
       aeabi_portable.c.obj           8       0         4      
       _lock.c.obj                    2       0         8      
       pre_init.c.obj                 4       0         0      
    +--+------------------------------+-------+---------+---------+
       Total:                         6198    344       429    
                                                               
    C:\ti\ccs2000\ccs\tools\compiler\ti-cgt-armllvm_4.0.1.LTS\lib\armv6m-ti-none-eabi/c/libsysbm.a
       trgmsg.c.obj                   104     0         288    
       add_device.c.obj               236     0         1      
       host_device.c.obj              0       0         200    
       open.c.obj                     160     0         1      
       hostrename.c.obj               136     0         0      
       hostlseek.c.obj                108     0         0      
       hostopen.c.obj                 96      0         8      
       hostread.c.obj                 88      0         0      
       hostwrite.c.obj                88      0         0      
       close.c.obj                    80      0         0      
       hostclose.c.obj                72      0         0      
       hostunlink.c.obj               72      0         0      
       unlink.c.obj                   44      0         0      
       write.c.obj                    40      0         0      
       remove.c.obj                   8       0         0      
    +--+------------------------------+-------+---------+---------+
       Total:                         1332    0         498    
                                                               
    C:\ti\ccs2000\ccs\tools\compiler\ti-cgt-armllvm_4.0.1.LTS\lib\armv6m-ti-none-eabi/libclang_rt.builtins.a
       adddf3.S.obj                   418     0         0      
       muldf3.S.obj                   244     0         0      
       comparedf2.c.obj               220     0         0      
       addsf3.S.obj                   216     0         0      
       mulsf3.S.obj                   140     0         0      
       divsf3.S.obj                   130     0         0      
       comparesf2.S.obj               118     0         0      
       truncdfsf2.S.obj               116     0         0      
       aeabi_dcmp.S.obj               98      0         0      
       aeabi_fcmp.S.obj               98      0         0      
       aeabi_idivmod.S.obj            86      0         0      
       extendsfdf2.S.obj              80      0         0      
       fixdfsi.S.obj                  74      0         0      
       aeabi_uidivmod.S.obj           64      0         0      
       floatsisf.S.obj                60      0         0      
       muldsi3.S.obj                  58      0         0      
       fixsfsi.S.obj                  56      0         0      
       floatsidf.S.obj                44      0         0      
       aeabi_memset.S.obj             12      0         0      
       aeabi_memcpy.S.obj             8       0         0      
       aeabi_div0.c.obj               2       0         0      
    +--+------------------------------+-------+---------+---------+
       Total:                         2342    0         0      
                                                               
       Heap:                          0       0         512    
       Stack:                         0       0         512    
       Linker Generated:              0       145       0      
    +--+------------------------------+-------+---------+---------+
       Grand Total:                   18138   3198      3699   


LINKER GENERATED COPY TABLES

__TI_cinit_table @ 0000537c records: 2, size/record: 8, table size: 16
	.data: load addr=000052f8, load size=0000006d bytes, run addr=20200000, run size=000008a1 bytes, compression=lzss
	.bss: load addr=00005374, load size=00000008 bytes, run addr=20200aa8, run size=000001d9 bytes, compression=zero_init


LINKER GENERATED HANDLER TABLE

__TI_handler_table @ 00005368 records: 3, size/record: 4, table size: 12
	index: 0, handler: __TI_decompress_lzss
	index: 1, handler: __TI_decompress_none
	index: 2, handler: __TI_zero_init


FAR CALL TRAMPOLINES

callee name               trampoline name
   callee addr  tramp addr   call addr  call info
--------------  -----------  ---------  ----------------
__aeabi_dadd              $Tramp$TT$L$PI$$__aeabi_dadd
   00001017     000045ac     000045a8   libc.a : k_rem_pio2.c.obj (.text.OUTLINED_FUNCTION_0)
                             00004724          : k_rem_pio2.c.obj (.text.OUTLINED_FUNCTION_1)
                             0000472e          : s_cosf.c.obj (.text.OUTLINED_FUNCTION_3)
                             00004738          : s_sinf.c.obj (.text.OUTLINED_FUNCTION_3)
__aeabi_dmul              $Tramp$TT$L$PI$$__aeabi_dmul
   00001da1     00004778     00004774   libc.a : s_cosf.c.obj (.text.OUTLINED_FUNCTION_0)
                             0000478c          : s_sinf.c.obj (.text.OUTLINED_FUNCTION_0)
                             00004792          : s_cosf.c.obj (.text.OUTLINED_FUNCTION_1)
                             00004798          : s_sinf.c.obj (.text.OUTLINED_FUNCTION_1)
__aeabi_f2d               $Tramp$TT$L$PI$$__aeabi_f2d
   00003bad     000047a0     0000479c   libc.a : s_cosf.c.obj (.text.OUTLINED_FUNCTION_2)
                             000047b2          : s_sinf.c.obj (.text.OUTLINED_FUNCTION_2)

[3 trampolines]
[10 trampoline calls]


GLOBAL SYMBOLS: SORTED ALPHABETICALLY BY Name 

address   name                             
-------   ----                             
0000444d  ADC0_IRQHandler                  
0000444d  ADC1_IRQHandler                  
0000444d  AES_IRQHandler                   
20200870  BusFreq                          
000047b8  C$$EXIT                          
00004001  C$$IO$$                          
0000444d  CANFD0_IRQHandler                
0000444d  DAC0_IRQHandler                  
0000444d  DMA_IRQHandler                   
0000444d  Default_Handler                  
0000444d  GROUP0_IRQHandler                
0000444d  GROUP1_IRQHandler                
00003991  HOSTclose                        
00003205  HOSTlseek                        
00003541  HOSTopen                         
00003601  HOSTread                         
00003271  HOSTrename                       
000039d9  HOSTunlink                       
00003659  HOSTwrite                        
00004469  HardFault_Handler                
0000444d  I2C0_IRQHandler                  
0000444d  I2C1_IRQHandler                  
0000444d  NMI_Handler                      
0000444d  PendSV_Handler                   
0000444d  RTC_IRQHandler                   
000047b5  Reset_Handler                    
000052f0  SHT$$INIT_ARRAY$$Base            
000052f4  SHT$$INIT_ARRAY$$Limit           
0000444d  SPI0_IRQHandler                  
0000444d  SPI1_IRQHandler                  
0000444d  SVC_Handler                      
20200c7c  StTextColor                      
20200874  StX                              
20200878  StY                              
0000119f  SysTick_Handler                  
20200c70  TExaSLogic                       
20200c74  TExaSadc                         
20200894  TG12Flag                         
0000444d  TIMA0_IRQHandler                 
0000444d  TIMA1_IRQHandler                 
0000444d  TIMG0_IRQHandler                 
00002f21  TIMG12_IRQHandler                
0000444d  TIMG6_IRQHandler                 
00003aad  TIMG7_IRQHandler                 
0000444d  TIMG8_IRQHandler                 
00004623  TI_memcpy_small                  
000046d1  TI_memset_small                  
0000444d  UART0_IRQHandler                 
0000444d  UART1_IRQHandler                 
0000444d  UART2_IRQHandler                 
0000444d  UART3_IRQHandler                 
20200aa8  _CIOBUF_                         
00003185  _Z10Clock_Freqv                  
0000254b  _Z10Sound_Initv                  
000044a1  _Z10Switch_In1v                  
000044bd  _Z10Switch_In2v                  
000036b1  _Z10TExaS_InitP10ADC12_RegsjPFhvE
00004657  _Z11Clock_Delayj                 
00003d1d  _Z11SPI_OutDatac                 
000044d9  _Z11ST7735_openPKcji             
000045bd  _Z11ST7735_readiPcj              
00004365  _Z11Switch_Initv                 
00002695  _Z12ST7735_InitR10initRFlags     
0000473b  _Z12ST7735_closei                
000046a7  _Z12ST7735_lseekili              
00003e33  _Z12ST7735_writeiPKcj            
00002115  _Z12bulletUpdatev                
0000254d  _Z12rotateUpdatev                
00003807  _Z12tankMovementjjR4Tank         
000046df  _Z13ST7735_renamePKcS0_          
00004745  _Z13ST7735_unlinkPKc             
00003e69  _Z13displayUpdatev               
00003e9d  _Z14Clock_Delay1msj              
00002f9d  _Z14LaunchPad_Initv              
00003a21  _Z14SPI_OutCommandc              
00001ae9  _Z14ST7735_OutCharc              
000023fd  _Z14TimerG7_IntArmtjj            
00003d55  _Z15ActivatePortA_Bv             
00000cb1  _Z15Clock_Init80MHzi             
000040a5  _Z15ST7735_Color565hhh           
00000e65  _Z15ST7735_DrawCharsscssh        
000016d9  _Z15ST7735_FillRectsssst         
00004549  _Z15SlidePotSamplerR8SlidePot    
00002a49  _Z15TimerG12_IntArmjj            
00003ed1  _Z16ST7735_SetCursorjj           
00000705  _Z17ST7735_DrawBitmapssPKtss     
00002d99  _Z17ST7735_DrawStringttPcs       
0000425d  _Z17ST7735_FillScreent           
00002735  _Z17ST7735_InitPrintf10initRFlags
00004669  _Z28TExaS_LaunchPadLogicPB27PB26v
000044f5  _Z7P1SHOOTv                      
00004511  _Z7P2SHOOTv                      
00003f05  _Z7clamperiii                    
000015b1  _Z8ADC_InitP10ADC12_Regsjj       
00003f39  _Z8LED_Initv                     
0000474f  _Z8PLL_Initv                     
00001905  _Z8SPI_Initv                     
0000438d  _Z9ADC_StartP10ADC12_Regs        
00003aed  _Z9SPI_Resetv                    
00001bd1  _Z9UART_Initv                    
00003a69  _Z9queryTankv                    
00004611  _ZN4Tank11NeedsRedrawEv          
000033b1  _ZN4Tank11TriVelocityEi          
000011a1  _ZN4Tank12rotateSpriteEf         
000040d7  _ZN4Tank13TickCooldownsEv        
00003dfd  _ZN4Tank15rotateIncrementEi      
00004109  _ZN4Tank4DrawEv                  
000038f9  _ZN4Tank4MoveEv                  
00004289  _ZN4Tank5EraseEv                 
000029ad  _ZN4Tank5ShootEP6Bulleti         
00003857  _ZN4Tank6RotateEi                
00004679  _ZN4Tank8CanShootEv              
000024a5  _ZN4TankC1EiiiPKthhjj            
000024a5  _ZN4TankC2EiiiPKthhjj            
00003b2d  _ZN6Bullet4DrawEv                
00002ea1  _ZN6Bullet4InitEiifii            
000021e1  _ZN6Bullet4MoveEv                
00003d8d  _ZN6Bullet5EraseEv               
0000457d  _ZN6BulletC1Ev                   
0000457d  _ZN6BulletC2Ev                   
000046eb  _ZN8SlidePot12lastDistanceEv     
000035a1  _ZN8SlidePot2InEv                
00002add  _ZN8SlidePot4InitEj              
0000416d  _ZN8SlidePot4SaveEj              
0000422d  _ZN8SlidePot4SyncEv              
000046f7  _ZN8SlidePot8DistanceEv          
00004563  _ZN8SlidePotC1Ejj                
00004563  _ZN8SlidePotC2Ejj                
00004689  _ZNK6Bullet8IsActiveEv           
20200aa8  __CIOBUF_                        
20208000  __STACK_END                      
00000200  __STACK_SIZE                     
00000200  __SYSMEM_SIZE                    
00000000  __TI_ATRegion0_region_sz         
00000000  __TI_ATRegion0_src_addr          
00000000  __TI_ATRegion0_trg_addr          
00000000  __TI_ATRegion1_region_sz         
00000000  __TI_ATRegion1_src_addr          
00000000  __TI_ATRegion1_trg_addr          
00000000  __TI_ATRegion2_region_sz         
00000000  __TI_ATRegion2_src_addr          
00000000  __TI_ATRegion2_trg_addr          
0000537c  __TI_CINIT_Base                  
0000538c  __TI_CINIT_Limit                 
0000538c  __TI_CINIT_Warm                  
00005368  __TI_Handler_Table_Base          
00005374  __TI_Handler_Table_Limit         
00003761  __TI_auto_init_nobinit           
00003f6d  __TI_cleanup                     
20200868  __TI_cleanup_ptr                 
00003019  __TI_closefile                   
00003095  __TI_decompress_lzss             
00004635  __TI_decompress_none             
000037b5  __TI_doflush                     
2020086c  __TI_dtors_ptr                   
2020087c  __TI_ft_end                      
ffffffff  __TI_pprof_out_hndl              
ffffffff  __TI_prof_data_size              
ffffffff  __TI_prof_data_start             
00003fa1  __TI_readmsg                     
00000000  __TI_static_base__               
20200bc8  __TI_tmpnams                     
00003fd5  __TI_writemsg                    
000045d3  __TI_zero_init_nomemset          
00001017  __adddf3                         
00002047  __addsf3                         
00003191  __aeabi_d2f                      
00003945  __aeabi_d2iz                     
00001017  __aeabi_dadd                     
00003479  __aeabi_dcmpeq                   
000034b5  __aeabi_dcmpge                   
000034c9  __aeabi_dcmpgt                   
000034a1  __aeabi_dcmple                   
0000348d  __aeabi_dcmplt                   
00001da1  __aeabi_dmul                     
0000100d  __aeabi_dsub                     
20200880  __aeabi_errno                    
00004759  __aeabi_errno_addr               
00003bad  __aeabi_f2d                      
00003dc5  __aeabi_f2iz                     
00002047  __aeabi_fadd                     
000034dd  __aeabi_fcmpeq                   
00003519  __aeabi_fcmpge                   
0000352d  __aeabi_fcmpgt                   
00003505  __aeabi_fcmple                   
000034f1  __aeabi_fcmplt                   
00002e1d  __aeabi_fdiv                     
00002b6d  __aeabi_fmul                     
0000203d  __aeabi_fsub                     
0000430d  __aeabi_i2d                      
00003c2d  __aeabi_i2f                      
00003709  __aeabi_idiv                     
00002693  __aeabi_idiv0                    
00003709  __aeabi_idivmod                  
00004705  __aeabi_memclr                   
00004705  __aeabi_memclr4                  
00004705  __aeabi_memclr8                  
00004761  __aeabi_memcpy                   
00004761  __aeabi_memcpy4                  
00004761  __aeabi_memcpy8                  
00003b6d  __aeabi_uidiv                    
00003b6d  __aeabi_uidivmod                 
ffffffff  __binit__                        
00003349  __cmpdf2                         
00003ca5  __cmpsf2                         
00002e1d  __divsf3                         
00003349  __eqdf2                          
00003ca5  __eqsf2                          
00003bad  __extendsfdf2                    
00003945  __fixdfsi                        
00003dc5  __fixsfsi                        
0000430d  __floatsidf                      
00003c2d  __floatsisf                      
00003111  __gedf2                          
00003c69  __gesf2                          
00003111  __gtdf2                          
00003c69  __gtsf2                          
000000c1  __kernel_rem_pio2                
00003349  __ledf2                          
00003ca5  __lesf2                          
00003349  __ltdf2                          
00003ca5  __ltsf2                          
UNDEFED   __mpu_init                       
00001da1  __muldf3                         
00003ce1  __muldsi3                        
00002b6d  __mulsf3                         
00003349  __nedf2                          
00003ca5  __nesf2                          
20207e00  __stack                          
20200000  __start___llvm_prf_bits          
20200000  __start___llvm_prf_cnts          
20200000  __stop___llvm_prf_bits           
20200000  __stop___llvm_prf_cnts           
0000100d  __subdf3                         
0000203d  __subsf3                         
00003191  __truncdfsf2                     
00004405  _c_int00_noargs                  
20200768  _device                          
20200498  _ftable                          
20200884  _lock                            
00002a47  _nop                             
202007e0  _stream                          
202008a8  _sys_memory                      
UNDEFED   _system_post_cinit               
00002d0d  _system_pre_init                 
20200888  _unlock                          
000047b9  abort                            
000019fd  add_device                       
000017f1  aligned_alloc                    
ffffffff  binit                            
20200895  bulletFlag1                      
20200896  bulletFlag2                      
20200588  bullets1                         
20200678  bullets2                         
000038a9  close                            
00000915  cosf                             
00004009  exit                             
0000403d  finddevice                       
0000146d  floor                            
0000146d  floorl                           
000041fd  fopen                            
00001cb9  free                             
00004071  freopen                          
000032dd  getdevice                        
00000000  interruptVectors                 
00001f65  ldexp                            
00001f65  ldexpl                           
00002bf9  main                             
00004711  malloc                           
000017f1  memalign                         
000027d5  open                             
20200000  p1                               
2020024c  p2                               
20200c68  parmbuf                          
20200830  player1SP                        
2020084c  player2SP                        
00004769  remove                           
00001f65  scalbn                           
00001f65  scalbnl                          
00001e85  setvbuf                          
00000ae9  sinf                             
00002d11  strcmp                           
2020088c  time                             
00004339  unlink                           
000043dd  write                            


GLOBAL SYMBOLS: SORTED BY Symbol Address 

address   name                             
-------   ----                             
00000000  __TI_ATRegion0_region_sz         
00000000  __TI_ATRegion0_src_addr          
00000000  __TI_ATRegion0_trg_addr          
00000000  __TI_ATRegion1_region_sz         
00000000  __TI_ATRegion1_src_addr          
00000000  __TI_ATRegion1_trg_addr          
00000000  __TI_ATRegion2_region_sz         
00000000  __TI_ATRegion2_src_addr          
00000000  __TI_ATRegion2_trg_addr          
00000000  __TI_static_base__               
00000000  interruptVectors                 
000000c1  __kernel_rem_pio2                
00000200  __STACK_SIZE                     
00000200  __SYSMEM_SIZE                    
00000705  _Z17ST7735_DrawBitmapssPKtss     
00000915  cosf                             
00000ae9  sinf                             
00000cb1  _Z15Clock_Init80MHzi             
00000e65  _Z15ST7735_DrawCharsscssh        
0000100d  __aeabi_dsub                     
0000100d  __subdf3                         
00001017  __adddf3                         
00001017  __aeabi_dadd                     
0000119f  SysTick_Handler                  
000011a1  _ZN4Tank12rotateSpriteEf         
0000146d  floor                            
0000146d  floorl                           
000015b1  _Z8ADC_InitP10ADC12_Regsjj       
000016d9  _Z15ST7735_FillRectsssst         
000017f1  aligned_alloc                    
000017f1  memalign                         
00001905  _Z8SPI_Initv                     
000019fd  add_device                       
00001ae9  _Z14ST7735_OutCharc              
00001bd1  _Z9UART_Initv                    
00001cb9  free                             
00001da1  __aeabi_dmul                     
00001da1  __muldf3                         
00001e85  setvbuf                          
00001f65  ldexp                            
00001f65  ldexpl                           
00001f65  scalbn                           
00001f65  scalbnl                          
0000203d  __aeabi_fsub                     
0000203d  __subsf3                         
00002047  __addsf3                         
00002047  __aeabi_fadd                     
00002115  _Z12bulletUpdatev                
000021e1  _ZN6Bullet4MoveEv                
000023fd  _Z14TimerG7_IntArmtjj            
000024a5  _ZN4TankC1EiiiPKthhjj            
000024a5  _ZN4TankC2EiiiPKthhjj            
0000254b  _Z10Sound_Initv                  
0000254d  _Z12rotateUpdatev                
00002693  __aeabi_idiv0                    
00002695  _Z12ST7735_InitR10initRFlags     
00002735  _Z17ST7735_InitPrintf10initRFlags
000027d5  open                             
000029ad  _ZN4Tank5ShootEP6Bulleti         
00002a47  _nop                             
00002a49  _Z15TimerG12_IntArmjj            
00002add  _ZN8SlidePot4InitEj              
00002b6d  __aeabi_fmul                     
00002b6d  __mulsf3                         
00002bf9  main                             
00002d0d  _system_pre_init                 
00002d11  strcmp                           
00002d99  _Z17ST7735_DrawStringttPcs       
00002e1d  __aeabi_fdiv                     
00002e1d  __divsf3                         
00002ea1  _ZN6Bullet4InitEiifii            
00002f21  TIMG12_IRQHandler                
00002f9d  _Z14LaunchPad_Initv              
00003019  __TI_closefile                   
00003095  __TI_decompress_lzss             
00003111  __gedf2                          
00003111  __gtdf2                          
00003185  _Z10Clock_Freqv                  
00003191  __aeabi_d2f                      
00003191  __truncdfsf2                     
00003205  HOSTlseek                        
00003271  HOSTrename                       
000032dd  getdevice                        
00003349  __cmpdf2                         
00003349  __eqdf2                          
00003349  __ledf2                          
00003349  __ltdf2                          
00003349  __nedf2                          
000033b1  _ZN4Tank11TriVelocityEi          
00003479  __aeabi_dcmpeq                   
0000348d  __aeabi_dcmplt                   
000034a1  __aeabi_dcmple                   
000034b5  __aeabi_dcmpge                   
000034c9  __aeabi_dcmpgt                   
000034dd  __aeabi_fcmpeq                   
000034f1  __aeabi_fcmplt                   
00003505  __aeabi_fcmple                   
00003519  __aeabi_fcmpge                   
0000352d  __aeabi_fcmpgt                   
00003541  HOSTopen                         
000035a1  _ZN8SlidePot2InEv                
00003601  HOSTread                         
00003659  HOSTwrite                        
000036b1  _Z10TExaS_InitP10ADC12_RegsjPFhvE
00003709  __aeabi_idiv                     
00003709  __aeabi_idivmod                  
00003761  __TI_auto_init_nobinit           
000037b5  __TI_doflush                     
00003807  _Z12tankMovementjjR4Tank         
00003857  _ZN4Tank6RotateEi                
000038a9  close                            
000038f9  _ZN4Tank4MoveEv                  
00003945  __aeabi_d2iz                     
00003945  __fixdfsi                        
00003991  HOSTclose                        
000039d9  HOSTunlink                       
00003a21  _Z14SPI_OutCommandc              
00003a69  _Z9queryTankv                    
00003aad  TIMG7_IRQHandler                 
00003aed  _Z9SPI_Resetv                    
00003b2d  _ZN6Bullet4DrawEv                
00003b6d  __aeabi_uidiv                    
00003b6d  __aeabi_uidivmod                 
00003bad  __aeabi_f2d                      
00003bad  __extendsfdf2                    
00003c2d  __aeabi_i2f                      
00003c2d  __floatsisf                      
00003c69  __gesf2                          
00003c69  __gtsf2                          
00003ca5  __cmpsf2                         
00003ca5  __eqsf2                          
00003ca5  __lesf2                          
00003ca5  __ltsf2                          
00003ca5  __nesf2                          
00003ce1  __muldsi3                        
00003d1d  _Z11SPI_OutDatac                 
00003d55  _Z15ActivatePortA_Bv             
00003d8d  _ZN6Bullet5EraseEv               
00003dc5  __aeabi_f2iz                     
00003dc5  __fixsfsi                        
00003dfd  _ZN4Tank15rotateIncrementEi      
00003e33  _Z12ST7735_writeiPKcj            
00003e69  _Z13displayUpdatev               
00003e9d  _Z14Clock_Delay1msj              
00003ed1  _Z16ST7735_SetCursorjj           
00003f05  _Z7clamperiii                    
00003f39  _Z8LED_Initv                     
00003f6d  __TI_cleanup                     
00003fa1  __TI_readmsg                     
00003fd5  __TI_writemsg                    
00004001  C$$IO$$                          
00004009  exit                             
0000403d  finddevice                       
00004071  freopen                          
000040a5  _Z15ST7735_Color565hhh           
000040d7  _ZN4Tank13TickCooldownsEv        
00004109  _ZN4Tank4DrawEv                  
0000416d  _ZN8SlidePot4SaveEj              
000041fd  fopen                            
0000422d  _ZN8SlidePot4SyncEv              
0000425d  _Z17ST7735_FillScreent           
00004289  _ZN4Tank5EraseEv                 
0000430d  __aeabi_i2d                      
0000430d  __floatsidf                      
00004339  unlink                           
00004365  _Z11Switch_Initv                 
0000438d  _Z9ADC_StartP10ADC12_Regs        
000043dd  write                            
00004405  _c_int00_noargs                  
0000444d  ADC0_IRQHandler                  
0000444d  ADC1_IRQHandler                  
0000444d  AES_IRQHandler                   
0000444d  CANFD0_IRQHandler                
0000444d  DAC0_IRQHandler                  
0000444d  DMA_IRQHandler                   
0000444d  Default_Handler                  
0000444d  GROUP0_IRQHandler                
0000444d  GROUP1_IRQHandler                
0000444d  I2C0_IRQHandler                  
0000444d  I2C1_IRQHandler                  
0000444d  NMI_Handler                      
0000444d  PendSV_Handler                   
0000444d  RTC_IRQHandler                   
0000444d  SPI0_IRQHandler                  
0000444d  SPI1_IRQHandler                  
0000444d  SVC_Handler                      
0000444d  TIMA0_IRQHandler                 
0000444d  TIMA1_IRQHandler                 
0000444d  TIMG0_IRQHandler                 
0000444d  TIMG6_IRQHandler                 
0000444d  TIMG8_IRQHandler                 
0000444d  UART0_IRQHandler                 
0000444d  UART1_IRQHandler                 
0000444d  UART2_IRQHandler                 
0000444d  UART3_IRQHandler                 
00004469  HardFault_Handler                
000044a1  _Z10Switch_In1v                  
000044bd  _Z10Switch_In2v                  
000044d9  _Z11ST7735_openPKcji             
000044f5  _Z7P1SHOOTv                      
00004511  _Z7P2SHOOTv                      
00004549  _Z15SlidePotSamplerR8SlidePot    
00004563  _ZN8SlidePotC1Ejj                
00004563  _ZN8SlidePotC2Ejj                
0000457d  _ZN6BulletC1Ev                   
0000457d  _ZN6BulletC2Ev                   
000045bd  _Z11ST7735_readiPcj              
000045d3  __TI_zero_init_nomemset          
00004611  _ZN4Tank11NeedsRedrawEv          
00004623  TI_memcpy_small                  
00004635  __TI_decompress_none             
00004657  _Z11Clock_Delayj                 
00004669  _Z28TExaS_LaunchPadLogicPB27PB26v
00004679  _ZN4Tank8CanShootEv              
00004689  _ZNK6Bullet8IsActiveEv           
000046a7  _Z12ST7735_lseekili              
000046d1  TI_memset_small                  
000046df  _Z13ST7735_renamePKcS0_          
000046eb  _ZN8SlidePot12lastDistanceEv     
000046f7  _ZN8SlidePot8DistanceEv          
00004705  __aeabi_memclr                   
00004705  __aeabi_memclr4                  
00004705  __aeabi_memclr8                  
00004711  malloc                           
0000473b  _Z12ST7735_closei                
00004745  _Z13ST7735_unlinkPKc             
0000474f  _Z8PLL_Initv                     
00004759  __aeabi_errno_addr               
00004761  __aeabi_memcpy                   
00004761  __aeabi_memcpy4                  
00004761  __aeabi_memcpy8                  
00004769  remove                           
000047b5  Reset_Handler                    
000047b8  C$$EXIT                          
000047b9  abort                            
000052f0  SHT$$INIT_ARRAY$$Base            
000052f4  SHT$$INIT_ARRAY$$Limit           
00005368  __TI_Handler_Table_Base          
00005374  __TI_Handler_Table_Limit         
0000537c  __TI_CINIT_Base                  
0000538c  __TI_CINIT_Limit                 
0000538c  __TI_CINIT_Warm                  
20200000  __start___llvm_prf_bits          
20200000  __start___llvm_prf_cnts          
20200000  __stop___llvm_prf_bits           
20200000  __stop___llvm_prf_cnts           
20200000  p1                               
2020024c  p2                               
20200498  _ftable                          
20200588  bullets1                         
20200678  bullets2                         
20200768  _device                          
202007e0  _stream                          
20200830  player1SP                        
2020084c  player2SP                        
20200868  __TI_cleanup_ptr                 
2020086c  __TI_dtors_ptr                   
20200870  BusFreq                          
20200874  StX                              
20200878  StY                              
2020087c  __TI_ft_end                      
20200880  __aeabi_errno                    
20200884  _lock                            
20200888  _unlock                          
2020088c  time                             
20200894  TG12Flag                         
20200895  bulletFlag1                      
20200896  bulletFlag2                      
202008a8  _sys_memory                      
20200aa8  _CIOBUF_                         
20200aa8  __CIOBUF_                        
20200bc8  __TI_tmpnams                     
20200c68  parmbuf                          
20200c70  TExaSLogic                       
20200c74  TExaSadc                         
20200c7c  StTextColor                      
20207e00  __stack                          
20208000  __STACK_END                      
ffffffff  __TI_pprof_out_hndl              
ffffffff  __TI_prof_data_size              
ffffffff  __TI_prof_data_start             
ffffffff  __binit__                        
ffffffff  binit                            
UNDEFED   __mpu_init                       
UNDEFED   _system_post_cinit               

[285 symbols]
