******************************************************************************
            TI ARM Clang Linker PC v4.0.1                      
******************************************************************************
>> Linked Sun Apr 20 00:46:50 2025

OUTPUT FILE NAME:   <ECE319K_Lab9H.out>
ENTRY POINT SYMBOL: "_c_int00_noargs"  address: 000049b9


MEMORY CONFIGURATION

         name            origin    length      used     unused   attr    fill
----------------------  --------  ---------  --------  --------  ----  --------
  FLASH                 00000000   00020000  000059f0  0001a610  R  X
  SRAM                  20200000   00008000  00000e9a  00007166  RW X
  BCR_CONFIG            41c00000   00000080  00000000  00000080  R   
  BSL_CONFIG            41c00100   00000080  00000000  00000080  R   


SEGMENT ALLOCATION MAP

run origin  load origin   length   init length attrs members
----------  ----------- ---------- ----------- ----- -------
00000000    00000000    000059f0   000059f0    r-x
  00000000    00000000    000000c0   000000c0    r-- .intvecs
  000000c0    000000c0    00004d40   00004d40    r-x .text
  00004e00    00004e00    00000b50   00000b50    r-- .rodata
  00005950    00005950    00000008   00000008    r-- .init_array
  00005958    00005958    00000098   00000098    r-- .cinit
20200000    20200000    00000ca1   00000000    rw-
  20200000    20200000    000008c1   00000000    rw- .data
  202008c8    202008c8    00000200   00000000    rw- .sysmem
  20200ac8    20200ac8    000001d9   00000000    rw- .bss
20207e00    20207e00    00000200   00000000    rw-
  20207e00    20207e00    00000200   00000000    rw- .stack


SECTION ALLOCATION MAP

 output                                  attributes/
section   page    origin      length       input sections
--------  ----  ----------  ----------   ----------------
.intvecs   0    00000000    000000c0     
                  00000000    000000c0     startup_mspm0g3507_ticlang.o (.intvecs)

.binit     0    00000000    00000000     

.text      0    000000c0    00004d40     
                  000000c0    00000644     libc.a : k_rem_pio2.c.obj (.text.__kernel_rem_pio2)
                  00000704    00000284            : _printfi.c.obj (.text:__TI_printfi_minimal)
                  00000988    00000210     ST7735.o (.text._Z17ST7735_DrawBitmapssPKtss)
                  00000b98    000001d4     libc.a : s_cosf.c.obj (.text.cosf)
                  00000d6c    000001c8            : s_sinf.c.obj (.text.sinf)
                  00000f34    000001b4     Clock.o (.text._Z15Clock_Init80MHzi)
                  000010e8    000001a8     ST7735.o (.text._Z15ST7735_DrawCharsscssh)
                  00001290    00000192     libclang_rt.builtins.a : adddf3.S.obj (.text.adddf3_subdf3)
                  00001422    00000002     Sound.o (.text.SysTick_Handler)
                  00001424    00000178     tank.o (.text._ZN4Tank12rotateSpriteEf)
                  0000159c    00000154     libc.a : fopen.c.obj (.text._openfile)
                  000016f0    00000144            : s_floor.c.obj (.text.floor)
                  00001834    00000128     TExaS.o (.text._Z8ADC_InitP10ADC12_Regsjj)
                  0000195c    00000118     ST7735.o (.text._Z15ST7735_FillRectsssst)
                  00001a74    00000114     libc.a : memory.c.obj (.text.aligned_alloc)
                  00001b88    000000f8     SPI.o (.text._Z8SPI_Initv)
                  00001c80    000000ec     libsysbm.a : add_device.c.obj (.text.add_device)
                  00001d6c    000000e8     ST7735.o (.text._Z14ST7735_OutCharc)
                  00001e54    000000e8     TExaS.o (.text._Z9UART_Initv)
                  00001f3c    000000e8     libc.a : memory.c.obj (.text.free)
                  00002024    000000e4     libclang_rt.builtins.a : muldf3.S.obj (.text.__muldf3)
                  00002108    000000e0     libc.a : setvbuf.c.obj (.text.setvbuf)
                  000021e8    000000d8     tank.o (.text._ZN4Tank4MoveEv)
                  000022c0    000000d8     libc.a : s_scalbn.c.obj (.text.scalbn)
                  00002398    000000d8     libclang_rt.builtins.a : addsf3.S.obj (.text)
                  00002470    000000cc     tools.o (.text._Z12bulletUpdatev)
                  0000253c    000000c8     tank.o (.text._ZN4TankC2EiiiPKthhjj)
                  00002604    000000c4     bullet.o (.text._ZN6Bullet4MoveEv)
                  000026c8    000000b4     tools.o (.text._Z10DrawHealthRK4TankS1_)
                  0000277c    000000ac     tank.o (.text._ZN4Tank11TriVelocityEi)
                  00002828    000000ac     libc.a : s_cosf.c.obj (.text.__kernel_sindf)
                  000028d4    000000ac            : s_sinf.c.obj (.text.__kernel_sindf)
                  00002980    000000a8     Timer.o (.text._Z14TimerG7_IntArmtjj)
                  00002a28    000000a4     tools.o (.text._Z12rotateUpdatev)
                  00002acc    000000a2     ST7735.o (.text._ZL11commandListPKh)
                  00002b6e    00000002     Sound.o (.text._Z10Sound_Initv)
                  00002b70    000000a0     ST7735.o (.text._Z12ST7735_InitR10initRFlags)
                  00002c10    000000a0     ST7735.o (.text._Z17ST7735_InitPrintf10initRFlags)
                  00002cb0    000000a0     libsysbm.a : open.c.obj (.text.open)
                  00002d50    000000a0     libc.a : e_sqrtf.c.obj (.text.sqrtf)
                  00002df0    0000009c     tools.o (.text._Z11isCollisionv)
                  00002e8c    0000009c     libc.a : s_cosf.c.obj (.text.__kernel_cosdf)
                  00002f28    0000009c            : s_sinf.c.obj (.text.__kernel_cosdf)
                  00002fc4    0000009a     tank.o (.text._ZN4Tank5ShootEP6Bulleti)
                  0000305e    00000002     libclang_rt.builtins.a : aeabi_div0.c.obj (.text.__aeabi_idiv0)
                  00003060    00000094     Timer.o (.text._Z15TimerG12_IntArmjj)
                  000030f4    00000094     Lab9HMain.o (.text.main)
                  00003188    00000090     SlidePot.o (.text._ZN8SlidePot4InitEj)
                  00003218    0000008c     libclang_rt.builtins.a : mulsf3.S.obj (.text.__mulsf3)
                  000032a4    00000088     ST7735.o (.text._ZL13setAddrWindowhhhh)
                  0000332c    00000004     libc.a : pre_init.c.obj (.text._system_pre_init)
                  00003330    00000088            : strcmp-armv6m.S.obj (.text:strcmp)
                  000033b8    00000084     ST7735.o (.text._Z17ST7735_DrawStringttPcs)
                  0000343c    00000082     libclang_rt.builtins.a : divsf3.S.obj (.text.__divsf3)
                  000034be    00000002     libc.a : _lock.c.obj (.text._nop)
                  000034c0    00000080     bullet.o (.text._ZN6Bullet4InitEiifii)
                  00003540    0000007c     Lab9HMain.o (.text.TIMG12_IRQHandler)
                  000035bc    0000007c     LaunchPad.o (.text._Z14LaunchPad_Initv)
                  00003638    0000007c     libc.a : fclose.c.obj (.text.__TI_closefile)
                  000036b4    0000007c            : copy_decompress_lzss.c.obj (.text:decompress:lzss)
                  00003730    00000074     libclang_rt.builtins.a : comparedf2.c.obj (.text.__gedf2)
                  000037a4    0000000c     Clock.o (.text._Z10Clock_Freqv)
                  000037b0    00000074     libclang_rt.builtins.a : truncdfsf2.S.obj (.text.__truncdfsf2)
                  00003824    0000006c     libsysbm.a : hostlseek.c.obj (.text.HOSTlseek)
                  00003890    0000006c                : hostrename.c.obj (.text.HOSTrename)
                  000038fc    0000006c     libc.a : getdevice.c.obj (.text.getdevice)
                  00003968    00000068     libclang_rt.builtins.a : comparedf2.c.obj (.text.__ledf2)
                  000039d0    00000064     libc.a : memory.c.obj (.text.split)
                  00003a34    00000062     libclang_rt.builtins.a : aeabi_dcmp.S.obj (.text.__aeabi_dcmp)
                  00003a96    00000002     --HOLE-- [fill = 0]
                  00003a98    00000062                            : aeabi_fcmp.S.obj (.text.__aeabi_fcmp)
                  00003afa    00000002     --HOLE-- [fill = 0]
                  00003afc    00000060     libsysbm.a : hostopen.c.obj (.text.HOSTopen)
                  00003b5c    00000060     SlidePot.o (.text._ZN8SlidePot2InEv)
                  00003bbc    00000058     libsysbm.a : hostread.c.obj (.text.HOSTread)
                  00003c14    00000058                : hostwrite.c.obj (.text.HOSTwrite)
                  00003c6c    00000058     TExaS.o (.text._Z10TExaS_InitP10ADC12_RegsjPFhvE)
                  00003cc4    00000056     libclang_rt.builtins.a : aeabi_idivmod.S.obj (.text.__aeabi_idivmod)
                  00003d1a    00000002     --HOLE-- [fill = 0]
                  00003d1c    00000054     libc.a : autoinit.c.obj (.text:__TI_auto_init_nobinit)
                  00003d70    00000052            : fflush.c.obj (.text.__TI_doflush)
                  00003dc2    00000050     tools.o (.text._Z12tankMovementjjR4Tank)
                  00003e12    00000050     tank.o (.text._ZN4Tank6RotateEi)
                  00003e62    00000002     --HOLE-- [fill = 0]
                  00003e64    00000050     libsysbm.a : close.c.obj (.text.close)
                  00003eb4    0000004a     libclang_rt.builtins.a : fixdfsi.S.obj (.text.__fixdfsi)
                  00003efe    00000002     --HOLE-- [fill = 0]
                  00003f00    00000048     libsysbm.a : hostclose.c.obj (.text.HOSTclose)
                  00003f48    00000048                : hostunlink.c.obj (.text.HOSTunlink)
                  00003f90    00000048     SPI.o (.text._Z14SPI_OutCommandc)
                  00003fd8    00000044     tools.o (.text._Z9queryTankv)
                  0000401c    00000040     TExaS.o (.text.TIMG7_IRQHandler)
                  0000405c    00000040     SPI.o (.text._Z9SPI_Resetv)
                  0000409c    00000040     bullet.o (.text._ZN6Bullet4DrawEv)
                  000040dc    00000040     libclang_rt.builtins.a : aeabi_uidivmod.S.obj (.text.__aeabi_uidivmod)
                  0000411c    00000040                            : extendsfdf2.S.obj (.text.__extendsfdf2)
                  0000415c    00000040     libc.a : fopen.c.obj (.text._search_fp)
                  0000419c    0000003e     tools.o (.text._Z5clampfff)
                  000041da    00000002     --HOLE-- [fill = 0]
                  000041dc    0000003c     libclang_rt.builtins.a : floatsisf.S.obj (.text.__floatsisf)
                  00004218    0000003c                            : comparesf2.S.obj (.text.__gtsf2)
                  00004254    0000003a                            : comparesf2.S.obj (.text.__eqsf2)
                  0000428e    00000002     --HOLE-- [fill = 0]
                  00004290    0000003a                            : muldsi3.S.obj (.text.__muldsi3)
                  000042ca    00000002     --HOLE-- [fill = 0]
                  000042cc    00000038     SPI.o (.text._Z11SPI_OutDatac)
                  00004304    00000038     LaunchPad.o (.text._Z15ActivatePortA_Bv)
                  0000433c    00000038     bullet.o (.text._ZN6Bullet5EraseEv)
                  00004374    00000038     libclang_rt.builtins.a : fixsfsi.S.obj (.text.__fixsfsi)
                  000043ac    00000038     libc.a : sprintf.c.obj (.text.sprintf)
                  000043e4    00000036     tank.o (.text._ZN4Tank15rotateIncrementEi)
                  0000441a    00000034     ST7735.o (.text._Z12ST7735_writeiPKcj)
                  0000444e    00000002     --HOLE-- [fill = 0]
                  00004450    00000034     tools.o (.text._Z13displayUpdatev)
                  00004484    00000034     Clock.o (.text._Z14Clock_Delay1msj)
                  000044b8    00000034     ST7735.o (.text._Z16ST7735_SetCursorjj)
                  000044ec    00000034     LED.o (.text._Z8LED_Initv)
                  00004520    00000034     libc.a : fopen.c.obj (.text.__TI_cleanup)
                  00004554    00000034     libsysbm.a : trgmsg.c.obj (.text.__TI_readmsg)
                  00004588    00000034                : trgmsg.c.obj (.text.__TI_writemsg)
                  000045bc    00000034     libc.a : exit.c.obj (.text.exit)
                  000045f0    00000034            : getdevice.c.obj (.text.finddevice)
                  00004624    00000034            : fopen.c.obj (.text.freopen)
                  00004658    00000032     ST7735.o (.text._Z15ST7735_Color565hhh)
                  0000468a    00000032     tank.o (.text._ZN4Tank13TickCooldownsEv)
                  000046bc    00000032     tank.o (.text._ZN4Tank4DrawEv)
                  000046ee    00000002     --HOLE-- [fill = 0]
                  000046f0    00000030     ST7735.o (.text._ZL10commonInitPKh)
                  00004720    00000030     SlidePot.o (.text._ZN8SlidePot4SaveEj)
                  00004750    00000030     Lab9HMain.o (.text.__cxx_global_var_init.4)
                  00004780    00000030     Lab9HMain.o (.text.__cxx_global_var_init.5)
                  000047b0    00000030     libc.a : fopen.c.obj (.text.fopen)
                  000047e0    0000002e     SlidePot.o (.text._ZN8SlidePot4SyncEv)
                  0000480e    00000002     --HOLE-- [fill = 0]
                  00004810    0000002c     ST7735.o (.text._Z17ST7735_FillScreent)
                  0000483c    0000002c     tank.o (.text._ZN4Tank5EraseEv)
                  00004868    0000002c     Lab9HMain.o (.text.__cxx_global_var_init.1)
                  00004894    0000002c     Lab9HMain.o (.text.__cxx_global_var_init)
                  000048c0    0000002c     libclang_rt.builtins.a : floatsidf.S.obj (.text.__floatsidf)
                  000048ec    0000002c     libsysbm.a : unlink.c.obj (.text.unlink)
                  00004918    00000028     Switch.o (.text._Z11Switch_Initv)
                  00004940    00000028     TExaS.o (.text._Z9ADC_StartP10ADC12_Regs)
                  00004968    00000028     libc.a : memory.c.obj (.text.free_list_insert)
                  00004990    00000028     libsysbm.a : write.c.obj (.text.write)
                  000049b8    00000028     libc.a : boot_cortex_m.c.obj (.text:_c_int00_noargs)
                  000049e0    00000022            : memccpy.c.obj (.text.memccpy)
                  00004a02    0000001e     ST7735.o (.text._ZL9pushColort)
                  00004a20    0000001c     startup_mspm0g3507_ticlang.o (.text.Default_Handler)
                  00004a3c    0000001c     startup_mspm0g3507_ticlang.o (.text.HardFault_Handler)
                  00004a58    0000001c     Lab9HMain.o (.text._GLOBAL__sub_I_Lab9HMain.cpp)
                  00004a74    0000001c     Switch.o (.text._Z10Switch_In1v)
                  00004a90    0000001c     Switch.o (.text._Z10Switch_In2v)
                  00004aac    0000001c     ST7735.o (.text._Z11ST7735_openPKcji)
                  00004ac8    0000001c     Switch.o (.text._Z7P1SHOOTv)
                  00004ae4    0000001c     Switch.o (.text._Z7P2SHOOTv)
                  00004b00    0000001c     libc.a : memory.c.obj (.text.free_list_remove)
                  00004b1c    0000001a     tools.o (.text._Z15SlidePotSamplerR8SlidePot)
                  00004b36    0000001a     SlidePot.o (.text._ZN8SlidePotC2Ejj)
                  00004b50    00000018     bullet.o (.text._ZN6BulletC2Ev)
                  00004b68    00000018     libc.a : sprintf.c.obj (.text._outs)
                  00004b80    00000016            : k_rem_pio2.c.obj (.text.OUTLINED_FUNCTION_0)
                  00004b96    00000002     --HOLE-- [fill = 0]
                  00004b98    00000010     libclang_rt.builtins.a : adddf3.S.obj (.tramp.__aeabi_dadd.1)
                  00004ba8    00000016     ST7735.o (.text._Z11ST7735_readiPcj)
                  00004bbe    00000016     libc.a : copy_zero_init.c.obj (.text:decompress:ZI:__TI_zero_init_nomemset)
                  00004bd4    00000014     Lab9HMain.o (.text.__cxx_global_var_init.2)
                  00004be8    00000014     Lab9HMain.o (.text.__cxx_global_var_init.3)
                  00004bfc    00000012     tank.o (.text._ZN4Tank11NeedsRedrawEv)
                  00004c0e    00000012     libc.a : memcpy16.S.obj (.text:TI_memcpy_small)
                  00004c20    00000012            : copy_decompress_none.c.obj (.text:decompress:none)
                  00004c32    00000010            : k_rem_pio2.c.obj (.text.OUTLINED_FUNCTION_2)
                  00004c42    00000010     Clock.o (.text._Z11Clock_Delayj)
                  00004c52    00000002     --HOLE-- [fill = 0]
                  00004c54    00000010     Lab9HMain.o (.text._Z28TExaS_LaunchPadLogicPB27PB26v)
                  00004c64    00000010     tank.o (.text._ZN4Tank8CanShootEv)
                  00004c74    00000010     bullet.o (.text._ZNK6Bullet8IsActiveEv)
                  00004c84    0000000e     libc.a : memory.c.obj (.text.OUTLINED_FUNCTION_0)
                  00004c92    0000000e     ST7735.o (.text._Z12ST7735_lseekili)
                  00004ca0    0000000e     tank.o (.text._ZNK4Tank9GetHealthEv)
                  00004cae    00000002     --HOLE-- [fill = 0]
                  00004cb0    0000000e     libclang_rt.builtins.a : aeabi_memset.S.obj (.text.__aeabi_memset)
                  00004cbe    0000000e     libsysbm.a : hostrename.c.obj (.text.strcpy)
                  00004ccc    0000000e     libc.a : _printfi.c.obj (.text.strlen)
                  00004cda    0000000e     libsysbm.a : hostrename.c.obj (.text.strlen)
                  00004ce8    0000000e     libc.a : memset16.S.obj (.text:TI_memset_small)
                  00004cf6    0000000c     ST7735.o (.text._Z13ST7735_renamePKcS0_)
                  00004d02    0000000c     SlidePot.o (.text._ZN8SlidePot12lastDistanceEv)
                  00004d0e    0000000c     SlidePot.o (.text._ZN8SlidePot8DistanceEv)
                  00004d1a    0000000c     tank.o (.text._ZNK4Tank4GetXEv)
                  00004d26    0000000c     tank.o (.text._ZNK4Tank4GetYEv)
                  00004d32    00000002     --HOLE-- [fill = 0]
                  00004d34    0000000c     libclang_rt.builtins.a : aeabi_memset.S.obj (.text.__aeabi_memclr)
                  00004d40    0000000c     libc.a : memory.c.obj (.text.malloc)
                  00004d4c    0000000a            : k_rem_pio2.c.obj (.text.OUTLINED_FUNCTION_1)
                  00004d56    0000000a            : s_cosf.c.obj (.text.OUTLINED_FUNCTION_3)
                  00004d60    0000000a            : s_sinf.c.obj (.text.OUTLINED_FUNCTION_3)
                  00004d6a    0000000a     ST7735.o (.text._Z12ST7735_closei)
                  00004d74    0000000a     ST7735.o (.text._Z13ST7735_unlinkPKc)
                  00004d7e    0000000a     Lab9HMain.o (.text._Z8PLL_Initv)
                  00004d88    0000000a     libc.a : sprintf.c.obj (.text._outc)
                  00004d92    00000002     --HOLE-- [fill = 0]
                  00004d94    00000008            : aeabi_portable.c.obj (.text.__aeabi_errno_addr)
                  00004d9c    00000008     libclang_rt.builtins.a : aeabi_memcpy.S.obj (.text.__aeabi_memcpy)
                  00004da4    00000008     libsysbm.a : remove.c.obj (.text.remove)
                  00004dac    00000006     libc.a : s_cosf.c.obj (.text.OUTLINED_FUNCTION_0)
                  00004db2    00000002     --HOLE-- [fill = 0]
                  00004db4    00000010     libclang_rt.builtins.a : muldf3.S.obj (.tramp.__aeabi_dmul.1)
                  00004dc4    00000006     libc.a : s_sinf.c.obj (.text.OUTLINED_FUNCTION_0)
                  00004dca    00000006            : s_cosf.c.obj (.text.OUTLINED_FUNCTION_1)
                  00004dd0    00000006            : s_sinf.c.obj (.text.OUTLINED_FUNCTION_1)
                  00004dd6    00000004            : s_cosf.c.obj (.text.OUTLINED_FUNCTION_2)
                  00004dda    00000002     --HOLE-- [fill = 0]
                  00004ddc    00000010     libclang_rt.builtins.a : extendsfdf2.S.obj (.tramp.__aeabi_f2d.1)
                  00004dec    00000004     libc.a : s_sinf.c.obj (.text.OUTLINED_FUNCTION_2)
                  00004df0    00000004     startup_mspm0g3507_ticlang.o (.text.Reset_Handler)
                  00004df4    00000004     libc.a : exit.c.obj (.text:abort)
                  00004df8    00000008     --HOLE-- [fill = 0]

.cinit     0    00005958    00000098     
                  00005958    00000071     (.cinit..data.load) [load image, compression = lzss]
                  000059c9    00000003     --HOLE-- [fill = 0]
                  000059cc    0000000c     (__TI_handler_table)
                  000059d8    00000008     (.cinit..bss.load) [load image, compression = zero_init]
                  000059e0    00000010     (__TI_cinit_table)

.rodata    0    00004e00    00000b50     
                  00004e00    000004fb     ST7735.o (.rodata._ZL4Font)
                  000052fb    00000001     --HOLE-- [fill = 0]
                  000052fc    00000214     Lab9HMain.o (.rodata._ZL7MiniRed)
                  00005510    00000214     Lab9HMain.o (.rodata._ZL8MiniBlue)
                  00005724    00000108     libc.a : k_rem_pio2.c.obj (.rodata.ipio2)
                  0000582c    00000002     ST7735.o (.rodata.str1.145302396146969619001)
                  0000582e    00000002     --HOLE-- [fill = 0]
                  00005830    00000040     libc.a : k_rem_pio2.c.obj (.rodata.PIo2)
                  00005870    0000003b     ST7735.o (.rodata._ZL5Rcmd1)
                  000058ab    0000002b     ST7735.o (.rodata._ZL5Rcmd3)
                  000058d6    00000016     ST7735.o (.rodata.str1.59959519694590733531)
                  000058ec    00000011     libc.a : _printfi.c.obj (.rodata.str1.153638888446227384661)
                  000058fd    00000003     --HOLE-- [fill = 0]
                  00005900    00000010            : k_rem_pio2.c.obj (.rodata.cst16)
                  00005910    0000000d     ST7735.o (.rodata._ZL10Rcmd2green)
                  0000591d    0000000d     ST7735.o (.rodata._ZL8Rcmd2red)
                  0000592a    00000008     ST7735.o (.rodata.str1.48350117711619464051)
                  00005932    00000007     ST7735.o (.rodata.str1.175719450624619433971)
                  00005939    00000007     ST7735.o (.rodata.str1.42255827801651177341)
                  00005940    00000006     tools.o (.rodata.str1.113386230599003588181)
                  00005946    00000006     tools.o (.rodata.str1.94074956759912447611)
                  0000594c    00000004     --HOLE-- [fill = 0]

.init_array 
*          0    00005950    00000008     
                  00005950    00000004     Lab9HMain.o (.init_array)
                  00005954    00000004     --HOLE-- [fill = 0]

.data      0    20200000    000008c1     UNINITIALIZED
                  20200000    0000025c     Lab9HMain.o (.data.p1)
                  2020025c    0000025c     Lab9HMain.o (.data.p2)
                  202004b8    000000f0     libc.a : defs.c.obj (.data._ftable)
                  202005a8    000000f0     Lab9HMain.o (.data.bullets1)
                  20200698    000000f0     Lab9HMain.o (.data.bullets2)
                  20200788    00000078     libsysbm.a : host_device.c.obj (.data._device)
                  20200800    00000050                : host_device.c.obj (.data._stream)
                  20200850    0000001c     Lab9HMain.o (.data.player1SP)
                  2020086c    0000001c     Lab9HMain.o (.data.player2SP)
                  20200888    00000008     libc.a : exit.c.obj (.data..L_MergedGlobals)
                  20200890    00000004     Clock.o (.data.BusFreq)
                  20200894    00000004     ST7735.o (.data.StX)
                  20200898    00000004     ST7735.o (.data.StY)
                  2020089c    00000004     libc.a : defs.c.obj (.data.__TI_ft_end)
                  202008a0    00000004            : aeabi_portable.c.obj (.data.__aeabi_errno)
                  202008a4    00000004            : _lock.c.obj (.data._lock)
                  202008a8    00000004            : _lock.c.obj (.data._unlock)
                  202008ac    00000004     Lab9HMain.o (.data.time)
                  202008b0    00000002     ST7735.o (.data._ZL6_width)
                  202008b2    00000002     ST7735.o (.data._ZL7_height)
                  202008b4    00000001     Lab9HMain.o (.data.TG12Flag)
                  202008b5    00000001     tools.o (.data._ZZ10DrawHealthRK4TankS1_E11lastHealth1)
                  202008b6    00000001     tools.o (.data._ZZ10DrawHealthRK4TankS1_E11lastHealth2)
                  202008b7    00000001     Lab9HMain.o (.data.bulletFlag1)
                  202008b8    00000001     libsysbm.a : add_device.c.obj (.data.add_device.device_init)
                  202008b9    00000001     Lab9HMain.o (.data.bulletFlag2)
                  202008ba    00000002     --HOLE--
                  202008bc    00000001     libc.a : memory.c.obj (.data.memory_is_initialized)
                  202008bd    00000003     --HOLE--
                  202008c0    00000001     libsysbm.a : open.c.obj (.data.open.stream_init)

.sysmem    0    202008c8    00000200     UNINITIALIZED
                  202008c8    00000010     libc.a : memory.c.obj (.sysmem)
                  202008d8    000001f0     --HOLE--

.bss       0    20200ac8    000001d9     UNINITIALIZED
                  20200ac8    00000120     libsysbm.a : trgmsg.c.obj (.bss:_CIOBUF_)
                  20200be8    000000a0     libc.a : defs.c.obj (.bss.__TI_tmpnams)
                  20200c88    00000008     libsysbm.a : hostopen.c.obj (.bss.parmbuf)
                  20200c90    00000004     TExaS.o (.bss.TExaSLogic)
                  20200c94    00000004     TExaS.o (.bss.TExaSadc)
                  20200c98    00000004     libc.a : memory.c.obj (.bss.sys_free)
                  20200c9c    00000002     ST7735.o (.bss.StTextColor)
                  20200c9e    00000001     ST7735.o (.bss._ZL8ColStart)
                  20200c9f    00000001     ST7735.o (.bss._ZL8RowStart)
                  20200ca0    00000001     ST7735.o (.bss._ZL8TabColor)

.stack     0    20207e00    00000200     UNINITIALIZED
                  20207e00    00000004     libc.a : boot_cortex_m.c.obj (.stack)
                  20207e04    000001fc     --HOLE--

__llvm_prf_cnts 
*          0    20200000    00000000     UNINITIALIZED

__llvm_prf_bits 
*          0    20200000    00000000     UNINITIALIZED

MODULE SUMMARY

       Module                         code    ro data   rw data
       ------                         ----    -------   -------
    .\
       ST7735.o                       2586    1449      17     
       Lab9HMain.o                    550     1068      1751   
       tank.o                         1468    0         0      
       tools.o                        992     12        2      
       TExaS.o                        720     0         8      
       Clock.o                        516     0         4      
       bullet.o                       484     0         0      
       SPI.o                          440     0         0      
       SlidePot.o                     384     0         0      
       Timer.o                        316     0         0      
       LaunchPad.o                    180     0         0      
       Switch.o                       152     0         0      
       LED.o                          52      0         0      
       Sound.o                        4       0         0      
    +--+------------------------------+-------+---------+---------+
       Total:                         8844    2529      1782   
                                                               
    .\ticlang\
       startup_mspm0g3507_ticlang.o   60      192       0      
    +--+------------------------------+-------+---------+---------+
       Total:                         60      192       0      
                                                               
    C:\ti\ccs2000\ccs\tools\compiler\ti-cgt-armllvm_4.0.1.LTS\lib\armv6m-ti-none-eabi/c/libc.a
       k_rem_pio2.c.obj               1652    344       0      
       s_cosf.c.obj                   822     0         0      
       s_sinf.c.obj                   810     0         0      
       memory.c.obj                   702     0         5      
       _printfi.c.obj                 658     17        0      
       fopen.c.obj                    556     0         0      
       defs.c.obj                     0       0         404    
       s_floor.c.obj                  324     0         0      
       setvbuf.c.obj                  224     0         0      
       s_scalbn.c.obj                 216     0         0      
       e_sqrtf.c.obj                  160     0         0      
       getdevice.c.obj                160     0         0      
       strcmp-armv6m.S.obj            136     0         0      
       copy_decompress_lzss.c.obj     124     0         0      
       fclose.c.obj                   124     0         0      
       sprintf.c.obj                  90      0         0      
       autoinit.c.obj                 84      0         0      
       fflush.c.obj                   82      0         0      
       exit.c.obj                     56      0         8      
       boot_cortex_m.c.obj            40      0         0      
       memccpy.c.obj                  34      0         0      
       copy_zero_init.c.obj           22      0         0      
       copy_decompress_none.c.obj     18      0         0      
       memcpy16.S.obj                 18      0         0      
       memset16.S.obj                 14      0         0      
       aeabi_portable.c.obj           8       0         4      
       _lock.c.obj                    2       0         8      
       pre_init.c.obj                 4       0         0      
    +--+------------------------------+-------+---------+---------+
       Total:                         7140    361       429    
                                                               
    C:\ti\ccs2000\ccs\tools\compiler\ti-cgt-armllvm_4.0.1.LTS\lib\armv6m-ti-none-eabi/c/libsysbm.a
       trgmsg.c.obj                   104     0         288    
       add_device.c.obj               236     0         1      
       host_device.c.obj              0       0         200    
       open.c.obj                     160     0         1      
       hostrename.c.obj               136     0         0      
       hostlseek.c.obj                108     0         0      
       hostopen.c.obj                 96      0         8      
       hostread.c.obj                 88      0         0      
       hostwrite.c.obj                88      0         0      
       close.c.obj                    80      0         0      
       hostclose.c.obj                72      0         0      
       hostunlink.c.obj               72      0         0      
       unlink.c.obj                   44      0         0      
       write.c.obj                    40      0         0      
       remove.c.obj                   8       0         0      
    +--+------------------------------+-------+---------+---------+
       Total:                         1332    0         498    
                                                               
    C:\ti\ccs2000\ccs\tools\compiler\ti-cgt-armllvm_4.0.1.LTS\lib\armv6m-ti-none-eabi/libclang_rt.builtins.a
       adddf3.S.obj                   418     0         0      
       muldf3.S.obj                   244     0         0      
       comparedf2.c.obj               220     0         0      
       addsf3.S.obj                   216     0         0      
       mulsf3.S.obj                   140     0         0      
       divsf3.S.obj                   130     0         0      
       comparesf2.S.obj               118     0         0      
       truncdfsf2.S.obj               116     0         0      
       aeabi_dcmp.S.obj               98      0         0      
       aeabi_fcmp.S.obj               98      0         0      
       aeabi_idivmod.S.obj            86      0         0      
       extendsfdf2.S.obj              80      0         0      
       fixdfsi.S.obj                  74      0         0      
       aeabi_uidivmod.S.obj           64      0         0      
       floatsisf.S.obj                60      0         0      
       muldsi3.S.obj                  58      0         0      
       fixsfsi.S.obj                  56      0         0      
       floatsidf.S.obj                44      0         0      
       aeabi_memset.S.obj             26      0         0      
       aeabi_memcpy.S.obj             8       0         0      
       aeabi_div0.c.obj               2       0         0      
    +--+------------------------------+-------+---------+---------+
       Total:                         2356    0         0      
                                                               
       Heap:                          0       0         512    
       Stack:                         0       0         512    
       Linker Generated:              0       149       0      
    +--+------------------------------+-------+---------+---------+
       Grand Total:                   19732   3231      3733   


LINKER GENERATED COPY TABLES

__TI_cinit_table @ 000059e0 records: 2, size/record: 8, table size: 16
	.data: load addr=00005958, load size=00000071 bytes, run addr=20200000, run size=000008c1 bytes, compression=lzss
	.bss: load addr=000059d8, load size=00000008 bytes, run addr=20200ac8, run size=000001d9 bytes, compression=zero_init


LINKER GENERATED HANDLER TABLE

__TI_handler_table @ 000059cc records: 3, size/record: 4, table size: 12
	index: 0, handler: __TI_decompress_lzss
	index: 1, handler: __TI_decompress_none
	index: 2, handler: __TI_zero_init


FAR CALL TRAMPOLINES

callee name               trampoline name
   callee addr  tramp addr   call addr  call info
--------------  -----------  ---------  ----------------
__aeabi_dadd              $Tramp$TT$L$PI$$__aeabi_dadd
   0000129b     00004b98     00004b94   libc.a : k_rem_pio2.c.obj (.text.OUTLINED_FUNCTION_0)
                             00004d54          : k_rem_pio2.c.obj (.text.OUTLINED_FUNCTION_1)
                             00004d5e          : s_cosf.c.obj (.text.OUTLINED_FUNCTION_3)
                             00004d68          : s_sinf.c.obj (.text.OUTLINED_FUNCTION_3)
__aeabi_dmul              $Tramp$TT$L$PI$$__aeabi_dmul
   00002025     00004db4     00004db0   libc.a : s_cosf.c.obj (.text.OUTLINED_FUNCTION_0)
                             00004dc8          : s_sinf.c.obj (.text.OUTLINED_FUNCTION_0)
                             00004dce          : s_cosf.c.obj (.text.OUTLINED_FUNCTION_1)
                             00004dd4          : s_sinf.c.obj (.text.OUTLINED_FUNCTION_1)
__aeabi_f2d               $Tramp$TT$L$PI$$__aeabi_f2d
   0000411d     00004ddc     00004dd8   libc.a : s_cosf.c.obj (.text.OUTLINED_FUNCTION_2)
                             00004dee          : s_sinf.c.obj (.text.OUTLINED_FUNCTION_2)

[3 trampolines]
[10 trampoline calls]


GLOBAL SYMBOLS: SORTED ALPHABETICALLY BY Name 

address   name                             
-------   ----                             
00004a21  ADC0_IRQHandler                  
00004a21  ADC1_IRQHandler                  
00004a21  AES_IRQHandler                   
20200890  BusFreq                          
00004df4  C$$EXIT                          
000045b5  C$$IO$$                          
00004a21  CANFD0_IRQHandler                
00004a21  DAC0_IRQHandler                  
00004a21  DMA_IRQHandler                   
00004a21  Default_Handler                  
00004a21  GROUP0_IRQHandler                
00004a21  GROUP1_IRQHandler                
00003f01  HOSTclose                        
00003825  HOSTlseek                        
00003afd  HOSTopen                         
00003bbd  HOSTread                         
00003891  HOSTrename                       
00003f49  HOSTunlink                       
00003c15  HOSTwrite                        
00004a3d  HardFault_Handler                
00004a21  I2C0_IRQHandler                  
00004a21  I2C1_IRQHandler                  
00004a21  NMI_Handler                      
00004a21  PendSV_Handler                   
00004a21  RTC_IRQHandler                   
00004df1  Reset_Handler                    
00005950  SHT$$INIT_ARRAY$$Base            
00005954  SHT$$INIT_ARRAY$$Limit           
00004a21  SPI0_IRQHandler                  
00004a21  SPI1_IRQHandler                  
00004a21  SVC_Handler                      
20200c9c  StTextColor                      
20200894  StX                              
20200898  StY                              
00001423  SysTick_Handler                  
20200c90  TExaSLogic                       
20200c94  TExaSadc                         
202008b4  TG12Flag                         
00004a21  TIMA0_IRQHandler                 
00004a21  TIMA1_IRQHandler                 
00004a21  TIMG0_IRQHandler                 
00003541  TIMG12_IRQHandler                
00004a21  TIMG6_IRQHandler                 
0000401d  TIMG7_IRQHandler                 
00004a21  TIMG8_IRQHandler                 
00004c0f  TI_memcpy_small                  
00004ce9  TI_memset_small                  
00004a21  UART0_IRQHandler                 
00004a21  UART1_IRQHandler                 
00004a21  UART2_IRQHandler                 
00004a21  UART3_IRQHandler                 
20200ac8  _CIOBUF_                         
000037a5  _Z10Clock_Freqv                  
000026c9  _Z10DrawHealthRK4TankS1_         
00002b6f  _Z10Sound_Initv                  
00004a75  _Z10Switch_In1v                  
00004a91  _Z10Switch_In2v                  
00003c6d  _Z10TExaS_InitP10ADC12_RegsjPFhvE
00004c43  _Z11Clock_Delayj                 
000042cd  _Z11SPI_OutDatac                 
00004aad  _Z11ST7735_openPKcji             
00004ba9  _Z11ST7735_readiPcj              
00004919  _Z11Switch_Initv                 
00002df1  _Z11isCollisionv                 
00002b71  _Z12ST7735_InitR10initRFlags     
00004d6b  _Z12ST7735_closei                
00004c93  _Z12ST7735_lseekili              
0000441b  _Z12ST7735_writeiPKcj            
00002471  _Z12bulletUpdatev                
00002a29  _Z12rotateUpdatev                
00003dc3  _Z12tankMovementjjR4Tank         
00004cf7  _Z13ST7735_renamePKcS0_          
00004d75  _Z13ST7735_unlinkPKc             
00004451  _Z13displayUpdatev               
00004485  _Z14Clock_Delay1msj              
000035bd  _Z14LaunchPad_Initv              
00003f91  _Z14SPI_OutCommandc              
00001d6d  _Z14ST7735_OutCharc              
00002981  _Z14TimerG7_IntArmtjj            
00004305  _Z15ActivatePortA_Bv             
00000f35  _Z15Clock_Init80MHzi             
00004659  _Z15ST7735_Color565hhh           
000010e9  _Z15ST7735_DrawCharsscssh        
0000195d  _Z15ST7735_FillRectsssst         
00004b1d  _Z15SlidePotSamplerR8SlidePot    
00003061  _Z15TimerG12_IntArmjj            
000044b9  _Z16ST7735_SetCursorjj           
00000989  _Z17ST7735_DrawBitmapssPKtss     
000033b9  _Z17ST7735_DrawStringttPcs       
00004811  _Z17ST7735_FillScreent           
00002c11  _Z17ST7735_InitPrintf10initRFlags
00004c55  _Z28TExaS_LaunchPadLogicPB27PB26v
0000419d  _Z5clampfff                      
00004ac9  _Z7P1SHOOTv                      
00004ae5  _Z7P2SHOOTv                      
00001835  _Z8ADC_InitP10ADC12_Regsjj       
000044ed  _Z8LED_Initv                     
00004d7f  _Z8PLL_Initv                     
00001b89  _Z8SPI_Initv                     
00004941  _Z9ADC_StartP10ADC12_Regs        
0000405d  _Z9SPI_Resetv                    
00001e55  _Z9UART_Initv                    
00003fd9  _Z9queryTankv                    
00004bfd  _ZN4Tank11NeedsRedrawEv          
0000277d  _ZN4Tank11TriVelocityEi          
00001425  _ZN4Tank12rotateSpriteEf         
0000468b  _ZN4Tank13TickCooldownsEv        
000043e5  _ZN4Tank15rotateIncrementEi      
000046bd  _ZN4Tank4DrawEv                  
000021e9  _ZN4Tank4MoveEv                  
0000483d  _ZN4Tank5EraseEv                 
00002fc5  _ZN4Tank5ShootEP6Bulleti         
00003e13  _ZN4Tank6RotateEi                
00004c65  _ZN4Tank8CanShootEv              
0000253d  _ZN4TankC1EiiiPKthhjj            
0000253d  _ZN4TankC2EiiiPKthhjj            
0000409d  _ZN6Bullet4DrawEv                
000034c1  _ZN6Bullet4InitEiifii            
00002605  _ZN6Bullet4MoveEv                
0000433d  _ZN6Bullet5EraseEv               
00004b51  _ZN6BulletC1Ev                   
00004b51  _ZN6BulletC2Ev                   
00004d03  _ZN8SlidePot12lastDistanceEv     
00003b5d  _ZN8SlidePot2InEv                
00003189  _ZN8SlidePot4InitEj              
00004721  _ZN8SlidePot4SaveEj              
000047e1  _ZN8SlidePot4SyncEv              
00004d0f  _ZN8SlidePot8DistanceEv          
00004b37  _ZN8SlidePotC1Ejj                
00004b37  _ZN8SlidePotC2Ejj                
00004d1b  _ZNK4Tank4GetXEv                 
00004d27  _ZNK4Tank4GetYEv                 
00004ca1  _ZNK4Tank9GetHealthEv            
00004c75  _ZNK6Bullet8IsActiveEv           
20200ac8  __CIOBUF_                        
20208000  __STACK_END                      
00000200  __STACK_SIZE                     
00000200  __SYSMEM_SIZE                    
00000000  __TI_ATRegion0_region_sz         
00000000  __TI_ATRegion0_src_addr          
00000000  __TI_ATRegion0_trg_addr          
00000000  __TI_ATRegion1_region_sz         
00000000  __TI_ATRegion1_src_addr          
00000000  __TI_ATRegion1_trg_addr          
00000000  __TI_ATRegion2_region_sz         
00000000  __TI_ATRegion2_src_addr          
00000000  __TI_ATRegion2_trg_addr          
000059e0  __TI_CINIT_Base                  
000059f0  __TI_CINIT_Limit                 
000059f0  __TI_CINIT_Warm                  
000059cc  __TI_Handler_Table_Base          
000059d8  __TI_Handler_Table_Limit         
00003d1d  __TI_auto_init_nobinit           
00004521  __TI_cleanup                     
20200888  __TI_cleanup_ptr                 
00003639  __TI_closefile                   
000036b5  __TI_decompress_lzss             
00004c21  __TI_decompress_none             
00003d71  __TI_doflush                     
2020088c  __TI_dtors_ptr                   
2020089c  __TI_ft_end                      
ffffffff  __TI_pprof_out_hndl              
00000705  __TI_printfi_minimal             
ffffffff  __TI_prof_data_size              
ffffffff  __TI_prof_data_start             
00004555  __TI_readmsg                     
00000000  __TI_static_base__               
20200be8  __TI_tmpnams                     
00004589  __TI_writemsg                    
00004bbf  __TI_zero_init_nomemset          
0000129b  __adddf3                         
000023a3  __addsf3                         
000037b1  __aeabi_d2f                      
00003eb5  __aeabi_d2iz                     
0000129b  __aeabi_dadd                     
00003a35  __aeabi_dcmpeq                   
00003a71  __aeabi_dcmpge                   
00003a85  __aeabi_dcmpgt                   
00003a5d  __aeabi_dcmple                   
00003a49  __aeabi_dcmplt                   
00002025  __aeabi_dmul                     
00001291  __aeabi_dsub                     
202008a0  __aeabi_errno                    
00004d95  __aeabi_errno_addr               
0000411d  __aeabi_f2d                      
00004375  __aeabi_f2iz                     
000023a3  __aeabi_fadd                     
00003a99  __aeabi_fcmpeq                   
00003ad5  __aeabi_fcmpge                   
00003ae9  __aeabi_fcmpgt                   
00003ac1  __aeabi_fcmple                   
00003aad  __aeabi_fcmplt                   
0000343d  __aeabi_fdiv                     
00003219  __aeabi_fmul                     
00002399  __aeabi_fsub                     
000048c1  __aeabi_i2d                      
000041dd  __aeabi_i2f                      
00003cc5  __aeabi_idiv                     
0000305f  __aeabi_idiv0                    
00003cc5  __aeabi_idivmod                  
00004d35  __aeabi_memclr                   
00004d35  __aeabi_memclr4                  
00004d35  __aeabi_memclr8                  
00004d9d  __aeabi_memcpy                   
00004d9d  __aeabi_memcpy4                  
00004d9d  __aeabi_memcpy8                  
00004cb1  __aeabi_memset                   
00004cb1  __aeabi_memset4                  
00004cb1  __aeabi_memset8                  
000040dd  __aeabi_uidiv                    
000040dd  __aeabi_uidivmod                 
ffffffff  __binit__                        
00003969  __cmpdf2                         
00004255  __cmpsf2                         
0000343d  __divsf3                         
00003969  __eqdf2                          
00004255  __eqsf2                          
0000411d  __extendsfdf2                    
00003eb5  __fixdfsi                        
00004375  __fixsfsi                        
000048c1  __floatsidf                      
000041dd  __floatsisf                      
00003731  __gedf2                          
00004219  __gesf2                          
00003731  __gtdf2                          
00004219  __gtsf2                          
000000c1  __kernel_rem_pio2                
00003969  __ledf2                          
00004255  __lesf2                          
00003969  __ltdf2                          
00004255  __ltsf2                          
UNDEFED   __mpu_init                       
00002025  __muldf3                         
00004291  __muldsi3                        
00003219  __mulsf3                         
00003969  __nedf2                          
00004255  __nesf2                          
20207e00  __stack                          
20200000  __start___llvm_prf_bits          
20200000  __start___llvm_prf_cnts          
20200000  __stop___llvm_prf_bits           
20200000  __stop___llvm_prf_cnts           
00001291  __subdf3                         
00002399  __subsf3                         
000037b1  __truncdfsf2                     
000049b9  _c_int00_noargs                  
20200788  _device                          
202004b8  _ftable                          
202008a4  _lock                            
000034bf  _nop                             
20200800  _stream                          
202008c8  _sys_memory                      
UNDEFED   _system_post_cinit               
0000332d  _system_pre_init                 
202008a8  _unlock                          
00004df5  abort                            
00001c81  add_device                       
00001a75  aligned_alloc                    
ffffffff  binit                            
202008b7  bulletFlag1                      
202008b9  bulletFlag2                      
202005a8  bullets1                         
20200698  bullets2                         
00003e65  close                            
00000b99  cosf                             
000045bd  exit                             
000045f1  finddevice                       
000016f1  floor                            
000016f1  floorl                           
000047b1  fopen                            
00001f3d  free                             
00004625  freopen                          
000038fd  getdevice                        
00000000  interruptVectors                 
000022c1  ldexp                            
000022c1  ldexpl                           
000030f5  main                             
00004d41  malloc                           
00001a75  memalign                         
000049e1  memccpy                          
00002cb1  open                             
20200000  p1                               
2020025c  p2                               
20200c88  parmbuf                          
20200850  player1SP                        
2020086c  player2SP                        
00004da5  remove                           
000022c1  scalbn                           
000022c1  scalbnl                          
00002109  setvbuf                          
00000d6d  sinf                             
000043ad  sprintf                          
00002d51  sqrtf                            
00003331  strcmp                           
202008ac  time                             
000048ed  unlink                           
00004991  write                            


GLOBAL SYMBOLS: SORTED BY Symbol Address 

address   name                             
-------   ----                             
00000000  __TI_ATRegion0_region_sz         
00000000  __TI_ATRegion0_src_addr          
00000000  __TI_ATRegion0_trg_addr          
00000000  __TI_ATRegion1_region_sz         
00000000  __TI_ATRegion1_src_addr          
00000000  __TI_ATRegion1_trg_addr          
00000000  __TI_ATRegion2_region_sz         
00000000  __TI_ATRegion2_src_addr          
00000000  __TI_ATRegion2_trg_addr          
00000000  __TI_static_base__               
00000000  interruptVectors                 
000000c1  __kernel_rem_pio2                
00000200  __STACK_SIZE                     
00000200  __SYSMEM_SIZE                    
00000705  __TI_printfi_minimal             
00000989  _Z17ST7735_DrawBitmapssPKtss     
00000b99  cosf                             
00000d6d  sinf                             
00000f35  _Z15Clock_Init80MHzi             
000010e9  _Z15ST7735_DrawCharsscssh        
00001291  __aeabi_dsub                     
00001291  __subdf3                         
0000129b  __adddf3                         
0000129b  __aeabi_dadd                     
00001423  SysTick_Handler                  
00001425  _ZN4Tank12rotateSpriteEf         
000016f1  floor                            
000016f1  floorl                           
00001835  _Z8ADC_InitP10ADC12_Regsjj       
0000195d  _Z15ST7735_FillRectsssst         
00001a75  aligned_alloc                    
00001a75  memalign                         
00001b89  _Z8SPI_Initv                     
00001c81  add_device                       
00001d6d  _Z14ST7735_OutCharc              
00001e55  _Z9UART_Initv                    
00001f3d  free                             
00002025  __aeabi_dmul                     
00002025  __muldf3                         
00002109  setvbuf                          
000021e9  _ZN4Tank4MoveEv                  
000022c1  ldexp                            
000022c1  ldexpl                           
000022c1  scalbn                           
000022c1  scalbnl                          
00002399  __aeabi_fsub                     
00002399  __subsf3                         
000023a3  __addsf3                         
000023a3  __aeabi_fadd                     
00002471  _Z12bulletUpdatev                
0000253d  _ZN4TankC1EiiiPKthhjj            
0000253d  _ZN4TankC2EiiiPKthhjj            
00002605  _ZN6Bullet4MoveEv                
000026c9  _Z10DrawHealthRK4TankS1_         
0000277d  _ZN4Tank11TriVelocityEi          
00002981  _Z14TimerG7_IntArmtjj            
00002a29  _Z12rotateUpdatev                
00002b6f  _Z10Sound_Initv                  
00002b71  _Z12ST7735_InitR10initRFlags     
00002c11  _Z17ST7735_InitPrintf10initRFlags
00002cb1  open                             
00002d51  sqrtf                            
00002df1  _Z11isCollisionv                 
00002fc5  _ZN4Tank5ShootEP6Bulleti         
0000305f  __aeabi_idiv0                    
00003061  _Z15TimerG12_IntArmjj            
000030f5  main                             
00003189  _ZN8SlidePot4InitEj              
00003219  __aeabi_fmul                     
00003219  __mulsf3                         
0000332d  _system_pre_init                 
00003331  strcmp                           
000033b9  _Z17ST7735_DrawStringttPcs       
0000343d  __aeabi_fdiv                     
0000343d  __divsf3                         
000034bf  _nop                             
000034c1  _ZN6Bullet4InitEiifii            
00003541  TIMG12_IRQHandler                
000035bd  _Z14LaunchPad_Initv              
00003639  __TI_closefile                   
000036b5  __TI_decompress_lzss             
00003731  __gedf2                          
00003731  __gtdf2                          
000037a5  _Z10Clock_Freqv                  
000037b1  __aeabi_d2f                      
000037b1  __truncdfsf2                     
00003825  HOSTlseek                        
00003891  HOSTrename                       
000038fd  getdevice                        
00003969  __cmpdf2                         
00003969  __eqdf2                          
00003969  __ledf2                          
00003969  __ltdf2                          
00003969  __nedf2                          
00003a35  __aeabi_dcmpeq                   
00003a49  __aeabi_dcmplt                   
00003a5d  __aeabi_dcmple                   
00003a71  __aeabi_dcmpge                   
00003a85  __aeabi_dcmpgt                   
00003a99  __aeabi_fcmpeq                   
00003aad  __aeabi_fcmplt                   
00003ac1  __aeabi_fcmple                   
00003ad5  __aeabi_fcmpge                   
00003ae9  __aeabi_fcmpgt                   
00003afd  HOSTopen                         
00003b5d  _ZN8SlidePot2InEv                
00003bbd  HOSTread                         
00003c15  HOSTwrite                        
00003c6d  _Z10TExaS_InitP10ADC12_RegsjPFhvE
00003cc5  __aeabi_idiv                     
00003cc5  __aeabi_idivmod                  
00003d1d  __TI_auto_init_nobinit           
00003d71  __TI_doflush                     
00003dc3  _Z12tankMovementjjR4Tank         
00003e13  _ZN4Tank6RotateEi                
00003e65  close                            
00003eb5  __aeabi_d2iz                     
00003eb5  __fixdfsi                        
00003f01  HOSTclose                        
00003f49  HOSTunlink                       
00003f91  _Z14SPI_OutCommandc              
00003fd9  _Z9queryTankv                    
0000401d  TIMG7_IRQHandler                 
0000405d  _Z9SPI_Resetv                    
0000409d  _ZN6Bullet4DrawEv                
000040dd  __aeabi_uidiv                    
000040dd  __aeabi_uidivmod                 
0000411d  __aeabi_f2d                      
0000411d  __extendsfdf2                    
0000419d  _Z5clampfff                      
000041dd  __aeabi_i2f                      
000041dd  __floatsisf                      
00004219  __gesf2                          
00004219  __gtsf2                          
00004255  __cmpsf2                         
00004255  __eqsf2                          
00004255  __lesf2                          
00004255  __ltsf2                          
00004255  __nesf2                          
00004291  __muldsi3                        
000042cd  _Z11SPI_OutDatac                 
00004305  _Z15ActivatePortA_Bv             
0000433d  _ZN6Bullet5EraseEv               
00004375  __aeabi_f2iz                     
00004375  __fixsfsi                        
000043ad  sprintf                          
000043e5  _ZN4Tank15rotateIncrementEi      
0000441b  _Z12ST7735_writeiPKcj            
00004451  _Z13displayUpdatev               
00004485  _Z14Clock_Delay1msj              
000044b9  _Z16ST7735_SetCursorjj           
000044ed  _Z8LED_Initv                     
00004521  __TI_cleanup                     
00004555  __TI_readmsg                     
00004589  __TI_writemsg                    
000045b5  C$$IO$$                          
000045bd  exit                             
000045f1  finddevice                       
00004625  freopen                          
00004659  _Z15ST7735_Color565hhh           
0000468b  _ZN4Tank13TickCooldownsEv        
000046bd  _ZN4Tank4DrawEv                  
00004721  _ZN8SlidePot4SaveEj              
000047b1  fopen                            
000047e1  _ZN8SlidePot4SyncEv              
00004811  _Z17ST7735_FillScreent           
0000483d  _ZN4Tank5EraseEv                 
000048c1  __aeabi_i2d                      
000048c1  __floatsidf                      
000048ed  unlink                           
00004919  _Z11Switch_Initv                 
00004941  _Z9ADC_StartP10ADC12_Regs        
00004991  write                            
000049b9  _c_int00_noargs                  
000049e1  memccpy                          
00004a21  ADC0_IRQHandler                  
00004a21  ADC1_IRQHandler                  
00004a21  AES_IRQHandler                   
00004a21  CANFD0_IRQHandler                
00004a21  DAC0_IRQHandler                  
00004a21  DMA_IRQHandler                   
00004a21  Default_Handler                  
00004a21  GROUP0_IRQHandler                
00004a21  GROUP1_IRQHandler                
00004a21  I2C0_IRQHandler                  
00004a21  I2C1_IRQHandler                  
00004a21  NMI_Handler                      
00004a21  PendSV_Handler                   
00004a21  RTC_IRQHandler                   
00004a21  SPI0_IRQHandler                  
00004a21  SPI1_IRQHandler                  
00004a21  SVC_Handler                      
00004a21  TIMA0_IRQHandler                 
00004a21  TIMA1_IRQHandler                 
00004a21  TIMG0_IRQHandler                 
00004a21  TIMG6_IRQHandler                 
00004a21  TIMG8_IRQHandler                 
00004a21  UART0_IRQHandler                 
00004a21  UART1_IRQHandler                 
00004a21  UART2_IRQHandler                 
00004a21  UART3_IRQHandler                 
00004a3d  HardFault_Handler                
00004a75  _Z10Switch_In1v                  
00004a91  _Z10Switch_In2v                  
00004aad  _Z11ST7735_openPKcji             
00004ac9  _Z7P1SHOOTv                      
00004ae5  _Z7P2SHOOTv                      
00004b1d  _Z15SlidePotSamplerR8SlidePot    
00004b37  _ZN8SlidePotC1Ejj                
00004b37  _ZN8SlidePotC2Ejj                
00004b51  _ZN6BulletC1Ev                   
00004b51  _ZN6BulletC2Ev                   
00004ba9  _Z11ST7735_readiPcj              
00004bbf  __TI_zero_init_nomemset          
00004bfd  _ZN4Tank11NeedsRedrawEv          
00004c0f  TI_memcpy_small                  
00004c21  __TI_decompress_none             
00004c43  _Z11Clock_Delayj                 
00004c55  _Z28TExaS_LaunchPadLogicPB27PB26v
00004c65  _ZN4Tank8CanShootEv              
00004c75  _ZNK6Bullet8IsActiveEv           
00004c93  _Z12ST7735_lseekili              
00004ca1  _ZNK4Tank9GetHealthEv            
00004cb1  __aeabi_memset                   
00004cb1  __aeabi_memset4                  
00004cb1  __aeabi_memset8                  
00004ce9  TI_memset_small                  
00004cf7  _Z13ST7735_renamePKcS0_          
00004d03  _ZN8SlidePot12lastDistanceEv     
00004d0f  _ZN8SlidePot8DistanceEv          
00004d1b  _ZNK4Tank4GetXEv                 
00004d27  _ZNK4Tank4GetYEv                 
00004d35  __aeabi_memclr                   
00004d35  __aeabi_memclr4                  
00004d35  __aeabi_memclr8                  
00004d41  malloc                           
00004d6b  _Z12ST7735_closei                
00004d75  _Z13ST7735_unlinkPKc             
00004d7f  _Z8PLL_Initv                     
00004d95  __aeabi_errno_addr               
00004d9d  __aeabi_memcpy                   
00004d9d  __aeabi_memcpy4                  
00004d9d  __aeabi_memcpy8                  
00004da5  remove                           
00004df1  Reset_Handler                    
00004df4  C$$EXIT                          
00004df5  abort                            
00005950  SHT$$INIT_ARRAY$$Base            
00005954  SHT$$INIT_ARRAY$$Limit           
000059cc  __TI_Handler_Table_Base          
000059d8  __TI_Handler_Table_Limit         
000059e0  __TI_CINIT_Base                  
000059f0  __TI_CINIT_Limit                 
000059f0  __TI_CINIT_Warm                  
20200000  __start___llvm_prf_bits          
20200000  __start___llvm_prf_cnts          
20200000  __stop___llvm_prf_bits           
20200000  __stop___llvm_prf_cnts           
20200000  p1                               
2020025c  p2                               
202004b8  _ftable                          
202005a8  bullets1                         
20200698  bullets2                         
20200788  _device                          
20200800  _stream                          
20200850  player1SP                        
2020086c  player2SP                        
20200888  __TI_cleanup_ptr                 
2020088c  __TI_dtors_ptr                   
20200890  BusFreq                          
20200894  StX                              
20200898  StY                              
2020089c  __TI_ft_end                      
202008a0  __aeabi_errno                    
202008a4  _lock                            
202008a8  _unlock                          
202008ac  time                             
202008b4  TG12Flag                         
202008b7  bulletFlag1                      
202008b9  bulletFlag2                      
202008c8  _sys_memory                      
20200ac8  _CIOBUF_                         
20200ac8  __CIOBUF_                        
20200be8  __TI_tmpnams                     
20200c88  parmbuf                          
20200c90  TExaSLogic                       
20200c94  TExaSadc                         
20200c9c  StTextColor                      
20207e00  __stack                          
20208000  __STACK_END                      
ffffffff  __TI_pprof_out_hndl              
ffffffff  __TI_prof_data_size              
ffffffff  __TI_prof_data_start             
ffffffff  __binit__                        
ffffffff  binit                            
UNDEFED   __mpu_init                       
UNDEFED   _system_post_cinit               

[297 symbols]
