<?xml version="1.0" encoding="ISO-8859-1" ?>
<link_info>
   <banner>TI ARM Clang Linker PC v4.0.1.LTS</banner>
   <copyright>Copyright (c) 1996-2018 Texas Instruments Incorporated</copyright>
   <command_line>C:\ti\ccs2000\ccs\tools\compiler\ti-cgt-armllvm_4.0.1.LTS\bin\tiarmlnk -IC:\ti\ccs2000\ccs\tools\compiler\ti-cgt-armllvm_4.0.1.LTS\lib -o ECE319K_Lab9H.out -mECE319K_Lab9H.map --heap_size=512 --stack_size=512 -iC:/Users/singh/Downloads/MSPM0_ValvanoWare/ECE319K_Lab9H/Debug/syscfg -iC:/ti/ccs2000/ccs/tools/compiler/ti-cgt-armllvm_4.0.1.LTS/lib --diag_wrap=off --display_error_number --warn_sections --xml_link_info=ECE319K_Lab9H_linkInfo.xml --rom_model ./Clock.o ./DAC5.o ./LED.o ./Lab9HMain.o ./LaunchPad.o ./SPI.o ./ST7735.o ./SlidePot.o ./SmallFont.o ./Sound.o ./Switch.o ./TExaS.o ./Timer.o ./bullet.o ./tank.o ./tools.o ./images/SpaceInvaders/pipedreams/PipeSound.o ./ticlang/startup_mspm0g3507_ticlang.o ../mspm0g3507.cmd -lC:/ti/mspm0_sdk_2_02_00_05/source/ti/driverlib/lib/ticlang/m0p/mspm0g1x0x_g3x0x/driverlib.a -llibc.a --start-group -llibc++.a -llibc++abi.a -llibc.a -llibsys.a -llibsysbm.a -llibclang_rt.builtins.a -llibclang_rt.profile.a --end-group --cg_opt_level=0</command_line>
   <link_time>0x68020911</link_time>
   <link_errors>0x0</link_errors>
   <output_file>C:\Users\singh\Downloads\MSPM0_ValvanoWare\ECE319K_Lab9H\Debug\ECE319K_Lab9H.out</output_file>
   <entry_point>
      <name>_c_int00_noargs</name>
      <address>0x4041</address>
   </entry_point>
   <input_file_list>
      <input_file id="fl-1">
         <path>C:\Users\singh\Downloads\MSPM0_ValvanoWare\ECE319K_Lab9H\Debug\.\</path>
         <kind>object</kind>
         <file>Clock.o</file>
         <name>Clock.o</name>
      </input_file>
      <input_file id="fl-2">
         <path>C:\Users\singh\Downloads\MSPM0_ValvanoWare\ECE319K_Lab9H\Debug\.\</path>
         <kind>object</kind>
         <file>DAC5.o</file>
         <name>DAC5.o</name>
      </input_file>
      <input_file id="fl-3">
         <path>C:\Users\singh\Downloads\MSPM0_ValvanoWare\ECE319K_Lab9H\Debug\.\</path>
         <kind>object</kind>
         <file>LED.o</file>
         <name>LED.o</name>
      </input_file>
      <input_file id="fl-4">
         <path>C:\Users\singh\Downloads\MSPM0_ValvanoWare\ECE319K_Lab9H\Debug\.\</path>
         <kind>object</kind>
         <file>Lab9HMain.o</file>
         <name>Lab9HMain.o</name>
      </input_file>
      <input_file id="fl-5">
         <path>C:\Users\singh\Downloads\MSPM0_ValvanoWare\ECE319K_Lab9H\Debug\.\</path>
         <kind>object</kind>
         <file>LaunchPad.o</file>
         <name>LaunchPad.o</name>
      </input_file>
      <input_file id="fl-6">
         <path>C:\Users\singh\Downloads\MSPM0_ValvanoWare\ECE319K_Lab9H\Debug\.\</path>
         <kind>object</kind>
         <file>SPI.o</file>
         <name>SPI.o</name>
      </input_file>
      <input_file id="fl-7">
         <path>C:\Users\singh\Downloads\MSPM0_ValvanoWare\ECE319K_Lab9H\Debug\.\</path>
         <kind>object</kind>
         <file>ST7735.o</file>
         <name>ST7735.o</name>
      </input_file>
      <input_file id="fl-8">
         <path>C:\Users\singh\Downloads\MSPM0_ValvanoWare\ECE319K_Lab9H\Debug\.\</path>
         <kind>object</kind>
         <file>SlidePot.o</file>
         <name>SlidePot.o</name>
      </input_file>
      <input_file id="fl-9">
         <path>C:\Users\singh\Downloads\MSPM0_ValvanoWare\ECE319K_Lab9H\Debug\.\</path>
         <kind>object</kind>
         <file>SmallFont.o</file>
         <name>SmallFont.o</name>
      </input_file>
      <input_file id="fl-a">
         <path>C:\Users\singh\Downloads\MSPM0_ValvanoWare\ECE319K_Lab9H\Debug\.\</path>
         <kind>object</kind>
         <file>Sound.o</file>
         <name>Sound.o</name>
      </input_file>
      <input_file id="fl-b">
         <path>C:\Users\singh\Downloads\MSPM0_ValvanoWare\ECE319K_Lab9H\Debug\.\</path>
         <kind>object</kind>
         <file>Switch.o</file>
         <name>Switch.o</name>
      </input_file>
      <input_file id="fl-c">
         <path>C:\Users\singh\Downloads\MSPM0_ValvanoWare\ECE319K_Lab9H\Debug\.\</path>
         <kind>object</kind>
         <file>TExaS.o</file>
         <name>TExaS.o</name>
      </input_file>
      <input_file id="fl-d">
         <path>C:\Users\singh\Downloads\MSPM0_ValvanoWare\ECE319K_Lab9H\Debug\.\</path>
         <kind>object</kind>
         <file>Timer.o</file>
         <name>Timer.o</name>
      </input_file>
      <input_file id="fl-e">
         <path>C:\Users\singh\Downloads\MSPM0_ValvanoWare\ECE319K_Lab9H\Debug\.\</path>
         <kind>object</kind>
         <file>bullet.o</file>
         <name>bullet.o</name>
      </input_file>
      <input_file id="fl-f">
         <path>C:\Users\singh\Downloads\MSPM0_ValvanoWare\ECE319K_Lab9H\Debug\.\</path>
         <kind>object</kind>
         <file>tank.o</file>
         <name>tank.o</name>
      </input_file>
      <input_file id="fl-10">
         <path>C:\Users\singh\Downloads\MSPM0_ValvanoWare\ECE319K_Lab9H\Debug\.\</path>
         <kind>object</kind>
         <file>tools.o</file>
         <name>tools.o</name>
      </input_file>
      <input_file id="fl-11">
         <path>C:\Users\singh\Downloads\MSPM0_ValvanoWare\ECE319K_Lab9H\Debug\.\images\SpaceInvaders\pipedreams\</path>
         <kind>object</kind>
         <file>PipeSound.o</file>
         <name>PipeSound.o</name>
      </input_file>
      <input_file id="fl-12">
         <path>C:\Users\singh\Downloads\MSPM0_ValvanoWare\ECE319K_Lab9H\Debug\.\ticlang\</path>
         <kind>object</kind>
         <file>startup_mspm0g3507_ticlang.o</file>
         <name>startup_mspm0g3507_ticlang.o</name>
      </input_file>
      <input_file id="fl-1e">
         <path>C:\Users\singh\Downloads\MSPM0_ValvanoWare\ECE319K_Lab9H\Debug\</path>
         <kind>object</kind>
         <file>&lt;internal&gt;</file>
         <name>&lt;internal&gt;</name>
      </input_file>
      <input_file id="fl-33">
         <path>C:\ti\ccs2000\ccs\tools\compiler\ti-cgt-armllvm_4.0.1.LTS\lib\armv6m-ti-none-eabi\c\</path>
         <kind>archive</kind>
         <file>libc.a</file>
         <name>s_cosf.c.obj</name>
      </input_file>
      <input_file id="fl-34">
         <path>C:\ti\ccs2000\ccs\tools\compiler\ti-cgt-armllvm_4.0.1.LTS\lib\armv6m-ti-none-eabi\c\</path>
         <kind>archive</kind>
         <file>libc.a</file>
         <name>s_sinf.c.obj</name>
      </input_file>
      <input_file id="fl-35">
         <path>C:\ti\ccs2000\ccs\tools\compiler\ti-cgt-armllvm_4.0.1.LTS\lib\armv6m-ti-none-eabi\c\</path>
         <kind>archive</kind>
         <file>libc.a</file>
         <name>fopen.c.obj</name>
      </input_file>
      <input_file id="fl-36">
         <path>C:\ti\ccs2000\ccs\tools\compiler\ti-cgt-armllvm_4.0.1.LTS\lib\armv6m-ti-none-eabi\c\</path>
         <kind>archive</kind>
         <file>libc.a</file>
         <name>setvbuf.c.obj</name>
      </input_file>
      <input_file id="fl-37">
         <path>C:\ti\ccs2000\ccs\tools\compiler\ti-cgt-armllvm_4.0.1.LTS\lib\armv6m-ti-none-eabi\c\</path>
         <kind>archive</kind>
         <file>libc.a</file>
         <name>aeabi_portable.c.obj</name>
      </input_file>
      <input_file id="fl-38">
         <path>C:\ti\ccs2000\ccs\tools\compiler\ti-cgt-armllvm_4.0.1.LTS\lib\armv6m-ti-none-eabi\c\</path>
         <kind>archive</kind>
         <file>libc.a</file>
         <name>exit.c.obj</name>
      </input_file>
      <input_file id="fl-39">
         <path>C:\ti\ccs2000\ccs\tools\compiler\ti-cgt-armllvm_4.0.1.LTS\lib\armv6m-ti-none-eabi\c\</path>
         <kind>archive</kind>
         <file>libc.a</file>
         <name>_lock.c.obj</name>
      </input_file>
      <input_file id="fl-3a">
         <path>C:\ti\ccs2000\ccs\tools\compiler\ti-cgt-armllvm_4.0.1.LTS\lib\armv6m-ti-none-eabi\c\</path>
         <kind>archive</kind>
         <file>libc.a</file>
         <name>assert.c.obj</name>
      </input_file>
      <input_file id="fl-3b">
         <path>C:\ti\ccs2000\ccs\tools\compiler\ti-cgt-armllvm_4.0.1.LTS\lib\armv6m-ti-none-eabi\c\</path>
         <kind>archive</kind>
         <file>libc.a</file>
         <name>defs.c.obj</name>
      </input_file>
      <input_file id="fl-3c">
         <path>C:\ti\ccs2000\ccs\tools\compiler\ti-cgt-armllvm_4.0.1.LTS\lib\armv6m-ti-none-eabi\c\</path>
         <kind>archive</kind>
         <file>libc.a</file>
         <name>memory.c.obj</name>
      </input_file>
      <input_file id="fl-3d">
         <path>C:\ti\ccs2000\ccs\tools\compiler\ti-cgt-armllvm_4.0.1.LTS\lib\armv6m-ti-none-eabi\c\</path>
         <kind>archive</kind>
         <file>libc.a</file>
         <name>k_rem_pio2.c.obj</name>
      </input_file>
      <input_file id="fl-3e">
         <path>C:\ti\ccs2000\ccs\tools\compiler\ti-cgt-armllvm_4.0.1.LTS\lib\armv6m-ti-none-eabi\c\</path>
         <kind>archive</kind>
         <file>libc.a</file>
         <name>copy_zero_init.c.obj</name>
      </input_file>
      <input_file id="fl-3f">
         <path>C:\ti\ccs2000\ccs\tools\compiler\ti-cgt-armllvm_4.0.1.LTS\lib\armv6m-ti-none-eabi\c\</path>
         <kind>archive</kind>
         <file>libc.a</file>
         <name>copy_decompress_none.c.obj</name>
      </input_file>
      <input_file id="fl-40">
         <path>C:\ti\ccs2000\ccs\tools\compiler\ti-cgt-armllvm_4.0.1.LTS\lib\armv6m-ti-none-eabi\c\</path>
         <kind>archive</kind>
         <file>libc.a</file>
         <name>copy_decompress_lzss.c.obj</name>
      </input_file>
      <input_file id="fl-41">
         <path>C:\ti\ccs2000\ccs\tools\compiler\ti-cgt-armllvm_4.0.1.LTS\lib\armv6m-ti-none-eabi\c\</path>
         <kind>archive</kind>
         <file>libc.a</file>
         <name>boot_cortex_m.c.obj</name>
      </input_file>
      <input_file id="fl-42">
         <path>C:\ti\ccs2000\ccs\tools\compiler\ti-cgt-armllvm_4.0.1.LTS\lib\armv6m-ti-none-eabi\c\</path>
         <kind>archive</kind>
         <file>libc.a</file>
         <name>mathacl_init.c.obj</name>
      </input_file>
      <input_file id="fl-43">
         <path>C:\ti\ccs2000\ccs\tools\compiler\ti-cgt-armllvm_4.0.1.LTS\lib\armv6m-ti-none-eabi\c\</path>
         <kind>archive</kind>
         <file>libc.a</file>
         <name>s_floor.c.obj</name>
      </input_file>
      <input_file id="fl-44">
         <path>C:\ti\ccs2000\ccs\tools\compiler\ti-cgt-armllvm_4.0.1.LTS\lib\armv6m-ti-none-eabi\c\</path>
         <kind>archive</kind>
         <file>libc.a</file>
         <name>s_scalbn.c.obj</name>
      </input_file>
      <input_file id="fl-45">
         <path>C:\ti\ccs2000\ccs\tools\compiler\ti-cgt-armllvm_4.0.1.LTS\lib\armv6m-ti-none-eabi\c\</path>
         <kind>archive</kind>
         <file>libc.a</file>
         <name>sprintf.c.obj</name>
      </input_file>
      <input_file id="fl-46">
         <path>C:\ti\ccs2000\ccs\tools\compiler\ti-cgt-armllvm_4.0.1.LTS\lib\armv6m-ti-none-eabi\c\</path>
         <kind>archive</kind>
         <file>libc.a</file>
         <name>fclose.c.obj</name>
      </input_file>
      <input_file id="fl-47">
         <path>C:\ti\ccs2000\ccs\tools\compiler\ti-cgt-armllvm_4.0.1.LTS\lib\armv6m-ti-none-eabi\c\</path>
         <kind>archive</kind>
         <file>libc.a</file>
         <name>fflush.c.obj</name>
      </input_file>
      <input_file id="fl-48">
         <path>C:\ti\ccs2000\ccs\tools\compiler\ti-cgt-armllvm_4.0.1.LTS\lib\armv6m-ti-none-eabi\c\</path>
         <kind>archive</kind>
         <file>libc.a</file>
         <name>fputs.c.obj</name>
      </input_file>
      <input_file id="fl-49">
         <path>C:\ti\ccs2000\ccs\tools\compiler\ti-cgt-armllvm_4.0.1.LTS\lib\armv6m-ti-none-eabi\c\</path>
         <kind>archive</kind>
         <file>libc.a</file>
         <name>_io_perm.c.obj</name>
      </input_file>
      <input_file id="fl-4a">
         <path>C:\ti\ccs2000\ccs\tools\compiler\ti-cgt-armllvm_4.0.1.LTS\lib\armv6m-ti-none-eabi\c\</path>
         <kind>archive</kind>
         <file>libc.a</file>
         <name>args_main.c.obj</name>
      </input_file>
      <input_file id="fl-4b">
         <path>C:\ti\ccs2000\ccs\tools\compiler\ti-cgt-armllvm_4.0.1.LTS\lib\armv6m-ti-none-eabi\c\</path>
         <kind>archive</kind>
         <file>libc.a</file>
         <name>autoinit.c.obj</name>
      </input_file>
      <input_file id="fl-4c">
         <path>C:\ti\ccs2000\ccs\tools\compiler\ti-cgt-armllvm_4.0.1.LTS\lib\armv6m-ti-none-eabi\c\</path>
         <kind>archive</kind>
         <file>libc.a</file>
         <name>pre_init.c.obj</name>
      </input_file>
      <input_file id="fl-4d">
         <path>C:\ti\ccs2000\ccs\tools\compiler\ti-cgt-armllvm_4.0.1.LTS\lib\armv6m-ti-none-eabi\c\</path>
         <kind>archive</kind>
         <file>libc.a</file>
         <name>cpy_tbl.c.obj</name>
      </input_file>
      <input_file id="fl-4e">
         <path>C:\ti\ccs2000\ccs\tools\compiler\ti-cgt-armllvm_4.0.1.LTS\lib\armv6m-ti-none-eabi\c\</path>
         <kind>archive</kind>
         <file>libc.a</file>
         <name>_printfi.c.obj</name>
      </input_file>
      <input_file id="fl-4f">
         <path>C:\ti\ccs2000\ccs\tools\compiler\ti-cgt-armllvm_4.0.1.LTS\lib\armv6m-ti-none-eabi\c\</path>
         <kind>archive</kind>
         <file>libc.a</file>
         <name>fseek.c.obj</name>
      </input_file>
      <input_file id="fl-50">
         <path>C:\ti\ccs2000\ccs\tools\compiler\ti-cgt-armllvm_4.0.1.LTS\lib\armv6m-ti-none-eabi\c\</path>
         <kind>archive</kind>
         <file>libc.a</file>
         <name>wcslen.c.obj</name>
      </input_file>
      <input_file id="fl-51">
         <path>C:\ti\ccs2000\ccs\tools\compiler\ti-cgt-armllvm_4.0.1.LTS\lib\armv6m-ti-none-eabi\c\</path>
         <kind>archive</kind>
         <file>libc.a</file>
         <name>_ltoa.c.obj</name>
      </input_file>
      <input_file id="fl-52">
         <path>C:\ti\ccs2000\ccs\tools\compiler\ti-cgt-armllvm_4.0.1.LTS\lib\armv6m-ti-none-eabi\c\</path>
         <kind>archive</kind>
         <file>libc.a</file>
         <name>atoi.c.obj</name>
      </input_file>
      <input_file id="fl-53">
         <path>C:\ti\ccs2000\ccs\tools\compiler\ti-cgt-armllvm_4.0.1.LTS\lib\armv6m-ti-none-eabi\c\</path>
         <kind>archive</kind>
         <file>libc.a</file>
         <name>memccpy.c.obj</name>
      </input_file>
      <input_file id="fl-54">
         <path>C:\ti\ccs2000\ccs\tools\compiler\ti-cgt-armllvm_4.0.1.LTS\lib\armv6m-ti-none-eabi\c\</path>
         <kind>archive</kind>
         <file>libc.a</file>
         <name>s_frexp.c.obj</name>
      </input_file>
      <input_file id="fl-55">
         <path>C:\ti\ccs2000\ccs\tools\compiler\ti-cgt-armllvm_4.0.1.LTS\lib\armv6m-ti-none-eabi\c\</path>
         <kind>archive</kind>
         <file>libc.a</file>
         <name>aeabi_ctype.S.obj</name>
      </input_file>
      <input_file id="fl-eb">
         <path>C:\ti\ccs2000\ccs\tools\compiler\ti-cgt-armllvm_4.0.1.LTS\lib\armv6m-ti-none-eabi\c\</path>
         <kind>archive</kind>
         <file>libsysbm.a</file>
         <name>write.c.obj</name>
      </input_file>
      <input_file id="fl-ec">
         <path>C:\ti\ccs2000\ccs\tools\compiler\ti-cgt-armllvm_4.0.1.LTS\lib\armv6m-ti-none-eabi\c\</path>
         <kind>archive</kind>
         <file>libsysbm.a</file>
         <name>host_device.c.obj</name>
      </input_file>
      <input_file id="fl-ed">
         <path>C:\ti\ccs2000\ccs\tools\compiler\ti-cgt-armllvm_4.0.1.LTS\lib\armv6m-ti-none-eabi\c\</path>
         <kind>archive</kind>
         <file>libsysbm.a</file>
         <name>remove.c.obj</name>
      </input_file>
      <input_file id="fl-ee">
         <path>C:\ti\ccs2000\ccs\tools\compiler\ti-cgt-armllvm_4.0.1.LTS\lib\armv6m-ti-none-eabi\c\</path>
         <kind>archive</kind>
         <file>libsysbm.a</file>
         <name>open.c.obj</name>
      </input_file>
      <input_file id="fl-ef">
         <path>C:\ti\ccs2000\ccs\tools\compiler\ti-cgt-armllvm_4.0.1.LTS\lib\armv6m-ti-none-eabi\c\</path>
         <kind>archive</kind>
         <file>libsysbm.a</file>
         <name>lseek.c.obj</name>
      </input_file>
      <input_file id="fl-f0">
         <path>C:\ti\ccs2000\ccs\tools\compiler\ti-cgt-armllvm_4.0.1.LTS\lib\armv6m-ti-none-eabi\c\</path>
         <kind>archive</kind>
         <file>libsysbm.a</file>
         <name>close.c.obj</name>
      </input_file>
      <input_file id="fl-f1">
         <path>C:\ti\ccs2000\ccs\tools\compiler\ti-cgt-armllvm_4.0.1.LTS\lib\armv6m-ti-none-eabi\c\</path>
         <kind>archive</kind>
         <file>libsysbm.a</file>
         <name>add_device.c.obj</name>
      </input_file>
      <input_file id="fl-f2">
         <path>C:\ti\ccs2000\ccs\tools\compiler\ti-cgt-armllvm_4.0.1.LTS\lib\armv6m-ti-none-eabi\c\</path>
         <kind>archive</kind>
         <file>libsysbm.a</file>
         <name>unlink.c.obj</name>
      </input_file>
      <input_file id="fl-f3">
         <path>C:\ti\ccs2000\ccs\tools\compiler\ti-cgt-armllvm_4.0.1.LTS\lib\armv6m-ti-none-eabi\c\</path>
         <kind>archive</kind>
         <file>libsysbm.a</file>
         <name>hostclose.c.obj</name>
      </input_file>
      <input_file id="fl-f4">
         <path>C:\ti\ccs2000\ccs\tools\compiler\ti-cgt-armllvm_4.0.1.LTS\lib\armv6m-ti-none-eabi\c\</path>
         <kind>archive</kind>
         <file>libsysbm.a</file>
         <name>hostlseek.c.obj</name>
      </input_file>
      <input_file id="fl-f5">
         <path>C:\ti\ccs2000\ccs\tools\compiler\ti-cgt-armllvm_4.0.1.LTS\lib\armv6m-ti-none-eabi\c\</path>
         <kind>archive</kind>
         <file>libsysbm.a</file>
         <name>hostopen.c.obj</name>
      </input_file>
      <input_file id="fl-f6">
         <path>C:\ti\ccs2000\ccs\tools\compiler\ti-cgt-armllvm_4.0.1.LTS\lib\armv6m-ti-none-eabi\c\</path>
         <kind>archive</kind>
         <file>libsysbm.a</file>
         <name>hostread.c.obj</name>
      </input_file>
      <input_file id="fl-f7">
         <path>C:\ti\ccs2000\ccs\tools\compiler\ti-cgt-armllvm_4.0.1.LTS\lib\armv6m-ti-none-eabi\c\</path>
         <kind>archive</kind>
         <file>libsysbm.a</file>
         <name>hostrename.c.obj</name>
      </input_file>
      <input_file id="fl-f8">
         <path>C:\ti\ccs2000\ccs\tools\compiler\ti-cgt-armllvm_4.0.1.LTS\lib\armv6m-ti-none-eabi\c\</path>
         <kind>archive</kind>
         <file>libsysbm.a</file>
         <name>hostunlink.c.obj</name>
      </input_file>
      <input_file id="fl-f9">
         <path>C:\ti\ccs2000\ccs\tools\compiler\ti-cgt-armllvm_4.0.1.LTS\lib\armv6m-ti-none-eabi\c\</path>
         <kind>archive</kind>
         <file>libsysbm.a</file>
         <name>hostwrite.c.obj</name>
      </input_file>
      <input_file id="fl-fa">
         <path>C:\ti\ccs2000\ccs\tools\compiler\ti-cgt-armllvm_4.0.1.LTS\lib\armv6m-ti-none-eabi\c\</path>
         <kind>archive</kind>
         <file>libsysbm.a</file>
         <name>trgmsg.c.obj</name>
      </input_file>
      <input_file id="fl-fb">
         <path>C:\ti\ccs2000\ccs\tools\compiler\ti-cgt-armllvm_4.0.1.LTS\lib\armv6m-ti-none-eabi\</path>
         <kind>archive</kind>
         <file>libclang_rt.builtins.a</file>
         <name>addsf3.S.obj</name>
      </input_file>
      <input_file id="fl-fc">
         <path>C:\ti\ccs2000\ccs\tools\compiler\ti-cgt-armllvm_4.0.1.LTS\lib\armv6m-ti-none-eabi\</path>
         <kind>archive</kind>
         <file>libclang_rt.builtins.a</file>
         <name>adddf3.S.obj</name>
      </input_file>
      <input_file id="fl-fd">
         <path>C:\ti\ccs2000\ccs\tools\compiler\ti-cgt-armllvm_4.0.1.LTS\lib\armv6m-ti-none-eabi\</path>
         <kind>archive</kind>
         <file>libclang_rt.builtins.a</file>
         <name>muldf3.S.obj</name>
      </input_file>
      <input_file id="fl-fe">
         <path>C:\ti\ccs2000\ccs\tools\compiler\ti-cgt-armllvm_4.0.1.LTS\lib\armv6m-ti-none-eabi\</path>
         <kind>archive</kind>
         <file>libclang_rt.builtins.a</file>
         <name>muldsi3.S.obj</name>
      </input_file>
      <input_file id="fl-ff">
         <path>C:\ti\ccs2000\ccs\tools\compiler\ti-cgt-armllvm_4.0.1.LTS\lib\armv6m-ti-none-eabi\</path>
         <kind>archive</kind>
         <file>libclang_rt.builtins.a</file>
         <name>mulsf3.S.obj</name>
      </input_file>
      <input_file id="fl-100">
         <path>C:\ti\ccs2000\ccs\tools\compiler\ti-cgt-armllvm_4.0.1.LTS\lib\armv6m-ti-none-eabi\</path>
         <kind>archive</kind>
         <file>libclang_rt.builtins.a</file>
         <name>divsf3.S.obj</name>
      </input_file>
      <input_file id="fl-101">
         <path>C:\ti\ccs2000\ccs\tools\compiler\ti-cgt-armllvm_4.0.1.LTS\lib\armv6m-ti-none-eabi\</path>
         <kind>archive</kind>
         <file>libclang_rt.builtins.a</file>
         <name>divdf3.S.obj</name>
      </input_file>
      <input_file id="fl-102">
         <path>C:\ti\ccs2000\ccs\tools\compiler\ti-cgt-armllvm_4.0.1.LTS\lib\armv6m-ti-none-eabi\</path>
         <kind>archive</kind>
         <file>libclang_rt.builtins.a</file>
         <name>extendsfdf2.S.obj</name>
      </input_file>
      <input_file id="fl-103">
         <path>C:\ti\ccs2000\ccs\tools\compiler\ti-cgt-armllvm_4.0.1.LTS\lib\armv6m-ti-none-eabi\</path>
         <kind>archive</kind>
         <file>libclang_rt.builtins.a</file>
         <name>fixdfsi.S.obj</name>
      </input_file>
      <input_file id="fl-104">
         <path>C:\ti\ccs2000\ccs\tools\compiler\ti-cgt-armllvm_4.0.1.LTS\lib\armv6m-ti-none-eabi\</path>
         <kind>archive</kind>
         <file>libclang_rt.builtins.a</file>
         <name>fixsfsi.S.obj</name>
      </input_file>
      <input_file id="fl-105">
         <path>C:\ti\ccs2000\ccs\tools\compiler\ti-cgt-armllvm_4.0.1.LTS\lib\armv6m-ti-none-eabi\</path>
         <kind>archive</kind>
         <file>libclang_rt.builtins.a</file>
         <name>floatsidf.S.obj</name>
      </input_file>
      <input_file id="fl-106">
         <path>C:\ti\ccs2000\ccs\tools\compiler\ti-cgt-armllvm_4.0.1.LTS\lib\armv6m-ti-none-eabi\</path>
         <kind>archive</kind>
         <file>libclang_rt.builtins.a</file>
         <name>floatsisf.S.obj</name>
      </input_file>
      <input_file id="fl-107">
         <path>C:\ti\ccs2000\ccs\tools\compiler\ti-cgt-armllvm_4.0.1.LTS\lib\armv6m-ti-none-eabi\</path>
         <kind>archive</kind>
         <file>libclang_rt.builtins.a</file>
         <name>floatunsidf.S.obj</name>
      </input_file>
      <input_file id="fl-108">
         <path>C:\ti\ccs2000\ccs\tools\compiler\ti-cgt-armllvm_4.0.1.LTS\lib\armv6m-ti-none-eabi\</path>
         <kind>archive</kind>
         <file>libclang_rt.builtins.a</file>
         <name>muldi3.S.obj</name>
      </input_file>
      <input_file id="fl-109">
         <path>C:\ti\ccs2000\ccs\tools\compiler\ti-cgt-armllvm_4.0.1.LTS\lib\armv6m-ti-none-eabi\</path>
         <kind>archive</kind>
         <file>libclang_rt.builtins.a</file>
         <name>truncdfsf2.S.obj</name>
      </input_file>
      <input_file id="fl-10a">
         <path>C:\ti\ccs2000\ccs\tools\compiler\ti-cgt-armllvm_4.0.1.LTS\lib\armv6m-ti-none-eabi\</path>
         <kind>archive</kind>
         <file>libclang_rt.builtins.a</file>
         <name>aeabi_dcmp.S.obj</name>
      </input_file>
      <input_file id="fl-10b">
         <path>C:\ti\ccs2000\ccs\tools\compiler\ti-cgt-armllvm_4.0.1.LTS\lib\armv6m-ti-none-eabi\</path>
         <kind>archive</kind>
         <file>libclang_rt.builtins.a</file>
         <name>aeabi_idivmod.S.obj</name>
      </input_file>
      <input_file id="fl-10c">
         <path>C:\ti\ccs2000\ccs\tools\compiler\ti-cgt-armllvm_4.0.1.LTS\lib\armv6m-ti-none-eabi\</path>
         <kind>archive</kind>
         <file>libclang_rt.builtins.a</file>
         <name>aeabi_memcpy.S.obj</name>
      </input_file>
      <input_file id="fl-10d">
         <path>C:\ti\ccs2000\ccs\tools\compiler\ti-cgt-armllvm_4.0.1.LTS\lib\armv6m-ti-none-eabi\</path>
         <kind>archive</kind>
         <file>libclang_rt.builtins.a</file>
         <name>aeabi_memset.S.obj</name>
      </input_file>
      <input_file id="fl-10e">
         <path>C:\ti\ccs2000\ccs\tools\compiler\ti-cgt-armllvm_4.0.1.LTS\lib\armv6m-ti-none-eabi\</path>
         <kind>archive</kind>
         <file>libclang_rt.builtins.a</file>
         <name>aeabi_uidivmod.S.obj</name>
      </input_file>
      <input_file id="fl-10f">
         <path>C:\ti\ccs2000\ccs\tools\compiler\ti-cgt-armllvm_4.0.1.LTS\lib\armv6m-ti-none-eabi\</path>
         <kind>archive</kind>
         <file>libclang_rt.builtins.a</file>
         <name>aeabi_uldivmod.S.obj</name>
      </input_file>
      <input_file id="fl-110">
         <path>C:\ti\ccs2000\ccs\tools\compiler\ti-cgt-armllvm_4.0.1.LTS\lib\armv6m-ti-none-eabi\</path>
         <kind>archive</kind>
         <file>libclang_rt.builtins.a</file>
         <name>udivmoddi4.S.obj</name>
      </input_file>
      <input_file id="fl-111">
         <path>C:\ti\ccs2000\ccs\tools\compiler\ti-cgt-armllvm_4.0.1.LTS\lib\armv6m-ti-none-eabi\</path>
         <kind>archive</kind>
         <file>libclang_rt.builtins.a</file>
         <name>ashldi3.S.obj</name>
      </input_file>
      <input_file id="fl-112">
         <path>C:\ti\ccs2000\ccs\tools\compiler\ti-cgt-armllvm_4.0.1.LTS\lib\armv6m-ti-none-eabi\</path>
         <kind>archive</kind>
         <file>libclang_rt.builtins.a</file>
         <name>comparedf2.c.obj</name>
      </input_file>
      <input_file id="fl-113">
         <path>C:\ti\ccs2000\ccs\tools\compiler\ti-cgt-armllvm_4.0.1.LTS\lib\armv6m-ti-none-eabi\</path>
         <kind>archive</kind>
         <file>libclang_rt.builtins.a</file>
         <name>aeabi_div0.c.obj</name>
      </input_file>
      <input_file id="fl-114">
         <path>C:\ti\ccs2000\ccs\tools\compiler\ti-cgt-armllvm_4.0.1.LTS\lib\armv6m-ti-none-eabi\c\</path>
         <kind>archive</kind>
         <file>libc.a</file>
         <name>getdevice.c.obj</name>
      </input_file>
      <input_file id="fl-115">
         <path>C:\ti\ccs2000\ccs\tools\compiler\ti-cgt-armllvm_4.0.1.LTS\lib\armv6m-ti-none-eabi\c\</path>
         <kind>archive</kind>
         <file>libc.a</file>
         <name>memcpy16.S.obj</name>
      </input_file>
      <input_file id="fl-116">
         <path>C:\ti\ccs2000\ccs\tools\compiler\ti-cgt-armllvm_4.0.1.LTS\lib\armv6m-ti-none-eabi\c\</path>
         <kind>archive</kind>
         <file>libc.a</file>
         <name>memset16.S.obj</name>
      </input_file>
      <input_file id="fl-117">
         <path>C:\ti\ccs2000\ccs\tools\compiler\ti-cgt-armllvm_4.0.1.LTS\lib\armv6m-ti-none-eabi\c\</path>
         <kind>archive</kind>
         <file>libc.a</file>
         <name>strcmp-armv6m.S.obj</name>
      </input_file>
   </input_file_list>
   <object_component_list>
      <object_component id="oc-18">
         <name>.intvecs</name>
         <load_address>0x0</load_address>
         <readonly>true</readonly>
         <run_address>0x0</run_address>
         <size>0xc0</size>
         <alignment>0x4</alignment>
         <input_file_ref idref="fl-12"/>
      </object_component>
      <object_component id="oc-13f">
         <name>.text.__kernel_rem_pio2</name>
         <load_address>0xc0</load_address>
         <readonly>true</readonly>
         <executable>true</executable>
         <run_address>0xc0</run_address>
         <size>0x644</size>
         <alignment>0x4</alignment>
         <input_file_ref idref="fl-3d"/>
      </object_component>
      <object_component id="oc-18f">
         <name>.text._Z17ST7735_DrawBitmapssPKtss</name>
         <load_address>0x704</load_address>
         <readonly>true</readonly>
         <executable>true</executable>
         <run_address>0x704</run_address>
         <size>0x210</size>
         <alignment>0x4</alignment>
         <input_file_ref idref="fl-7"/>
      </object_component>
      <object_component id="oc-bd">
         <name>.text.cosf</name>
         <load_address>0x914</load_address>
         <readonly>true</readonly>
         <executable>true</executable>
         <run_address>0x914</run_address>
         <size>0x1d4</size>
         <alignment>0x4</alignment>
         <input_file_ref idref="fl-33"/>
      </object_component>
      <object_component id="oc-c7">
         <name>.text.sinf</name>
         <load_address>0xae8</load_address>
         <readonly>true</readonly>
         <executable>true</executable>
         <run_address>0xae8</run_address>
         <size>0x1c8</size>
         <alignment>0x4</alignment>
         <input_file_ref idref="fl-34"/>
      </object_component>
      <object_component id="oc-158">
         <name>.text._Z15Clock_Init80MHzi</name>
         <load_address>0xcb0</load_address>
         <readonly>true</readonly>
         <executable>true</executable>
         <run_address>0xcb0</run_address>
         <size>0x1b4</size>
         <alignment>0x4</alignment>
         <input_file_ref idref="fl-1"/>
      </object_component>
      <object_component id="oc-26c">
         <name>.text._Z15ST7735_DrawCharsscssh</name>
         <load_address>0xe64</load_address>
         <readonly>true</readonly>
         <executable>true</executable>
         <run_address>0xe64</run_address>
         <size>0x1a8</size>
         <alignment>0x4</alignment>
         <input_file_ref idref="fl-7"/>
      </object_component>
      <object_component id="oc-12e">
         <name>.text.adddf3_subdf3</name>
         <load_address>0x100c</load_address>
         <readonly>true</readonly>
         <executable>true</executable>
         <run_address>0x100c</run_address>
         <size>0x192</size>
         <alignment>0x4</alignment>
         <input_file_ref idref="fl-fc"/>
      </object_component>
      <object_component id="oc-38">
         <name>.text.SysTick_Handler</name>
         <load_address>0x119e</load_address>
         <readonly>true</readonly>
         <executable>true</executable>
         <run_address>0x119e</run_address>
         <size>0x2</size>
         <alignment>0x2</alignment>
         <input_file_ref idref="fl-a"/>
      </object_component>
      <object_component id="oc-204">
         <name>.text._ZN4Tank12rotateSpriteEf</name>
         <load_address>0x11a0</load_address>
         <readonly>true</readonly>
         <executable>true</executable>
         <run_address>0x11a0</run_address>
         <size>0x178</size>
         <alignment>0x4</alignment>
         <input_file_ref idref="fl-f"/>
      </object_component>
      <object_component id="oc-1ea">
         <name>.text._openfile</name>
         <load_address>0x1318</load_address>
         <readonly>true</readonly>
         <executable>true</executable>
         <run_address>0x1318</run_address>
         <size>0x154</size>
         <alignment>0x4</alignment>
         <input_file_ref idref="fl-35"/>
      </object_component>
      <object_component id="oc-1b6">
         <name>.text.floor</name>
         <load_address>0x146c</load_address>
         <readonly>true</readonly>
         <executable>true</executable>
         <run_address>0x146c</run_address>
         <size>0x144</size>
         <alignment>0x4</alignment>
         <input_file_ref idref="fl-43"/>
      </object_component>
      <object_component id="oc-182">
         <name>.text._Z8ADC_InitP10ADC12_Regsjj</name>
         <load_address>0x15b0</load_address>
         <readonly>true</readonly>
         <executable>true</executable>
         <run_address>0x15b0</run_address>
         <size>0x128</size>
         <alignment>0x4</alignment>
         <input_file_ref idref="fl-c"/>
      </object_component>
      <object_component id="oc-14f">
         <name>.text._Z15ST7735_FillRectsssst</name>
         <load_address>0x16d8</load_address>
         <readonly>true</readonly>
         <executable>true</executable>
         <run_address>0x16d8</run_address>
         <size>0x118</size>
         <alignment>0x4</alignment>
         <input_file_ref idref="fl-7"/>
      </object_component>
      <object_component id="oc-26a">
         <name>.text.aligned_alloc</name>
         <load_address>0x17f0</load_address>
         <readonly>true</readonly>
         <executable>true</executable>
         <run_address>0x17f0</run_address>
         <size>0x114</size>
         <alignment>0x4</alignment>
         <input_file_ref idref="fl-3c"/>
      </object_component>
      <object_component id="oc-226">
         <name>.text._Z8SPI_Initv</name>
         <load_address>0x1904</load_address>
         <readonly>true</readonly>
         <executable>true</executable>
         <run_address>0x1904</run_address>
         <size>0xf8</size>
         <alignment>0x4</alignment>
         <input_file_ref idref="fl-6"/>
      </object_component>
      <object_component id="oc-162">
         <name>.text.add_device</name>
         <load_address>0x19fc</load_address>
         <readonly>true</readonly>
         <executable>true</executable>
         <run_address>0x19fc</run_address>
         <size>0xec</size>
         <alignment>0x4</alignment>
         <input_file_ref idref="fl-f1"/>
      </object_component>
      <object_component id="oc-1fa">
         <name>.text._Z14ST7735_OutCharc</name>
         <load_address>0x1ae8</load_address>
         <readonly>true</readonly>
         <executable>true</executable>
         <run_address>0x1ae8</run_address>
         <size>0xe8</size>
         <alignment>0x4</alignment>
         <input_file_ref idref="fl-7"/>
      </object_component>
      <object_component id="oc-184">
         <name>.text._Z9UART_Initv</name>
         <load_address>0x1bd0</load_address>
         <readonly>true</readonly>
         <executable>true</executable>
         <run_address>0x1bd0</run_address>
         <size>0xe8</size>
         <alignment>0x4</alignment>
         <input_file_ref idref="fl-c"/>
      </object_component>
      <object_component id="oc-1f3">
         <name>.text.free</name>
         <load_address>0x1cb8</load_address>
         <readonly>true</readonly>
         <executable>true</executable>
         <run_address>0x1cb8</run_address>
         <size>0xe8</size>
         <alignment>0x4</alignment>
         <input_file_ref idref="fl-3c"/>
      </object_component>
      <object_component id="oc-132">
         <name>.text.__muldf3</name>
         <load_address>0x1da0</load_address>
         <readonly>true</readonly>
         <executable>true</executable>
         <run_address>0x1da0</run_address>
         <size>0xe4</size>
         <alignment>0x4</alignment>
         <input_file_ref idref="fl-fd"/>
      </object_component>
      <object_component id="oc-16d">
         <name>.text.setvbuf</name>
         <load_address>0x1e84</load_address>
         <readonly>true</readonly>
         <executable>true</executable>
         <run_address>0x1e84</run_address>
         <size>0xe0</size>
         <alignment>0x4</alignment>
         <input_file_ref idref="fl-36"/>
      </object_component>
      <object_component id="oc-1b2">
         <name>.text.scalbn</name>
         <load_address>0x1f64</load_address>
         <readonly>true</readonly>
         <executable>true</executable>
         <run_address>0x1f64</run_address>
         <size>0xd8</size>
         <alignment>0x4</alignment>
         <input_file_ref idref="fl-44"/>
      </object_component>
      <object_component id="oc-12a">
         <name>.text</name>
         <load_address>0x203c</load_address>
         <readonly>true</readonly>
         <executable>true</executable>
         <run_address>0x203c</run_address>
         <size>0xd8</size>
         <alignment>0x4</alignment>
         <input_file_ref idref="fl-fb"/>
      </object_component>
      <object_component id="oc-42">
         <name>.text.TIMG12_IRQHandler</name>
         <load_address>0x2114</load_address>
         <readonly>true</readonly>
         <executable>true</executable>
         <run_address>0x2114</run_address>
         <size>0xd4</size>
         <alignment>0x4</alignment>
         <input_file_ref idref="fl-4"/>
      </object_component>
      <object_component id="oc-a1">
         <name>.text.main</name>
         <load_address>0x21e8</load_address>
         <readonly>true</readonly>
         <executable>true</executable>
         <run_address>0x21e8</run_address>
         <size>0xbc</size>
         <alignment>0x4</alignment>
         <input_file_ref idref="fl-4"/>
      </object_component>
      <object_component id="oc-145">
         <name>.text.__kernel_sindf</name>
         <load_address>0x22a4</load_address>
         <readonly>true</readonly>
         <executable>true</executable>
         <run_address>0x22a4</run_address>
         <size>0xac</size>
         <alignment>0x4</alignment>
         <input_file_ref idref="fl-33"/>
      </object_component>
      <object_component id="oc-14c">
         <name>.text.__kernel_sindf</name>
         <load_address>0x2350</load_address>
         <readonly>true</readonly>
         <executable>true</executable>
         <run_address>0x2350</run_address>
         <size>0xac</size>
         <alignment>0x4</alignment>
         <input_file_ref idref="fl-34"/>
      </object_component>
      <object_component id="oc-18a">
         <name>.text._Z14TimerG7_IntArmtjj</name>
         <load_address>0x23fc</load_address>
         <readonly>true</readonly>
         <executable>true</executable>
         <run_address>0x23fc</run_address>
         <size>0xa8</size>
         <alignment>0x4</alignment>
         <input_file_ref idref="fl-d"/>
      </object_component>
      <object_component id="oc-11e">
         <name>.text._ZN4TankC2EiiiPKthhjj</name>
         <load_address>0x24a4</load_address>
         <readonly>true</readonly>
         <executable>true</executable>
         <run_address>0x24a4</run_address>
         <size>0xa6</size>
         <alignment>0x2</alignment>
         <input_file_ref idref="fl-f"/>
      </object_component>
      <object_component id="oc-1d2">
         <name>.text._ZL11commandListPKh</name>
         <load_address>0x254a</load_address>
         <readonly>true</readonly>
         <executable>true</executable>
         <run_address>0x254a</run_address>
         <size>0xa2</size>
         <alignment>0x2</alignment>
         <input_file_ref idref="fl-7"/>
      </object_component>
      <object_component id="oc-161">
         <name>.text._Z12ST7735_InitR10initRFlags</name>
         <load_address>0x25ec</load_address>
         <readonly>true</readonly>
         <executable>true</executable>
         <run_address>0x25ec</run_address>
         <size>0xa0</size>
         <alignment>0x4</alignment>
         <input_file_ref idref="fl-7"/>
      </object_component>
      <object_component id="oc-e8">
         <name>.text._Z17ST7735_InitPrintf10initRFlags</name>
         <load_address>0x268c</load_address>
         <readonly>true</readonly>
         <executable>true</executable>
         <run_address>0x268c</run_address>
         <size>0xa0</size>
         <alignment>0x4</alignment>
         <input_file_ref idref="fl-7"/>
      </object_component>
      <object_component id="oc-252">
         <name>.text.open</name>
         <load_address>0x272c</load_address>
         <readonly>true</readonly>
         <executable>true</executable>
         <run_address>0x272c</run_address>
         <size>0xa0</size>
         <alignment>0x4</alignment>
         <input_file_ref idref="fl-ee"/>
      </object_component>
      <object_component id="oc-129">
         <name>.text.__kernel_cosdf</name>
         <load_address>0x27cc</load_address>
         <readonly>true</readonly>
         <executable>true</executable>
         <run_address>0x27cc</run_address>
         <size>0x9c</size>
         <alignment>0x4</alignment>
         <input_file_ref idref="fl-33"/>
      </object_component>
      <object_component id="oc-14b">
         <name>.text.__kernel_cosdf</name>
         <load_address>0x2868</load_address>
         <readonly>true</readonly>
         <executable>true</executable>
         <run_address>0x2868</run_address>
         <size>0x9c</size>
         <alignment>0x4</alignment>
         <input_file_ref idref="fl-34"/>
      </object_component>
      <object_component id="oc-87">
         <name>.text._ZN4Tank5ShootEP6Bulleti</name>
         <load_address>0x2904</load_address>
         <readonly>true</readonly>
         <executable>true</executable>
         <run_address>0x2904</run_address>
         <size>0x9a</size>
         <alignment>0x2</alignment>
         <input_file_ref idref="fl-f"/>
      </object_component>
      <object_component id="oc-89">
         <name>.text._ZN6Bullet4MoveEv</name>
         <load_address>0x299e</load_address>
         <readonly>true</readonly>
         <executable>true</executable>
         <run_address>0x299e</run_address>
         <size>0x98</size>
         <alignment>0x2</alignment>
         <input_file_ref idref="fl-e"/>
      </object_component>
      <object_component id="oc-f2">
         <name>.text._Z10Sound_Initv</name>
         <load_address>0x2a36</load_address>
         <readonly>true</readonly>
         <executable>true</executable>
         <run_address>0x2a36</run_address>
         <size>0x2</size>
         <alignment>0x2</alignment>
         <input_file_ref idref="fl-a"/>
      </object_component>
      <object_component id="oc-f4">
         <name>.text._Z15TimerG12_IntArmjj</name>
         <load_address>0x2a38</load_address>
         <readonly>true</readonly>
         <executable>true</executable>
         <run_address>0x2a38</run_address>
         <size>0x94</size>
         <alignment>0x4</alignment>
         <input_file_ref idref="fl-d"/>
      </object_component>
      <object_component id="oc-b9">
         <name>.text.__mulsf3</name>
         <load_address>0x2acc</load_address>
         <readonly>true</readonly>
         <executable>true</executable>
         <run_address>0x2acc</run_address>
         <size>0x8c</size>
         <alignment>0x4</alignment>
         <input_file_ref idref="fl-ff"/>
      </object_component>
      <object_component id="oc-1c7">
         <name>.text._ZL13setAddrWindowhhhh</name>
         <load_address>0x2b58</load_address>
         <readonly>true</readonly>
         <executable>true</executable>
         <run_address>0x2b58</run_address>
         <size>0x88</size>
         <alignment>0x4</alignment>
         <input_file_ref idref="fl-7"/>
      </object_component>
      <object_component id="oc-22a">
         <name>.text:strcmp</name>
         <load_address>0x2be0</load_address>
         <readonly>true</readonly>
         <executable>true</executable>
         <run_address>0x2be0</run_address>
         <size>0x88</size>
         <alignment>0x10</alignment>
         <input_file_ref idref="fl-117"/>
      </object_component>
      <object_component id="oc-26b">
         <name>.text._Z17ST7735_DrawStringttPcs</name>
         <load_address>0x2c68</load_address>
         <readonly>true</readonly>
         <executable>true</executable>
         <run_address>0x2c68</run_address>
         <size>0x84</size>
         <alignment>0x2</alignment>
         <input_file_ref idref="fl-7"/>
      </object_component>
      <object_component id="oc-271">
         <name>.text.__divsf3</name>
         <load_address>0x2cec</load_address>
         <readonly>true</readonly>
         <executable>true</executable>
         <run_address>0x2cec</run_address>
         <size>0x82</size>
         <alignment>0x4</alignment>
         <input_file_ref idref="fl-100"/>
      </object_component>
      <object_component id="oc-1fe">
         <name>.text.__aeabi_idiv0</name>
         <load_address>0x2d6e</load_address>
         <readonly>true</readonly>
         <executable>true</executable>
         <run_address>0x2d6e</run_address>
         <size>0x2</size>
         <alignment>0x2</alignment>
         <input_file_ref idref="fl-113"/>
      </object_component>
      <object_component id="oc-e2">
         <name>.text._Z14LaunchPad_Initv</name>
         <load_address>0x2d70</load_address>
         <readonly>true</readonly>
         <executable>true</executable>
         <run_address>0x2d70</run_address>
         <size>0x7c</size>
         <alignment>0x4</alignment>
         <input_file_ref idref="fl-5"/>
      </object_component>
      <object_component id="oc-d2">
         <name>.text._ZN6Bullet4InitEiifii</name>
         <load_address>0x2dec</load_address>
         <readonly>true</readonly>
         <executable>true</executable>
         <run_address>0x2dec</run_address>
         <size>0x7c</size>
         <alignment>0x4</alignment>
         <input_file_ref idref="fl-e"/>
      </object_component>
      <object_component id="oc-e7">
         <name>.text._ZN8SlidePot4InitEv</name>
         <load_address>0x2e68</load_address>
         <readonly>true</readonly>
         <executable>true</executable>
         <run_address>0x2e68</run_address>
         <size>0x7c</size>
         <alignment>0x4</alignment>
         <input_file_ref idref="fl-8"/>
      </object_component>
      <object_component id="oc-1ed">
         <name>.text.__TI_closefile</name>
         <load_address>0x2ee4</load_address>
         <readonly>true</readonly>
         <executable>true</executable>
         <run_address>0x2ee4</run_address>
         <size>0x7c</size>
         <alignment>0x4</alignment>
         <input_file_ref idref="fl-46"/>
      </object_component>
      <object_component id="oc-1c">
         <name>.text:decompress:lzss</name>
         <load_address>0x2f60</load_address>
         <readonly>true</readonly>
         <executable>true</executable>
         <run_address>0x2f60</run_address>
         <size>0x7c</size>
         <alignment>0x4</alignment>
         <input_file_ref idref="fl-40"/>
      </object_component>
      <object_component id="oc-222">
         <name>.text.__gedf2</name>
         <load_address>0x2fdc</load_address>
         <readonly>true</readonly>
         <executable>true</executable>
         <run_address>0x2fdc</run_address>
         <size>0x74</size>
         <alignment>0x4</alignment>
         <input_file_ref idref="fl-112"/>
      </object_component>
      <object_component id="oc-1a0">
         <name>.text.__truncdfsf2</name>
         <load_address>0x3050</load_address>
         <readonly>true</readonly>
         <executable>true</executable>
         <run_address>0x3050</run_address>
         <size>0x74</size>
         <alignment>0x10</alignment>
         <input_file_ref idref="fl-109"/>
      </object_component>
      <object_component id="oc-240">
         <name>.text.HOSTlseek</name>
         <load_address>0x30c4</load_address>
         <readonly>true</readonly>
         <executable>true</executable>
         <run_address>0x30c4</run_address>
         <size>0x6c</size>
         <alignment>0x4</alignment>
         <input_file_ref idref="fl-f4"/>
      </object_component>
      <object_component id="oc-248">
         <name>.text.HOSTrename</name>
         <load_address>0x3130</load_address>
         <readonly>true</readonly>
         <executable>true</executable>
         <run_address>0x3130</run_address>
         <size>0x6c</size>
         <alignment>0x4</alignment>
         <input_file_ref idref="fl-f7"/>
      </object_component>
      <object_component id="oc-29b">
         <name>.text.getdevice</name>
         <load_address>0x319c</load_address>
         <readonly>true</readonly>
         <executable>true</executable>
         <run_address>0x319c</run_address>
         <size>0x6c</size>
         <alignment>0x4</alignment>
         <input_file_ref idref="fl-114"/>
      </object_component>
      <object_component id="oc-21c">
         <name>.text.__ledf2</name>
         <load_address>0x3208</load_address>
         <readonly>true</readonly>
         <executable>true</executable>
         <run_address>0x3208</run_address>
         <size>0x68</size>
         <alignment>0x4</alignment>
         <input_file_ref idref="fl-112"/>
      </object_component>
      <object_component id="oc-80">
         <name>.text._ZN4Tank11TriVelocityEi</name>
         <load_address>0x3270</load_address>
         <readonly>true</readonly>
         <executable>true</executable>
         <run_address>0x3270</run_address>
         <size>0x64</size>
         <alignment>0x4</alignment>
         <input_file_ref idref="fl-f"/>
      </object_component>
      <object_component id="oc-2b2">
         <name>.text.split</name>
         <load_address>0x32d4</load_address>
         <readonly>true</readonly>
         <executable>true</executable>
         <run_address>0x32d4</run_address>
         <size>0x64</size>
         <alignment>0x4</alignment>
         <input_file_ref idref="fl-3c"/>
      </object_component>
      <object_component id="oc-1ba">
         <name>.text.__aeabi_dcmp</name>
         <load_address>0x3338</load_address>
         <readonly>true</readonly>
         <executable>true</executable>
         <run_address>0x3338</run_address>
         <size>0x62</size>
         <alignment>0x4</alignment>
         <input_file_ref idref="fl-10a"/>
      </object_component>
      <object_component id="oc-205">
         <name>.text._nop</name>
         <load_address>0x339a</load_address>
         <readonly>true</readonly>
         <executable>true</executable>
         <run_address>0x339a</run_address>
         <size>0x2</size>
         <alignment>0x2</alignment>
         <input_file_ref idref="fl-39"/>
      </object_component>
      <object_component id="oc-230">
         <name>.text.HOSTopen</name>
         <load_address>0x339c</load_address>
         <readonly>true</readonly>
         <executable>true</executable>
         <run_address>0x339c</run_address>
         <size>0x60</size>
         <alignment>0x4</alignment>
         <input_file_ref idref="fl-f5"/>
      </object_component>
      <object_component id="oc-238">
         <name>.text.HOSTread</name>
         <load_address>0x33fc</load_address>
         <readonly>true</readonly>
         <executable>true</executable>
         <run_address>0x33fc</run_address>
         <size>0x58</size>
         <alignment>0x4</alignment>
         <input_file_ref idref="fl-f6"/>
      </object_component>
      <object_component id="oc-23c">
         <name>.text.HOSTwrite</name>
         <load_address>0x3454</load_address>
         <readonly>true</readonly>
         <executable>true</executable>
         <run_address>0x3454</run_address>
         <size>0x58</size>
         <alignment>0x4</alignment>
         <input_file_ref idref="fl-f9"/>
      </object_component>
      <object_component id="oc-f3">
         <name>.text._Z10TExaS_InitP10ADC12_RegsjPFhvE</name>
         <load_address>0x34ac</load_address>
         <readonly>true</readonly>
         <executable>true</executable>
         <run_address>0x34ac</run_address>
         <size>0x58</size>
         <alignment>0x4</alignment>
         <input_file_ref idref="fl-c"/>
      </object_component>
      <object_component id="oc-1a9">
         <name>.text.__aeabi_idivmod</name>
         <load_address>0x3504</load_address>
         <readonly>true</readonly>
         <executable>true</executable>
         <run_address>0x3504</run_address>
         <size>0x56</size>
         <alignment>0x4</alignment>
         <input_file_ref idref="fl-10b"/>
      </object_component>
      <object_component id="oc-10f">
         <name>.text:__TI_auto_init_nobinit</name>
         <load_address>0x355c</load_address>
         <readonly>true</readonly>
         <executable>true</executable>
         <run_address>0x355c</run_address>
         <size>0x54</size>
         <alignment>0x4</alignment>
         <input_file_ref idref="fl-4b"/>
      </object_component>
      <object_component id="oc-256">
         <name>.text.__TI_doflush</name>
         <load_address>0x35b0</load_address>
         <readonly>true</readonly>
         <executable>true</executable>
         <run_address>0x35b0</run_address>
         <size>0x52</size>
         <alignment>0x2</alignment>
         <input_file_ref idref="fl-47"/>
      </object_component>
      <object_component id="oc-190">
         <name>.text._ZN4Tank6RotateEi</name>
         <load_address>0x3602</load_address>
         <readonly>true</readonly>
         <executable>true</executable>
         <run_address>0x3602</run_address>
         <size>0x50</size>
         <alignment>0x2</alignment>
         <input_file_ref idref="fl-f"/>
      </object_component>
      <object_component id="oc-25c">
         <name>.text.close</name>
         <load_address>0x3654</load_address>
         <readonly>true</readonly>
         <executable>true</executable>
         <run_address>0x3654</run_address>
         <size>0x50</size>
         <alignment>0x4</alignment>
         <input_file_ref idref="fl-f0"/>
      </object_component>
      <object_component id="oc-136">
         <name>.text.__fixdfsi</name>
         <load_address>0x36a4</load_address>
         <readonly>true</readonly>
         <executable>true</executable>
         <run_address>0x36a4</run_address>
         <size>0x4a</size>
         <alignment>0x4</alignment>
         <input_file_ref idref="fl-103"/>
      </object_component>
      <object_component id="oc-234">
         <name>.text.HOSTclose</name>
         <load_address>0x36f0</load_address>
         <readonly>true</readonly>
         <executable>true</executable>
         <run_address>0x36f0</run_address>
         <size>0x48</size>
         <alignment>0x4</alignment>
         <input_file_ref idref="fl-f3"/>
      </object_component>
      <object_component id="oc-244">
         <name>.text.HOSTunlink</name>
         <load_address>0x3738</load_address>
         <readonly>true</readonly>
         <executable>true</executable>
         <run_address>0x3738</run_address>
         <size>0x48</size>
         <alignment>0x4</alignment>
         <input_file_ref idref="fl-f8"/>
      </object_component>
      <object_component id="oc-1d3">
         <name>.text._Z14SPI_OutCommandc</name>
         <load_address>0x3780</load_address>
         <readonly>true</readonly>
         <executable>true</executable>
         <run_address>0x3780</run_address>
         <size>0x48</size>
         <alignment>0x4</alignment>
         <input_file_ref idref="fl-6"/>
      </object_component>
      <object_component id="oc-75">
         <name>.text._ZN8SlidePot2InEv</name>
         <load_address>0x37c8</load_address>
         <readonly>true</readonly>
         <executable>true</executable>
         <run_address>0x37c8</run_address>
         <size>0x48</size>
         <alignment>0x4</alignment>
         <input_file_ref idref="fl-8"/>
      </object_component>
      <object_component id="oc-3d">
         <name>.text.TIMG7_IRQHandler</name>
         <load_address>0x3810</load_address>
         <readonly>true</readonly>
         <executable>true</executable>
         <run_address>0x3810</run_address>
         <size>0x40</size>
         <alignment>0x4</alignment>
         <input_file_ref idref="fl-c"/>
      </object_component>
      <object_component id="oc-27b">
         <name>.text._Z9SPI_Resetv</name>
         <load_address>0x3850</load_address>
         <readonly>true</readonly>
         <executable>true</executable>
         <run_address>0x3850</run_address>
         <size>0x40</size>
         <alignment>0x4</alignment>
         <input_file_ref idref="fl-6"/>
      </object_component>
      <object_component id="oc-186">
         <name>.text.__aeabi_uidivmod</name>
         <load_address>0x3890</load_address>
         <readonly>true</readonly>
         <executable>true</executable>
         <run_address>0x3890</run_address>
         <size>0x40</size>
         <alignment>0x4</alignment>
         <input_file_ref idref="fl-10e"/>
      </object_component>
      <object_component id="oc-13b">
         <name>.text.__extendsfdf2</name>
         <load_address>0x38d0</load_address>
         <readonly>true</readonly>
         <executable>true</executable>
         <run_address>0x38d0</run_address>
         <size>0x40</size>
         <alignment>0x4</alignment>
         <input_file_ref idref="fl-102"/>
      </object_component>
      <object_component id="oc-1e9">
         <name>.text._search_fp</name>
         <load_address>0x3910</load_address>
         <readonly>true</readonly>
         <executable>true</executable>
         <run_address>0x3910</run_address>
         <size>0x40</size>
         <alignment>0x4</alignment>
         <input_file_ref idref="fl-35"/>
      </object_component>
      <object_component id="oc-b5">
         <name>.text.__floatsisf</name>
         <load_address>0x3950</load_address>
         <readonly>true</readonly>
         <executable>true</executable>
         <run_address>0x3950</run_address>
         <size>0x3c</size>
         <alignment>0x4</alignment>
         <input_file_ref idref="fl-106"/>
      </object_component>
      <object_component id="oc-123">
         <name>.text.__muldsi3</name>
         <load_address>0x398c</load_address>
         <readonly>true</readonly>
         <executable>true</executable>
         <run_address>0x398c</run_address>
         <size>0x3a</size>
         <alignment>0x4</alignment>
         <input_file_ref idref="fl-fe"/>
      </object_component>
      <object_component id="oc-1c8">
         <name>.text._Z11SPI_OutDatac</name>
         <load_address>0x39c8</load_address>
         <readonly>true</readonly>
         <executable>true</executable>
         <run_address>0x39c8</run_address>
         <size>0x38</size>
         <alignment>0x4</alignment>
         <input_file_ref idref="fl-6"/>
      </object_component>
      <object_component id="oc-15d">
         <name>.text._Z15ActivatePortA_Bv</name>
         <load_address>0x3a00</load_address>
         <readonly>true</readonly>
         <executable>true</executable>
         <run_address>0x3a00</run_address>
         <size>0x38</size>
         <alignment>0x4</alignment>
         <input_file_ref idref="fl-5"/>
      </object_component>
      <object_component id="oc-c3">
         <name>.text.__fixsfsi</name>
         <load_address>0x3a38</load_address>
         <readonly>true</readonly>
         <executable>true</executable>
         <run_address>0x3a38</run_address>
         <size>0x38</size>
         <alignment>0x4</alignment>
         <input_file_ref idref="fl-104"/>
      </object_component>
      <object_component id="oc-ff">
         <name>.text._ZN4Tank15rotateIncrementEi</name>
         <load_address>0x3a70</load_address>
         <readonly>true</readonly>
         <executable>true</executable>
         <run_address>0x3a70</run_address>
         <size>0x36</size>
         <alignment>0x2</alignment>
         <input_file_ref idref="fl-f"/>
      </object_component>
      <object_component id="oc-174">
         <name>.text._Z12ST7735_writeiPKcj</name>
         <load_address>0x3aa6</load_address>
         <readonly>true</readonly>
         <executable>true</executable>
         <run_address>0x3aa6</run_address>
         <size>0x34</size>
         <alignment>0x2</alignment>
         <input_file_ref idref="fl-7"/>
      </object_component>
      <object_component id="oc-227">
         <name>.text._Z14Clock_Delay1msj</name>
         <load_address>0x3adc</load_address>
         <readonly>true</readonly>
         <executable>true</executable>
         <run_address>0x3adc</run_address>
         <size>0x34</size>
         <alignment>0x4</alignment>
         <input_file_ref idref="fl-1"/>
      </object_component>
      <object_component id="oc-1d4">
         <name>.text._Z16ST7735_SetCursorjj</name>
         <load_address>0x3b10</load_address>
         <readonly>true</readonly>
         <executable>true</executable>
         <run_address>0x3b10</run_address>
         <size>0x34</size>
         <alignment>0x4</alignment>
         <input_file_ref idref="fl-7"/>
      </object_component>
      <object_component id="oc-ed">
         <name>.text._Z8LED_Initv</name>
         <load_address>0x3b44</load_address>
         <readonly>true</readonly>
         <executable>true</executable>
         <run_address>0x3b44</run_address>
         <size>0x34</size>
         <alignment>0x4</alignment>
         <input_file_ref idref="fl-3"/>
      </object_component>
      <object_component id="oc-1f6">
         <name>.text.__TI_cleanup</name>
         <load_address>0x3b78</load_address>
         <readonly>true</readonly>
         <executable>true</executable>
         <run_address>0x3b78</run_address>
         <size>0x34</size>
         <alignment>0x4</alignment>
         <input_file_ref idref="fl-35"/>
      </object_component>
      <object_component id="oc-283">
         <name>.text.__TI_readmsg</name>
         <load_address>0x3bac</load_address>
         <readonly>true</readonly>
         <executable>true</executable>
         <run_address>0x3bac</run_address>
         <size>0x34</size>
         <alignment>0x4</alignment>
         <input_file_ref idref="fl-fa"/>
      </object_component>
      <object_component id="oc-27d">
         <name>.text.__TI_writemsg</name>
         <load_address>0x3be0</load_address>
         <readonly>true</readonly>
         <executable>true</executable>
         <run_address>0x3be0</run_address>
         <size>0x34</size>
         <alignment>0x4</alignment>
         <input_file_ref idref="fl-fa"/>
      </object_component>
      <object_component id="oc-107">
         <name>.text.exit</name>
         <load_address>0x3c14</load_address>
         <readonly>true</readonly>
         <executable>true</executable>
         <run_address>0x3c14</run_address>
         <size>0x34</size>
         <alignment>0x4</alignment>
         <input_file_ref idref="fl-38"/>
      </object_component>
      <object_component id="oc-1dd">
         <name>.text.finddevice</name>
         <load_address>0x3c48</load_address>
         <readonly>true</readonly>
         <executable>true</executable>
         <run_address>0x3c48</run_address>
         <size>0x34</size>
         <alignment>0x4</alignment>
         <input_file_ref idref="fl-114"/>
      </object_component>
      <object_component id="oc-16c">
         <name>.text.freopen</name>
         <load_address>0x3c7c</load_address>
         <readonly>true</readonly>
         <executable>true</executable>
         <run_address>0x3c7c</run_address>
         <size>0x34</size>
         <alignment>0x4</alignment>
         <input_file_ref idref="fl-35"/>
      </object_component>
      <object_component id="oc-150">
         <name>.text._Z15ST7735_Color565hhh</name>
         <load_address>0x3cb0</load_address>
         <readonly>true</readonly>
         <executable>true</executable>
         <run_address>0x3cb0</run_address>
         <size>0x32</size>
         <alignment>0x2</alignment>
         <input_file_ref idref="fl-7"/>
      </object_component>
      <object_component id="oc-88">
         <name>.text._ZN4Tank13TickCooldownsEv</name>
         <load_address>0x3ce2</load_address>
         <readonly>true</readonly>
         <executable>true</executable>
         <run_address>0x3ce2</run_address>
         <size>0x32</size>
         <alignment>0x2</alignment>
         <input_file_ref idref="fl-f"/>
      </object_component>
      <object_component id="oc-fb">
         <name>.text._ZN4Tank4DrawEv</name>
         <load_address>0x3d14</load_address>
         <readonly>true</readonly>
         <executable>true</executable>
         <run_address>0x3d14</run_address>
         <size>0x32</size>
         <alignment>0x2</alignment>
         <input_file_ref idref="fl-f"/>
      </object_component>
      <object_component id="oc-1d1">
         <name>.text._ZL10commonInitPKh</name>
         <load_address>0x3d48</load_address>
         <readonly>true</readonly>
         <executable>true</executable>
         <run_address>0x3d48</run_address>
         <size>0x30</size>
         <alignment>0x4</alignment>
         <input_file_ref idref="fl-7"/>
      </object_component>
      <object_component id="oc-d4">
         <name>.text._ZN6Bullet4DrawEv</name>
         <load_address>0x3d78</load_address>
         <readonly>true</readonly>
         <executable>true</executable>
         <run_address>0x3d78</run_address>
         <size>0x30</size>
         <alignment>0x2</alignment>
         <input_file_ref idref="fl-e"/>
      </object_component>
      <object_component id="oc-7a">
         <name>.text._ZN8SlidePot4SaveEj</name>
         <load_address>0x3da8</load_address>
         <readonly>true</readonly>
         <executable>true</executable>
         <run_address>0x3da8</run_address>
         <size>0x30</size>
         <alignment>0x2</alignment>
         <input_file_ref idref="fl-8"/>
      </object_component>
      <object_component id="oc-af">
         <name>.text.__cxx_global_var_init.3</name>
         <load_address>0x3dd8</load_address>
         <readonly>true</readonly>
         <executable>true</executable>
         <run_address>0x3dd8</run_address>
         <size>0x30</size>
         <alignment>0x4</alignment>
         <input_file_ref idref="fl-4"/>
      </object_component>
      <object_component id="oc-b0">
         <name>.text.__cxx_global_var_init.4</name>
         <load_address>0x3e08</load_address>
         <readonly>true</readonly>
         <executable>true</executable>
         <run_address>0x3e08</run_address>
         <size>0x30</size>
         <alignment>0x4</alignment>
         <input_file_ref idref="fl-4"/>
      </object_component>
      <object_component id="oc-166">
         <name>.text.fopen</name>
         <load_address>0x3e38</load_address>
         <readonly>true</readonly>
         <executable>true</executable>
         <run_address>0x3e38</run_address>
         <size>0x30</size>
         <alignment>0x4</alignment>
         <input_file_ref idref="fl-35"/>
      </object_component>
      <object_component id="oc-fc">
         <name>.text._ZN8SlidePot4SyncEv</name>
         <load_address>0x3e68</load_address>
         <readonly>true</readonly>
         <executable>true</executable>
         <run_address>0x3e68</run_address>
         <size>0x2e</size>
         <alignment>0x2</alignment>
         <input_file_ref idref="fl-8"/>
      </object_component>
      <object_component id="oc-fa">
         <name>.text._Z17ST7735_FillScreent</name>
         <load_address>0x3e98</load_address>
         <readonly>true</readonly>
         <executable>true</executable>
         <run_address>0x3e98</run_address>
         <size>0x2c</size>
         <alignment>0x4</alignment>
         <input_file_ref idref="fl-7"/>
      </object_component>
      <object_component id="oc-cf">
         <name>.text._ZN4Tank5EraseEv</name>
         <load_address>0x3ec4</load_address>
         <readonly>true</readonly>
         <executable>true</executable>
         <run_address>0x3ec4</run_address>
         <size>0x2c</size>
         <alignment>0x4</alignment>
         <input_file_ref idref="fl-f"/>
      </object_component>
      <object_component id="oc-ac">
         <name>.text.__cxx_global_var_init</name>
         <load_address>0x3ef0</load_address>
         <readonly>true</readonly>
         <executable>true</executable>
         <run_address>0x3ef0</run_address>
         <size>0x2c</size>
         <alignment>0x4</alignment>
         <input_file_ref idref="fl-4"/>
      </object_component>
      <object_component id="oc-1ad">
         <name>.text.__floatsidf</name>
         <load_address>0x3f1c</load_address>
         <readonly>true</readonly>
         <executable>true</executable>
         <run_address>0x3f1c</run_address>
         <size>0x2c</size>
         <alignment>0x4</alignment>
         <input_file_ref idref="fl-105"/>
      </object_component>
      <object_component id="oc-2aa">
         <name>.text.unlink</name>
         <load_address>0x3f48</load_address>
         <readonly>true</readonly>
         <executable>true</executable>
         <run_address>0x3f48</run_address>
         <size>0x2c</size>
         <alignment>0x4</alignment>
         <input_file_ref idref="fl-f2"/>
      </object_component>
      <object_component id="oc-85">
         <name>.text._ZN4Tank4MoveEv</name>
         <load_address>0x3f74</load_address>
         <readonly>true</readonly>
         <executable>true</executable>
         <run_address>0x3f74</run_address>
         <size>0x2a</size>
         <alignment>0x2</alignment>
         <input_file_ref idref="fl-f"/>
      </object_component>
      <object_component id="oc-f9">
         <name>.text._Z11Switch_Initv</name>
         <load_address>0x3fa0</load_address>
         <readonly>true</readonly>
         <executable>true</executable>
         <run_address>0x3fa0</run_address>
         <size>0x28</size>
         <alignment>0x4</alignment>
         <input_file_ref idref="fl-b"/>
      </object_component>
      <object_component id="oc-183">
         <name>.text._Z9ADC_StartP10ADC12_Regs</name>
         <load_address>0x3fc8</load_address>
         <readonly>true</readonly>
         <executable>true</executable>
         <run_address>0x3fc8</run_address>
         <size>0x28</size>
         <alignment>0x4</alignment>
         <input_file_ref idref="fl-c"/>
      </object_component>
      <object_component id="oc-269">
         <name>.text.free_list_insert</name>
         <load_address>0x3ff0</load_address>
         <readonly>true</readonly>
         <executable>true</executable>
         <run_address>0x3ff0</run_address>
         <size>0x28</size>
         <alignment>0x4</alignment>
         <input_file_ref idref="fl-3c"/>
      </object_component>
      <object_component id="oc-2a1">
         <name>.text.write</name>
         <load_address>0x4018</load_address>
         <readonly>true</readonly>
         <executable>true</executable>
         <run_address>0x4018</run_address>
         <size>0x28</size>
         <alignment>0x4</alignment>
         <input_file_ref idref="fl-eb"/>
      </object_component>
      <object_component id="oc-62">
         <name>.text:_c_int00_noargs</name>
         <load_address>0x4040</load_address>
         <readonly>true</readonly>
         <executable>true</executable>
         <run_address>0x4040</run_address>
         <size>0x28</size>
         <alignment>0x4</alignment>
         <input_file_ref idref="fl-41"/>
      </object_component>
      <object_component id="oc-d3">
         <name>.text._ZN6Bullet5EraseEv</name>
         <load_address>0x4068</load_address>
         <readonly>true</readonly>
         <executable>true</executable>
         <run_address>0x4068</run_address>
         <size>0x24</size>
         <alignment>0x4</alignment>
         <input_file_ref idref="fl-e"/>
      </object_component>
      <object_component id="oc-2b4">
         <name>.text._ZL9pushColort</name>
         <load_address>0x408c</load_address>
         <readonly>true</readonly>
         <executable>true</executable>
         <run_address>0x408c</run_address>
         <size>0x1e</size>
         <alignment>0x2</alignment>
         <input_file_ref idref="fl-7"/>
      </object_component>
      <object_component id="oc-36">
         <name>.text.Default_Handler</name>
         <load_address>0x40ac</load_address>
         <readonly>true</readonly>
         <executable>true</executable>
         <run_address>0x40ac</run_address>
         <size>0x1c</size>
         <alignment>0x4</alignment>
         <input_file_ref idref="fl-12"/>
      </object_component>
      <object_component id="oc-37">
         <name>.text.HardFault_Handler</name>
         <load_address>0x40c8</load_address>
         <readonly>true</readonly>
         <executable>true</executable>
         <run_address>0x40c8</run_address>
         <size>0x1c</size>
         <alignment>0x4</alignment>
         <input_file_ref idref="fl-12"/>
      </object_component>
      <object_component id="oc-177">
         <name>.text._Z11ST7735_openPKcji</name>
         <load_address>0x40e4</load_address>
         <readonly>true</readonly>
         <executable>true</executable>
         <run_address>0x40e4</run_address>
         <size>0x1c</size>
         <alignment>0x4</alignment>
         <input_file_ref idref="fl-7"/>
      </object_component>
      <object_component id="oc-86">
         <name>.text._Z7P1SHOOTv</name>
         <load_address>0x4100</load_address>
         <readonly>true</readonly>
         <executable>true</executable>
         <run_address>0x4100</run_address>
         <size>0x1c</size>
         <alignment>0x4</alignment>
         <input_file_ref idref="fl-b"/>
      </object_component>
      <object_component id="oc-7b">
         <name>.text._Z9Switch_Inv</name>
         <load_address>0x411c</load_address>
         <readonly>true</readonly>
         <executable>true</executable>
         <run_address>0x411c</run_address>
         <size>0x1c</size>
         <alignment>0x4</alignment>
         <input_file_ref idref="fl-b"/>
      </object_component>
      <object_component id="oc-267">
         <name>.text.free_list_remove</name>
         <load_address>0x4138</load_address>
         <readonly>true</readonly>
         <executable>true</executable>
         <run_address>0x4138</run_address>
         <size>0x1c</size>
         <alignment>0x4</alignment>
         <input_file_ref idref="fl-3c"/>
      </object_component>
      <object_component id="oc-11c">
         <name>.text._ZN8SlidePotC2Ejj</name>
         <load_address>0x4154</load_address>
         <readonly>true</readonly>
         <executable>true</executable>
         <run_address>0x4154</run_address>
         <size>0x1a</size>
         <alignment>0x2</alignment>
         <input_file_ref idref="fl-8"/>
      </object_component>
      <object_component id="oc-69">
         <name>.text._GLOBAL__sub_I_Lab9HMain.cpp</name>
         <load_address>0x416e</load_address>
         <readonly>true</readonly>
         <executable>true</executable>
         <run_address>0x416e</run_address>
         <size>0x18</size>
         <alignment>0x2</alignment>
         <input_file_ref idref="fl-4"/>
      </object_component>
      <object_component id="oc-11b">
         <name>.text._ZN6BulletC2Ev</name>
         <load_address>0x4186</load_address>
         <readonly>true</readonly>
         <executable>true</executable>
         <run_address>0x4186</run_address>
         <size>0x18</size>
         <alignment>0x2</alignment>
         <input_file_ref idref="fl-e"/>
      </object_component>
      <object_component id="oc-1c0">
         <name>.text.OUTLINED_FUNCTION_0</name>
         <load_address>0x419e</load_address>
         <readonly>true</readonly>
         <executable>true</executable>
         <run_address>0x419e</run_address>
         <size>0x16</size>
         <alignment>0x2</alignment>
         <input_file_ref idref="fl-3d"/>
      </object_component>
      <object_component id="oc-307">
         <name>.tramp.__aeabi_dadd.1</name>
         <load_address>0x41b4</load_address>
         <readonly>true</readonly>
         <executable>true</executable>
         <run_address>0x41b4</run_address>
         <size>0x10</size>
         <alignment>0x4</alignment>
         <input_file_ref idref="fl-fc"/>
      </object_component>
      <object_component id="oc-175">
         <name>.text._Z11ST7735_readiPcj</name>
         <load_address>0x41c4</load_address>
         <readonly>true</readonly>
         <executable>true</executable>
         <run_address>0x41c4</run_address>
         <size>0x16</size>
         <alignment>0x2</alignment>
         <input_file_ref idref="fl-7"/>
      </object_component>
      <object_component id="oc-59">
         <name>.text:decompress:ZI:__TI_zero_init_nomemset</name>
         <load_address>0x41da</load_address>
         <readonly>true</readonly>
         <executable>true</executable>
         <run_address>0x41da</run_address>
         <size>0x16</size>
         <alignment>0x2</alignment>
         <input_file_ref idref="fl-3e"/>
      </object_component>
      <object_component id="oc-ad">
         <name>.text.__cxx_global_var_init.1</name>
         <load_address>0x41f0</load_address>
         <readonly>true</readonly>
         <executable>true</executable>
         <run_address>0x41f0</run_address>
         <size>0x14</size>
         <alignment>0x4</alignment>
         <input_file_ref idref="fl-4"/>
      </object_component>
      <object_component id="oc-ae">
         <name>.text.__cxx_global_var_init.2</name>
         <load_address>0x4204</load_address>
         <readonly>true</readonly>
         <executable>true</executable>
         <run_address>0x4204</run_address>
         <size>0x14</size>
         <alignment>0x4</alignment>
         <input_file_ref idref="fl-4"/>
      </object_component>
      <object_component id="oc-100">
         <name>.text._ZN4Tank11NeedsRedrawEv</name>
         <load_address>0x4218</load_address>
         <readonly>true</readonly>
         <executable>true</executable>
         <run_address>0x4218</run_address>
         <size>0x12</size>
         <alignment>0x2</alignment>
         <input_file_ref idref="fl-f"/>
      </object_component>
      <object_component id="oc-d7">
         <name>.text:TI_memcpy_small</name>
         <load_address>0x422a</load_address>
         <readonly>true</readonly>
         <executable>true</executable>
         <run_address>0x422a</run_address>
         <size>0x12</size>
         <alignment>0x1</alignment>
         <input_file_ref idref="fl-115"/>
      </object_component>
      <object_component id="oc-20">
         <name>.text:decompress:none</name>
         <load_address>0x423c</load_address>
         <readonly>true</readonly>
         <executable>true</executable>
         <run_address>0x423c</run_address>
         <size>0x12</size>
         <alignment>0x2</alignment>
         <input_file_ref idref="fl-3f"/>
      </object_component>
      <object_component id="oc-1b1">
         <name>.text.OUTLINED_FUNCTION_2</name>
         <load_address>0x424e</load_address>
         <readonly>true</readonly>
         <executable>true</executable>
         <run_address>0x424e</run_address>
         <size>0x10</size>
         <alignment>0x2</alignment>
         <input_file_ref idref="fl-3d"/>
      </object_component>
      <object_component id="oc-160">
         <name>.text._Z11Clock_Delayj</name>
         <load_address>0x425e</load_address>
         <readonly>true</readonly>
         <executable>true</executable>
         <run_address>0x425e</run_address>
         <size>0x10</size>
         <alignment>0x2</alignment>
         <input_file_ref idref="fl-1"/>
      </object_component>
      <object_component id="oc-101">
         <name>.text._Z28TExaS_LaunchPadLogicPB27PB26v</name>
         <load_address>0x4270</load_address>
         <readonly>true</readonly>
         <executable>true</executable>
         <run_address>0x4270</run_address>
         <size>0x10</size>
         <alignment>0x4</alignment>
         <input_file_ref idref="fl-4"/>
      </object_component>
      <object_component id="oc-d0">
         <name>.text._ZN4Tank8CanShootEv</name>
         <load_address>0x4280</load_address>
         <readonly>true</readonly>
         <executable>true</executable>
         <run_address>0x4280</run_address>
         <size>0x10</size>
         <alignment>0x2</alignment>
         <input_file_ref idref="fl-f"/>
      </object_component>
      <object_component id="oc-d1">
         <name>.text._ZNK6Bullet8IsActiveEv</name>
         <load_address>0x4290</load_address>
         <readonly>true</readonly>
         <executable>true</executable>
         <run_address>0x4290</run_address>
         <size>0x10</size>
         <alignment>0x2</alignment>
         <input_file_ref idref="fl-e"/>
      </object_component>
      <object_component id="oc-268">
         <name>.text.OUTLINED_FUNCTION_0</name>
         <load_address>0x42a0</load_address>
         <readonly>true</readonly>
         <executable>true</executable>
         <run_address>0x42a0</run_address>
         <size>0xe</size>
         <alignment>0x2</alignment>
         <input_file_ref idref="fl-3c"/>
      </object_component>
      <object_component id="oc-173">
[...]
      </symbol>
      <symbol id="sm-1fa">
         <name>AES_IRQHandler</name>
         <value>0x40ad</value>
         <object_component_ref idref="oc-36"/>
      </symbol>
      <symbol id="sm-1fb">
         <name>RTC_IRQHandler</name>
         <value>0x40ad</value>
         <object_component_ref idref="oc-36"/>
      </symbol>
      <symbol id="sm-1fc">
         <name>DMA_IRQHandler</name>
         <value>0x40ad</value>
         <object_component_ref idref="oc-36"/>
      </symbol>
      <symbol id="sm-1fd">
         <name>__TI_ATRegion0_src_addr</name>
         <value>0x0</value>
      </symbol>
      <symbol id="sm-1fe">
         <name>__TI_ATRegion0_trg_addr</name>
         <value>0x0</value>
      </symbol>
      <symbol id="sm-1ff">
         <name>__TI_ATRegion0_region_sz</name>
         <value>0x0</value>
      </symbol>
      <symbol id="sm-200">
         <name>__TI_ATRegion1_src_addr</name>
         <value>0x0</value>
      </symbol>
      <symbol id="sm-201">
         <name>__TI_ATRegion1_trg_addr</name>
         <value>0x0</value>
      </symbol>
      <symbol id="sm-202">
         <name>__TI_ATRegion1_region_sz</name>
         <value>0x0</value>
      </symbol>
      <symbol id="sm-203">
         <name>__TI_ATRegion2_src_addr</name>
         <value>0x0</value>
      </symbol>
      <symbol id="sm-204">
         <name>__TI_ATRegion2_trg_addr</name>
         <value>0x0</value>
      </symbol>
      <symbol id="sm-205">
         <name>__TI_ATRegion2_region_sz</name>
         <value>0x0</value>
      </symbol>
      <symbol id="sm-224">
         <name>cosf</name>
         <value>0x915</value>
         <object_component_ref idref="oc-bd"/>
      </symbol>
      <symbol id="sm-243">
         <name>sinf</name>
         <value>0xae9</value>
         <object_component_ref idref="oc-c7"/>
      </symbol>
      <symbol id="sm-25c">
         <name>fopen</name>
         <value>0x3e39</value>
         <object_component_ref idref="oc-166"/>
      </symbol>
      <symbol id="sm-25d">
         <name>__TI_cleanup</name>
         <value>0x3b79</value>
         <object_component_ref idref="oc-1f6"/>
      </symbol>
      <symbol id="sm-25e">
         <name>freopen</name>
         <value>0x3c7d</value>
         <object_component_ref idref="oc-16c"/>
      </symbol>
      <symbol id="sm-268">
         <name>setvbuf</name>
         <value>0x1e85</value>
         <object_component_ref idref="oc-16d"/>
      </symbol>
      <symbol id="sm-273">
         <name>__aeabi_errno_addr</name>
         <value>0x436d</value>
         <object_component_ref idref="oc-211"/>
      </symbol>
      <symbol id="sm-274">
         <name>__aeabi_errno</name>
         <value>0x20200788</value>
         <object_component_ref idref="oc-275"/>
      </symbol>
      <symbol id="sm-282">
         <name>abort</name>
         <value>0x43d1</value>
         <object_component_ref idref="oc-102"/>
      </symbol>
      <symbol id="sm-283">
         <name>C$$EXIT</name>
         <value>0x43d0</value>
         <object_component_ref idref="oc-102"/>
      </symbol>
      <symbol id="sm-284">
         <name>__TI_cleanup_ptr</name>
         <value>0x20200770</value>
         <object_component_ref idref="oc-195"/>
      </symbol>
      <symbol id="sm-285">
         <name>__TI_dtors_ptr</name>
         <value>0x20200774</value>
         <object_component_ref idref="oc-195"/>
      </symbol>
      <symbol id="sm-286">
         <name>exit</name>
         <value>0x3c15</value>
         <object_component_ref idref="oc-107"/>
      </symbol>
      <symbol id="sm-28f">
         <name>_nop</name>
         <value>0x339b</value>
         <object_component_ref idref="oc-205"/>
      </symbol>
      <symbol id="sm-290">
         <name>_lock</name>
         <value>0x2020078c</value>
         <object_component_ref idref="oc-193"/>
      </symbol>
      <symbol id="sm-291">
         <name>_unlock</name>
         <value>0x20200790</value>
         <object_component_ref idref="oc-196"/>
      </symbol>
      <symbol id="sm-297">
         <name>_ftable</name>
         <value>0x20200498</value>
         <object_component_ref idref="oc-17b"/>
      </symbol>
      <symbol id="sm-298">
         <name>__TI_ft_end</name>
         <value>0x20200784</value>
         <object_component_ref idref="oc-251"/>
      </symbol>
      <symbol id="sm-299">
         <name>__TI_tmpnams</name>
         <value>0x20200ac8</value>
         <object_component_ref idref="oc-264"/>
      </symbol>
      <symbol id="sm-2bc">
         <name>malloc</name>
         <value>0x4325</value>
         <object_component_ref idref="oc-1f5"/>
      </symbol>
      <symbol id="sm-2bd">
         <name>aligned_alloc</name>
         <value>0x17f1</value>
         <object_component_ref idref="oc-26a"/>
      </symbol>
      <symbol id="sm-2be">
         <name>free</name>
         <value>0x1cb9</value>
         <object_component_ref idref="oc-1f3"/>
      </symbol>
      <symbol id="sm-2bf">
         <name>_sys_memory</name>
         <value>0x202007a8</value>
         <object_component_ref idref="oc-30"/>
      </symbol>
      <symbol id="sm-2c0">
         <name>memalign</name>
         <value>0x17f1</value>
         <object_component_ref idref="oc-26a"/>
      </symbol>
      <symbol id="sm-2dc">
         <name>__kernel_rem_pio2</name>
         <value>0xc1</value>
         <object_component_ref idref="oc-13f"/>
      </symbol>
      <symbol id="sm-2e6">
         <name>__TI_zero_init_nomemset</name>
         <value>0x41db</value>
         <object_component_ref idref="oc-59"/>
      </symbol>
      <symbol id="sm-2ef">
         <name>__TI_decompress_none</name>
         <value>0x423d</value>
         <object_component_ref idref="oc-20"/>
      </symbol>
      <symbol id="sm-2fa">
         <name>__TI_decompress_lzss</name>
         <value>0x2f61</value>
         <object_component_ref idref="oc-1c"/>
      </symbol>
      <symbol id="sm-305">
         <name>_c_int00_noargs</name>
         <value>0x4041</value>
         <object_component_ref idref="oc-62"/>
      </symbol>
      <symbol id="sm-306">
         <name>__stack</name>
         <value>0x20207e00</value>
         <object_component_ref idref="oc-1a"/>
      </symbol>
      <symbol id="sm-311">
         <name>floor</name>
         <value>0x146d</value>
         <object_component_ref idref="oc-1b6"/>
      </symbol>
      <symbol id="sm-312">
         <name>floorl</name>
         <value>0x146d</value>
         <object_component_ref idref="oc-1b6"/>
      </symbol>
      <symbol id="sm-31c">
         <name>scalbn</name>
         <value>0x1f65</value>
         <object_component_ref idref="oc-1b2"/>
      </symbol>
      <symbol id="sm-31d">
         <name>ldexp</name>
         <value>0x1f65</value>
         <object_component_ref idref="oc-1b2"/>
      </symbol>
      <symbol id="sm-31e">
         <name>scalbnl</name>
         <value>0x1f65</value>
         <object_component_ref idref="oc-1b2"/>
      </symbol>
      <symbol id="sm-31f">
         <name>ldexpl</name>
         <value>0x1f65</value>
         <object_component_ref idref="oc-1b2"/>
      </symbol>
      <symbol id="sm-32b">
         <name>__TI_closefile</name>
         <value>0x2ee5</value>
         <object_component_ref idref="oc-1ed"/>
      </symbol>
      <symbol id="sm-335">
         <name>__TI_doflush</name>
         <value>0x35b1</value>
         <object_component_ref idref="oc-256"/>
      </symbol>
      <symbol id="sm-343">
         <name>__TI_auto_init_nobinit</name>
         <value>0x355d</value>
         <object_component_ref idref="oc-10f"/>
      </symbol>
      <symbol id="sm-34b">
         <name>_system_pre_init</name>
         <value>0x43cd</value>
         <object_component_ref idref="oc-9d"/>
      </symbol>
      <symbol id="sm-35d">
         <name>write</name>
         <value>0x4019</value>
         <object_component_ref idref="oc-2a1"/>
      </symbol>
      <symbol id="sm-362">
         <name>_device</name>
         <value>0x20200678</value>
         <object_component_ref idref="oc-1e4"/>
      </symbol>
      <symbol id="sm-363">
         <name>_stream</name>
         <value>0x202006f0</value>
         <object_component_ref idref="oc-29d"/>
      </symbol>
      <symbol id="sm-36c">
         <name>remove</name>
         <value>0x437d</value>
         <object_component_ref idref="oc-260"/>
      </symbol>
      <symbol id="sm-378">
         <name>open</name>
         <value>0x272d</value>
         <object_component_ref idref="oc-252"/>
      </symbol>
      <symbol id="sm-383">
         <name>close</name>
         <value>0x3655</value>
         <object_component_ref idref="oc-25c"/>
      </symbol>
      <symbol id="sm-38f">
         <name>add_device</name>
         <value>0x19fd</value>
         <object_component_ref idref="oc-162"/>
      </symbol>
      <symbol id="sm-399">
         <name>unlink</name>
         <value>0x3f49</value>
         <object_component_ref idref="oc-2aa"/>
      </symbol>
      <symbol id="sm-3a3">
         <name>HOSTclose</name>
         <value>0x36f1</value>
         <object_component_ref idref="oc-234"/>
      </symbol>
      <symbol id="sm-3ad">
         <name>HOSTlseek</name>
         <value>0x30c5</value>
         <object_component_ref idref="oc-240"/>
      </symbol>
      <symbol id="sm-3b7">
         <name>HOSTopen</name>
         <value>0x339d</value>
         <object_component_ref idref="oc-230"/>
      </symbol>
      <symbol id="sm-3b8">
         <name>parmbuf</name>
         <value>0x20200b68</value>
         <object_component_ref idref="oc-284"/>
      </symbol>
      <symbol id="sm-3c2">
         <name>HOSTread</name>
         <value>0x33fd</value>
         <object_component_ref idref="oc-238"/>
      </symbol>
      <symbol id="sm-3d3">
         <name>HOSTrename</name>
         <value>0x3131</value>
         <object_component_ref idref="oc-248"/>
      </symbol>
      <symbol id="sm-3dd">
         <name>HOSTunlink</name>
         <value>0x3739</value>
         <object_component_ref idref="oc-244"/>
      </symbol>
      <symbol id="sm-3e7">
         <name>HOSTwrite</name>
         <value>0x3455</value>
         <object_component_ref idref="oc-23c"/>
      </symbol>
      <symbol id="sm-3f5">
         <name>C$$IO$$</name>
         <value>0x3c0d</value>
         <object_component_ref idref="oc-27d"/>
      </symbol>
      <symbol id="sm-3f6">
         <name>__TI_writemsg</name>
         <value>0x3be1</value>
         <object_component_ref idref="oc-27d"/>
      </symbol>
      <symbol id="sm-3f7">
         <name>__CIOBUF_</name>
         <value>0x202009a8</value>
         <object_component_ref idref="oc-2b7"/>
      </symbol>
      <symbol id="sm-3f8">
         <name>__TI_readmsg</name>
         <value>0x3bad</value>
         <object_component_ref idref="oc-283"/>
      </symbol>
      <symbol id="sm-3f9">
         <name>_CIOBUF_</name>
         <value>0x202009a8</value>
         <object_component_ref idref="oc-2b7"/>
      </symbol>
      <symbol id="sm-3ff">
         <name>__aeabi_fadd</name>
         <value>0x2047</value>
         <object_component_ref idref="oc-12a"/>
      </symbol>
      <symbol id="sm-400">
         <name>__addsf3</name>
         <value>0x2047</value>
         <object_component_ref idref="oc-12a"/>
      </symbol>
      <symbol id="sm-401">
         <name>__aeabi_fsub</name>
         <value>0x203d</value>
         <object_component_ref idref="oc-12a"/>
      </symbol>
      <symbol id="sm-402">
         <name>__subsf3</name>
         <value>0x203d</value>
         <object_component_ref idref="oc-12a"/>
      </symbol>
      <symbol id="sm-408">
         <name>__aeabi_dadd</name>
         <value>0x1017</value>
         <object_component_ref idref="oc-12e"/>
      </symbol>
      <symbol id="sm-409">
         <name>__adddf3</name>
         <value>0x1017</value>
         <object_component_ref idref="oc-12e"/>
      </symbol>
      <symbol id="sm-40a">
         <name>__aeabi_dsub</name>
         <value>0x100d</value>
         <object_component_ref idref="oc-12e"/>
      </symbol>
      <symbol id="sm-40b">
         <name>__subdf3</name>
         <value>0x100d</value>
         <object_component_ref idref="oc-12e"/>
      </symbol>
      <symbol id="sm-414">
         <name>__aeabi_dmul</name>
         <value>0x1da1</value>
         <object_component_ref idref="oc-132"/>
      </symbol>
      <symbol id="sm-415">
         <name>__muldf3</name>
         <value>0x1da1</value>
         <object_component_ref idref="oc-132"/>
      </symbol>
      <symbol id="sm-41e">
         <name>__muldsi3</name>
         <value>0x398d</value>
         <object_component_ref idref="oc-123"/>
      </symbol>
      <symbol id="sm-424">
         <name>__aeabi_fmul</name>
         <value>0x2acd</value>
         <object_component_ref idref="oc-b9"/>
      </symbol>
      <symbol id="sm-425">
         <name>__mulsf3</name>
         <value>0x2acd</value>
         <object_component_ref idref="oc-b9"/>
      </symbol>
      <symbol id="sm-42b">
         <name>__aeabi_fdiv</name>
         <value>0x2ced</value>
         <object_component_ref idref="oc-271"/>
      </symbol>
      <symbol id="sm-42c">
         <name>__divsf3</name>
         <value>0x2ced</value>
         <object_component_ref idref="oc-271"/>
      </symbol>
      <symbol id="sm-432">
         <name>__aeabi_f2d</name>
         <value>0x38d1</value>
         <object_component_ref idref="oc-13b"/>
      </symbol>
      <symbol id="sm-433">
         <name>__extendsfdf2</name>
         <value>0x38d1</value>
         <object_component_ref idref="oc-13b"/>
      </symbol>
      <symbol id="sm-43c">
         <name>__aeabi_d2iz</name>
         <value>0x36a5</value>
         <object_component_ref idref="oc-136"/>
      </symbol>
      <symbol id="sm-43d">
         <name>__fixdfsi</name>
         <value>0x36a5</value>
         <object_component_ref idref="oc-136"/>
      </symbol>
      <symbol id="sm-443">
         <name>__aeabi_f2iz</name>
         <value>0x3a39</value>
         <object_component_ref idref="oc-c3"/>
      </symbol>
      <symbol id="sm-444">
         <name>__fixsfsi</name>
         <value>0x3a39</value>
         <object_component_ref idref="oc-c3"/>
      </symbol>
      <symbol id="sm-44a">
         <name>__aeabi_i2d</name>
         <value>0x3f1d</value>
         <object_component_ref idref="oc-1ad"/>
      </symbol>
      <symbol id="sm-44b">
         <name>__floatsidf</name>
         <value>0x3f1d</value>
         <object_component_ref idref="oc-1ad"/>
      </symbol>
      <symbol id="sm-451">
         <name>__aeabi_i2f</name>
         <value>0x3951</value>
         <object_component_ref idref="oc-b5"/>
      </symbol>
      <symbol id="sm-452">
         <name>__floatsisf</name>
         <value>0x3951</value>
         <object_component_ref idref="oc-b5"/>
      </symbol>
      <symbol id="sm-459">
         <name>__aeabi_d2f</name>
         <value>0x3051</value>
         <object_component_ref idref="oc-1a0"/>
      </symbol>
      <symbol id="sm-45a">
         <name>__truncdfsf2</name>
         <value>0x3051</value>
         <object_component_ref idref="oc-1a0"/>
      </symbol>
      <symbol id="sm-460">
         <name>__aeabi_dcmpeq</name>
         <value>0x3339</value>
         <object_component_ref idref="oc-1ba"/>
      </symbol>
      <symbol id="sm-461">
         <name>__aeabi_dcmplt</name>
         <value>0x334d</value>
         <object_component_ref idref="oc-1ba"/>
      </symbol>
      <symbol id="sm-462">
         <name>__aeabi_dcmple</name>
         <value>0x3361</value>
         <object_component_ref idref="oc-1ba"/>
      </symbol>
      <symbol id="sm-463">
         <name>__aeabi_dcmpge</name>
         <value>0x3375</value>
         <object_component_ref idref="oc-1ba"/>
      </symbol>
      <symbol id="sm-464">
         <name>__aeabi_dcmpgt</name>
         <value>0x3389</value>
         <object_component_ref idref="oc-1ba"/>
      </symbol>
      <symbol id="sm-46a">
         <name>__aeabi_idiv</name>
         <value>0x3505</value>
         <object_component_ref idref="oc-1a9"/>
      </symbol>
      <symbol id="sm-46b">
         <name>__aeabi_idivmod</name>
         <value>0x3505</value>
         <object_component_ref idref="oc-1a9"/>
      </symbol>
      <symbol id="sm-471">
         <name>__aeabi_memcpy</name>
         <value>0x4375</value>
         <object_component_ref idref="oc-52"/>
      </symbol>
      <symbol id="sm-472">
         <name>__aeabi_memcpy4</name>
         <value>0x4375</value>
         <object_component_ref idref="oc-52"/>
      </symbol>
      <symbol id="sm-473">
         <name>__aeabi_memcpy8</name>
         <value>0x4375</value>
         <object_component_ref idref="oc-52"/>
      </symbol>
      <symbol id="sm-47a">
         <name>__aeabi_memclr</name>
         <value>0x4319</value>
         <object_component_ref idref="oc-98"/>
      </symbol>
      <symbol id="sm-47b">
         <name>__aeabi_memclr4</name>
         <value>0x4319</value>
         <object_component_ref idref="oc-98"/>
      </symbol>
      <symbol id="sm-47c">
         <name>__aeabi_memclr8</name>
         <value>0x4319</value>
         <object_component_ref idref="oc-98"/>
      </symbol>
      <symbol id="sm-482">
         <name>__aeabi_uidiv</name>
         <value>0x3891</value>
         <object_component_ref idref="oc-186"/>
      </symbol>
      <symbol id="sm-483">
         <name>__aeabi_uidivmod</name>
         <value>0x3891</value>
         <object_component_ref idref="oc-186"/>
      </symbol>
      <symbol id="sm-491">
         <name>__ledf2</name>
         <value>0x3209</value>
         <object_component_ref idref="oc-21c"/>
      </symbol>
      <symbol id="sm-492">
         <name>__gedf2</name>
         <value>0x2fdd</value>
         <object_component_ref idref="oc-222"/>
      </symbol>
      <symbol id="sm-493">
         <name>__cmpdf2</name>
         <value>0x3209</value>
         <object_component_ref idref="oc-21c"/>
      </symbol>
      <symbol id="sm-494">
         <name>__eqdf2</name>
         <value>0x3209</value>
         <object_component_ref idref="oc-21c"/>
      </symbol>
      <symbol id="sm-495">
         <name>__ltdf2</name>
         <value>0x3209</value>
         <object_component_ref idref="oc-21c"/>
      </symbol>
      <symbol id="sm-496">
         <name>__nedf2</name>
         <value>0x3209</value>
         <object_component_ref idref="oc-21c"/>
      </symbol>
      <symbol id="sm-497">
         <name>__gtdf2</name>
         <value>0x2fdd</value>
         <object_component_ref idref="oc-222"/>
      </symbol>
      <symbol id="sm-4a1">
         <name>__aeabi_idiv0</name>
         <value>0x2d6f</value>
         <object_component_ref idref="oc-1fe"/>
      </symbol>
      <symbol id="sm-4af">
         <name>finddevice</name>
         <value>0x3c49</value>
         <object_component_ref idref="oc-1dd"/>
      </symbol>
      <symbol id="sm-4b0">
         <name>getdevice</name>
         <value>0x319d</value>
         <object_component_ref idref="oc-29b"/>
      </symbol>
      <symbol id="sm-4b9">
         <name>TI_memcpy_small</name>
         <value>0x422b</value>
         <object_component_ref idref="oc-d7"/>
      </symbol>
      <symbol id="sm-4c2">
         <name>TI_memset_small</name>
         <value>0x42d9</value>
         <object_component_ref idref="oc-152"/>
      </symbol>
      <symbol id="sm-4ca">
         <name>strcmp</name>
         <value>0x2be1</value>
         <object_component_ref idref="oc-22a"/>
      </symbol>
      <symbol id="sm-4cb">
         <name>__TI_static_base__</name>
         <value>0x0</value>
      </symbol>
      <symbol id="sm-4cf">
         <name>__mpu_init</name>
         <value>0x0</value>
      </symbol>
      <symbol id="sm-4d0">
         <name>_system_post_cinit</name>
         <value>0x0</value>
      </symbol>
   </symbol_table>
   <title>Link successful</title>
</link_info>
