******************************************************************************
            TI ARM Clang Linker PC v4.0.1                      
******************************************************************************
>> Linked Sat Apr 12 21:14:54 2025

OUTPUT FILE NAME:   <ECE319K_Lab9H.out>
ENTRY POINT SYMBOL: "_c_int00_noargs"  address: 00001cf5


MEMORY CONFIGURATION

         name            origin    length      used     unused   attr    fill
----------------------  --------  ---------  --------  --------  ----  --------
  FLASH                 00000000   00020000  000025e0  0001da20  R  X
  SRAM                  20200000   00008000  00000812  000077ee  RW X
  BCR_CONFIG            41c00000   00000080  00000000  00000080  R   
  BSL_CONFIG            41c00100   00000080  00000000  00000080  R   


SEGMENT ALLOCATION MAP

run origin  load origin   length   init length attrs members
----------  ----------- ---------- ----------- ----- -------
00000000    00000000    000025e0   000025e0    r-x
  00000000    00000000    000000c0   000000c0    r-- .intvecs
  000000c0    000000c0    00001e60   00001e60    r-x .text
  00001f20    00001f20    00000600   00000600    r-- .rodata
  00002520    00002520    00000008   00000008    r-- .init_array
  00002528    00002528    000000b8   000000b8    r-- .cinit
20200000    20200000    00000619   00000000    rw-
  20200000    20200000    00000229   00000000    rw- .data
  20200230    20200230    00000200   00000000    rw- .sysmem
  20200430    20200430    000001e9   00000000    rw- .bss
20207e00    20207e00    00000200   00000000    rw-
  20207e00    20207e00    00000200   00000000    rw- .stack


SECTION ALLOCATION MAP

 output                                  attributes/
section   page    origin      length       input sections
--------  ----  ----------  ----------   ----------------
.intvecs   0    00000000    000000c0     
                  00000000    000000c0     startup_mspm0g3507_ticlang.o (.intvecs)

.binit     0    00000000    00000000     

.text      0    000000c0    00001e60     
                  000000c0    000001b4     Clock.o (.text._Z15Clock_Init80MHzi)
                  00000274    000001a8     ST7735.o (.text._Z15ST7735_DrawCharsscssh)
                  0000041c    00000154     libc.a : fopen.c.obj (.text._openfile)
                  00000570    00000118     ST7735.o (.text._Z15ST7735_FillRectsssst)
                  00000688    00000118     Lab9HMain.o (.text.main)
                  000007a0    00000114     libc.a : memory.c.obj (.text.aligned_alloc)
                  000008b4    000000f8     SPI.o (.text._Z8SPI_Initv)
                  000009ac    000000ec     libsysbm.a : add_device.c.obj (.text.add_device)
                  00000a98    000000e8     ST7735.o (.text._Z14ST7735_OutCharc)
                  00000b80    000000e8     libc.a : memory.c.obj (.text.free)
                  00000c68    000000e0            : setvbuf.c.obj (.text.setvbuf)
                  00000d48    000000a2     ST7735.o (.text._ZL11commandListPKh)
                  00000dea    00000002     Sound.o (.text.SysTick_Handler)
                  00000dec    000000a0     ST7735.o (.text._Z12ST7735_InitR10initRFlags)
                  00000e8c    000000a0     ST7735.o (.text._Z17ST7735_InitPrintf10initRFlags)
                  00000f2c    000000a0     libsysbm.a : open.c.obj (.text.open)
                  00000fcc    0000009c     ST7735.o (.text._Z14ST7735_OutUDecj)
                  00001068    00000088     ST7735.o (.text._ZL13setAddrWindowhhhh)
                  000010f0    00000088     libc.a : strcmp-armv6m.S.obj (.text:strcmp)
                  00001178    00000084     ST7735.o (.text._Z17ST7735_DrawStringttPcs)
                  000011fc    0000007c     LaunchPad.o (.text._Z14LaunchPad_Initv)
                  00001278    0000007c     libc.a : fclose.c.obj (.text.__TI_closefile)
                  000012f4    0000007c            : copy_decompress_lzss.c.obj (.text:decompress:lzss)
                  00001370    0000006c     libsysbm.a : hostlseek.c.obj (.text.HOSTlseek)
                  000013dc    0000006c                : hostrename.c.obj (.text.HOSTrename)
                  00001448    0000006c     libc.a : getdevice.c.obj (.text.getdevice)
                  000014b4    00000064            : memory.c.obj (.text.split)
                  00001518    00000060     libsysbm.a : hostopen.c.obj (.text.HOSTopen)
                  00001578    00000058                : hostread.c.obj (.text.HOSTread)
                  000015d0    00000058                : hostwrite.c.obj (.text.HOSTwrite)
                  00001628    00000054     ST7735.o (.text._Z11fillmessagej)
                  0000167c    00000054     libc.a : autoinit.c.obj (.text:__TI_auto_init_nobinit)
                  000016d0    00000052            : fflush.c.obj (.text.__TI_doflush)
                  00001722    00000002     libclang_rt.builtins.a : aeabi_div0.c.obj (.text.__aeabi_idiv0)
                  00001724    00000050     libsysbm.a : close.c.obj (.text.close)
                  00001774    00000048                : hostclose.c.obj (.text.HOSTclose)
                  000017bc    00000048                : hostunlink.c.obj (.text.HOSTunlink)
                  00001804    00000048     SPI.o (.text._Z14SPI_OutCommandc)
                  0000184c    00000040     TExaS.o (.text.TIMG7_IRQHandler)
                  0000188c    00000040     SPI.o (.text._Z9SPI_Resetv)
                  000018cc    00000040     libclang_rt.builtins.a : aeabi_uidivmod.S.obj (.text.__aeabi_uidivmod)
                  0000190c    00000040     libc.a : fopen.c.obj (.text._search_fp)
                  0000194c    00000038     SPI.o (.text._Z11SPI_OutDatac)
                  00001984    00000038     LaunchPad.o (.text._Z15ActivatePortA_Bv)
                  000019bc    00000034     ST7735.o (.text._Z12ST7735_writeiPKcj)
                  000019f0    00000034     Clock.o (.text._Z14Clock_Delay1msj)
                  00001a24    00000034     ST7735.o (.text._Z16ST7735_SetCursorjj)
                  00001a58    00000034     libc.a : fopen.c.obj (.text.__TI_cleanup)
                  00001a8c    00000034     libsysbm.a : trgmsg.c.obj (.text.__TI_readmsg)
                  00001ac0    00000034                : trgmsg.c.obj (.text.__TI_writemsg)
                  00001af4    00000034     libc.a : exit.c.obj (.text.exit)
                  00001b28    00000034            : getdevice.c.obj (.text.finddevice)
                  00001b5c    00000034            : fopen.c.obj (.text.freopen)
                  00001b90    00000032     ST7735.o (.text._Z15ST7735_Color565hhh)
                  00001bc2    00000002     libc.a : _lock.c.obj (.text._nop)
                  00001bc4    00000030     ST7735.o (.text._ZL10commonInitPKh)
                  00001bf4    00000030     libc.a : fopen.c.obj (.text.fopen)
                  00001c24    0000002c     ST7735.o (.text._Z17ST7735_FillScreent)
                  00001c50    0000002c     libsysbm.a : unlink.c.obj (.text.unlink)
                  00001c7c    00000028     Lab9HMain.o (.text.TIMG12_IRQHandler)
                  00001ca4    00000028     libc.a : memory.c.obj (.text.free_list_insert)
                  00001ccc    00000028     libsysbm.a : write.c.obj (.text.write)
                  00001cf4    00000028     libc.a : boot_cortex_m.c.obj (.text:_c_int00_noargs)
                  00001d1c    00000026     ST7735.o (.text._Z16ST7735_OutStringPc)
                  00001d42    0000001e     ST7735.o (.text._ZL9pushColort)
                  00001d60    0000001c     startup_mspm0g3507_ticlang.o (.text.Default_Handler)
                  00001d7c    0000001c     startup_mspm0g3507_ticlang.o (.text.HardFault_Handler)
                  00001d98    0000001c     ST7735.o (.text._Z11ST7735_openPKcji)
                  00001db4    0000001c     libc.a : memory.c.obj (.text.free_list_remove)
                  00001dd0    00000018     Lab9HMain.o (.text.__cxx_global_var_init)
                  00001de8    00000016     ST7735.o (.text._Z11ST7735_readiPcj)
                  00001dfe    00000016     SlidePot.o (.text._ZN8SlidePotC2Ejj)
                  00001e14    00000016     libc.a : copy_zero_init.c.obj (.text:decompress:ZI:__TI_zero_init_nomemset)
                  00001e2a    00000012            : memcpy16.S.obj (.text:TI_memcpy_small)
                  00001e3c    00000012            : copy_decompress_none.c.obj (.text:decompress:none)
                  00001e4e    00000010     Clock.o (.text._Z11Clock_Delayj)
                  00001e5e    0000000e     libc.a : memory.c.obj (.text.OUTLINED_FUNCTION_0)
                  00001e6c    0000000e     ST7735.o (.text._Z12ST7735_lseekili)
                  00001e7a    0000000e     libsysbm.a : hostrename.c.obj (.text.strcpy)
                  00001e88    0000000e                : hostrename.c.obj (.text.strlen)
                  00001e96    0000000e     libc.a : memset16.S.obj (.text:TI_memset_small)
                  00001ea4    0000000c     Clock.o (.text._Z10Clock_Freqv)
                  00001eb0    0000000c     ST7735.o (.text._Z13ST7735_renamePKcS0_)
                  00001ebc    0000000c     libclang_rt.builtins.a : aeabi_memset.S.obj (.text.__aeabi_memclr)
                  00001ec8    0000000c     libc.a : memory.c.obj (.text.malloc)
                  00001ed4    0000000a     ST7735.o (.text._Z12ST7735_closei)
                  00001ede    0000000a     ST7735.o (.text._Z13ST7735_unlinkPKc)
                  00001ee8    0000000a     Lab9HMain.o (.text._Z8PLL_Initv)
                  00001ef2    00000008     Lab9HMain.o (.text._GLOBAL__sub_I_Lab9HMain.cpp)
                  00001efa    00000002     --HOLE-- [fill = 0]
                  00001efc    00000008     libclang_rt.builtins.a : aeabi_memcpy.S.obj (.text.__aeabi_memcpy)
                  00001f04    00000008     libsysbm.a : remove.c.obj (.text.remove)
                  00001f0c    00000004     startup_mspm0g3507_ticlang.o (.text.Reset_Handler)
                  00001f10    00000004     libc.a : pre_init.c.obj (.text._system_pre_init)
                  00001f14    00000004            : exit.c.obj (.text:abort)
                  00001f18    00000008     --HOLE-- [fill = 0]

.cinit     0    00002528    000000b8     
                  00002528    00000094     (.cinit..data.load) [load image, compression = lzss]
                  000025bc    0000000c     (__TI_handler_table)
                  000025c8    00000008     (.cinit..bss.load) [load image, compression = zero_init]
                  000025d0    00000010     (__TI_cinit_table)

.rodata    0    00001f20    00000600     
                  00001f20    000004fb     ST7735.o (.rodata._ZL4Font)
                  0000241b    0000003b     ST7735.o (.rodata._ZL5Rcmd1)
                  00002456    0000002b     ST7735.o (.rodata._ZL5Rcmd3)
                  00002481    00000016     ST7735.o (.rodata.str1.59959519694590733531)
                  00002497    0000000d     ST7735.o (.rodata._ZL10Rcmd2green)
                  000024a4    0000000d     ST7735.o (.rodata._ZL8Rcmd2red)
                  000024b1    0000000a     Lab9HMain.o (.rodata._ZL14Goodbye_French)
                  000024bb    0000000a     Lab9HMain.o (.rodata._ZL19Language_Portuguese)
                  000024c5    00000009     Lab9HMain.o (.rodata._ZL15Language_French)
                  000024ce    00000008     Lab9HMain.o (.rodata._ZL15Goodbye_English)
                  000024d6    00000008     Lab9HMain.o (.rodata._ZL16Language_English)
                  000024de    00000008     Lab9HMain.o (.rodata._ZL16Language_Spanish)
                  000024e6    00000008     ST7735.o (.rodata.str1.48350117711619464051)
                  000024ee    00000007     Lab9HMain.o (.rodata._ZL13Hello_Spanish)
                  000024f5    00000007     ST7735.o (.rodata.str1.175719450624619433971)
                  000024fc    00000007     ST7735.o (.rodata.str1.42255827801651177341)
                  00002503    00000006     Lab9HMain.o (.rodata._ZL13Hello_English)
                  00002509    00000006     Lab9HMain.o (.rodata._ZL15Goodbye_Spanish)
                  0000250f    00000006     Lab9HMain.o (.rodata._ZL18Goodbye_Portuguese)
                  00002515    00000005     Lab9HMain.o (.rodata._ZL12Hello_French)
                  0000251a    00000004     Lab9HMain.o (.rodata._ZL16Hello_Portuguese)
                  0000251e    00000002     ST7735.o (.rodata.str1.145302396146969619001)

.init_array 
*          0    00002520    00000008     
                  00002520    00000004     Lab9HMain.o (.init_array)
                  00002524    00000004     --HOLE-- [fill = 0]

.data      0    20200000    00000229     UNINITIALIZED
                  20200000    000000f0     libc.a : defs.c.obj (.data._ftable)
                  202000f0    00000078     libsysbm.a : host_device.c.obj (.data._device)
                  20200168    00000050                : host_device.c.obj (.data._stream)
                  202001b8    00000030     Lab9HMain.o (.data.Phrases)
                  202001e8    00000014     Lab9HMain.o (.data.Sensor)
                  202001fc    00000008     libc.a : exit.c.obj (.data..L_MergedGlobals)
                  20200204    00000004     Clock.o (.data.BusFreq)
                  20200208    00000004     ST7735.o (.data.StX)
                  2020020c    00000004     ST7735.o (.data.StY)
                  20200210    00000004     libc.a : defs.c.obj (.data.__TI_ft_end)
                  20200214    00000004            : _lock.c.obj (.data._lock)
                  20200218    00000004            : _lock.c.obj (.data._unlock)
                  2020021c    00000002     ST7735.o (.data._ZL6_width)
                  2020021e    00000002     ST7735.o (.data._ZL7_height)
                  20200220    00000001     libsysbm.a : add_device.c.obj (.data.add_device.device_init)
                  20200221    00000003     --HOLE--
                  20200224    00000001     libc.a : memory.c.obj (.data.memory_is_initialized)
                  20200225    00000003     --HOLE--
                  20200228    00000001     libsysbm.a : open.c.obj (.data.open.stream_init)

.sysmem    0    20200230    00000200     UNINITIALIZED
                  20200230    00000010     libc.a : memory.c.obj (.sysmem)
                  20200240    000001f0     --HOLE--

.bss       0    20200430    000001e9     UNINITIALIZED
                  20200430    00000120     libsysbm.a : trgmsg.c.obj (.bss:_CIOBUF_)
                  20200550    000000a0     libc.a : defs.c.obj (.bss.__TI_tmpnams)
                  202005f0    0000000c     ST7735.o (.bss.Message)
                  202005fc    00000008     libsysbm.a : hostopen.c.obj (.bss.parmbuf)
                  20200604    00000004     ST7735.o (.bss.Messageindex)
                  20200608    00000004     TExaS.o (.bss.TExaSLogic)
                  2020060c    00000004     TExaS.o (.bss.TExaSadc)
                  20200610    00000004     libc.a : memory.c.obj (.bss.sys_free)
                  20200614    00000002     ST7735.o (.bss.StTextColor)
                  20200616    00000001     ST7735.o (.bss._ZL8ColStart)
                  20200617    00000001     ST7735.o (.bss._ZL8RowStart)
                  20200618    00000001     ST7735.o (.bss._ZL8TabColor)

.stack     0    20207e00    00000200     UNINITIALIZED
                  20207e00    00000004     libc.a : boot_cortex_m.c.obj (.stack)
                  20207e04    000001fc     --HOLE--

__llvm_prf_cnts 
*          0    20200000    00000000     UNINITIALIZED

__llvm_prf_bits 
*          0    20200000    00000000     UNINITIALIZED

MODULE SUMMARY

       Module                         code   ro data   rw data
       ------                         ----   -------   -------
    .\
       ST7735.o                       2336   1449      33     
       Lab9HMain.o                    362    91        68     
       Clock.o                        516    0         4      
       SPI.o                          440    0         0      
       LaunchPad.o                    180    0         0      
       TExaS.o                        64     0         8      
       SlidePot.o                     22     0         0      
       Sound.o                        2      0         0      
    +--+------------------------------+------+---------+---------+
       Total:                         3922   1540      113    
                                                              
    .\ticlang\
       startup_mspm0g3507_ticlang.o   60     192       0      
    +--+------------------------------+------+---------+---------+
       Total:                         60     192       0      
                                                              
    C:\ti\ccs2000\ccs\tools\compiler\ti-cgt-armllvm_4.0.1.LTS\lib\armv6m-ti-none-eabi/c/libc.a
       memory.c.obj                   702    0         5      
       fopen.c.obj                    556    0         0      
       defs.c.obj                     0      0         404    
       setvbuf.c.obj                  224    0         0      
       getdevice.c.obj                160    0         0      
       strcmp-armv6m.S.obj            136    0         0      
       copy_decompress_lzss.c.obj     124    0         0      
       fclose.c.obj                   124    0         0      
       autoinit.c.obj                 84     0         0      
       fflush.c.obj                   82     0         0      
       exit.c.obj                     56     0         8      
       boot_cortex_m.c.obj            40     0         0      
       copy_zero_init.c.obj           22     0         0      
       copy_decompress_none.c.obj     18     0         0      
       memcpy16.S.obj                 18     0         0      
       memset16.S.obj                 14     0         0      
       _lock.c.obj                    2      0         8      
       pre_init.c.obj                 4      0         0      
    +--+------------------------------+------+---------+---------+
       Total:                         2366   0         425    
                                                              
    C:\ti\ccs2000\ccs\tools\compiler\ti-cgt-armllvm_4.0.1.LTS\lib\armv6m-ti-none-eabi/c/libsysbm.a
       trgmsg.c.obj                   104    0         288    
       add_device.c.obj               236    0         1      
       host_device.c.obj              0      0         200    
       open.c.obj                     160    0         1      
       hostrename.c.obj               136    0         0      
       hostlseek.c.obj                108    0         0      
       hostopen.c.obj                 96     0         8      
       hostread.c.obj                 88     0         0      
       hostwrite.c.obj                88     0         0      
       close.c.obj                    80     0         0      
       hostclose.c.obj                72     0         0      
       hostunlink.c.obj               72     0         0      
       unlink.c.obj                   44     0         0      
       write.c.obj                    40     0         0      
       remove.c.obj                   8      0         0      
    +--+------------------------------+------+---------+---------+
       Total:                         1332   0         498    
                                                              
    C:\ti\ccs2000\ccs\tools\compiler\ti-cgt-armllvm_4.0.1.LTS\lib\armv6m-ti-none-eabi/libclang_rt.builtins.a
       aeabi_uidivmod.S.obj           64     0         0      
       aeabi_memset.S.obj             12     0         0      
       aeabi_memcpy.S.obj             8      0         0      
       aeabi_div0.c.obj               2      0         0      
    +--+------------------------------+------+---------+---------+
       Total:                         86     0         0      
                                                              
       Heap:                          0      0         512    
       Stack:                         0      0         512    
       Linker Generated:              0      184       0      
    +--+------------------------------+------+---------+---------+
       Grand Total:                   7766   1916      2060   


LINKER GENERATED COPY TABLES

__TI_cinit_table @ 000025d0 records: 2, size/record: 8, table size: 16
	.data: load addr=00002528, load size=00000094 bytes, run addr=20200000, run size=00000229 bytes, compression=lzss
	.bss: load addr=000025c8, load size=00000008 bytes, run addr=20200430, run size=000001e9 bytes, compression=zero_init


LINKER GENERATED HANDLER TABLE

__TI_handler_table @ 000025bc records: 3, size/record: 4, table size: 12
	index: 0, handler: __TI_decompress_lzss
	index: 1, handler: __TI_decompress_none
	index: 2, handler: __TI_zero_init


GLOBAL SYMBOLS: SORTED ALPHABETICALLY BY Name 

address   name                             
-------   ----                             
00001d61  ADC0_IRQHandler                  
00001d61  ADC1_IRQHandler                  
00001d61  AES_IRQHandler                   
20200204  BusFreq                          
00001f14  C$$EXIT                          
00001aed  C$$IO$$                          
00001d61  CANFD0_IRQHandler                
00001d61  DAC0_IRQHandler                  
00001d61  DMA_IRQHandler                   
00001d61  Default_Handler                  
00001d61  GROUP0_IRQHandler                
00001d61  GROUP1_IRQHandler                
00001775  HOSTclose                        
00001371  HOSTlseek                        
00001519  HOSTopen                         
00001579  HOSTread                         
000013dd  HOSTrename                       
000017bd  HOSTunlink                       
000015d1  HOSTwrite                        
00001d7d  HardFault_Handler                
00001d61  I2C0_IRQHandler                  
00001d61  I2C1_IRQHandler                  
202005f0  Message                          
20200604  Messageindex                     
00001d61  NMI_Handler                      
00001d61  PendSV_Handler                   
202001b8  Phrases                          
00001d61  RTC_IRQHandler                   
00001f0d  Reset_Handler                    
00002520  SHT$$INIT_ARRAY$$Base            
00002524  SHT$$INIT_ARRAY$$Limit           
00001d61  SPI0_IRQHandler                  
00001d61  SPI1_IRQHandler                  
00001d61  SVC_Handler                      
202001e8  Sensor                           
20200614  StTextColor                      
20200208  StX                              
2020020c  StY                              
00000deb  SysTick_Handler                  
20200608  TExaSLogic                       
2020060c  TExaSadc                         
00001d61  TIMA0_IRQHandler                 
00001d61  TIMA1_IRQHandler                 
00001d61  TIMG0_IRQHandler                 
00001c7d  TIMG12_IRQHandler                
00001d61  TIMG6_IRQHandler                 
0000184d  TIMG7_IRQHandler                 
00001d61  TIMG8_IRQHandler                 
00001e2b  TI_memcpy_small                  
00001e97  TI_memset_small                  
00001d61  UART0_IRQHandler                 
00001d61  UART1_IRQHandler                 
00001d61  UART2_IRQHandler                 
00001d61  UART3_IRQHandler                 
20200430  _CIOBUF_                         
00001ea5  _Z10Clock_Freqv                  
00001e4f  _Z11Clock_Delayj                 
0000194d  _Z11SPI_OutDatac                 
00001d99  _Z11ST7735_openPKcji             
00001de9  _Z11ST7735_readiPcj              
00001629  _Z11fillmessagej                 
00000ded  _Z12ST7735_InitR10initRFlags     
00001ed5  _Z12ST7735_closei                
00001e6d  _Z12ST7735_lseekili              
000019bd  _Z12ST7735_writeiPKcj            
00001eb1  _Z13ST7735_renamePKcS0_          
00001edf  _Z13ST7735_unlinkPKc             
000019f1  _Z14Clock_Delay1msj              
000011fd  _Z14LaunchPad_Initv              
00001805  _Z14SPI_OutCommandc              
00000a99  _Z14ST7735_OutCharc              
00000fcd  _Z14ST7735_OutUDecj              
00001985  _Z15ActivatePortA_Bv             
000000c1  _Z15Clock_Init80MHzi             
00001b91  _Z15ST7735_Color565hhh           
00000275  _Z15ST7735_DrawCharsscssh        
00000571  _Z15ST7735_FillRectsssst         
00001d1d  _Z16ST7735_OutStringPc           
00001a25  _Z16ST7735_SetCursorjj           
00001179  _Z17ST7735_DrawStringttPcs       
00001c25  _Z17ST7735_FillScreent           
00000e8d  _Z17ST7735_InitPrintf10initRFlags
00001ee9  _Z8PLL_Initv                     
000008b5  _Z8SPI_Initv                     
0000188d  _Z9SPI_Resetv                    
00001dff  _ZN8SlidePotC1Ejj                
00001dff  _ZN8SlidePotC2Ejj                
20200430  __CIOBUF_                        
20208000  __STACK_END                      
00000200  __STACK_SIZE                     
00000200  __SYSMEM_SIZE                    
00000000  __TI_ATRegion0_region_sz         
00000000  __TI_ATRegion0_src_addr          
00000000  __TI_ATRegion0_trg_addr          
00000000  __TI_ATRegion1_region_sz         
00000000  __TI_ATRegion1_src_addr          
00000000  __TI_ATRegion1_trg_addr          
00000000  __TI_ATRegion2_region_sz         
00000000  __TI_ATRegion2_src_addr          
00000000  __TI_ATRegion2_trg_addr          
000025d0  __TI_CINIT_Base                  
000025e0  __TI_CINIT_Limit                 
000025e0  __TI_CINIT_Warm                  
000025bc  __TI_Handler_Table_Base          
000025c8  __TI_Handler_Table_Limit         
0000167d  __TI_auto_init_nobinit           
00001a59  __TI_cleanup                     
202001fc  __TI_cleanup_ptr                 
00001279  __TI_closefile                   
000012f5  __TI_decompress_lzss             
00001e3d  __TI_decompress_none             
000016d1  __TI_doflush                     
20200200  __TI_dtors_ptr                   
20200210  __TI_ft_end                      
ffffffff  __TI_pprof_out_hndl              
ffffffff  __TI_prof_data_size              
ffffffff  __TI_prof_data_start             
00001a8d  __TI_readmsg                     
00000000  __TI_static_base__               
20200550  __TI_tmpnams                     
00001ac1  __TI_writemsg                    
00001e15  __TI_zero_init_nomemset          
00001723  __aeabi_idiv0                    
00001ebd  __aeabi_memclr                   
00001ebd  __aeabi_memclr4                  
00001ebd  __aeabi_memclr8                  
00001efd  __aeabi_memcpy                   
00001efd  __aeabi_memcpy4                  
00001efd  __aeabi_memcpy8                  
000018cd  __aeabi_uidiv                    
000018cd  __aeabi_uidivmod                 
ffffffff  __binit__                        
UNDEFED   __mpu_init                       
20207e00  __stack                          
20200000  __start___llvm_prf_bits          
20200000  __start___llvm_prf_cnts          
20200000  __stop___llvm_prf_bits           
20200000  __stop___llvm_prf_cnts           
00001cf5  _c_int00_noargs                  
202000f0  _device                          
20200000  _ftable                          
20200214  _lock                            
00001bc3  _nop                             
20200168  _stream                          
20200230  _sys_memory                      
UNDEFED   _system_post_cinit               
00001f11  _system_pre_init                 
20200218  _unlock                          
00001f15  abort                            
000009ad  add_device                       
000007a1  aligned_alloc                    
ffffffff  binit                            
00001725  close                            
00001af5  exit                             
00001b29  finddevice                       
00001bf5  fopen                            
00000b81  free                             
00001b5d  freopen                          
00001449  getdevice                        
00000000  interruptVectors                 
00000689  main                             
00001ec9  malloc                           
000007a1  memalign                         
00000f2d  open                             
202005fc  parmbuf                          
00001f05  remove                           
00000c69  setvbuf                          
000010f1  strcmp                           
00001c51  unlink                           
00001ccd  write                            


GLOBAL SYMBOLS: SORTED BY Symbol Address 

address   name                             
-------   ----                             
00000000  __TI_ATRegion0_region_sz         
00000000  __TI_ATRegion0_src_addr          
00000000  __TI_ATRegion0_trg_addr          
00000000  __TI_ATRegion1_region_sz         
00000000  __TI_ATRegion1_src_addr          
00000000  __TI_ATRegion1_trg_addr          
00000000  __TI_ATRegion2_region_sz         
00000000  __TI_ATRegion2_src_addr          
00000000  __TI_ATRegion2_trg_addr          
00000000  __TI_static_base__               
00000000  interruptVectors                 
000000c1  _Z15Clock_Init80MHzi             
00000200  __STACK_SIZE                     
00000200  __SYSMEM_SIZE                    
00000275  _Z15ST7735_DrawCharsscssh        
00000571  _Z15ST7735_FillRectsssst         
00000689  main                             
000007a1  aligned_alloc                    
000007a1  memalign                         
000008b5  _Z8SPI_Initv                     
000009ad  add_device                       
00000a99  _Z14ST7735_OutCharc              
00000b81  free                             
00000c69  setvbuf                          
00000deb  SysTick_Handler                  
00000ded  _Z12ST7735_InitR10initRFlags     
00000e8d  _Z17ST7735_InitPrintf10initRFlags
00000f2d  open                             
00000fcd  _Z14ST7735_OutUDecj              
000010f1  strcmp                           
00001179  _Z17ST7735_DrawStringttPcs       
000011fd  _Z14LaunchPad_Initv              
00001279  __TI_closefile                   
000012f5  __TI_decompress_lzss             
00001371  HOSTlseek                        
000013dd  HOSTrename                       
00001449  getdevice                        
00001519  HOSTopen                         
00001579  HOSTread                         
000015d1  HOSTwrite                        
00001629  _Z11fillmessagej                 
0000167d  __TI_auto_init_nobinit           
000016d1  __TI_doflush                     
00001723  __aeabi_idiv0                    
00001725  close                            
00001775  HOSTclose                        
000017bd  HOSTunlink                       
00001805  _Z14SPI_OutCommandc              
0000184d  TIMG7_IRQHandler                 
0000188d  _Z9SPI_Resetv                    
000018cd  __aeabi_uidiv                    
000018cd  __aeabi_uidivmod                 
0000194d  _Z11SPI_OutDatac                 
00001985  _Z15ActivatePortA_Bv             
000019bd  _Z12ST7735_writeiPKcj            
000019f1  _Z14Clock_Delay1msj              
00001a25  _Z16ST7735_SetCursorjj           
00001a59  __TI_cleanup                     
00001a8d  __TI_readmsg                     
00001ac1  __TI_writemsg                    
00001aed  C$$IO$$                          
00001af5  exit                             
00001b29  finddevice                       
00001b5d  freopen                          
00001b91  _Z15ST7735_Color565hhh           
00001bc3  _nop                             
00001bf5  fopen                            
00001c25  _Z17ST7735_FillScreent           
00001c51  unlink                           
00001c7d  TIMG12_IRQHandler                
00001ccd  write                            
00001cf5  _c_int00_noargs                  
00001d1d  _Z16ST7735_OutStringPc           
00001d61  ADC0_IRQHandler                  
00001d61  ADC1_IRQHandler                  
00001d61  AES_IRQHandler                   
00001d61  CANFD0_IRQHandler                
00001d61  DAC0_IRQHandler                  
00001d61  DMA_IRQHandler                   
00001d61  Default_Handler                  
00001d61  GROUP0_IRQHandler                
00001d61  GROUP1_IRQHandler                
00001d61  I2C0_IRQHandler                  
00001d61  I2C1_IRQHandler                  
00001d61  NMI_Handler                      
00001d61  PendSV_Handler                   
00001d61  RTC_IRQHandler                   
00001d61  SPI0_IRQHandler                  
00001d61  SPI1_IRQHandler                  
00001d61  SVC_Handler                      
00001d61  TIMA0_IRQHandler                 
00001d61  TIMA1_IRQHandler                 
00001d61  TIMG0_IRQHandler                 
00001d61  TIMG6_IRQHandler                 
00001d61  TIMG8_IRQHandler                 
00001d61  UART0_IRQHandler                 
00001d61  UART1_IRQHandler                 
00001d61  UART2_IRQHandler                 
00001d61  UART3_IRQHandler                 
00001d7d  HardFault_Handler                
00001d99  _Z11ST7735_openPKcji             
00001de9  _Z11ST7735_readiPcj              
00001dff  _ZN8SlidePotC1Ejj                
00001dff  _ZN8SlidePotC2Ejj                
00001e15  __TI_zero_init_nomemset          
00001e2b  TI_memcpy_small                  
00001e3d  __TI_decompress_none             
00001e4f  _Z11Clock_Delayj                 
00001e6d  _Z12ST7735_lseekili              
00001e97  TI_memset_small                  
00001ea5  _Z10Clock_Freqv                  
00001eb1  _Z13ST7735_renamePKcS0_          
00001ebd  __aeabi_memclr                   
00001ebd  __aeabi_memclr4                  
00001ebd  __aeabi_memclr8                  
00001ec9  malloc                           
00001ed5  _Z12ST7735_closei                
00001edf  _Z13ST7735_unlinkPKc             
00001ee9  _Z8PLL_Initv                     
00001efd  __aeabi_memcpy                   
00001efd  __aeabi_memcpy4                  
00001efd  __aeabi_memcpy8                  
00001f05  remove                           
00001f0d  Reset_Handler                    
00001f11  _system_pre_init                 
00001f14  C$$EXIT                          
00001f15  abort                            
00002520  SHT$$INIT_ARRAY$$Base            
00002524  SHT$$INIT_ARRAY$$Limit           
000025bc  __TI_Handler_Table_Base          
000025c8  __TI_Handler_Table_Limit         
000025d0  __TI_CINIT_Base                  
000025e0  __TI_CINIT_Limit                 
000025e0  __TI_CINIT_Warm                  
20200000  __start___llvm_prf_bits          
20200000  __start___llvm_prf_cnts          
20200000  __stop___llvm_prf_bits           
20200000  __stop___llvm_prf_cnts           
20200000  _ftable                          
202000f0  _device                          
20200168  _stream                          
202001b8  Phrases                          
202001e8  Sensor                           
202001fc  __TI_cleanup_ptr                 
20200200  __TI_dtors_ptr                   
20200204  BusFreq                          
20200208  StX                              
2020020c  StY                              
20200210  __TI_ft_end                      
20200214  _lock                            
20200218  _unlock                          
20200230  _sys_memory                      
20200430  _CIOBUF_                         
20200430  __CIOBUF_                        
20200550  __TI_tmpnams                     
202005f0  Message                          
202005fc  parmbuf                          
20200604  Messageindex                     
20200608  TExaSLogic                       
2020060c  TExaSadc                         
20200614  StTextColor                      
20207e00  __stack                          
20208000  __STACK_END                      
ffffffff  __TI_pprof_out_hndl              
ffffffff  __TI_prof_data_size              
ffffffff  __TI_prof_data_start             
ffffffff  __binit__                        
ffffffff  binit                            
UNDEFED   __mpu_init                       
UNDEFED   _system_post_cinit               

[170 symbols]
