******************************************************************************
            TI ARM Clang Linker PC v4.0.1                      
******************************************************************************
>> Linked Mon Apr 21 22:18:27 2025

OUTPUT FILE NAME:   <ECE319K_Lab9H.out>
ENTRY POINT SYMBOL: "_c_int00_noargs"  address: 00004871


MEMORY CONFIGURATION

         name            origin    length      used     unused   attr    fill
----------------------  --------  ---------  --------  --------  ----  --------
  FLASH                 00000000   00020000  00005940  0001a6c0  R  X
  SRAM                  20200000   00008000  00000eea  00007116  RW X
  BCR_CONFIG            41c00000   00000080  00000000  00000080  R   
  BSL_CONFIG            41c00100   00000080  00000000  00000080  R   


SEGMENT ALLOCATION MAP

run origin  load origin   length   init length attrs members
----------  ----------- ---------- ----------- ----- -------
00000000    00000000    00005940   00005940    r-x
  00000000    00000000    000000c0   000000c0    r-- .intvecs
  000000c0    000000c0    00004bb0   00004bb0    r-x .text
  00004c70    00004c70    00000c30   00000c30    r-- .rodata
  000058a0    000058a0    00000008   00000008    r-- .init_array
  000058a8    000058a8    00000098   00000098    r-- .cinit
20200000    20200000    00000cf1   00000000    rw-
  20200000    20200000    00000911   00000000    rw- .data
  20200918    20200918    00000200   00000000    rw- .sysmem
  20200b18    20200b18    000001d9   00000000    rw- .bss
20207e00    20207e00    00000200   00000000    rw-
  20207e00    20207e00    00000200   00000000    rw- .stack


SECTION ALLOCATION MAP

 output                                  attributes/
section   page    origin      length       input sections
--------  ----  ----------  ----------   ----------------
.intvecs   0    00000000    000000c0     
                  00000000    000000c0     startup_mspm0g3507_ticlang.o (.intvecs)

.binit     0    00000000    00000000     

.text      0    000000c0    00004bb0     
                  000000c0    00000644     libc.a : k_rem_pio2.c.obj (.text.__kernel_rem_pio2)
                  00000704    00000210     ST7735.o (.text._Z17ST7735_DrawBitmapssPKtss)
                  00000914    000001d4     libc.a : s_cosf.c.obj (.text.cosf)
                  00000ae8    000001c8            : s_sinf.c.obj (.text.sinf)
                  00000cb0    000001b4     Clock.o (.text._Z15Clock_Init80MHzi)
                  00000e64    000001a8     ST7735.o (.text._Z15ST7735_DrawCharsscssh)
                  0000100c    00000192     libclang_rt.builtins.a : adddf3.S.obj (.text.adddf3_subdf3)
                  0000119e    00000002     Sound.o (.text.SysTick_Handler)
                  000011a0    00000178     tank.o (.text._ZN4Tank12rotateSpriteEf)
                  00001318    00000154     libc.a : fopen.c.obj (.text._openfile)
                  0000146c    00000144            : s_floor.c.obj (.text.floor)
                  000015b0    00000128     TExaS.o (.text._Z8ADC_InitP10ADC12_Regsjj)
                  000016d8    00000118     ST7735.o (.text._Z15ST7735_FillRectsssst)
                  000017f0    00000114     libc.a : memory.c.obj (.text.aligned_alloc)
                  00001904    000000f8     SPI.o (.text._Z8SPI_Initv)
                  000019fc    000000f4     tools.o (.text._Z12bulletUpdatev)
                  00001af0    000000ec     tools.o (.text._Z10DrawHealthRK4TankS1_)
                  00001bdc    000000ec     libsysbm.a : add_device.c.obj (.text.add_device)
                  00001cc8    000000e8     ST7735.o (.text._Z14ST7735_OutCharc)
                  00001db0    000000e8     TExaS.o (.text._Z9UART_Initv)
                  00001e98    000000e8     libc.a : memory.c.obj (.text.free)
                  00001f80    000000e4     libclang_rt.builtins.a : muldf3.S.obj (.text.__muldf3)
                  00002064    000000e0     libc.a : setvbuf.c.obj (.text.setvbuf)
                  00002144    000000dc     tank.o (.text._ZN4Tank4MoveEv)
                  00002220    000000d8     libc.a : s_scalbn.c.obj (.text.scalbn)
                  000022f8    000000d8     libclang_rt.builtins.a : addsf3.S.obj (.text)
                  000023d0    000000c8     tank.o (.text._ZN4TankC2EiiiPKthhjj)
                  00002498    000000c8     bullet.o (.text._ZN6Bullet4MoveEv)
                  00002560    000000b8     bullet.o (.text._ZN6Bullet5checkER4Tank)
                  00002618    000000ac     tank.o (.text._ZN4Tank11TriVelocityEi)
                  000026c4    000000ac     libc.a : s_cosf.c.obj (.text.__kernel_sindf)
                  00002770    000000ac            : s_sinf.c.obj (.text.__kernel_sindf)
                  0000281c    000000a8     Timer.o (.text._Z14TimerG7_IntArmtjj)
                  000028c4    000000a4     tools.o (.text._Z12rotateUpdatev)
                  00002968    000000a2     ST7735.o (.text._ZL11commandListPKh)
                  00002a0a    00000002     Sound.o (.text._Z10Sound_Initv)
                  00002a0c    000000a0     ST7735.o (.text._Z12ST7735_InitR10initRFlags)
                  00002aac    000000a0     ST7735.o (.text._Z17ST7735_InitPrintf10initRFlags)
                  00002b4c    000000a0     libsysbm.a : open.c.obj (.text.open)
                  00002bec    000000a0     libc.a : e_sqrtf.c.obj (.text.sqrtf)
                  00002c8c    0000009c     tools.o (.text._Z11isCollisionv)
                  00002d28    0000009c     libc.a : s_cosf.c.obj (.text.__kernel_cosdf)
                  00002dc4    0000009c            : s_sinf.c.obj (.text.__kernel_cosdf)
                  00002e60    0000009a     tank.o (.text._ZN4Tank5ShootEP6Bulleti)
                  00002efa    00000002     libclang_rt.builtins.a : aeabi_div0.c.obj (.text.__aeabi_idiv0)
                  00002efc    00000094     Timer.o (.text._Z15TimerG12_IntArmjj)
                  00002f90    00000094     Lab9HMain.o (.text.main)
                  00003024    00000090     SlidePot.o (.text._ZN8SlidePot4InitEj)
                  000030b4    0000008c     libclang_rt.builtins.a : mulsf3.S.obj (.text.__mulsf3)
                  00003140    00000088     ST7735.o (.text._ZL13setAddrWindowhhhh)
                  000031c8    00000008     libc.a : aeabi_portable.c.obj (.text.__aeabi_errno_addr)
                  000031d0    00000088            : strcmp-armv6m.S.obj (.text:strcmp)
                  00003258    00000084     ST7735.o (.text._Z17ST7735_DrawStringttPcs)
                  000032dc    00000082     libclang_rt.builtins.a : divsf3.S.obj (.text.__divsf3)
                  0000335e    00000002     libc.a : _lock.c.obj (.text._nop)
                  00003360    00000080     bullet.o (.text._ZN6Bullet4InitEiifii)
                  000033e0    0000007c     Lab9HMain.o (.text.TIMG12_IRQHandler)
                  0000345c    0000007c     LaunchPad.o (.text._Z14LaunchPad_Initv)
                  000034d8    0000007c     libc.a : fclose.c.obj (.text.__TI_closefile)
                  00003554    0000007c            : copy_decompress_lzss.c.obj (.text:decompress:lzss)
                  000035d0    00000074     libclang_rt.builtins.a : comparedf2.c.obj (.text.__gedf2)
                  00003644    0000000c     Clock.o (.text._Z10Clock_Freqv)
                  00003650    00000074     libclang_rt.builtins.a : truncdfsf2.S.obj (.text.__truncdfsf2)
                  000036c4    0000006c     libsysbm.a : hostlseek.c.obj (.text.HOSTlseek)
                  00003730    0000006c                : hostrename.c.obj (.text.HOSTrename)
                  0000379c    0000006c     libc.a : getdevice.c.obj (.text.getdevice)
                  00003808    00000068     libclang_rt.builtins.a : comparedf2.c.obj (.text.__ledf2)
                  00003870    00000064     libc.a : memory.c.obj (.text.split)
                  000038d4    00000062     libclang_rt.builtins.a : aeabi_dcmp.S.obj (.text.__aeabi_dcmp)
                  00003936    00000002     --HOLE-- [fill = 0]
                  00003938    00000062                            : aeabi_fcmp.S.obj (.text.__aeabi_fcmp)
                  0000399a    00000002     --HOLE-- [fill = 0]
                  0000399c    00000060     libsysbm.a : hostopen.c.obj (.text.HOSTopen)
                  000039fc    00000060     SlidePot.o (.text._ZN8SlidePot2InEv)
                  00003a5c    00000058     libsysbm.a : hostread.c.obj (.text.HOSTread)
                  00003ab4    00000058                : hostwrite.c.obj (.text.HOSTwrite)
                  00003b0c    00000058     TExaS.o (.text._Z10TExaS_InitP10ADC12_RegsjPFhvE)
                  00003b64    00000056     libclang_rt.builtins.a : aeabi_idivmod.S.obj (.text.__aeabi_idivmod)
                  00003bba    00000002     --HOLE-- [fill = 0]
                  00003bbc    00000054     libc.a : autoinit.c.obj (.text:__TI_auto_init_nobinit)
                  00003c10    00000052            : fflush.c.obj (.text.__TI_doflush)
                  00003c62    00000050     tools.o (.text._Z12tankMovementjjR4Tank)
                  00003cb2    00000050     tank.o (.text._ZN4Tank6RotateEi)
                  00003d02    00000002     --HOLE-- [fill = 0]
                  00003d04    00000050     libsysbm.a : close.c.obj (.text.close)
                  00003d54    0000004a     libclang_rt.builtins.a : fixdfsi.S.obj (.text.__fixdfsi)
                  00003d9e    00000002     --HOLE-- [fill = 0]
                  00003da0    00000048     libsysbm.a : hostclose.c.obj (.text.HOSTclose)
                  00003de8    00000048                : hostunlink.c.obj (.text.HOSTunlink)
                  00003e30    00000048     SPI.o (.text._Z14SPI_OutCommandc)
                  00003e78    00000044     tools.o (.text._Z9queryTankv)
                  00003ebc    00000040     TExaS.o (.text.TIMG7_IRQHandler)
                  00003efc    00000040     SPI.o (.text._Z9SPI_Resetv)
                  00003f3c    00000040     bullet.o (.text._ZN6Bullet4DrawEv)
                  00003f7c    00000040     libclang_rt.builtins.a : aeabi_uidivmod.S.obj (.text.__aeabi_uidivmod)
                  00003fbc    00000040                            : extendsfdf2.S.obj (.text.__extendsfdf2)
                  00003ffc    00000040     libc.a : fopen.c.obj (.text._search_fp)
                  0000403c    0000003e     tools.o (.text._Z7clamperfff)
                  0000407a    00000002     --HOLE-- [fill = 0]
                  0000407c    0000003c     libclang_rt.builtins.a : floatsisf.S.obj (.text.__floatsisf)
                  000040b8    0000003c                            : comparesf2.S.obj (.text.__gtsf2)
                  000040f4    0000003a                            : comparesf2.S.obj (.text.__eqsf2)
                  0000412e    00000002     --HOLE-- [fill = 0]
                  00004130    0000003a                            : muldsi3.S.obj (.text.__muldsi3)
                  0000416a    00000002     --HOLE-- [fill = 0]
                  0000416c    00000038     SPI.o (.text._Z11SPI_OutDatac)
                  000041a4    00000038     Switch.o (.text._Z11Switch_Initv)
                  000041dc    00000038     LaunchPad.o (.text._Z15ActivatePortA_Bv)
                  00004214    00000038     tank.o (.text._ZN4Tank10TakeDamageEv)
                  0000424c    00000038     bullet.o (.text._ZN6Bullet5EraseEv)
                  00004284    00000038     libclang_rt.builtins.a : fixsfsi.S.obj (.text.__fixsfsi)
                  000042bc    00000036     tank.o (.text._ZN4Tank15rotateIncrementEi)
                  000042f2    00000034     ST7735.o (.text._Z12ST7735_writeiPKcj)
                  00004326    00000002     --HOLE-- [fill = 0]
                  00004328    00000034     tools.o (.text._Z13displayUpdatev)
                  0000435c    00000034     Clock.o (.text._Z14Clock_Delay1msj)
                  00004390    00000034     ST7735.o (.text._Z16ST7735_SetCursorjj)
                  000043c4    00000034     LED.o (.text._Z8LED_Initv)
                  000043f8    00000034     libc.a : fopen.c.obj (.text.__TI_cleanup)
                  0000442c    00000034     libsysbm.a : trgmsg.c.obj (.text.__TI_readmsg)
                  00004460    00000034                : trgmsg.c.obj (.text.__TI_writemsg)
                  00004494    00000034     libc.a : exit.c.obj (.text.exit)
                  000044c8    00000034            : getdevice.c.obj (.text.finddevice)
                  000044fc    00000034            : fopen.c.obj (.text.freopen)
                  00004530    00000032     ST7735.o (.text._Z15ST7735_Color565hhh)
                  00004562    00000032     tank.o (.text._ZN4Tank13TickCooldownsEv)
                  00004594    00000032     tank.o (.text._ZN4Tank4DrawEv)
                  000045c6    00000002     --HOLE-- [fill = 0]
                  000045c8    00000030     ST7735.o (.text._ZL10commonInitPKh)
                  000045f8    00000030     SlidePot.o (.text._ZN8SlidePot4SaveEj)
                  00004628    00000030     Lab9HMain.o (.text.__cxx_global_var_init.1)
                  00004658    00000030     Lab9HMain.o (.text.__cxx_global_var_init.4)
                  00004688    00000030     Lab9HMain.o (.text.__cxx_global_var_init.5)
                  000046b8    00000030     Lab9HMain.o (.text.__cxx_global_var_init)
                  000046e8    00000030     libc.a : fopen.c.obj (.text.fopen)
                  00004718    0000002e     SlidePot.o (.text._ZN8SlidePot4SyncEv)
                  00004746    00000002     --HOLE-- [fill = 0]
                  00004748    0000002c     ST7735.o (.text._Z17ST7735_FillScreent)
                  00004774    0000002c     tank.o (.text._ZN4Tank5EraseEv)
                  000047a0    0000002c     libclang_rt.builtins.a : floatsidf.S.obj (.text.__floatsidf)
                  000047cc    0000002c     libsysbm.a : unlink.c.obj (.text.unlink)
                  000047f8    00000028     TExaS.o (.text._Z9ADC_StartP10ADC12_Regs)
                  00004820    00000028     libc.a : memory.c.obj (.text.free_list_insert)
                  00004848    00000028     libsysbm.a : write.c.obj (.text.write)
                  00004870    00000028     libc.a : boot_cortex_m.c.obj (.text:_c_int00_noargs)
                  00004898    00000026     bullet.o (.text._ZN6Bullet10DeactivateEv)
                  000048be    0000001e     ST7735.o (.text._ZL9pushColort)
                  000048dc    0000001c     startup_mspm0g3507_ticlang.o (.text.Default_Handler)
                  000048f8    0000001c     startup_mspm0g3507_ticlang.o (.text.HardFault_Handler)
                  00004914    0000001c     Lab9HMain.o (.text._GLOBAL__sub_I_Lab9HMain.cpp)
                  00004930    0000001c     Switch.o (.text._Z10Switch_In1v)
                  0000494c    0000001c     Switch.o (.text._Z10Switch_In2v)
                  00004968    0000001c     ST7735.o (.text._Z11ST7735_openPKcji)
                  00004984    0000001c     Switch.o (.text._Z7P1SHOOTv)
                  000049a0    0000001c     Switch.o (.text._Z7P2SHOOTv)
                  000049bc    0000001c     libc.a : memory.c.obj (.text.free_list_remove)
                  000049d8    0000001a     tools.o (.text._Z15SlidePotSamplerR8SlidePot)
                  000049f2    0000001a     bullet.o (.text._ZN6BulletC2Ev)
                  00004a0c    0000001a     SlidePot.o (.text._ZN8SlidePotC2Ejj)
                  00004a26    00000016     libc.a : k_rem_pio2.c.obj (.text.OUTLINED_FUNCTION_0)
                  00004a3c    00000010     libclang_rt.builtins.a : adddf3.S.obj (.tramp.__aeabi_dadd.1)
                  00004a4c    00000016     ST7735.o (.text._Z11ST7735_readiPcj)
                  00004a62    00000016     libc.a : copy_zero_init.c.obj (.text:decompress:ZI:__TI_zero_init_nomemset)
                  00004a78    00000014     Lab9HMain.o (.text.__cxx_global_var_init.2)
                  00004a8c    00000014     Lab9HMain.o (.text.__cxx_global_var_init.3)
                  00004aa0    00000012     tank.o (.text._ZN4Tank11NeedsRedrawEv)
                  00004ab2    00000012     libc.a : memcpy16.S.obj (.text:TI_memcpy_small)
                  00004ac4    00000012            : copy_decompress_none.c.obj (.text:decompress:none)
                  00004ad6    00000010            : k_rem_pio2.c.obj (.text.OUTLINED_FUNCTION_2)
                  00004ae6    00000010     Clock.o (.text._Z11Clock_Delayj)
                  00004af6    00000002     --HOLE-- [fill = 0]
                  00004af8    00000010     Lab9HMain.o (.text._Z28TExaS_LaunchPadLogicPB27PB26v)
                  00004b08    00000010     tank.o (.text._ZN4Tank8CanShootEv)
                  00004b18    00000010     bullet.o (.text._ZNK6Bullet8IsActiveEv)
                  00004b28    0000000e     libc.a : memory.c.obj (.text.OUTLINED_FUNCTION_0)
                  00004b36    0000000e     ST7735.o (.text._Z12ST7735_lseekili)
                  00004b44    0000000e     tank.o (.text._ZNK4Tank9GetHealthEv)
                  00004b52    0000000e     libsysbm.a : hostrename.c.obj (.text.strcpy)
                  00004b60    0000000e                : hostrename.c.obj (.text.strlen)
                  00004b6e    0000000e     libc.a : memset16.S.obj (.text:TI_memset_small)
                  00004b7c    0000000c     ST7735.o (.text._Z13ST7735_renamePKcS0_)
                  00004b88    0000000c     SlidePot.o (.text._ZN8SlidePot12lastDistanceEv)
                  00004b94    0000000c     SlidePot.o (.text._ZN8SlidePot8DistanceEv)
                  00004ba0    0000000c     tank.o (.text._ZNK4Tank4GetXEv)
                  00004bac    0000000c     tank.o (.text._ZNK4Tank4GetYEv)
                  00004bb8    0000000c     libclang_rt.builtins.a : aeabi_memset.S.obj (.text.__aeabi_memclr)
                  00004bc4    0000000c     libc.a : memory.c.obj (.text.malloc)
                  00004bd0    0000000a            : k_rem_pio2.c.obj (.text.OUTLINED_FUNCTION_1)
                  00004bda    0000000a            : s_cosf.c.obj (.text.OUTLINED_FUNCTION_3)
                  00004be4    0000000a            : s_sinf.c.obj (.text.OUTLINED_FUNCTION_3)
                  00004bee    0000000a     ST7735.o (.text._Z12ST7735_closei)
                  00004bf8    0000000a     ST7735.o (.text._Z13ST7735_unlinkPKc)
                  00004c02    0000000a     Lab9HMain.o (.text._Z8PLL_Initv)
                  00004c0c    00000008     libclang_rt.builtins.a : aeabi_memcpy.S.obj (.text.__aeabi_memcpy)
                  00004c14    00000008     libsysbm.a : remove.c.obj (.text.remove)
                  00004c1c    00000006     libc.a : s_cosf.c.obj (.text.OUTLINED_FUNCTION_0)
                  00004c22    00000002     --HOLE-- [fill = 0]
                  00004c24    00000010     libclang_rt.builtins.a : muldf3.S.obj (.tramp.__aeabi_dmul.1)
                  00004c34    00000006     libc.a : s_sinf.c.obj (.text.OUTLINED_FUNCTION_0)
                  00004c3a    00000006            : s_cosf.c.obj (.text.OUTLINED_FUNCTION_1)
                  00004c40    00000006            : s_sinf.c.obj (.text.OUTLINED_FUNCTION_1)
                  00004c46    00000004            : s_cosf.c.obj (.text.OUTLINED_FUNCTION_2)
                  00004c4a    00000002     --HOLE-- [fill = 0]
                  00004c4c    00000010     libclang_rt.builtins.a : extendsfdf2.S.obj (.tramp.__aeabi_f2d.1)
                  00004c5c    00000004     libc.a : s_sinf.c.obj (.text.OUTLINED_FUNCTION_2)
                  00004c60    00000004     startup_mspm0g3507_ticlang.o (.text.Reset_Handler)
                  00004c64    00000004     libc.a : pre_init.c.obj (.text._system_pre_init)
                  00004c68    00000004            : exit.c.obj (.text:abort)
                  00004c6c    00000004     --HOLE-- [fill = 0]

.cinit     0    000058a8    00000098     
                  000058a8    0000006e     (.cinit..data.load) [load image, compression = lzss]
                  00005916    00000002     --HOLE-- [fill = 0]
                  00005918    0000000c     (__TI_handler_table)
                  00005924    00000008     (.cinit..bss.load) [load image, compression = zero_init]
                  0000592c    00000010     (__TI_cinit_table)
                  0000593c    00000004     --HOLE-- [fill = 0]

.rodata    0    00004c70    00000c30     
                  00004c70    000004fb     ST7735.o (.rodata._ZL4Font)
                  0000516b    00000001     --HOLE-- [fill = 0]
                  0000516c    00000214     Lab9HMain.o (.rodata._ZL7MiniRed)
                  00005380    00000214     Lab9HMain.o (.rodata._ZL8MiniBlue)
                  00005594    00000108     libc.a : k_rem_pio2.c.obj (.rodata.ipio2)
                  0000569c    00000080     tools.o (.rodata._ZL6heart2)
                  0000571c    00000080     tools.o (.rodata._ZL6heart3)
                  0000579c    00000002     ST7735.o (.rodata.str1.145302396146969619001)
                  0000579e    00000002     --HOLE-- [fill = 0]
                  000057a0    00000040     libc.a : k_rem_pio2.c.obj (.rodata.PIo2)
                  000057e0    0000003b     ST7735.o (.rodata._ZL5Rcmd1)
                  0000581b    0000002b     ST7735.o (.rodata._ZL5Rcmd3)
                  00005846    00000016     ST7735.o (.rodata.str1.59959519694590733531)
                  0000585c    00000010     libc.a : k_rem_pio2.c.obj (.rodata.cst16)
                  0000586c    0000000d     ST7735.o (.rodata._ZL10Rcmd2green)
                  00005879    0000000d     ST7735.o (.rodata._ZL8Rcmd2red)
                  00005886    00000008     ST7735.o (.rodata.str1.48350117711619464051)
                  0000588e    00000007     ST7735.o (.rodata.str1.175719450624619433971)
                  00005895    00000007     ST7735.o (.rodata.str1.42255827801651177341)
                  0000589c    00000004     --HOLE-- [fill = 0]

.init_array 
*          0    000058a0    00000008     
                  000058a0    00000004     Lab9HMain.o (.init_array)
                  000058a4    00000004     --HOLE-- [fill = 0]

.data      0    20200000    00000911     UNINITIALIZED
                  20200000    0000025c     Lab9HMain.o (.data.p1)
                  2020025c    0000025c     Lab9HMain.o (.data.p2)
                  202004b8    00000118     Lab9HMain.o (.data.bullets1)
                  202005d0    00000118     Lab9HMain.o (.data.bullets2)
                  202006e8    000000f0     libc.a : defs.c.obj (.data._ftable)
                  202007d8    00000078     libsysbm.a : host_device.c.obj (.data._device)
                  20200850    00000050                : host_device.c.obj (.data._stream)
                  202008a0    0000001c     Lab9HMain.o (.data.player1SP)
                  202008bc    0000001c     Lab9HMain.o (.data.player2SP)
                  202008d8    00000008     libc.a : exit.c.obj (.data..L_MergedGlobals)
                  202008e0    00000004     Clock.o (.data.BusFreq)
                  202008e4    00000004     ST7735.o (.data.StX)
                  202008e8    00000004     ST7735.o (.data.StY)
                  202008ec    00000004     libc.a : defs.c.obj (.data.__TI_ft_end)
                  202008f0    00000004            : aeabi_portable.c.obj (.data.__aeabi_errno)
                  202008f4    00000004            : _lock.c.obj (.data._lock)
                  202008f8    00000004            : _lock.c.obj (.data._unlock)
                  202008fc    00000004     Lab9HMain.o (.data.time)
                  20200900    00000002     ST7735.o (.data._ZL6_width)
                  20200902    00000002     ST7735.o (.data._ZL7_height)
                  20200904    00000001     Lab9HMain.o (.data.TG12Flag)
                  20200905    00000001     tools.o (.data._ZZ10DrawHealthRK4TankS1_E11lastHealth1)
                  20200906    00000001     tools.o (.data._ZZ10DrawHealthRK4TankS1_E11lastHealth2)
                  20200907    00000001     Lab9HMain.o (.data.bulletFlag1)
                  20200908    00000001     libsysbm.a : add_device.c.obj (.data.add_device.device_init)
                  20200909    00000001     Lab9HMain.o (.data.bulletFlag2)
                  2020090a    00000002     --HOLE--
                  2020090c    00000001     libc.a : memory.c.obj (.data.memory_is_initialized)
                  2020090d    00000003     --HOLE--
                  20200910    00000001     libsysbm.a : open.c.obj (.data.open.stream_init)

.sysmem    0    20200918    00000200     UNINITIALIZED
                  20200918    00000010     libc.a : memory.c.obj (.sysmem)
                  20200928    000001f0     --HOLE--

.bss       0    20200b18    000001d9     UNINITIALIZED
                  20200b18    00000120     libsysbm.a : trgmsg.c.obj (.bss:_CIOBUF_)
                  20200c38    000000a0     libc.a : defs.c.obj (.bss.__TI_tmpnams)
                  20200cd8    00000008     libsysbm.a : hostopen.c.obj (.bss.parmbuf)
                  20200ce0    00000004     TExaS.o (.bss.TExaSLogic)
                  20200ce4    00000004     TExaS.o (.bss.TExaSadc)
                  20200ce8    00000004     libc.a : memory.c.obj (.bss.sys_free)
                  20200cec    00000002     ST7735.o (.bss.StTextColor)
                  20200cee    00000001     ST7735.o (.bss._ZL8ColStart)
                  20200cef    00000001     ST7735.o (.bss._ZL8RowStart)
                  20200cf0    00000001     ST7735.o (.bss._ZL8TabColor)

.stack     0    20207e00    00000200     UNINITIALIZED
                  20207e00    00000004     libc.a : boot_cortex_m.c.obj (.stack)
                  20207e04    000001fc     --HOLE--

__llvm_prf_cnts 
*          0    20200000    00000000     UNINITIALIZED

__llvm_prf_bits 
*          0    20200000    00000000     UNINITIALIZED

MODULE SUMMARY

       Module                         code    ro data   rw data
       ------                         ----    -------   -------
    .\
       ST7735.o                       2586    1449      17     
       Lab9HMain.o                    558     1068      1831   
       tank.o                         1528    0         0      
       tools.o                        1088    256       2      
       TExaS.o                        720     0         8      
       bullet.o                       712     0         0      
       Clock.o                        516     0         4      
       SPI.o                          440     0         0      
       SlidePot.o                     384     0         0      
       Timer.o                        316     0         0      
       LaunchPad.o                    180     0         0      
       Switch.o                       168     0         0      
       LED.o                          52      0         0      
       Sound.o                        4       0         0      
    +--+------------------------------+-------+---------+---------+
       Total:                         9252    2773      1862   
                                                               
    .\ticlang\
       startup_mspm0g3507_ticlang.o   60      192       0      
    +--+------------------------------+-------+---------+---------+
       Total:                         60      192       0      
                                                               
    C:\ti\ccs2000\ccs\tools\compiler\ti-cgt-armllvm_4.0.1.LTS\lib\armv6m-ti-none-eabi/c/libc.a
       k_rem_pio2.c.obj               1652    344       0      
       s_cosf.c.obj                   822     0         0      
       s_sinf.c.obj                   810     0         0      
       memory.c.obj                   702     0         5      
       fopen.c.obj                    556     0         0      
       defs.c.obj                     0       0         404    
       s_floor.c.obj                  324     0         0      
       setvbuf.c.obj                  224     0         0      
       s_scalbn.c.obj                 216     0         0      
       e_sqrtf.c.obj                  160     0         0      
       getdevice.c.obj                160     0         0      
       strcmp-armv6m.S.obj            136     0         0      
       copy_decompress_lzss.c.obj     124     0         0      
       fclose.c.obj                   124     0         0      
       autoinit.c.obj                 84      0         0      
       fflush.c.obj                   82      0         0      
       exit.c.obj                     56      0         8      
       boot_cortex_m.c.obj            40      0         0      
       copy_zero_init.c.obj           22      0         0      
       copy_decompress_none.c.obj     18      0         0      
       memcpy16.S.obj                 18      0         0      
       memset16.S.obj                 14      0         0      
       aeabi_portable.c.obj           8       0         4      
       _lock.c.obj                    2       0         8      
       pre_init.c.obj                 4       0         0      
    +--+------------------------------+-------+---------+---------+
       Total:                         6358    344       429    
                                                               
    C:\ti\ccs2000\ccs\tools\compiler\ti-cgt-armllvm_4.0.1.LTS\lib\armv6m-ti-none-eabi/c/libsysbm.a
       trgmsg.c.obj                   104     0         288    
       add_device.c.obj               236     0         1      
       host_device.c.obj              0       0         200    
       open.c.obj                     160     0         1      
       hostrename.c.obj               136     0         0      
       hostlseek.c.obj                108     0         0      
       hostopen.c.obj                 96      0         8      
       hostread.c.obj                 88      0         0      
       hostwrite.c.obj                88      0         0      
       close.c.obj                    80      0         0      
       hostclose.c.obj                72      0         0      
       hostunlink.c.obj               72      0         0      
       unlink.c.obj                   44      0         0      
       write.c.obj                    40      0         0      
       remove.c.obj                   8       0         0      
    +--+------------------------------+-------+---------+---------+
       Total:                         1332    0         498    
                                                               
    C:\ti\ccs2000\ccs\tools\compiler\ti-cgt-armllvm_4.0.1.LTS\lib\armv6m-ti-none-eabi/libclang_rt.builtins.a
       adddf3.S.obj                   418     0         0      
       muldf3.S.obj                   244     0         0      
       comparedf2.c.obj               220     0         0      
       addsf3.S.obj                   216     0         0      
       mulsf3.S.obj                   140     0         0      
       divsf3.S.obj                   130     0         0      
       comparesf2.S.obj               118     0         0      
       truncdfsf2.S.obj               116     0         0      
       aeabi_dcmp.S.obj               98      0         0      
       aeabi_fcmp.S.obj               98      0         0      
       aeabi_idivmod.S.obj            86      0         0      
       extendsfdf2.S.obj              80      0         0      
       fixdfsi.S.obj                  74      0         0      
       aeabi_uidivmod.S.obj           64      0         0      
       floatsisf.S.obj                60      0         0      
       muldsi3.S.obj                  58      0         0      
       fixsfsi.S.obj                  56      0         0      
       floatsidf.S.obj                44      0         0      
       aeabi_memset.S.obj             12      0         0      
       aeabi_memcpy.S.obj             8       0         0      
       aeabi_div0.c.obj               2       0         0      
    +--+------------------------------+-------+---------+---------+
       Total:                         2342    0         0      
                                                               
       Heap:                          0       0         512    
       Stack:                         0       0         512    
       Linker Generated:              0       146       0      
    +--+------------------------------+-------+---------+---------+
       Grand Total:                   19344   3455      3813   


LINKER GENERATED COPY TABLES

__TI_cinit_table @ 0000592c records: 2, size/record: 8, table size: 16
	.data: load addr=000058a8, load size=0000006e bytes, run addr=20200000, run size=00000911 bytes, compression=lzss
	.bss: load addr=00005924, load size=00000008 bytes, run addr=20200b18, run size=000001d9 bytes, compression=zero_init


LINKER GENERATED HANDLER TABLE

__TI_handler_table @ 00005918 records: 3, size/record: 4, table size: 12
	index: 0, handler: __TI_decompress_lzss
	index: 1, handler: __TI_decompress_none
	index: 2, handler: __TI_zero_init


FAR CALL TRAMPOLINES

callee name               trampoline name
   callee addr  tramp addr   call addr  call info
--------------  -----------  ---------  ----------------
__aeabi_dadd              $Tramp$TT$L$PI$$__aeabi_dadd
   00001017     00004a3c     00004a3a   libc.a : k_rem_pio2.c.obj (.text.OUTLINED_FUNCTION_0)
                             00004bd8          : k_rem_pio2.c.obj (.text.OUTLINED_FUNCTION_1)
                             00004be2          : s_cosf.c.obj (.text.OUTLINED_FUNCTION_3)
                             00004bec          : s_sinf.c.obj (.text.OUTLINED_FUNCTION_3)
__aeabi_dmul              $Tramp$TT$L$PI$$__aeabi_dmul
   00001f81     00004c24     00004c20   libc.a : s_cosf.c.obj (.text.OUTLINED_FUNCTION_0)
                             00004c38          : s_sinf.c.obj (.text.OUTLINED_FUNCTION_0)
                             00004c3e          : s_cosf.c.obj (.text.OUTLINED_FUNCTION_1)
                             00004c44          : s_sinf.c.obj (.text.OUTLINED_FUNCTION_1)
__aeabi_f2d               $Tramp$TT$L$PI$$__aeabi_f2d
   00003fbd     00004c4c     00004c48   libc.a : s_cosf.c.obj (.text.OUTLINED_FUNCTION_2)
                             00004c5e          : s_sinf.c.obj (.text.OUTLINED_FUNCTION_2)

[3 trampolines]
[10 trampoline calls]


GLOBAL SYMBOLS: SORTED ALPHABETICALLY BY Name 

address   name                             
-------   ----                             
000048dd  ADC0_IRQHandler                  
000048dd  ADC1_IRQHandler                  
000048dd  AES_IRQHandler                   
202008e0  BusFreq                          
00004c68  C$$EXIT                          
0000448d  C$$IO$$                          
000048dd  CANFD0_IRQHandler                
000048dd  DAC0_IRQHandler                  
000048dd  DMA_IRQHandler                   
000048dd  Default_Handler                  
000048dd  GROUP0_IRQHandler                
000048dd  GROUP1_IRQHandler                
00003da1  HOSTclose                        
000036c5  HOSTlseek                        
0000399d  HOSTopen                         
00003a5d  HOSTread                         
00003731  HOSTrename                       
00003de9  HOSTunlink                       
00003ab5  HOSTwrite                        
000048f9  HardFault_Handler                
000048dd  I2C0_IRQHandler                  
000048dd  I2C1_IRQHandler                  
000048dd  NMI_Handler                      
000048dd  PendSV_Handler                   
000048dd  RTC_IRQHandler                   
00004c61  Reset_Handler                    
000058a0  SHT$$INIT_ARRAY$$Base            
000058a4  SHT$$INIT_ARRAY$$Limit           
000048dd  SPI0_IRQHandler                  
000048dd  SPI1_IRQHandler                  
000048dd  SVC_Handler                      
20200cec  StTextColor                      
202008e4  StX                              
202008e8  StY                              
0000119f  SysTick_Handler                  
20200ce0  TExaSLogic                       
20200ce4  TExaSadc                         
20200904  TG12Flag                         
000048dd  TIMA0_IRQHandler                 
000048dd  TIMA1_IRQHandler                 
000048dd  TIMG0_IRQHandler                 
000033e1  TIMG12_IRQHandler                
000048dd  TIMG6_IRQHandler                 
00003ebd  TIMG7_IRQHandler                 
000048dd  TIMG8_IRQHandler                 
00004ab3  TI_memcpy_small                  
00004b6f  TI_memset_small                  
000048dd  UART0_IRQHandler                 
000048dd  UART1_IRQHandler                 
000048dd  UART2_IRQHandler                 
000048dd  UART3_IRQHandler                 
20200b18  _CIOBUF_                         
00003645  _Z10Clock_Freqv                  
00001af1  _Z10DrawHealthRK4TankS1_         
00002a0b  _Z10Sound_Initv                  
00004931  _Z10Switch_In1v                  
0000494d  _Z10Switch_In2v                  
00003b0d  _Z10TExaS_InitP10ADC12_RegsjPFhvE
00004ae7  _Z11Clock_Delayj                 
0000416d  _Z11SPI_OutDatac                 
00004969  _Z11ST7735_openPKcji             
00004a4d  _Z11ST7735_readiPcj              
000041a5  _Z11Switch_Initv                 
00002c8d  _Z11isCollisionv                 
00002a0d  _Z12ST7735_InitR10initRFlags     
00004bef  _Z12ST7735_closei                
00004b37  _Z12ST7735_lseekili              
000042f3  _Z12ST7735_writeiPKcj            
000019fd  _Z12bulletUpdatev                
000028c5  _Z12rotateUpdatev                
00003c63  _Z12tankMovementjjR4Tank         
00004b7d  _Z13ST7735_renamePKcS0_          
00004bf9  _Z13ST7735_unlinkPKc             
00004329  _Z13displayUpdatev               
0000435d  _Z14Clock_Delay1msj              
0000345d  _Z14LaunchPad_Initv              
00003e31  _Z14SPI_OutCommandc              
00001cc9  _Z14ST7735_OutCharc              
0000281d  _Z14TimerG7_IntArmtjj            
000041dd  _Z15ActivatePortA_Bv             
00000cb1  _Z15Clock_Init80MHzi             
00004531  _Z15ST7735_Color565hhh           
00000e65  _Z15ST7735_DrawCharsscssh        
000016d9  _Z15ST7735_FillRectsssst         
000049d9  _Z15SlidePotSamplerR8SlidePot    
00002efd  _Z15TimerG12_IntArmjj            
00004391  _Z16ST7735_SetCursorjj           
00000705  _Z17ST7735_DrawBitmapssPKtss     
00003259  _Z17ST7735_DrawStringttPcs       
00004749  _Z17ST7735_FillScreent           
00002aad  _Z17ST7735_InitPrintf10initRFlags
00004af9  _Z28TExaS_LaunchPadLogicPB27PB26v
00004985  _Z7P1SHOOTv                      
000049a1  _Z7P2SHOOTv                      
0000403d  _Z7clamperfff                    
000015b1  _Z8ADC_InitP10ADC12_Regsjj       
000043c5  _Z8LED_Initv                     
00004c03  _Z8PLL_Initv                     
00001905  _Z8SPI_Initv                     
000047f9  _Z9ADC_StartP10ADC12_Regs        
00003efd  _Z9SPI_Resetv                    
00001db1  _Z9UART_Initv                    
00003e79  _Z9queryTankv                    
00004215  _ZN4Tank10TakeDamageEv           
00004aa1  _ZN4Tank11NeedsRedrawEv          
00002619  _ZN4Tank11TriVelocityEi          
000011a1  _ZN4Tank12rotateSpriteEf         
00004563  _ZN4Tank13TickCooldownsEv        
000042bd  _ZN4Tank15rotateIncrementEi      
00004595  _ZN4Tank4DrawEv                  
00002145  _ZN4Tank4MoveEv                  
00004775  _ZN4Tank5EraseEv                 
00002e61  _ZN4Tank5ShootEP6Bulleti         
00003cb3  _ZN4Tank6RotateEi                
00004b09  _ZN4Tank8CanShootEv              
000023d1  _ZN4TankC1EiiiPKthhjj            
000023d1  _ZN4TankC2EiiiPKthhjj            
00004899  _ZN6Bullet10DeactivateEv         
00003f3d  _ZN6Bullet4DrawEv                
00003361  _ZN6Bullet4InitEiifii            
00002499  _ZN6Bullet4MoveEv                
0000424d  _ZN6Bullet5EraseEv               
00002561  _ZN6Bullet5checkER4Tank          
000049f3  _ZN6BulletC1Ev                   
000049f3  _ZN6BulletC2Ev                   
00004b89  _ZN8SlidePot12lastDistanceEv     
000039fd  _ZN8SlidePot2InEv                
00003025  _ZN8SlidePot4InitEj              
000045f9  _ZN8SlidePot4SaveEj              
00004719  _ZN8SlidePot4SyncEv              
00004b95  _ZN8SlidePot8DistanceEv          
00004a0d  _ZN8SlidePotC1Ejj                
00004a0d  _ZN8SlidePotC2Ejj                
00004ba1  _ZNK4Tank4GetXEv                 
00004bad  _ZNK4Tank4GetYEv                 
00004b45  _ZNK4Tank9GetHealthEv            
00004b19  _ZNK6Bullet8IsActiveEv           
20200b18  __CIOBUF_                        
20208000  __STACK_END                      
00000200  __STACK_SIZE                     
00000200  __SYSMEM_SIZE                    
00000000  __TI_ATRegion0_region_sz         
00000000  __TI_ATRegion0_src_addr          
00000000  __TI_ATRegion0_trg_addr          
00000000  __TI_ATRegion1_region_sz         
00000000  __TI_ATRegion1_src_addr          
00000000  __TI_ATRegion1_trg_addr          
00000000  __TI_ATRegion2_region_sz         
00000000  __TI_ATRegion2_src_addr          
00000000  __TI_ATRegion2_trg_addr          
0000592c  __TI_CINIT_Base                  
0000593c  __TI_CINIT_Limit                 
0000593c  __TI_CINIT_Warm                  
00005918  __TI_Handler_Table_Base          
00005924  __TI_Handler_Table_Limit         
00003bbd  __TI_auto_init_nobinit           
000043f9  __TI_cleanup                     
202008d8  __TI_cleanup_ptr                 
000034d9  __TI_closefile                   
00003555  __TI_decompress_lzss             
00004ac5  __TI_decompress_none             
00003c11  __TI_doflush                     
202008dc  __TI_dtors_ptr                   
202008ec  __TI_ft_end                      
ffffffff  __TI_pprof_out_hndl              
ffffffff  __TI_prof_data_size              
ffffffff  __TI_prof_data_start             
0000442d  __TI_readmsg                     
00000000  __TI_static_base__               
20200c38  __TI_tmpnams                     
00004461  __TI_writemsg                    
00004a63  __TI_zero_init_nomemset          
00001017  __adddf3                         
00002303  __addsf3                         
00003651  __aeabi_d2f                      
00003d55  __aeabi_d2iz                     
00001017  __aeabi_dadd                     
000038d5  __aeabi_dcmpeq                   
00003911  __aeabi_dcmpge                   
00003925  __aeabi_dcmpgt                   
000038fd  __aeabi_dcmple                   
000038e9  __aeabi_dcmplt                   
00001f81  __aeabi_dmul                     
0000100d  __aeabi_dsub                     
202008f0  __aeabi_errno                    
000031c9  __aeabi_errno_addr               
00003fbd  __aeabi_f2d                      
00004285  __aeabi_f2iz                     
00002303  __aeabi_fadd                     
00003939  __aeabi_fcmpeq                   
00003975  __aeabi_fcmpge                   
00003989  __aeabi_fcmpgt                   
00003961  __aeabi_fcmple                   
0000394d  __aeabi_fcmplt                   
000032dd  __aeabi_fdiv                     
000030b5  __aeabi_fmul                     
000022f9  __aeabi_fsub                     
000047a1  __aeabi_i2d                      
0000407d  __aeabi_i2f                      
00003b65  __aeabi_idiv                     
00002efb  __aeabi_idiv0                    
00003b65  __aeabi_idivmod                  
00004bb9  __aeabi_memclr                   
00004bb9  __aeabi_memclr4                  
00004bb9  __aeabi_memclr8                  
00004c0d  __aeabi_memcpy                   
00004c0d  __aeabi_memcpy4                  
00004c0d  __aeabi_memcpy8                  
00003f7d  __aeabi_uidiv                    
00003f7d  __aeabi_uidivmod                 
ffffffff  __binit__                        
00003809  __cmpdf2                         
000040f5  __cmpsf2                         
000032dd  __divsf3                         
00003809  __eqdf2                          
000040f5  __eqsf2                          
00003fbd  __extendsfdf2                    
00003d55  __fixdfsi                        
00004285  __fixsfsi                        
000047a1  __floatsidf                      
0000407d  __floatsisf                      
000035d1  __gedf2                          
000040b9  __gesf2                          
000035d1  __gtdf2                          
000040b9  __gtsf2                          
000000c1  __kernel_rem_pio2                
00003809  __ledf2                          
000040f5  __lesf2                          
00003809  __ltdf2                          
000040f5  __ltsf2                          
UNDEFED   __mpu_init                       
00001f81  __muldf3                         
00004131  __muldsi3                        
000030b5  __mulsf3                         
00003809  __nedf2                          
000040f5  __nesf2                          
20207e00  __stack                          
20200000  __start___llvm_prf_bits          
20200000  __start___llvm_prf_cnts          
20200000  __stop___llvm_prf_bits           
20200000  __stop___llvm_prf_cnts           
0000100d  __subdf3                         
000022f9  __subsf3                         
00003651  __truncdfsf2                     
00004871  _c_int00_noargs                  
202007d8  _device                          
202006e8  _ftable                          
202008f4  _lock                            
0000335f  _nop                             
20200850  _stream                          
20200918  _sys_memory                      
UNDEFED   _system_post_cinit               
00004c65  _system_pre_init                 
202008f8  _unlock                          
00004c69  abort                            
00001bdd  add_device                       
000017f1  aligned_alloc                    
ffffffff  binit                            
20200907  bulletFlag1                      
20200909  bulletFlag2                      
202004b8  bullets1                         
202005d0  bullets2                         
00003d05  close                            
00000915  cosf                             
00004495  exit                             
000044c9  finddevice                       
0000146d  floor                            
0000146d  floorl                           
000046e9  fopen                            
00001e99  free                             
000044fd  freopen                          
0000379d  getdevice                        
00000000  interruptVectors                 
00002221  ldexp                            
00002221  ldexpl                           
00002f91  main                             
00004bc5  malloc                           
000017f1  memalign                         
00002b4d  open                             
20200000  p1                               
2020025c  p2                               
20200cd8  parmbuf                          
202008a0  player1SP                        
202008bc  player2SP                        
00004c15  remove                           
00002221  scalbn                           
00002221  scalbnl                          
00002065  setvbuf                          
00000ae9  sinf                             
00002bed  sqrtf                            
000031d1  strcmp                           
202008fc  time                             
000047cd  unlink                           
00004849  write                            


GLOBAL SYMBOLS: SORTED BY Symbol Address 

address   name                             
-------   ----                             
00000000  __TI_ATRegion0_region_sz         
00000000  __TI_ATRegion0_src_addr          
00000000  __TI_ATRegion0_trg_addr          
00000000  __TI_ATRegion1_region_sz         
00000000  __TI_ATRegion1_src_addr          
00000000  __TI_ATRegion1_trg_addr          
00000000  __TI_ATRegion2_region_sz         
00000000  __TI_ATRegion2_src_addr          
00000000  __TI_ATRegion2_trg_addr          
00000000  __TI_static_base__               
00000000  interruptVectors                 
000000c1  __kernel_rem_pio2                
00000200  __STACK_SIZE                     
00000200  __SYSMEM_SIZE                    
00000705  _Z17ST7735_DrawBitmapssPKtss     
00000915  cosf                             
00000ae9  sinf                             
00000cb1  _Z15Clock_Init80MHzi             
00000e65  _Z15ST7735_DrawCharsscssh        
0000100d  __aeabi_dsub                     
0000100d  __subdf3                         
00001017  __adddf3                         
00001017  __aeabi_dadd                     
0000119f  SysTick_Handler                  
000011a1  _ZN4Tank12rotateSpriteEf         
0000146d  floor                            
0000146d  floorl                           
000015b1  _Z8ADC_InitP10ADC12_Regsjj       
000016d9  _Z15ST7735_FillRectsssst         
000017f1  aligned_alloc                    
000017f1  memalign                         
00001905  _Z8SPI_Initv                     
000019fd  _Z12bulletUpdatev                
00001af1  _Z10DrawHealthRK4TankS1_         
00001bdd  add_device                       
00001cc9  _Z14ST7735_OutCharc              
00001db1  _Z9UART_Initv                    
00001e99  free                             
00001f81  __aeabi_dmul                     
00001f81  __muldf3                         
00002065  setvbuf                          
00002145  _ZN4Tank4MoveEv                  
00002221  ldexp                            
00002221  ldexpl                           
00002221  scalbn                           
00002221  scalbnl                          
000022f9  __aeabi_fsub                     
000022f9  __subsf3                         
00002303  __addsf3                         
00002303  __aeabi_fadd                     
000023d1  _ZN4TankC1EiiiPKthhjj            
000023d1  _ZN4TankC2EiiiPKthhjj            
00002499  _ZN6Bullet4MoveEv                
00002561  _ZN6Bullet5checkER4Tank          
00002619  _ZN4Tank11TriVelocityEi          
0000281d  _Z14TimerG7_IntArmtjj            
000028c5  _Z12rotateUpdatev                
00002a0b  _Z10Sound_Initv                  
00002a0d  _Z12ST7735_InitR10initRFlags     
00002aad  _Z17ST7735_InitPrintf10initRFlags
00002b4d  open                             
00002bed  sqrtf                            
00002c8d  _Z11isCollisionv                 
00002e61  _ZN4Tank5ShootEP6Bulleti         
00002efb  __aeabi_idiv0                    
00002efd  _Z15TimerG12_IntArmjj            
00002f91  main                             
00003025  _ZN8SlidePot4InitEj              
000030b5  __aeabi_fmul                     
000030b5  __mulsf3                         
000031c9  __aeabi_errno_addr               
000031d1  strcmp                           
00003259  _Z17ST7735_DrawStringttPcs       
000032dd  __aeabi_fdiv                     
000032dd  __divsf3                         
0000335f  _nop                             
00003361  _ZN6Bullet4InitEiifii            
000033e1  TIMG12_IRQHandler                
0000345d  _Z14LaunchPad_Initv              
000034d9  __TI_closefile                   
00003555  __TI_decompress_lzss             
000035d1  __gedf2                          
000035d1  __gtdf2                          
00003645  _Z10Clock_Freqv                  
00003651  __aeabi_d2f                      
00003651  __truncdfsf2                     
000036c5  HOSTlseek                        
00003731  HOSTrename                       
0000379d  getdevice                        
00003809  __cmpdf2                         
00003809  __eqdf2                          
00003809  __ledf2                          
00003809  __ltdf2                          
00003809  __nedf2                          
000038d5  __aeabi_dcmpeq                   
000038e9  __aeabi_dcmplt                   
000038fd  __aeabi_dcmple                   
00003911  __aeabi_dcmpge                   
00003925  __aeabi_dcmpgt                   
00003939  __aeabi_fcmpeq                   
0000394d  __aeabi_fcmplt                   
00003961  __aeabi_fcmple                   
00003975  __aeabi_fcmpge                   
00003989  __aeabi_fcmpgt                   
0000399d  HOSTopen                         
000039fd  _ZN8SlidePot2InEv                
00003a5d  HOSTread                         
00003ab5  HOSTwrite                        
00003b0d  _Z10TExaS_InitP10ADC12_RegsjPFhvE
00003b65  __aeabi_idiv                     
00003b65  __aeabi_idivmod                  
00003bbd  __TI_auto_init_nobinit           
00003c11  __TI_doflush                     
00003c63  _Z12tankMovementjjR4Tank         
00003cb3  _ZN4Tank6RotateEi                
00003d05  close                            
00003d55  __aeabi_d2iz                     
00003d55  __fixdfsi                        
00003da1  HOSTclose                        
00003de9  HOSTunlink                       
00003e31  _Z14SPI_OutCommandc              
00003e79  _Z9queryTankv                    
00003ebd  TIMG7_IRQHandler                 
00003efd  _Z9SPI_Resetv                    
00003f3d  _ZN6Bullet4DrawEv                
00003f7d  __aeabi_uidiv                    
00003f7d  __aeabi_uidivmod                 
00003fbd  __aeabi_f2d                      
00003fbd  __extendsfdf2                    
0000403d  _Z7clamperfff                    
0000407d  __aeabi_i2f                      
0000407d  __floatsisf                      
000040b9  __gesf2                          
000040b9  __gtsf2                          
000040f5  __cmpsf2                         
000040f5  __eqsf2                          
000040f5  __lesf2                          
000040f5  __ltsf2                          
000040f5  __nesf2                          
00004131  __muldsi3                        
0000416d  _Z11SPI_OutDatac                 
000041a5  _Z11Switch_Initv                 
000041dd  _Z15ActivatePortA_Bv             
00004215  _ZN4Tank10TakeDamageEv           
0000424d  _ZN6Bullet5EraseEv               
00004285  __aeabi_f2iz                     
00004285  __fixsfsi                        
000042bd  _ZN4Tank15rotateIncrementEi      
000042f3  _Z12ST7735_writeiPKcj            
00004329  _Z13displayUpdatev               
0000435d  _Z14Clock_Delay1msj              
00004391  _Z16ST7735_SetCursorjj           
000043c5  _Z8LED_Initv                     
000043f9  __TI_cleanup                     
0000442d  __TI_readmsg                     
00004461  __TI_writemsg                    
0000448d  C$$IO$$                          
00004495  exit                             
000044c9  finddevice                       
000044fd  freopen                          
00004531  _Z15ST7735_Color565hhh           
00004563  _ZN4Tank13TickCooldownsEv        
00004595  _ZN4Tank4DrawEv                  
000045f9  _ZN8SlidePot4SaveEj              
000046e9  fopen                            
00004719  _ZN8SlidePot4SyncEv              
00004749  _Z17ST7735_FillScreent           
00004775  _ZN4Tank5EraseEv                 
000047a1  __aeabi_i2d                      
000047a1  __floatsidf                      
000047cd  unlink                           
000047f9  _Z9ADC_StartP10ADC12_Regs        
00004849  write                            
00004871  _c_int00_noargs                  
00004899  _ZN6Bullet10DeactivateEv         
000048dd  ADC0_IRQHandler                  
000048dd  ADC1_IRQHandler                  
000048dd  AES_IRQHandler                   
000048dd  CANFD0_IRQHandler                
000048dd  DAC0_IRQHandler                  
000048dd  DMA_IRQHandler                   
000048dd  Default_Handler                  
000048dd  GROUP0_IRQHandler                
000048dd  GROUP1_IRQHandler                
000048dd  I2C0_IRQHandler                  
000048dd  I2C1_IRQHandler                  
000048dd  NMI_Handler                      
000048dd  PendSV_Handler                   
000048dd  RTC_IRQHandler                   
000048dd  SPI0_IRQHandler                  
000048dd  SPI1_IRQHandler                  
000048dd  SVC_Handler                      
000048dd  TIMA0_IRQHandler                 
000048dd  TIMA1_IRQHandler                 
000048dd  TIMG0_IRQHandler                 
000048dd  TIMG6_IRQHandler                 
000048dd  TIMG8_IRQHandler                 
000048dd  UART0_IRQHandler                 
000048dd  UART1_IRQHandler                 
000048dd  UART2_IRQHandler                 
000048dd  UART3_IRQHandler                 
000048f9  HardFault_Handler                
00004931  _Z10Switch_In1v                  
0000494d  _Z10Switch_In2v                  
00004969  _Z11ST7735_openPKcji             
00004985  _Z7P1SHOOTv                      
000049a1  _Z7P2SHOOTv                      
000049d9  _Z15SlidePotSamplerR8SlidePot    
000049f3  _ZN6BulletC1Ev                   
000049f3  _ZN6BulletC2Ev                   
00004a0d  _ZN8SlidePotC1Ejj                
00004a0d  _ZN8SlidePotC2Ejj                
00004a4d  _Z11ST7735_readiPcj              
00004a63  __TI_zero_init_nomemset          
00004aa1  _ZN4Tank11NeedsRedrawEv          
00004ab3  TI_memcpy_small                  
00004ac5  __TI_decompress_none             
00004ae7  _Z11Clock_Delayj                 
00004af9  _Z28TExaS_LaunchPadLogicPB27PB26v
00004b09  _ZN4Tank8CanShootEv              
00004b19  _ZNK6Bullet8IsActiveEv           
00004b37  _Z12ST7735_lseekili              
00004b45  _ZNK4Tank9GetHealthEv            
00004b6f  TI_memset_small                  
00004b7d  _Z13ST7735_renamePKcS0_          
00004b89  _ZN8SlidePot12lastDistanceEv     
00004b95  _ZN8SlidePot8DistanceEv          
00004ba1  _ZNK4Tank4GetXEv                 
00004bad  _ZNK4Tank4GetYEv                 
00004bb9  __aeabi_memclr                   
00004bb9  __aeabi_memclr4                  
00004bb9  __aeabi_memclr8                  
00004bc5  malloc                           
00004bef  _Z12ST7735_closei                
00004bf9  _Z13ST7735_unlinkPKc             
00004c03  _Z8PLL_Initv                     
00004c0d  __aeabi_memcpy                   
00004c0d  __aeabi_memcpy4                  
00004c0d  __aeabi_memcpy8                  
00004c15  remove                           
00004c61  Reset_Handler                    
00004c65  _system_pre_init                 
00004c68  C$$EXIT                          
00004c69  abort                            
000058a0  SHT$$INIT_ARRAY$$Base            
000058a4  SHT$$INIT_ARRAY$$Limit           
00005918  __TI_Handler_Table_Base          
00005924  __TI_Handler_Table_Limit         
0000592c  __TI_CINIT_Base                  
0000593c  __TI_CINIT_Limit                 
0000593c  __TI_CINIT_Warm                  
20200000  __start___llvm_prf_bits          
20200000  __start___llvm_prf_cnts          
20200000  __stop___llvm_prf_bits           
20200000  __stop___llvm_prf_cnts           
20200000  p1                               
2020025c  p2                               
202004b8  bullets1                         
202005d0  bullets2                         
202006e8  _ftable                          
202007d8  _device                          
20200850  _stream                          
202008a0  player1SP                        
202008bc  player2SP                        
202008d8  __TI_cleanup_ptr                 
202008dc  __TI_dtors_ptr                   
202008e0  BusFreq                          
202008e4  StX                              
202008e8  StY                              
202008ec  __TI_ft_end                      
202008f0  __aeabi_errno                    
202008f4  _lock                            
202008f8  _unlock                          
202008fc  time                             
20200904  TG12Flag                         
20200907  bulletFlag1                      
20200909  bulletFlag2                      
20200918  _sys_memory                      
20200b18  _CIOBUF_                         
20200b18  __CIOBUF_                        
20200c38  __TI_tmpnams                     
20200cd8  parmbuf                          
20200ce0  TExaSLogic                       
20200ce4  TExaSadc                         
20200cec  StTextColor                      
20207e00  __stack                          
20208000  __STACK_END                      
ffffffff  __TI_pprof_out_hndl              
ffffffff  __TI_prof_data_size              
ffffffff  __TI_prof_data_start             
ffffffff  __binit__                        
ffffffff  binit                            
UNDEFED   __mpu_init                       
UNDEFED   _system_post_cinit               

[294 symbols]
