******************************************************************************
            TI ARM Clang Linker PC v4.0.1                      
******************************************************************************
>> Linked Sat Apr 19 21:02:37 2025

OUTPUT FILE NAME:   <ECE319K_Lab9H.out>
ENTRY POINT SYMBOL: "_c_int00_noargs"  address: 00004561


MEMORY CONFIGURATION

         name            origin    length      used     unused   attr    fill
----------------------  --------  ---------  --------  --------  ----  --------
  FLASH                 00000000   00020000  000054f0  0001ab10  R  X
  SRAM                  20200000   00008000  00000e9a  00007166  RW X
  BCR_CONFIG            41c00000   00000080  00000000  00000080  R   
  BSL_CONFIG            41c00100   00000080  00000000  00000080  R   


SEGMENT ALLOCATION MAP

run origin  load origin   length   init length attrs members
----------  ----------- ---------- ----------- ----- -------
00000000    00000000    000054f0   000054f0    r-x
  00000000    00000000    000000c0   000000c0    r-- .intvecs
  000000c0    000000c0    00004860   00004860    r-x .text
  00004920    00004920    00000b30   00000b30    r-- .rodata
  00005450    00005450    00000008   00000008    r-- .init_array
  00005458    00005458    00000098   00000098    r-- .cinit
20200000    20200000    00000ca1   00000000    rw-
  20200000    20200000    000008c1   00000000    rw- .data
  202008c8    202008c8    00000200   00000000    rw- .sysmem
  20200ac8    20200ac8    000001d9   00000000    rw- .bss
20207e00    20207e00    00000200   00000000    rw-
  20207e00    20207e00    00000200   00000000    rw- .stack


SECTION ALLOCATION MAP

 output                                  attributes/
section   page    origin      length       input sections
--------  ----  ----------  ----------   ----------------
.intvecs   0    00000000    000000c0     
                  00000000    000000c0     startup_mspm0g3507_ticlang.o (.intvecs)

.binit     0    00000000    00000000     

.text      0    000000c0    00004860     
                  000000c0    00000644     libc.a : k_rem_pio2.c.obj (.text.__kernel_rem_pio2)
                  00000704    00000210     ST7735.o (.text._Z17ST7735_DrawBitmapssPKtss)
                  00000914    000001d4     libc.a : s_cosf.c.obj (.text.cosf)
                  00000ae8    000001c8            : s_sinf.c.obj (.text.sinf)
                  00000cb0    000001b4     Clock.o (.text._Z15Clock_Init80MHzi)
                  00000e64    000001a8     ST7735.o (.text._Z15ST7735_DrawCharsscssh)
                  0000100c    00000192     libclang_rt.builtins.a : adddf3.S.obj (.text.adddf3_subdf3)
                  0000119e    00000002     Sound.o (.text.SysTick_Handler)
                  000011a0    00000178     tank.o (.text._ZN4Tank12rotateSpriteEf)
                  00001318    00000154     libc.a : fopen.c.obj (.text._openfile)
                  0000146c    00000144            : s_floor.c.obj (.text.floor)
                  000015b0    00000128     TExaS.o (.text._Z8ADC_InitP10ADC12_Regsjj)
                  000016d8    00000118     ST7735.o (.text._Z15ST7735_FillRectsssst)
                  000017f0    00000114     libc.a : memory.c.obj (.text.aligned_alloc)
                  00001904    000000f8     SPI.o (.text._Z8SPI_Initv)
                  000019fc    000000ec     libsysbm.a : add_device.c.obj (.text.add_device)
                  00001ae8    000000e8     ST7735.o (.text._Z14ST7735_OutCharc)
                  00001bd0    000000e8     TExaS.o (.text._Z9UART_Initv)
                  00001cb8    000000e8     libc.a : memory.c.obj (.text.free)
                  00001da0    000000e4     libclang_rt.builtins.a : muldf3.S.obj (.text.__muldf3)
                  00001e84    000000e0     libc.a : setvbuf.c.obj (.text.setvbuf)
                  00001f64    000000d8            : s_scalbn.c.obj (.text.scalbn)
                  0000203c    000000d8     libclang_rt.builtins.a : addsf3.S.obj (.text)
                  00002114    000000cc     tools.o (.text._Z12bulletUpdatev)
                  000021e0    000000c8     tank.o (.text._ZN4TankC2EiiiPKthhjj)
                  000022a8    000000c4     bullet.o (.text._ZN6Bullet4MoveEv)
                  0000236c    000000ac     tank.o (.text._ZN4Tank11TriVelocityEi)
                  00002418    000000ac     libc.a : s_cosf.c.obj (.text.__kernel_sindf)
                  000024c4    000000ac            : s_sinf.c.obj (.text.__kernel_sindf)
                  00002570    000000a8     Timer.o (.text._Z14TimerG7_IntArmtjj)
                  00002618    000000a4     tools.o (.text._Z12rotateUpdatev)
                  000026bc    000000a2     ST7735.o (.text._ZL11commandListPKh)
                  0000275e    00000002     Sound.o (.text._Z10Sound_Initv)
                  00002760    000000a0     ST7735.o (.text._Z12ST7735_InitR10initRFlags)
                  00002800    000000a0     ST7735.o (.text._Z17ST7735_InitPrintf10initRFlags)
                  000028a0    000000a0     libsysbm.a : open.c.obj (.text.open)
                  00002940    000000a0     libc.a : e_sqrtf.c.obj (.text.sqrtf)
                  000029e0    0000009c            : s_cosf.c.obj (.text.__kernel_cosdf)
                  00002a7c    0000009c            : s_sinf.c.obj (.text.__kernel_cosdf)
                  00002b18    0000009a     tank.o (.text._ZN4Tank5ShootEP6Bulleti)
                  00002bb2    00000002     libclang_rt.builtins.a : aeabi_div0.c.obj (.text.__aeabi_idiv0)
                  00002bb4    00000094     Timer.o (.text._Z15TimerG12_IntArmjj)
                  00002c48    00000094     tank.o (.text._ZN4Tank4MoveEv)
                  00002cdc    00000090     SlidePot.o (.text._ZN8SlidePot4InitEj)
                  00002d6c    0000008c     libclang_rt.builtins.a : mulsf3.S.obj (.text.__mulsf3)
                  00002df8    0000008c     Lab9HMain.o (.text.main)
                  00002e84    00000088     ST7735.o (.text._ZL13setAddrWindowhhhh)
                  00002f0c    00000004     libc.a : pre_init.c.obj (.text._system_pre_init)
                  00002f10    00000088            : strcmp-armv6m.S.obj (.text:strcmp)
                  00002f98    00000084     ST7735.o (.text._Z17ST7735_DrawStringttPcs)
                  0000301c    00000082     libclang_rt.builtins.a : divsf3.S.obj (.text.__divsf3)
                  0000309e    00000002     libc.a : _lock.c.obj (.text._nop)
                  000030a0    00000080     bullet.o (.text._ZN6Bullet4InitEiifii)
                  00003120    0000007c     Lab9HMain.o (.text.TIMG12_IRQHandler)
                  0000319c    0000007c     LaunchPad.o (.text._Z14LaunchPad_Initv)
                  00003218    0000007c     libc.a : fclose.c.obj (.text.__TI_closefile)
                  00003294    0000007c            : copy_decompress_lzss.c.obj (.text:decompress:lzss)
                  00003310    00000074     libclang_rt.builtins.a : comparedf2.c.obj (.text.__gedf2)
                  00003384    0000000c     Clock.o (.text._Z10Clock_Freqv)
                  00003390    00000074     libclang_rt.builtins.a : truncdfsf2.S.obj (.text.__truncdfsf2)
                  00003404    0000006c     libsysbm.a : hostlseek.c.obj (.text.HOSTlseek)
                  00003470    0000006c                : hostrename.c.obj (.text.HOSTrename)
                  000034dc    0000006c     libc.a : getdevice.c.obj (.text.getdevice)
                  00003548    00000068     libclang_rt.builtins.a : comparedf2.c.obj (.text.__ledf2)
                  000035b0    00000064     libc.a : memory.c.obj (.text.split)
                  00003614    00000062     libclang_rt.builtins.a : aeabi_dcmp.S.obj (.text.__aeabi_dcmp)
                  00003676    00000002     --HOLE-- [fill = 0]
                  00003678    00000062                            : aeabi_fcmp.S.obj (.text.__aeabi_fcmp)
                  000036da    00000002     --HOLE-- [fill = 0]
                  000036dc    00000060     libsysbm.a : hostopen.c.obj (.text.HOSTopen)
                  0000373c    00000060     SlidePot.o (.text._ZN8SlidePot2InEv)
                  0000379c    00000058     libsysbm.a : hostread.c.obj (.text.HOSTread)
                  000037f4    00000058                : hostwrite.c.obj (.text.HOSTwrite)
                  0000384c    00000058     TExaS.o (.text._Z10TExaS_InitP10ADC12_RegsjPFhvE)
                  000038a4    00000056     libclang_rt.builtins.a : aeabi_idivmod.S.obj (.text.__aeabi_idivmod)
                  000038fa    00000002     --HOLE-- [fill = 0]
                  000038fc    00000054     libc.a : autoinit.c.obj (.text:__TI_auto_init_nobinit)
                  00003950    00000052            : fflush.c.obj (.text.__TI_doflush)
                  000039a2    00000050     tools.o (.text._Z12tankMovementjjR4Tank)
                  000039f2    00000050     tank.o (.text._ZN4Tank6RotateEi)
                  00003a42    00000002     --HOLE-- [fill = 0]
                  00003a44    00000050     libsysbm.a : close.c.obj (.text.close)
                  00003a94    0000004a     libclang_rt.builtins.a : fixdfsi.S.obj (.text.__fixdfsi)
                  00003ade    00000002     --HOLE-- [fill = 0]
                  00003ae0    00000048     libsysbm.a : hostclose.c.obj (.text.HOSTclose)
                  00003b28    00000048                : hostunlink.c.obj (.text.HOSTunlink)
                  00003b70    00000048     SPI.o (.text._Z14SPI_OutCommandc)
                  00003bb8    00000044     tools.o (.text._Z9queryTankv)
                  00003bfc    00000040     TExaS.o (.text.TIMG7_IRQHandler)
                  00003c3c    00000040     SPI.o (.text._Z9SPI_Resetv)
                  00003c7c    00000040     bullet.o (.text._ZN6Bullet4DrawEv)
                  00003cbc    00000040     libclang_rt.builtins.a : aeabi_uidivmod.S.obj (.text.__aeabi_uidivmod)
                  00003cfc    00000040                            : extendsfdf2.S.obj (.text.__extendsfdf2)
                  00003d3c    00000040     libc.a : fopen.c.obj (.text._search_fp)
                  00003d7c    0000003e     tools.o (.text._Z5clampfff)
                  00003dba    00000002     --HOLE-- [fill = 0]
                  00003dbc    0000003c     libclang_rt.builtins.a : floatsisf.S.obj (.text.__floatsisf)
                  00003df8    0000003c                            : comparesf2.S.obj (.text.__gtsf2)
                  00003e34    0000003a                            : comparesf2.S.obj (.text.__eqsf2)
                  00003e6e    00000002     --HOLE-- [fill = 0]
                  00003e70    0000003a                            : muldsi3.S.obj (.text.__muldsi3)
                  00003eaa    00000002     --HOLE-- [fill = 0]
                  00003eac    00000038     SPI.o (.text._Z11SPI_OutDatac)
                  00003ee4    00000038     LaunchPad.o (.text._Z15ActivatePortA_Bv)
                  00003f1c    00000038     bullet.o (.text._ZN6Bullet5EraseEv)
                  00003f54    00000038     libclang_rt.builtins.a : fixsfsi.S.obj (.text.__fixsfsi)
                  00003f8c    00000036     tank.o (.text._ZN4Tank15rotateIncrementEi)
                  00003fc2    00000034     ST7735.o (.text._Z12ST7735_writeiPKcj)
                  00003ff6    00000002     --HOLE-- [fill = 0]
                  00003ff8    00000034     tools.o (.text._Z13displayUpdatev)
                  0000402c    00000034     Clock.o (.text._Z14Clock_Delay1msj)
                  00004060    00000034     ST7735.o (.text._Z16ST7735_SetCursorjj)
                  00004094    00000034     LED.o (.text._Z8LED_Initv)
                  000040c8    00000034     libc.a : fopen.c.obj (.text.__TI_cleanup)
                  000040fc    00000034     libsysbm.a : trgmsg.c.obj (.text.__TI_readmsg)
                  00004130    00000034                : trgmsg.c.obj (.text.__TI_writemsg)
                  00004164    00000034     libc.a : exit.c.obj (.text.exit)
                  00004198    00000034            : getdevice.c.obj (.text.finddevice)
                  000041cc    00000034            : fopen.c.obj (.text.freopen)
                  00004200    00000032     ST7735.o (.text._Z15ST7735_Color565hhh)
                  00004232    00000032     tank.o (.text._ZN4Tank13TickCooldownsEv)
                  00004264    00000032     tank.o (.text._ZN4Tank4DrawEv)
                  00004296    00000002     --HOLE-- [fill = 0]
                  00004298    00000030     ST7735.o (.text._ZL10commonInitPKh)
                  000042c8    00000030     SlidePot.o (.text._ZN8SlidePot4SaveEj)
                  000042f8    00000030     Lab9HMain.o (.text.__cxx_global_var_init.4)
                  00004328    00000030     Lab9HMain.o (.text.__cxx_global_var_init.5)
                  00004358    00000030     libc.a : fopen.c.obj (.text.fopen)
                  00004388    0000002e     SlidePot.o (.text._ZN8SlidePot4SyncEv)
                  000043b6    00000002     --HOLE-- [fill = 0]
                  000043b8    0000002c     ST7735.o (.text._Z17ST7735_FillScreent)
                  000043e4    0000002c     tank.o (.text._ZN4Tank5EraseEv)
                  00004410    0000002c     Lab9HMain.o (.text.__cxx_global_var_init.1)
                  0000443c    0000002c     Lab9HMain.o (.text.__cxx_global_var_init)
                  00004468    0000002c     libclang_rt.builtins.a : floatsidf.S.obj (.text.__floatsidf)
                  00004494    0000002c     libsysbm.a : unlink.c.obj (.text.unlink)
                  000044c0    00000028     Switch.o (.text._Z11Switch_Initv)
                  000044e8    00000028     TExaS.o (.text._Z9ADC_StartP10ADC12_Regs)
                  00004510    00000028     libc.a : memory.c.obj (.text.free_list_insert)
                  00004538    00000028     libsysbm.a : write.c.obj (.text.write)
                  00004560    00000028     libc.a : boot_cortex_m.c.obj (.text:_c_int00_noargs)
                  00004588    0000001e     ST7735.o (.text._ZL9pushColort)
                  000045a6    00000002     --HOLE-- [fill = 0]
                  000045a8    0000001c     startup_mspm0g3507_ticlang.o (.text.Default_Handler)
                  000045c4    0000001c     startup_mspm0g3507_ticlang.o (.text.HardFault_Handler)
                  000045e0    0000001c     Lab9HMain.o (.text._GLOBAL__sub_I_Lab9HMain.cpp)
                  000045fc    0000001c     Switch.o (.text._Z10Switch_In1v)
                  00004618    0000001c     Switch.o (.text._Z10Switch_In2v)
                  00004634    0000001c     ST7735.o (.text._Z11ST7735_openPKcji)
                  00004650    0000001c     Switch.o (.text._Z7P1SHOOTv)
                  0000466c    0000001c     Switch.o (.text._Z7P2SHOOTv)
                  00004688    0000001c     libc.a : memory.c.obj (.text.free_list_remove)
                  000046a4    0000001a     tools.o (.text._Z15SlidePotSamplerR8SlidePot)
                  000046be    0000001a     SlidePot.o (.text._ZN8SlidePotC2Ejj)
                  000046d8    00000018     bullet.o (.text._ZN6BulletC2Ev)
                  000046f0    00000016     libc.a : k_rem_pio2.c.obj (.text.OUTLINED_FUNCTION_0)
                  00004706    00000002     --HOLE-- [fill = 0]
                  00004708    00000010     libclang_rt.builtins.a : adddf3.S.obj (.tramp.__aeabi_dadd.1)
                  00004718    00000016     ST7735.o (.text._Z11ST7735_readiPcj)
                  0000472e    00000016     libc.a : copy_zero_init.c.obj (.text:decompress:ZI:__TI_zero_init_nomemset)
                  00004744    00000014     Lab9HMain.o (.text.__cxx_global_var_init.2)
                  00004758    00000014     Lab9HMain.o (.text.__cxx_global_var_init.3)
                  0000476c    00000012     tank.o (.text._ZN4Tank11NeedsRedrawEv)
                  0000477e    00000012     libc.a : memcpy16.S.obj (.text:TI_memcpy_small)
                  00004790    00000012            : copy_decompress_none.c.obj (.text:decompress:none)
                  000047a2    00000010            : k_rem_pio2.c.obj (.text.OUTLINED_FUNCTION_2)
                  000047b2    00000010     Clock.o (.text._Z11Clock_Delayj)
                  000047c2    00000002     --HOLE-- [fill = 0]
                  000047c4    00000010     Lab9HMain.o (.text._Z28TExaS_LaunchPadLogicPB27PB26v)
                  000047d4    00000010     tank.o (.text._ZN4Tank8CanShootEv)
                  000047e4    00000010     bullet.o (.text._ZNK6Bullet8IsActiveEv)
                  000047f4    0000000e     libc.a : memory.c.obj (.text.OUTLINED_FUNCTION_0)
                  00004802    0000000e     ST7735.o (.text._Z12ST7735_lseekili)
                  00004810    0000000e     libsysbm.a : hostrename.c.obj (.text.strcpy)
                  0000481e    0000000e                : hostrename.c.obj (.text.strlen)
                  0000482c    0000000e     libc.a : memset16.S.obj (.text:TI_memset_small)
                  0000483a    0000000c     ST7735.o (.text._Z13ST7735_renamePKcS0_)
                  00004846    0000000c     SlidePot.o (.text._ZN8SlidePot12lastDistanceEv)
                  00004852    0000000c     SlidePot.o (.text._ZN8SlidePot8DistanceEv)
                  0000485e    00000002     --HOLE-- [fill = 0]
                  00004860    0000000c     libclang_rt.builtins.a : aeabi_memset.S.obj (.text.__aeabi_memclr)
                  0000486c    0000000c     libc.a : memory.c.obj (.text.malloc)
                  00004878    0000000a            : k_rem_pio2.c.obj (.text.OUTLINED_FUNCTION_1)
                  00004882    0000000a            : s_cosf.c.obj (.text.OUTLINED_FUNCTION_3)
                  0000488c    0000000a            : s_sinf.c.obj (.text.OUTLINED_FUNCTION_3)
                  00004896    0000000a     ST7735.o (.text._Z12ST7735_closei)
                  000048a0    0000000a     ST7735.o (.text._Z13ST7735_unlinkPKc)
                  000048aa    0000000a     Lab9HMain.o (.text._Z8PLL_Initv)
                  000048b4    00000008     libc.a : aeabi_portable.c.obj (.text.__aeabi_errno_addr)
                  000048bc    00000008     libclang_rt.builtins.a : aeabi_memcpy.S.obj (.text.__aeabi_memcpy)
                  000048c4    00000008     libsysbm.a : remove.c.obj (.text.remove)
                  000048cc    00000006     libc.a : s_cosf.c.obj (.text.OUTLINED_FUNCTION_0)
                  000048d2    00000002     --HOLE-- [fill = 0]
                  000048d4    00000010     libclang_rt.builtins.a : muldf3.S.obj (.tramp.__aeabi_dmul.1)
                  000048e4    00000006     libc.a : s_sinf.c.obj (.text.OUTLINED_FUNCTION_0)
                  000048ea    00000006            : s_cosf.c.obj (.text.OUTLINED_FUNCTION_1)
                  000048f0    00000006            : s_sinf.c.obj (.text.OUTLINED_FUNCTION_1)
                  000048f6    00000004            : s_cosf.c.obj (.text.OUTLINED_FUNCTION_2)
                  000048fa    00000002     --HOLE-- [fill = 0]
                  000048fc    00000010     libclang_rt.builtins.a : extendsfdf2.S.obj (.tramp.__aeabi_f2d.1)
                  0000490c    00000004     libc.a : s_sinf.c.obj (.text.OUTLINED_FUNCTION_2)
                  00004910    00000004     startup_mspm0g3507_ticlang.o (.text.Reset_Handler)
                  00004914    00000004     libc.a : exit.c.obj (.text:abort)
                  00004918    00000008     --HOLE-- [fill = 0]

.cinit     0    00005458    00000098     
                  00005458    00000070     (.cinit..data.load) [load image, compression = lzss]
                  000054c8    0000000c     (__TI_handler_table)
                  000054d4    00000008     (.cinit..bss.load) [load image, compression = zero_init]
                  000054dc    00000010     (__TI_cinit_table)
                  000054ec    00000004     --HOLE-- [fill = 0]

.rodata    0    00004920    00000b30     
                  00004920    000004fb     ST7735.o (.rodata._ZL4Font)
                  00004e1b    00000001     --HOLE-- [fill = 0]
                  00004e1c    00000214     Lab9HMain.o (.rodata._ZL7MiniRed)
                  00005030    00000214     Lab9HMain.o (.rodata._ZL8MiniBlue)
                  00005244    00000108     libc.a : k_rem_pio2.c.obj (.rodata.ipio2)
                  0000534c    00000002     ST7735.o (.rodata.str1.145302396146969619001)
                  0000534e    00000002     --HOLE-- [fill = 0]
                  00005350    00000040     libc.a : k_rem_pio2.c.obj (.rodata.PIo2)
                  00005390    0000003b     ST7735.o (.rodata._ZL5Rcmd1)
                  000053cb    0000002b     ST7735.o (.rodata._ZL5Rcmd3)
                  000053f6    00000016     ST7735.o (.rodata.str1.59959519694590733531)
                  0000540c    00000010     libc.a : k_rem_pio2.c.obj (.rodata.cst16)
                  0000541c    0000000d     ST7735.o (.rodata._ZL10Rcmd2green)
                  00005429    0000000d     ST7735.o (.rodata._ZL8Rcmd2red)
                  00005436    00000008     ST7735.o (.rodata.str1.48350117711619464051)
                  0000543e    00000007     ST7735.o (.rodata.str1.175719450624619433971)
                  00005445    00000007     ST7735.o (.rodata.str1.42255827801651177341)
                  0000544c    00000004     --HOLE-- [fill = 0]

.init_array 
*          0    00005450    00000008     
                  00005450    00000004     Lab9HMain.o (.init_array)
                  00005454    00000004     --HOLE-- [fill = 0]

.data      0    20200000    000008c1     UNINITIALIZED
                  20200000    0000025c     Lab9HMain.o (.data.p1)
                  2020025c    0000025c     Lab9HMain.o (.data.p2)
                  202004b8    000000f0     libc.a : defs.c.obj (.data._ftable)
                  202005a8    000000f0     Lab9HMain.o (.data.bullets1)
                  20200698    000000f0     Lab9HMain.o (.data.bullets2)
                  20200788    00000078     libsysbm.a : host_device.c.obj (.data._device)
                  20200800    00000050                : host_device.c.obj (.data._stream)
                  20200850    0000001c     Lab9HMain.o (.data.player1SP)
                  2020086c    0000001c     Lab9HMain.o (.data.player2SP)
                  20200888    00000008     libc.a : exit.c.obj (.data..L_MergedGlobals)
                  20200890    00000004     Clock.o (.data.BusFreq)
                  20200894    00000004     ST7735.o (.data.StX)
                  20200898    00000004     ST7735.o (.data.StY)
                  2020089c    00000004     libc.a : defs.c.obj (.data.__TI_ft_end)
                  202008a0    00000004            : aeabi_portable.c.obj (.data.__aeabi_errno)
                  202008a4    00000004            : _lock.c.obj (.data._lock)
                  202008a8    00000004            : _lock.c.obj (.data._unlock)
                  202008ac    00000004     Lab9HMain.o (.data.time)
                  202008b0    00000002     ST7735.o (.data._ZL6_width)
                  202008b2    00000002     ST7735.o (.data._ZL7_height)
                  202008b4    00000001     Lab9HMain.o (.data.TG12Flag)
                  202008b5    00000001     Lab9HMain.o (.data.bulletFlag1)
                  202008b6    00000001     Lab9HMain.o (.data.bulletFlag2)
                  202008b7    00000001     --HOLE--
                  202008b8    00000001     libsysbm.a : add_device.c.obj (.data.add_device.device_init)
                  202008b9    00000003     --HOLE--
                  202008bc    00000001     libc.a : memory.c.obj (.data.memory_is_initialized)
                  202008bd    00000003     --HOLE--
                  202008c0    00000001     libsysbm.a : open.c.obj (.data.open.stream_init)

.sysmem    0    202008c8    00000200     UNINITIALIZED
                  202008c8    00000010     libc.a : memory.c.obj (.sysmem)
                  202008d8    000001f0     --HOLE--

.bss       0    20200ac8    000001d9     UNINITIALIZED
                  20200ac8    00000120     libsysbm.a : trgmsg.c.obj (.bss:_CIOBUF_)
                  20200be8    000000a0     libc.a : defs.c.obj (.bss.__TI_tmpnams)
                  20200c88    00000008     libsysbm.a : hostopen.c.obj (.bss.parmbuf)
                  20200c90    00000004     TExaS.o (.bss.TExaSLogic)
                  20200c94    00000004     TExaS.o (.bss.TExaSadc)
                  20200c98    00000004     libc.a : memory.c.obj (.bss.sys_free)
                  20200c9c    00000002     ST7735.o (.bss.StTextColor)
                  20200c9e    00000001     ST7735.o (.bss._ZL8ColStart)
                  20200c9f    00000001     ST7735.o (.bss._ZL8RowStart)
                  20200ca0    00000001     ST7735.o (.bss._ZL8TabColor)

.stack     0    20207e00    00000200     UNINITIALIZED
                  20207e00    00000004     libc.a : boot_cortex_m.c.obj (.stack)
                  20207e04    000001fc     --HOLE--

__llvm_prf_cnts 
*          0    20200000    00000000     UNINITIALIZED

__llvm_prf_bits 
*          0    20200000    00000000     UNINITIALIZED

MODULE SUMMARY

       Module                         code    ro data   rw data
       ------                         ----    -------   -------
    .\
       ST7735.o                       2586    1449      17     
       Lab9HMain.o                    542     1068      1751   
       tank.o                         1362    0         0      
       TExaS.o                        720     0         8      
       tools.o                        656     0         0      
       Clock.o                        516     0         4      
       bullet.o                       484     0         0      
       SPI.o                          440     0         0      
       SlidePot.o                     384     0         0      
       Timer.o                        316     0         0      
       LaunchPad.o                    180     0         0      
       Switch.o                       152     0         0      
       LED.o                          52      0         0      
       Sound.o                        4       0         0      
    +--+------------------------------+-------+---------+---------+
       Total:                         8394    2517      1780   
                                                               
    .\ticlang\
       startup_mspm0g3507_ticlang.o   60      192       0      
    +--+------------------------------+-------+---------+---------+
       Total:                         60      192       0      
                                                               
    C:\ti\ccs2000\ccs\tools\compiler\ti-cgt-armllvm_4.0.1.LTS\lib\armv6m-ti-none-eabi/c/libc.a
       k_rem_pio2.c.obj               1652    344       0      
       s_cosf.c.obj                   822     0         0      
       s_sinf.c.obj                   810     0         0      
       memory.c.obj                   702     0         5      
       fopen.c.obj                    556     0         0      
       defs.c.obj                     0       0         404    
       s_floor.c.obj                  324     0         0      
       setvbuf.c.obj                  224     0         0      
       s_scalbn.c.obj                 216     0         0      
       e_sqrtf.c.obj                  160     0         0      
       getdevice.c.obj                160     0         0      
       strcmp-armv6m.S.obj            136     0         0      
       copy_decompress_lzss.c.obj     124     0         0      
       fclose.c.obj                   124     0         0      
       autoinit.c.obj                 84      0         0      
       fflush.c.obj                   82      0         0      
       exit.c.obj                     56      0         8      
       boot_cortex_m.c.obj            40      0         0      
       copy_zero_init.c.obj           22      0         0      
       copy_decompress_none.c.obj     18      0         0      
       memcpy16.S.obj                 18      0         0      
       memset16.S.obj                 14      0         0      
       aeabi_portable.c.obj           8       0         4      
       _lock.c.obj                    2       0         8      
       pre_init.c.obj                 4       0         0      
    +--+------------------------------+-------+---------+---------+
       Total:                         6358    344       429    
                                                               
    C:\ti\ccs2000\ccs\tools\compiler\ti-cgt-armllvm_4.0.1.LTS\lib\armv6m-ti-none-eabi/c/libsysbm.a
       trgmsg.c.obj                   104     0         288    
       add_device.c.obj               236     0         1      
       host_device.c.obj              0       0         200    
       open.c.obj                     160     0         1      
       hostrename.c.obj               136     0         0      
       hostlseek.c.obj                108     0         0      
       hostopen.c.obj                 96      0         8      
       hostread.c.obj                 88      0         0      
       hostwrite.c.obj                88      0         0      
       close.c.obj                    80      0         0      
       hostclose.c.obj                72      0         0      
       hostunlink.c.obj               72      0         0      
       unlink.c.obj                   44      0         0      
       write.c.obj                    40      0         0      
       remove.c.obj                   8       0         0      
    +--+------------------------------+-------+---------+---------+
       Total:                         1332    0         498    
                                                               
    C:\ti\ccs2000\ccs\tools\compiler\ti-cgt-armllvm_4.0.1.LTS\lib\armv6m-ti-none-eabi/libclang_rt.builtins.a
       adddf3.S.obj                   418     0         0      
       muldf3.S.obj                   244     0         0      
       comparedf2.c.obj               220     0         0      
       addsf3.S.obj                   216     0         0      
       mulsf3.S.obj                   140     0         0      
       divsf3.S.obj                   130     0         0      
       comparesf2.S.obj               118     0         0      
       truncdfsf2.S.obj               116     0         0      
       aeabi_dcmp.S.obj               98      0         0      
       aeabi_fcmp.S.obj               98      0         0      
       aeabi_idivmod.S.obj            86      0         0      
       extendsfdf2.S.obj              80      0         0      
       fixdfsi.S.obj                  74      0         0      
       aeabi_uidivmod.S.obj           64      0         0      
       floatsisf.S.obj                60      0         0      
       muldsi3.S.obj                  58      0         0      
       fixsfsi.S.obj                  56      0         0      
       floatsidf.S.obj                44      0         0      
       aeabi_memset.S.obj             12      0         0      
       aeabi_memcpy.S.obj             8       0         0      
       aeabi_div0.c.obj               2       0         0      
    +--+------------------------------+-------+---------+---------+
       Total:                         2342    0         0      
                                                               
       Heap:                          0       0         512    
       Stack:                         0       0         512    
       Linker Generated:              0       148       0      
    +--+------------------------------+-------+---------+---------+
       Grand Total:                   18486   3201      3731   


LINKER GENERATED COPY TABLES

__TI_cinit_table @ 000054dc records: 2, size/record: 8, table size: 16
	.data: load addr=00005458, load size=00000070 bytes, run addr=20200000, run size=000008c1 bytes, compression=lzss
	.bss: load addr=000054d4, load size=00000008 bytes, run addr=20200ac8, run size=000001d9 bytes, compression=zero_init


LINKER GENERATED HANDLER TABLE

__TI_handler_table @ 000054c8 records: 3, size/record: 4, table size: 12
	index: 0, handler: __TI_decompress_lzss
	index: 1, handler: __TI_decompress_none
	index: 2, handler: __TI_zero_init


FAR CALL TRAMPOLINES

callee name               trampoline name
   callee addr  tramp addr   call addr  call info
--------------  -----------  ---------  ----------------
__aeabi_dadd              $Tramp$TT$L$PI$$__aeabi_dadd
   00001017     00004708     00004704   libc.a : k_rem_pio2.c.obj (.text.OUTLINED_FUNCTION_0)
                             00004880          : k_rem_pio2.c.obj (.text.OUTLINED_FUNCTION_1)
                             0000488a          : s_cosf.c.obj (.text.OUTLINED_FUNCTION_3)
                             00004894          : s_sinf.c.obj (.text.OUTLINED_FUNCTION_3)
__aeabi_dmul              $Tramp$TT$L$PI$$__aeabi_dmul
   00001da1     000048d4     000048d0   libc.a : s_cosf.c.obj (.text.OUTLINED_FUNCTION_0)
                             000048e8          : s_sinf.c.obj (.text.OUTLINED_FUNCTION_0)
                             000048ee          : s_cosf.c.obj (.text.OUTLINED_FUNCTION_1)
                             000048f4          : s_sinf.c.obj (.text.OUTLINED_FUNCTION_1)
__aeabi_f2d               $Tramp$TT$L$PI$$__aeabi_f2d
   00003cfd     000048fc     000048f8   libc.a : s_cosf.c.obj (.text.OUTLINED_FUNCTION_2)
                             0000490e          : s_sinf.c.obj (.text.OUTLINED_FUNCTION_2)

[3 trampolines]
[10 trampoline calls]


GLOBAL SYMBOLS: SORTED ALPHABETICALLY BY Name 

address   name                             
-------   ----                             
000045a9  ADC0_IRQHandler                  
000045a9  ADC1_IRQHandler                  
000045a9  AES_IRQHandler                   
20200890  BusFreq                          
00004914  C$$EXIT                          
0000415d  C$$IO$$                          
000045a9  CANFD0_IRQHandler                
000045a9  DAC0_IRQHandler                  
000045a9  DMA_IRQHandler                   
000045a9  Default_Handler                  
000045a9  GROUP0_IRQHandler                
000045a9  GROUP1_IRQHandler                
00003ae1  HOSTclose                        
00003405  HOSTlseek                        
000036dd  HOSTopen                         
0000379d  HOSTread                         
00003471  HOSTrename                       
00003b29  HOSTunlink                       
000037f5  HOSTwrite                        
000045c5  HardFault_Handler                
000045a9  I2C0_IRQHandler                  
000045a9  I2C1_IRQHandler                  
000045a9  NMI_Handler                      
000045a9  PendSV_Handler                   
000045a9  RTC_IRQHandler                   
00004911  Reset_Handler                    
00005450  SHT$$INIT_ARRAY$$Base            
00005454  SHT$$INIT_ARRAY$$Limit           
000045a9  SPI0_IRQHandler                  
000045a9  SPI1_IRQHandler                  
000045a9  SVC_Handler                      
20200c9c  StTextColor                      
20200894  StX                              
20200898  StY                              
0000119f  SysTick_Handler                  
20200c90  TExaSLogic                       
20200c94  TExaSadc                         
202008b4  TG12Flag                         
000045a9  TIMA0_IRQHandler                 
000045a9  TIMA1_IRQHandler                 
000045a9  TIMG0_IRQHandler                 
00003121  TIMG12_IRQHandler                
000045a9  TIMG6_IRQHandler                 
00003bfd  TIMG7_IRQHandler                 
000045a9  TIMG8_IRQHandler                 
0000477f  TI_memcpy_small                  
0000482d  TI_memset_small                  
000045a9  UART0_IRQHandler                 
000045a9  UART1_IRQHandler                 
000045a9  UART2_IRQHandler                 
000045a9  UART3_IRQHandler                 
20200ac8  _CIOBUF_                         
00003385  _Z10Clock_Freqv                  
0000275f  _Z10Sound_Initv                  
000045fd  _Z10Switch_In1v                  
00004619  _Z10Switch_In2v                  
0000384d  _Z10TExaS_InitP10ADC12_RegsjPFhvE
000047b3  _Z11Clock_Delayj                 
00003ead  _Z11SPI_OutDatac                 
00004635  _Z11ST7735_openPKcji             
00004719  _Z11ST7735_readiPcj              
000044c1  _Z11Switch_Initv                 
00002761  _Z12ST7735_InitR10initRFlags     
00004897  _Z12ST7735_closei                
00004803  _Z12ST7735_lseekili              
00003fc3  _Z12ST7735_writeiPKcj            
00002115  _Z12bulletUpdatev                
00002619  _Z12rotateUpdatev                
000039a3  _Z12tankMovementjjR4Tank         
0000483b  _Z13ST7735_renamePKcS0_          
000048a1  _Z13ST7735_unlinkPKc             
00003ff9  _Z13displayUpdatev               
0000402d  _Z14Clock_Delay1msj              
0000319d  _Z14LaunchPad_Initv              
00003b71  _Z14SPI_OutCommandc              
00001ae9  _Z14ST7735_OutCharc              
00002571  _Z14TimerG7_IntArmtjj            
00003ee5  _Z15ActivatePortA_Bv             
00000cb1  _Z15Clock_Init80MHzi             
00004201  _Z15ST7735_Color565hhh           
00000e65  _Z15ST7735_DrawCharsscssh        
000016d9  _Z15ST7735_FillRectsssst         
000046a5  _Z15SlidePotSamplerR8SlidePot    
00002bb5  _Z15TimerG12_IntArmjj            
00004061  _Z16ST7735_SetCursorjj           
00000705  _Z17ST7735_DrawBitmapssPKtss     
00002f99  _Z17ST7735_DrawStringttPcs       
000043b9  _Z17ST7735_FillScreent           
00002801  _Z17ST7735_InitPrintf10initRFlags
000047c5  _Z28TExaS_LaunchPadLogicPB27PB26v
00003d7d  _Z5clampfff                      
00004651  _Z7P1SHOOTv                      
0000466d  _Z7P2SHOOTv                      
000015b1  _Z8ADC_InitP10ADC12_Regsjj       
00004095  _Z8LED_Initv                     
000048ab  _Z8PLL_Initv                     
00001905  _Z8SPI_Initv                     
000044e9  _Z9ADC_StartP10ADC12_Regs        
00003c3d  _Z9SPI_Resetv                    
00001bd1  _Z9UART_Initv                    
00003bb9  _Z9queryTankv                    
0000476d  _ZN4Tank11NeedsRedrawEv          
0000236d  _ZN4Tank11TriVelocityEi          
000011a1  _ZN4Tank12rotateSpriteEf         
00004233  _ZN4Tank13TickCooldownsEv        
00003f8d  _ZN4Tank15rotateIncrementEi      
00004265  _ZN4Tank4DrawEv                  
00002c49  _ZN4Tank4MoveEv                  
000043e5  _ZN4Tank5EraseEv                 
00002b19  _ZN4Tank5ShootEP6Bulleti         
000039f3  _ZN4Tank6RotateEi                
000047d5  _ZN4Tank8CanShootEv              
000021e1  _ZN4TankC1EiiiPKthhjj            
000021e1  _ZN4TankC2EiiiPKthhjj            
00003c7d  _ZN6Bullet4DrawEv                
000030a1  _ZN6Bullet4InitEiifii            
000022a9  _ZN6Bullet4MoveEv                
00003f1d  _ZN6Bullet5EraseEv               
000046d9  _ZN6BulletC1Ev                   
000046d9  _ZN6BulletC2Ev                   
00004847  _ZN8SlidePot12lastDistanceEv     
0000373d  _ZN8SlidePot2InEv                
00002cdd  _ZN8SlidePot4InitEj              
000042c9  _ZN8SlidePot4SaveEj              
00004389  _ZN8SlidePot4SyncEv              
00004853  _ZN8SlidePot8DistanceEv          
000046bf  _ZN8SlidePotC1Ejj                
000046bf  _ZN8SlidePotC2Ejj                
000047e5  _ZNK6Bullet8IsActiveEv           
20200ac8  __CIOBUF_                        
20208000  __STACK_END                      
00000200  __STACK_SIZE                     
00000200  __SYSMEM_SIZE                    
00000000  __TI_ATRegion0_region_sz         
00000000  __TI_ATRegion0_src_addr          
00000000  __TI_ATRegion0_trg_addr          
00000000  __TI_ATRegion1_region_sz         
00000000  __TI_ATRegion1_src_addr          
00000000  __TI_ATRegion1_trg_addr          
00000000  __TI_ATRegion2_region_sz         
00000000  __TI_ATRegion2_src_addr          
00000000  __TI_ATRegion2_trg_addr          
000054dc  __TI_CINIT_Base                  
000054ec  __TI_CINIT_Limit                 
000054ec  __TI_CINIT_Warm                  
000054c8  __TI_Handler_Table_Base          
000054d4  __TI_Handler_Table_Limit         
000038fd  __TI_auto_init_nobinit           
000040c9  __TI_cleanup                     
20200888  __TI_cleanup_ptr                 
00003219  __TI_closefile                   
00003295  __TI_decompress_lzss             
00004791  __TI_decompress_none             
00003951  __TI_doflush                     
2020088c  __TI_dtors_ptr                   
2020089c  __TI_ft_end                      
ffffffff  __TI_pprof_out_hndl              
ffffffff  __TI_prof_data_size              
ffffffff  __TI_prof_data_start             
000040fd  __TI_readmsg                     
00000000  __TI_static_base__               
20200be8  __TI_tmpnams                     
00004131  __TI_writemsg                    
0000472f  __TI_zero_init_nomemset          
00001017  __adddf3                         
00002047  __addsf3                         
00003391  __aeabi_d2f                      
00003a95  __aeabi_d2iz                     
00001017  __aeabi_dadd                     
00003615  __aeabi_dcmpeq                   
00003651  __aeabi_dcmpge                   
00003665  __aeabi_dcmpgt                   
0000363d  __aeabi_dcmple                   
00003629  __aeabi_dcmplt                   
00001da1  __aeabi_dmul                     
0000100d  __aeabi_dsub                     
202008a0  __aeabi_errno                    
000048b5  __aeabi_errno_addr               
00003cfd  __aeabi_f2d                      
00003f55  __aeabi_f2iz                     
00002047  __aeabi_fadd                     
00003679  __aeabi_fcmpeq                   
000036b5  __aeabi_fcmpge                   
000036c9  __aeabi_fcmpgt                   
000036a1  __aeabi_fcmple                   
0000368d  __aeabi_fcmplt                   
0000301d  __aeabi_fdiv                     
00002d6d  __aeabi_fmul                     
0000203d  __aeabi_fsub                     
00004469  __aeabi_i2d                      
00003dbd  __aeabi_i2f                      
000038a5  __aeabi_idiv                     
00002bb3  __aeabi_idiv0                    
000038a5  __aeabi_idivmod                  
00004861  __aeabi_memclr                   
00004861  __aeabi_memclr4                  
00004861  __aeabi_memclr8                  
000048bd  __aeabi_memcpy                   
000048bd  __aeabi_memcpy4                  
000048bd  __aeabi_memcpy8                  
00003cbd  __aeabi_uidiv                    
00003cbd  __aeabi_uidivmod                 
ffffffff  __binit__                        
00003549  __cmpdf2                         
00003e35  __cmpsf2                         
0000301d  __divsf3                         
00003549  __eqdf2                          
00003e35  __eqsf2                          
00003cfd  __extendsfdf2                    
00003a95  __fixdfsi                        
00003f55  __fixsfsi                        
00004469  __floatsidf                      
00003dbd  __floatsisf                      
00003311  __gedf2                          
00003df9  __gesf2                          
00003311  __gtdf2                          
00003df9  __gtsf2                          
000000c1  __kernel_rem_pio2                
00003549  __ledf2                          
00003e35  __lesf2                          
00003549  __ltdf2                          
00003e35  __ltsf2                          
UNDEFED   __mpu_init                       
00001da1  __muldf3                         
00003e71  __muldsi3                        
00002d6d  __mulsf3                         
00003549  __nedf2                          
00003e35  __nesf2                          
20207e00  __stack                          
20200000  __start___llvm_prf_bits          
20200000  __start___llvm_prf_cnts          
20200000  __stop___llvm_prf_bits           
20200000  __stop___llvm_prf_cnts           
0000100d  __subdf3                         
0000203d  __subsf3                         
00003391  __truncdfsf2                     
00004561  _c_int00_noargs                  
20200788  _device                          
202004b8  _ftable                          
202008a4  _lock                            
0000309f  _nop                             
20200800  _stream                          
202008c8  _sys_memory                      
UNDEFED   _system_post_cinit               
00002f0d  _system_pre_init                 
202008a8  _unlock                          
00004915  abort                            
000019fd  add_device                       
000017f1  aligned_alloc                    
ffffffff  binit                            
202008b5  bulletFlag1                      
202008b6  bulletFlag2                      
202005a8  bullets1                         
20200698  bullets2                         
00003a45  close                            
00000915  cosf                             
00004165  exit                             
00004199  finddevice                       
0000146d  floor                            
0000146d  floorl                           
00004359  fopen                            
00001cb9  free                             
000041cd  freopen                          
000034dd  getdevice                        
00000000  interruptVectors                 
00001f65  ldexp                            
00001f65  ldexpl                           
00002df9  main                             
0000486d  malloc                           
000017f1  memalign                         
000028a1  open                             
20200000  p1                               
2020025c  p2                               
20200c88  parmbuf                          
20200850  player1SP                        
2020086c  player2SP                        
000048c5  remove                           
00001f65  scalbn                           
00001f65  scalbnl                          
00001e85  setvbuf                          
00000ae9  sinf                             
00002941  sqrtf                            
00002f11  strcmp                           
202008ac  time                             
00004495  unlink                           
00004539  write                            


GLOBAL SYMBOLS: SORTED BY Symbol Address 

address   name                             
-------   ----                             
00000000  __TI_ATRegion0_region_sz         
00000000  __TI_ATRegion0_src_addr          
00000000  __TI_ATRegion0_trg_addr          
00000000  __TI_ATRegion1_region_sz         
00000000  __TI_ATRegion1_src_addr          
00000000  __TI_ATRegion1_trg_addr          
00000000  __TI_ATRegion2_region_sz         
00000000  __TI_ATRegion2_src_addr          
00000000  __TI_ATRegion2_trg_addr          
00000000  __TI_static_base__               
00000000  interruptVectors                 
000000c1  __kernel_rem_pio2                
00000200  __STACK_SIZE                     
00000200  __SYSMEM_SIZE                    
00000705  _Z17ST7735_DrawBitmapssPKtss     
00000915  cosf                             
00000ae9  sinf                             
00000cb1  _Z15Clock_Init80MHzi             
00000e65  _Z15ST7735_DrawCharsscssh        
0000100d  __aeabi_dsub                     
0000100d  __subdf3                         
00001017  __adddf3                         
00001017  __aeabi_dadd                     
0000119f  SysTick_Handler                  
000011a1  _ZN4Tank12rotateSpriteEf         
0000146d  floor                            
0000146d  floorl                           
000015b1  _Z8ADC_InitP10ADC12_Regsjj       
000016d9  _Z15ST7735_FillRectsssst         
000017f1  aligned_alloc                    
000017f1  memalign                         
00001905  _Z8SPI_Initv                     
000019fd  add_device                       
00001ae9  _Z14ST7735_OutCharc              
00001bd1  _Z9UART_Initv                    
00001cb9  free                             
00001da1  __aeabi_dmul                     
00001da1  __muldf3                         
00001e85  setvbuf                          
00001f65  ldexp                            
00001f65  ldexpl                           
00001f65  scalbn                           
00001f65  scalbnl                          
0000203d  __aeabi_fsub                     
0000203d  __subsf3                         
00002047  __addsf3                         
00002047  __aeabi_fadd                     
00002115  _Z12bulletUpdatev                
000021e1  _ZN4TankC1EiiiPKthhjj            
000021e1  _ZN4TankC2EiiiPKthhjj            
000022a9  _ZN6Bullet4MoveEv                
0000236d  _ZN4Tank11TriVelocityEi          
00002571  _Z14TimerG7_IntArmtjj            
00002619  _Z12rotateUpdatev                
0000275f  _Z10Sound_Initv                  
00002761  _Z12ST7735_InitR10initRFlags     
00002801  _Z17ST7735_InitPrintf10initRFlags
000028a1  open                             
00002941  sqrtf                            
00002b19  _ZN4Tank5ShootEP6Bulleti         
00002bb3  __aeabi_idiv0                    
00002bb5  _Z15TimerG12_IntArmjj            
00002c49  _ZN4Tank4MoveEv                  
00002cdd  _ZN8SlidePot4InitEj              
00002d6d  __aeabi_fmul                     
00002d6d  __mulsf3                         
00002df9  main                             
00002f0d  _system_pre_init                 
00002f11  strcmp                           
00002f99  _Z17ST7735_DrawStringttPcs       
0000301d  __aeabi_fdiv                     
0000301d  __divsf3                         
0000309f  _nop                             
000030a1  _ZN6Bullet4InitEiifii            
00003121  TIMG12_IRQHandler                
0000319d  _Z14LaunchPad_Initv              
00003219  __TI_closefile                   
00003295  __TI_decompress_lzss             
00003311  __gedf2                          
00003311  __gtdf2                          
00003385  _Z10Clock_Freqv                  
00003391  __aeabi_d2f                      
00003391  __truncdfsf2                     
00003405  HOSTlseek                        
00003471  HOSTrename                       
000034dd  getdevice                        
00003549  __cmpdf2                         
00003549  __eqdf2                          
00003549  __ledf2                          
00003549  __ltdf2                          
00003549  __nedf2                          
00003615  __aeabi_dcmpeq                   
00003629  __aeabi_dcmplt                   
0000363d  __aeabi_dcmple                   
00003651  __aeabi_dcmpge                   
00003665  __aeabi_dcmpgt                   
00003679  __aeabi_fcmpeq                   
0000368d  __aeabi_fcmplt                   
000036a1  __aeabi_fcmple                   
000036b5  __aeabi_fcmpge                   
000036c9  __aeabi_fcmpgt                   
000036dd  HOSTopen                         
0000373d  _ZN8SlidePot2InEv                
0000379d  HOSTread                         
000037f5  HOSTwrite                        
0000384d  _Z10TExaS_InitP10ADC12_RegsjPFhvE
000038a5  __aeabi_idiv                     
000038a5  __aeabi_idivmod                  
000038fd  __TI_auto_init_nobinit           
00003951  __TI_doflush                     
000039a3  _Z12tankMovementjjR4Tank         
000039f3  _ZN4Tank6RotateEi                
00003a45  close                            
00003a95  __aeabi_d2iz                     
00003a95  __fixdfsi                        
00003ae1  HOSTclose                        
00003b29  HOSTunlink                       
00003b71  _Z14SPI_OutCommandc              
00003bb9  _Z9queryTankv                    
00003bfd  TIMG7_IRQHandler                 
00003c3d  _Z9SPI_Resetv                    
00003c7d  _ZN6Bullet4DrawEv                
00003cbd  __aeabi_uidiv                    
00003cbd  __aeabi_uidivmod                 
00003cfd  __aeabi_f2d                      
00003cfd  __extendsfdf2                    
00003d7d  _Z5clampfff                      
00003dbd  __aeabi_i2f                      
00003dbd  __floatsisf                      
00003df9  __gesf2                          
00003df9  __gtsf2                          
00003e35  __cmpsf2                         
00003e35  __eqsf2                          
00003e35  __lesf2                          
00003e35  __ltsf2                          
00003e35  __nesf2                          
00003e71  __muldsi3                        
00003ead  _Z11SPI_OutDatac                 
00003ee5  _Z15ActivatePortA_Bv             
00003f1d  _ZN6Bullet5EraseEv               
00003f55  __aeabi_f2iz                     
00003f55  __fixsfsi                        
00003f8d  _ZN4Tank15rotateIncrementEi      
00003fc3  _Z12ST7735_writeiPKcj            
00003ff9  _Z13displayUpdatev               
0000402d  _Z14Clock_Delay1msj              
00004061  _Z16ST7735_SetCursorjj           
00004095  _Z8LED_Initv                     
000040c9  __TI_cleanup                     
000040fd  __TI_readmsg                     
00004131  __TI_writemsg                    
0000415d  C$$IO$$                          
00004165  exit                             
00004199  finddevice                       
000041cd  freopen                          
00004201  _Z15ST7735_Color565hhh           
00004233  _ZN4Tank13TickCooldownsEv        
00004265  _ZN4Tank4DrawEv                  
000042c9  _ZN8SlidePot4SaveEj              
00004359  fopen                            
00004389  _ZN8SlidePot4SyncEv              
000043b9  _Z17ST7735_FillScreent           
000043e5  _ZN4Tank5EraseEv                 
00004469  __aeabi_i2d                      
00004469  __floatsidf                      
00004495  unlink                           
000044c1  _Z11Switch_Initv                 
000044e9  _Z9ADC_StartP10ADC12_Regs        
00004539  write                            
00004561  _c_int00_noargs                  
000045a9  ADC0_IRQHandler                  
000045a9  ADC1_IRQHandler                  
000045a9  AES_IRQHandler                   
000045a9  CANFD0_IRQHandler                
000045a9  DAC0_IRQHandler                  
000045a9  DMA_IRQHandler                   
000045a9  Default_Handler                  
000045a9  GROUP0_IRQHandler                
000045a9  GROUP1_IRQHandler                
000045a9  I2C0_IRQHandler                  
000045a9  I2C1_IRQHandler                  
000045a9  NMI_Handler                      
000045a9  PendSV_Handler                   
000045a9  RTC_IRQHandler                   
000045a9  SPI0_IRQHandler                  
000045a9  SPI1_IRQHandler                  
000045a9  SVC_Handler                      
000045a9  TIMA0_IRQHandler                 
000045a9  TIMA1_IRQHandler                 
000045a9  TIMG0_IRQHandler                 
000045a9  TIMG6_IRQHandler                 
000045a9  TIMG8_IRQHandler                 
000045a9  UART0_IRQHandler                 
000045a9  UART1_IRQHandler                 
000045a9  UART2_IRQHandler                 
000045a9  UART3_IRQHandler                 
000045c5  HardFault_Handler                
000045fd  _Z10Switch_In1v                  
00004619  _Z10Switch_In2v                  
00004635  _Z11ST7735_openPKcji             
00004651  _Z7P1SHOOTv                      
0000466d  _Z7P2SHOOTv                      
000046a5  _Z15SlidePotSamplerR8SlidePot    
000046bf  _ZN8SlidePotC1Ejj                
000046bf  _ZN8SlidePotC2Ejj                
000046d9  _ZN6BulletC1Ev                   
000046d9  _ZN6BulletC2Ev                   
00004719  _Z11ST7735_readiPcj              
0000472f  __TI_zero_init_nomemset          
0000476d  _ZN4Tank11NeedsRedrawEv          
0000477f  TI_memcpy_small                  
00004791  __TI_decompress_none             
000047b3  _Z11Clock_Delayj                 
000047c5  _Z28TExaS_LaunchPadLogicPB27PB26v
000047d5  _ZN4Tank8CanShootEv              
000047e5  _ZNK6Bullet8IsActiveEv           
00004803  _Z12ST7735_lseekili              
0000482d  TI_memset_small                  
0000483b  _Z13ST7735_renamePKcS0_          
00004847  _ZN8SlidePot12lastDistanceEv     
00004853  _ZN8SlidePot8DistanceEv          
00004861  __aeabi_memclr                   
00004861  __aeabi_memclr4                  
00004861  __aeabi_memclr8                  
0000486d  malloc                           
00004897  _Z12ST7735_closei                
000048a1  _Z13ST7735_unlinkPKc             
000048ab  _Z8PLL_Initv                     
000048b5  __aeabi_errno_addr               
000048bd  __aeabi_memcpy                   
000048bd  __aeabi_memcpy4                  
000048bd  __aeabi_memcpy8                  
000048c5  remove                           
00004911  Reset_Handler                    
00004914  C$$EXIT                          
00004915  abort                            
00005450  SHT$$INIT_ARRAY$$Base            
00005454  SHT$$INIT_ARRAY$$Limit           
000054c8  __TI_Handler_Table_Base          
000054d4  __TI_Handler_Table_Limit         
000054dc  __TI_CINIT_Base                  
000054ec  __TI_CINIT_Limit                 
000054ec  __TI_CINIT_Warm                  
20200000  __start___llvm_prf_bits          
20200000  __start___llvm_prf_cnts          
20200000  __stop___llvm_prf_bits           
20200000  __stop___llvm_prf_cnts           
20200000  p1                               
2020025c  p2                               
202004b8  _ftable                          
202005a8  bullets1                         
20200698  bullets2                         
20200788  _device                          
20200800  _stream                          
20200850  player1SP                        
2020086c  player2SP                        
20200888  __TI_cleanup_ptr                 
2020088c  __TI_dtors_ptr                   
20200890  BusFreq                          
20200894  StX                              
20200898  StY                              
2020089c  __TI_ft_end                      
202008a0  __aeabi_errno                    
202008a4  _lock                            
202008a8  _unlock                          
202008ac  time                             
202008b4  TG12Flag                         
202008b5  bulletFlag1                      
202008b6  bulletFlag2                      
202008c8  _sys_memory                      
20200ac8  _CIOBUF_                         
20200ac8  __CIOBUF_                        
20200be8  __TI_tmpnams                     
20200c88  parmbuf                          
20200c90  TExaSLogic                       
20200c94  TExaSadc                         
20200c9c  StTextColor                      
20207e00  __stack                          
20208000  __STACK_END                      
ffffffff  __TI_pprof_out_hndl              
ffffffff  __TI_prof_data_size              
ffffffff  __TI_prof_data_start             
ffffffff  __binit__                        
ffffffff  binit                            
UNDEFED   __mpu_init                       
UNDEFED   _system_post_cinit               

[286 symbols]
