******************************************************************************
            TI ARM Clang Linker PC v4.0.1                      
******************************************************************************
>> Linked Fri Apr 18 00:46:27 2025

OUTPUT FILE NAME:   <ECE319K_Lab9H.out>
ENTRY POINT SYMBOL: "_c_int00_noargs"  address: 00003a4d


MEMORY CONFIGURATION

         name            origin    length      used     unused   attr    fill
----------------------  --------  ---------  --------  --------  ----  --------
  FLASH                 00000000   00020000  00004a68  0001b598  R  X
  SRAM                  20200000   00008000  00000c96  0000736a  RW X
  BCR_CONFIG            41c00000   00000080  00000000  00000080  R   
  BSL_CONFIG            41c00100   00000080  00000000  00000080  R   


SEGMENT ALLOCATION MAP

run origin  load origin   length   init length attrs members
----------  ----------- ---------- ----------- ----- -------
00000000    00000000    00004a68   00004a68    r-x
  00000000    00000000    000000c0   000000c0    r-- .intvecs
  000000c0    000000c0    00003c90   00003c90    r-x .text
  00003d50    00003d50    00000c78   00000c78    r-- .rodata
  000049c8    000049c8    00000008   00000008    r-- .init_array
  000049d0    000049d0    00000098   00000098    r-- .cinit
20200000    20200000    00000a99   00000000    rw-
  20200000    20200000    000006bd   00000000    rw- .data
  202006c0    202006c0    00000200   00000000    rw- .sysmem
  202008c0    202008c0    000001d9   00000000    rw- .bss
20207e00    20207e00    00000200   00000000    rw-
  20207e00    20207e00    00000200   00000000    rw- .stack


SECTION ALLOCATION MAP

 output                                  attributes/
section   page    origin      length       input sections
--------  ----  ----------  ----------   ----------------
.intvecs   0    00000000    000000c0     
                  00000000    000000c0     startup_mspm0g3507_ticlang.o (.intvecs)

.binit     0    00000000    00000000     

.text      0    000000c0    00003c90     
                  000000c0    00000644     libc.a : k_rem_pio2.c.obj (.text.__kernel_rem_pio2)
                  00000704    00000210     ST7735.o (.text._Z17ST7735_DrawBitmapssPKtss)
                  00000914    000001d4     libc.a : s_cosf.c.obj (.text.cosf)
                  00000ae8    000001c8            : s_sinf.c.obj (.text.sinf)
                  00000cb0    000001b4     Clock.o (.text._Z15Clock_Init80MHzi)
                  00000e64    000001a8     ST7735.o (.text._Z15ST7735_DrawCharsscssh)
                  0000100c    00000192     libclang_rt.builtins.a : adddf3.S.obj (.text.adddf3_subdf3)
                  0000119e    00000002     Sound.o (.text.SysTick_Handler)
                  000011a0    00000178     tank.o (.text._ZN4Tank12rotateSpriteEf)
                  00001318    00000154     libc.a : fopen.c.obj (.text._openfile)
                  0000146c    00000144            : s_floor.c.obj (.text.floor)
                  000015b0    00000118     ST7735.o (.text._Z15ST7735_FillRectsssst)
                  000016c8    00000114     libc.a : memory.c.obj (.text.aligned_alloc)
                  000017dc    000000f8     SPI.o (.text._Z8SPI_Initv)
                  000018d4    000000ec     libsysbm.a : add_device.c.obj (.text.add_device)
                  000019c0    000000e8     ST7735.o (.text._Z14ST7735_OutCharc)
                  00001aa8    000000e8     libc.a : memory.c.obj (.text.free)
                  00001b90    000000e4     libclang_rt.builtins.a : muldf3.S.obj (.text.__muldf3)
                  00001c74    000000e0     libc.a : setvbuf.c.obj (.text.setvbuf)
                  00001d54    000000d8            : s_scalbn.c.obj (.text.scalbn)
                  00001e2c    000000d8     libclang_rt.builtins.a : addsf3.S.obj (.text)
                  00001f04    000000ac     tank.o (.text._ZN4TankC2EiiiPKtS1_hhjj)
                  00001fb0    000000ac     libc.a : s_cosf.c.obj (.text.__kernel_sindf)
                  0000205c    000000ac            : s_sinf.c.obj (.text.__kernel_sindf)
                  00002108    000000a4     Lab9HMain.o (.text.main)
                  000021ac    000000a2     ST7735.o (.text._ZL11commandListPKh)
                  0000224e    00000002     libclang_rt.builtins.a : aeabi_div0.c.obj (.text.__aeabi_idiv0)
                  00002250    000000a0     ST7735.o (.text._Z12ST7735_InitR10initRFlags)
                  000022f0    000000a0     ST7735.o (.text._Z17ST7735_InitPrintf10initRFlags)
                  00002390    000000a0     libsysbm.a : open.c.obj (.text.open)
                  00002430    0000009c     libc.a : s_cosf.c.obj (.text.__kernel_cosdf)
                  000024cc    0000009c            : s_sinf.c.obj (.text.__kernel_cosdf)
                  00002568    00000094     Timer.o (.text._Z15TimerG12_IntArmjj)
                  000025fc    0000008c     libclang_rt.builtins.a : mulsf3.S.obj (.text.__mulsf3)
                  00002688    00000088     ST7735.o (.text._ZL13setAddrWindowhhhh)
                  00002710    00000088     libc.a : strcmp-armv6m.S.obj (.text:strcmp)
                  00002798    00000084     ST7735.o (.text._Z17ST7735_DrawStringttPcs)
                  0000281c    00000082     libclang_rt.builtins.a : divsf3.S.obj (.text.__divsf3)
                  0000289e    00000002     libc.a : _lock.c.obj (.text._nop)
                  000028a0    00000080     Lab9HMain.o (.text.TIMG12_IRQHandler)
                  00002920    0000007c     LaunchPad.o (.text._Z14LaunchPad_Initv)
                  0000299c    0000007c     SlidePot.o (.text._ZN8SlidePot4InitEv)
                  00002a18    0000007c     libc.a : fclose.c.obj (.text.__TI_closefile)
                  00002a94    0000007c            : copy_decompress_lzss.c.obj (.text:decompress:lzss)
                  00002b10    00000074     libclang_rt.builtins.a : comparedf2.c.obj (.text.__gedf2)
                  00002b84    0000000c     Clock.o (.text._Z10Clock_Freqv)
                  00002b90    00000074     libclang_rt.builtins.a : truncdfsf2.S.obj (.text.__truncdfsf2)
                  00002c04    0000006c     libsysbm.a : hostlseek.c.obj (.text.HOSTlseek)
                  00002c70    0000006c                : hostrename.c.obj (.text.HOSTrename)
                  00002cdc    0000006c     libc.a : getdevice.c.obj (.text.getdevice)
                  00002d48    00000068     libclang_rt.builtins.a : comparedf2.c.obj (.text.__ledf2)
                  00002db0    00000064     tank.o (.text._ZN4Tank11TriVelocityEi)
                  00002e14    00000064     libc.a : memory.c.obj (.text.split)
                  00002e78    00000062     libclang_rt.builtins.a : aeabi_dcmp.S.obj (.text.__aeabi_dcmp)
                  00002eda    00000002     --HOLE-- [fill = 0]
                  00002edc    00000060     libsysbm.a : hostopen.c.obj (.text.HOSTopen)
                  00002f3c    00000058                : hostread.c.obj (.text.HOSTread)
                  00002f94    00000058                : hostwrite.c.obj (.text.HOSTwrite)
                  00002fec    00000056     libclang_rt.builtins.a : aeabi_idivmod.S.obj (.text.__aeabi_idivmod)
                  00003042    00000002     --HOLE-- [fill = 0]
                  00003044    00000054     libc.a : autoinit.c.obj (.text:__TI_auto_init_nobinit)
                  00003098    00000052            : fflush.c.obj (.text.__TI_doflush)
                  000030ea    00000050     tank.o (.text._ZN4Tank6RotateEi)
                  0000313a    00000002     --HOLE-- [fill = 0]
                  0000313c    00000050     libsysbm.a : close.c.obj (.text.close)
                  0000318c    0000004a     libclang_rt.builtins.a : fixdfsi.S.obj (.text.__fixdfsi)
                  000031d6    00000002     --HOLE-- [fill = 0]
                  000031d8    00000048     libsysbm.a : hostclose.c.obj (.text.HOSTclose)
                  00003220    00000048                : hostunlink.c.obj (.text.HOSTunlink)
                  00003268    00000048     SPI.o (.text._Z14SPI_OutCommandc)
                  000032b0    00000048     SlidePot.o (.text._ZN8SlidePot2InEv)
                  000032f8    00000040     TExaS.o (.text.TIMG7_IRQHandler)
                  00003338    00000040     SPI.o (.text._Z9SPI_Resetv)
                  00003378    00000040     libclang_rt.builtins.a : aeabi_uidivmod.S.obj (.text.__aeabi_uidivmod)
                  000033b8    00000040                            : extendsfdf2.S.obj (.text.__extendsfdf2)
                  000033f8    00000040     libc.a : fopen.c.obj (.text._search_fp)
                  00003438    0000003c     libclang_rt.builtins.a : floatsisf.S.obj (.text.__floatsisf)
                  00003474    0000003a                            : muldsi3.S.obj (.text.__muldsi3)
                  000034ae    00000002     --HOLE-- [fill = 0]
                  000034b0    00000038     SPI.o (.text._Z11SPI_OutDatac)
                  000034e8    00000038     LaunchPad.o (.text._Z15ActivatePortA_Bv)
                  00003520    00000038     Lab9HMain.o (.text.__cxx_global_var_init.2)
                  00003558    00000038     Lab9HMain.o (.text.__cxx_global_var_init.3)
                  00003590    00000038     libclang_rt.builtins.a : fixsfsi.S.obj (.text.__fixsfsi)
                  000035c8    00000036     tank.o (.text._ZN4Tank15rotateIncrementEi)
                  000035fe    00000034     ST7735.o (.text._Z12ST7735_writeiPKcj)
                  00003632    00000002     --HOLE-- [fill = 0]
                  00003634    00000034     Clock.o (.text._Z14Clock_Delay1msj)
                  00003668    00000034     ST7735.o (.text._Z16ST7735_SetCursorjj)
                  0000369c    00000034     libc.a : fopen.c.obj (.text.__TI_cleanup)
                  000036d0    00000034     libsysbm.a : trgmsg.c.obj (.text.__TI_readmsg)
                  00003704    00000034                : trgmsg.c.obj (.text.__TI_writemsg)
                  00003738    00000034     libc.a : exit.c.obj (.text.exit)
                  0000376c    00000034            : getdevice.c.obj (.text.finddevice)
                  000037a0    00000034            : fopen.c.obj (.text.freopen)
                  000037d4    00000032     ST7735.o (.text._Z15ST7735_Color565hhh)
                  00003806    00000032     tank.o (.text._ZN4Tank4DrawEv)
                  00003838    00000030     ST7735.o (.text._ZL10commonInitPKh)
                  00003868    00000030     SlidePot.o (.text._ZN8SlidePot4SaveEj)
                  00003898    00000030     libc.a : fopen.c.obj (.text.fopen)
                  000038c8    0000002e     SlidePot.o (.text._ZN8SlidePot4SyncEv)
                  000038f6    00000002     --HOLE-- [fill = 0]
                  000038f8    0000002c     ST7735.o (.text._Z17ST7735_FillScreent)
                  00003924    0000002c     tank.o (.text._ZN4Tank5EraseEv)
                  00003950    0000002c     libclang_rt.builtins.a : floatsidf.S.obj (.text.__floatsidf)
                  0000397c    0000002c     libsysbm.a : unlink.c.obj (.text.unlink)
                  000039a8    0000002a     tank.o (.text._ZN4Tank4MoveEv)
                  000039d2    00000002     --HOLE-- [fill = 0]
                  000039d4    00000028     Switch.o (.text._Z11Switch_Initv)
                  000039fc    00000028     libc.a : memory.c.obj (.text.free_list_insert)
                  00003a24    00000028     libsysbm.a : write.c.obj (.text.write)
                  00003a4c    00000028     libc.a : boot_cortex_m.c.obj (.text:_c_int00_noargs)
                  00003a74    0000001e     ST7735.o (.text._ZL9pushColort)
                  00003a92    00000002     --HOLE-- [fill = 0]
                  00003a94    0000001c     startup_mspm0g3507_ticlang.o (.text.Default_Handler)
                  00003ab0    0000001c     startup_mspm0g3507_ticlang.o (.text.HardFault_Handler)
                  00003acc    0000001c     ST7735.o (.text._Z11ST7735_openPKcji)
                  00003ae8    0000001c     Switch.o (.text._Z9Switch_Inv)
                  00003b04    0000001c     libc.a : memory.c.obj (.text.free_list_remove)
                  00003b20    0000001a     SlidePot.o (.text._ZN8SlidePotC2Ejj)
                  00003b3a    00000016     libc.a : k_rem_pio2.c.obj (.text.OUTLINED_FUNCTION_0)
                  00003b50    00000010     libclang_rt.builtins.a : adddf3.S.obj (.tramp.__aeabi_dadd.1)
                  00003b60    00000016     ST7735.o (.text._Z11ST7735_readiPcj)
                  00003b76    00000016     libc.a : copy_zero_init.c.obj (.text:decompress:ZI:__TI_zero_init_nomemset)
                  00003b8c    00000014     Lab9HMain.o (.text._GLOBAL__sub_I_Lab9HMain.cpp)
                  00003ba0    00000014     Lab9HMain.o (.text.__cxx_global_var_init.1)
                  00003bb4    00000014     Lab9HMain.o (.text.__cxx_global_var_init)
                  00003bc8    00000012     tank.o (.text._ZN4Tank11NeedsRedrawEv)
                  00003bda    00000012     libc.a : memcpy16.S.obj (.text:TI_memcpy_small)
                  00003bec    00000012            : copy_decompress_none.c.obj (.text:decompress:none)
                  00003bfe    00000010            : k_rem_pio2.c.obj (.text.OUTLINED_FUNCTION_2)
                  00003c0e    00000010     Clock.o (.text._Z11Clock_Delayj)
                  00003c1e    0000000e     libc.a : memory.c.obj (.text.OUTLINED_FUNCTION_0)
                  00003c2c    0000000e     ST7735.o (.text._Z12ST7735_lseekili)
                  00003c3a    0000000e     libsysbm.a : hostrename.c.obj (.text.strcpy)
                  00003c48    0000000e                : hostrename.c.obj (.text.strlen)
                  00003c56    0000000e     libc.a : memset16.S.obj (.text:TI_memset_small)
                  00003c64    0000000c     ST7735.o (.text._Z13ST7735_renamePKcS0_)
                  00003c70    0000000c     SlidePot.o (.text._ZN8SlidePot12lastDistanceEv)
                  00003c7c    0000000c     SlidePot.o (.text._ZN8SlidePot8DistanceEv)
                  00003c88    0000000c     libclang_rt.builtins.a : aeabi_memset.S.obj (.text.__aeabi_memclr)
                  00003c94    0000000c     libc.a : memory.c.obj (.text.malloc)
                  00003ca0    0000000a            : k_rem_pio2.c.obj (.text.OUTLINED_FUNCTION_1)
                  00003caa    0000000a            : s_cosf.c.obj (.text.OUTLINED_FUNCTION_3)
                  00003cb4    0000000a            : s_sinf.c.obj (.text.OUTLINED_FUNCTION_3)
                  00003cbe    0000000a     ST7735.o (.text._Z12ST7735_closei)
                  00003cc8    0000000a     ST7735.o (.text._Z13ST7735_unlinkPKc)
                  00003cd2    0000000a     Lab9HMain.o (.text._Z8PLL_Initv)
                  00003cdc    00000008     libc.a : aeabi_portable.c.obj (.text.__aeabi_errno_addr)
                  00003ce4    00000008     libclang_rt.builtins.a : aeabi_memcpy.S.obj (.text.__aeabi_memcpy)
                  00003cec    00000008     libsysbm.a : remove.c.obj (.text.remove)
                  00003cf4    00000006     libc.a : s_cosf.c.obj (.text.OUTLINED_FUNCTION_0)
                  00003cfa    00000002     --HOLE-- [fill = 0]
                  00003cfc    00000010     libclang_rt.builtins.a : muldf3.S.obj (.tramp.__aeabi_dmul.1)
                  00003d0c    00000006     libc.a : s_sinf.c.obj (.text.OUTLINED_FUNCTION_0)
                  00003d12    00000006            : s_cosf.c.obj (.text.OUTLINED_FUNCTION_1)
                  00003d18    00000006            : s_sinf.c.obj (.text.OUTLINED_FUNCTION_1)
                  00003d1e    00000004            : s_cosf.c.obj (.text.OUTLINED_FUNCTION_2)
                  00003d22    00000002     --HOLE-- [fill = 0]
                  00003d24    00000010     libclang_rt.builtins.a : extendsfdf2.S.obj (.tramp.__aeabi_f2d.1)
                  00003d34    00000004     libc.a : s_sinf.c.obj (.text.OUTLINED_FUNCTION_2)
                  00003d38    00000004     startup_mspm0g3507_ticlang.o (.text.Reset_Handler)
                  00003d3c    00000004     libc.a : pre_init.c.obj (.text._system_pre_init)
                  00003d40    00000004            : exit.c.obj (.text:abort)
                  00003d44    0000000c     --HOLE-- [fill = 0]

.cinit     0    000049d0    00000098     
                  000049d0    0000006e     (.cinit..data.load) [load image, compression = lzss]
                  00004a3e    00000002     --HOLE-- [fill = 0]
                  00004a40    0000000c     (__TI_handler_table)
                  00004a4c    00000008     (.cinit..bss.load) [load image, compression = zero_init]
                  00004a54    00000010     (__TI_cinit_table)
                  00004a64    00000004     --HOLE-- [fill = 0]

.rodata    0    00003d50    00000c78     
                  00003d50    000004fb     ST7735.o (.rodata._ZL4Font)
                  0000424b    00000001     --HOLE-- [fill = 0]
                  0000424c    00000214     Lab9HMain.o (.rodata._ZL7MiniRed)
                  00004460    000001b0     Lab9HMain.o (.rodata._ZL5blank)
                  00004610    000001b0     Lab9HMain.o (.rodata._ZL7RedTank)
                  000047c0    00000108     libc.a : k_rem_pio2.c.obj (.rodata.ipio2)
                  000048c8    00000040            : k_rem_pio2.c.obj (.rodata.PIo2)
                  00004908    0000003b     ST7735.o (.rodata._ZL5Rcmd1)
                  00004943    0000002b     ST7735.o (.rodata._ZL5Rcmd3)
                  0000496e    00000016     ST7735.o (.rodata.str1.59959519694590733531)
                  00004984    00000010     libc.a : k_rem_pio2.c.obj (.rodata.cst16)
                  00004994    0000000d     ST7735.o (.rodata._ZL10Rcmd2green)
                  000049a1    0000000d     ST7735.o (.rodata._ZL8Rcmd2red)
                  000049ae    00000008     ST7735.o (.rodata.str1.48350117711619464051)
                  000049b6    00000007     ST7735.o (.rodata.str1.175719450624619433971)
                  000049bd    00000007     ST7735.o (.rodata.str1.42255827801651177341)
                  000049c4    00000002     ST7735.o (.rodata.str1.145302396146969619001)
                  000049c6    00000002     --HOLE-- [fill = 0]

.init_array 
*          0    000049c8    00000008     
                  000049c8    00000004     Lab9HMain.o (.init_array)
                  000049cc    00000004     --HOLE-- [fill = 0]

.data      0    20200000    000006bd     UNINITIALIZED
                  20200000    00000250     Lab9HMain.o (.data.p1)
                  20200250    00000250     Lab9HMain.o (.data.p2)
                  202004a0    000000f0     libc.a : defs.c.obj (.data._ftable)
                  20200590    00000078     libsysbm.a : host_device.c.obj (.data._device)
                  20200608    00000050                : host_device.c.obj (.data._stream)
                  20200658    00000018     Lab9HMain.o (.data.player1SP)
                  20200670    00000018     Lab9HMain.o (.data.player2SP)
                  20200688    00000008     libc.a : exit.c.obj (.data..L_MergedGlobals)
                  20200690    00000004     Clock.o (.data.BusFreq)
                  20200694    00000004     ST7735.o (.data.StX)
                  20200698    00000004     ST7735.o (.data.StY)
                  2020069c    00000004     libc.a : defs.c.obj (.data.__TI_ft_end)
                  202006a0    00000004            : aeabi_portable.c.obj (.data.__aeabi_errno)
                  202006a4    00000004            : _lock.c.obj (.data._lock)
                  202006a8    00000004            : _lock.c.obj (.data._unlock)
                  202006ac    00000004     Lab9HMain.o (.data.time)
                  202006b0    00000002     ST7735.o (.data._ZL6_width)
                  202006b2    00000002     ST7735.o (.data._ZL7_height)
                  202006b4    00000001     libsysbm.a : add_device.c.obj (.data.add_device.device_init)
                  202006b5    00000003     --HOLE--
                  202006b8    00000001     libc.a : memory.c.obj (.data.memory_is_initialized)
                  202006b9    00000003     --HOLE--
                  202006bc    00000001     libsysbm.a : open.c.obj (.data.open.stream_init)

.sysmem    0    202006c0    00000200     UNINITIALIZED
                  202006c0    00000010     libc.a : memory.c.obj (.sysmem)
                  202006d0    000001f0     --HOLE--

.bss       0    202008c0    000001d9     UNINITIALIZED
                  202008c0    00000120     libsysbm.a : trgmsg.c.obj (.bss:_CIOBUF_)
                  202009e0    000000a0     libc.a : defs.c.obj (.bss.__TI_tmpnams)
                  20200a80    00000008     libsysbm.a : hostopen.c.obj (.bss.parmbuf)
                  20200a88    00000004     TExaS.o (.bss.TExaSLogic)
                  20200a8c    00000004     TExaS.o (.bss.TExaSadc)
                  20200a90    00000004     libc.a : memory.c.obj (.bss.sys_free)
                  20200a94    00000002     ST7735.o (.bss.StTextColor)
                  20200a96    00000001     ST7735.o (.bss._ZL8ColStart)
                  20200a97    00000001     ST7735.o (.bss._ZL8RowStart)
                  20200a98    00000001     ST7735.o (.bss._ZL8TabColor)

.stack     0    20207e00    00000200     UNINITIALIZED
                  20207e00    00000004     libc.a : boot_cortex_m.c.obj (.stack)
                  20207e04    000001fc     --HOLE--

__llvm_prf_cnts 
*          0    20200000    00000000     UNINITIALIZED

__llvm_prf_bits 
*          0    20200000    00000000     UNINITIALIZED

MODULE SUMMARY

       Module                         code    ro data   rw data
       ------                         ----    -------   -------
    .\
       ST7735.o                       2586    1449      17     
       Lab9HMain.o                    474     1400      1236   
       tank.o                         936     0         0      
       Clock.o                        516     0         4      
       SPI.o                          440     0         0      
       SlidePot.o                     340     0         0      
       LaunchPad.o                    180     0         0      
       Timer.o                        148     0         0      
       TExaS.o                        64      0         8      
       Switch.o                       68      0         0      
       Sound.o                        2       0         0      
    +--+------------------------------+-------+---------+---------+
       Total:                         5754    2849      1265   
                                                               
    .\ticlang\
       startup_mspm0g3507_ticlang.o   60      192       0      
    +--+------------------------------+-------+---------+---------+
       Total:                         60      192       0      
                                                               
    C:\ti\ccs2000\ccs\tools\compiler\ti-cgt-armllvm_4.0.1.LTS\lib\armv6m-ti-none-eabi/c/libc.a
       k_rem_pio2.c.obj               1652    344       0      
       s_cosf.c.obj                   822     0         0      
       s_sinf.c.obj                   810     0         0      
       memory.c.obj                   702     0         5      
       fopen.c.obj                    556     0         0      
       defs.c.obj                     0       0         404    
       s_floor.c.obj                  324     0         0      
       setvbuf.c.obj                  224     0         0      
       s_scalbn.c.obj                 216     0         0      
       getdevice.c.obj                160     0         0      
       strcmp-armv6m.S.obj            136     0         0      
       copy_decompress_lzss.c.obj     124     0         0      
       fclose.c.obj                   124     0         0      
       autoinit.c.obj                 84      0         0      
       fflush.c.obj                   82      0         0      
       exit.c.obj                     56      0         8      
       boot_cortex_m.c.obj            40      0         0      
       copy_zero_init.c.obj           22      0         0      
       copy_decompress_none.c.obj     18      0         0      
       memcpy16.S.obj                 18      0         0      
       memset16.S.obj                 14      0         0      
       aeabi_portable.c.obj           8       0         4      
       _lock.c.obj                    2       0         8      
       pre_init.c.obj                 4       0         0      
    +--+------------------------------+-------+---------+---------+
       Total:                         6198    344       429    
                                                               
    C:\ti\ccs2000\ccs\tools\compiler\ti-cgt-armllvm_4.0.1.LTS\lib\armv6m-ti-none-eabi/c/libsysbm.a
       trgmsg.c.obj                   104     0         288    
       add_device.c.obj               236     0         1      
       host_device.c.obj              0       0         200    
       open.c.obj                     160     0         1      
       hostrename.c.obj               136     0         0      
       hostlseek.c.obj                108     0         0      
       hostopen.c.obj                 96      0         8      
       hostread.c.obj                 88      0         0      
       hostwrite.c.obj                88      0         0      
       close.c.obj                    80      0         0      
       hostclose.c.obj                72      0         0      
       hostunlink.c.obj               72      0         0      
       unlink.c.obj                   44      0         0      
       write.c.obj                    40      0         0      
       remove.c.obj                   8       0         0      
    +--+------------------------------+-------+---------+---------+
       Total:                         1332    0         498    
                                                               
    C:\ti\ccs2000\ccs\tools\compiler\ti-cgt-armllvm_4.0.1.LTS\lib\armv6m-ti-none-eabi/libclang_rt.builtins.a
       adddf3.S.obj                   418     0         0      
       muldf3.S.obj                   244     0         0      
       comparedf2.c.obj               220     0         0      
       addsf3.S.obj                   216     0         0      
       mulsf3.S.obj                   140     0         0      
       divsf3.S.obj                   130     0         0      
       truncdfsf2.S.obj               116     0         0      
       aeabi_dcmp.S.obj               98      0         0      
       aeabi_idivmod.S.obj            86      0         0      
       extendsfdf2.S.obj              80      0         0      
       fixdfsi.S.obj                  74      0         0      
       aeabi_uidivmod.S.obj           64      0         0      
       floatsisf.S.obj                60      0         0      
       muldsi3.S.obj                  58      0         0      
       fixsfsi.S.obj                  56      0         0      
       floatsidf.S.obj                44      0         0      
       aeabi_memset.S.obj             12      0         0      
       aeabi_memcpy.S.obj             8       0         0      
       aeabi_div0.c.obj               2       0         0      
    +--+------------------------------+-------+---------+---------+
       Total:                         2126    0         0      
                                                               
       Heap:                          0       0         512    
       Stack:                         0       0         512    
       Linker Generated:              0       146       0      
    +--+------------------------------+-------+---------+---------+
       Grand Total:                   15470   3531      3216   


LINKER GENERATED COPY TABLES

__TI_cinit_table @ 00004a54 records: 2, size/record: 8, table size: 16
	.data: load addr=000049d0, load size=0000006e bytes, run addr=20200000, run size=000006bd bytes, compression=lzss
	.bss: load addr=00004a4c, load size=00000008 bytes, run addr=202008c0, run size=000001d9 bytes, compression=zero_init


LINKER GENERATED HANDLER TABLE

__TI_handler_table @ 00004a40 records: 3, size/record: 4, table size: 12
	index: 0, handler: __TI_decompress_lzss
	index: 1, handler: __TI_decompress_none
	index: 2, handler: __TI_zero_init


FAR CALL TRAMPOLINES

callee name               trampoline name
   callee addr  tramp addr   call addr  call info
--------------  -----------  ---------  ----------------
__aeabi_dadd              $Tramp$TT$L$PI$$__aeabi_dadd
   00001017     00003b50     00003b4e   libc.a : k_rem_pio2.c.obj (.text.OUTLINED_FUNCTION_0)
                             00003ca8          : k_rem_pio2.c.obj (.text.OUTLINED_FUNCTION_1)
                             00003cb2          : s_cosf.c.obj (.text.OUTLINED_FUNCTION_3)
                             00003cbc          : s_sinf.c.obj (.text.OUTLINED_FUNCTION_3)
__aeabi_dmul              $Tramp$TT$L$PI$$__aeabi_dmul
   00001b91     00003cfc     00003cf8   libc.a : s_cosf.c.obj (.text.OUTLINED_FUNCTION_0)
                             00003d10          : s_sinf.c.obj (.text.OUTLINED_FUNCTION_0)
                             00003d16          : s_cosf.c.obj (.text.OUTLINED_FUNCTION_1)
                             00003d1c          : s_sinf.c.obj (.text.OUTLINED_FUNCTION_1)
__aeabi_f2d               $Tramp$TT$L$PI$$__aeabi_f2d
   000033b9     00003d24     00003d20   libc.a : s_cosf.c.obj (.text.OUTLINED_FUNCTION_2)
                             00003d36          : s_sinf.c.obj (.text.OUTLINED_FUNCTION_2)

[3 trampolines]
[10 trampoline calls]


GLOBAL SYMBOLS: SORTED ALPHABETICALLY BY Name 

address   name                             
-------   ----                             
00003a95  ADC0_IRQHandler                  
00003a95  ADC1_IRQHandler                  
00003a95  AES_IRQHandler                   
20200690  BusFreq                          
00003d40  C$$EXIT                          
00003731  C$$IO$$                          
00003a95  CANFD0_IRQHandler                
00003a95  DAC0_IRQHandler                  
00003a95  DMA_IRQHandler                   
00003a95  Default_Handler                  
00003a95  GROUP0_IRQHandler                
00003a95  GROUP1_IRQHandler                
000031d9  HOSTclose                        
00002c05  HOSTlseek                        
00002edd  HOSTopen                         
00002f3d  HOSTread                         
00002c71  HOSTrename                       
00003221  HOSTunlink                       
00002f95  HOSTwrite                        
00003ab1  HardFault_Handler                
00003a95  I2C0_IRQHandler                  
00003a95  I2C1_IRQHandler                  
00003a95  NMI_Handler                      
00003a95  PendSV_Handler                   
00003a95  RTC_IRQHandler                   
00003d39  Reset_Handler                    
000049c8  SHT$$INIT_ARRAY$$Base            
000049cc  SHT$$INIT_ARRAY$$Limit           
00003a95  SPI0_IRQHandler                  
00003a95  SPI1_IRQHandler                  
00003a95  SVC_Handler                      
20200a94  StTextColor                      
20200694  StX                              
20200698  StY                              
0000119f  SysTick_Handler                  
20200a88  TExaSLogic                       
20200a8c  TExaSadc                         
00003a95  TIMA0_IRQHandler                 
00003a95  TIMA1_IRQHandler                 
00003a95  TIMG0_IRQHandler                 
000028a1  TIMG12_IRQHandler                
00003a95  TIMG6_IRQHandler                 
000032f9  TIMG7_IRQHandler                 
00003a95  TIMG8_IRQHandler                 
00003bdb  TI_memcpy_small                  
00003c57  TI_memset_small                  
00003a95  UART0_IRQHandler                 
00003a95  UART1_IRQHandler                 
00003a95  UART2_IRQHandler                 
00003a95  UART3_IRQHandler                 
202008c0  _CIOBUF_                         
00002b85  _Z10Clock_Freqv                  
00003c0f  _Z11Clock_Delayj                 
000034b1  _Z11SPI_OutDatac                 
00003acd  _Z11ST7735_openPKcji             
00003b61  _Z11ST7735_readiPcj              
000039d5  _Z11Switch_Initv                 
00002251  _Z12ST7735_InitR10initRFlags     
00003cbf  _Z12ST7735_closei                
00003c2d  _Z12ST7735_lseekili              
000035ff  _Z12ST7735_writeiPKcj            
00003c65  _Z13ST7735_renamePKcS0_          
00003cc9  _Z13ST7735_unlinkPKc             
00003635  _Z14Clock_Delay1msj              
00002921  _Z14LaunchPad_Initv              
00003269  _Z14SPI_OutCommandc              
000019c1  _Z14ST7735_OutCharc              
000034e9  _Z15ActivatePortA_Bv             
00000cb1  _Z15Clock_Init80MHzi             
000037d5  _Z15ST7735_Color565hhh           
00000e65  _Z15ST7735_DrawCharsscssh        
000015b1  _Z15ST7735_FillRectsssst         
00002569  _Z15TimerG12_IntArmjj            
00003669  _Z16ST7735_SetCursorjj           
00000705  _Z17ST7735_DrawBitmapssPKtss     
00002799  _Z17ST7735_DrawStringttPcs       
000038f9  _Z17ST7735_FillScreent           
000022f1  _Z17ST7735_InitPrintf10initRFlags
00003cd3  _Z8PLL_Initv                     
000017dd  _Z8SPI_Initv                     
00003339  _Z9SPI_Resetv                    
00003ae9  _Z9Switch_Inv                    
00003bc9  _ZN4Tank11NeedsRedrawEv          
00002db1  _ZN4Tank11TriVelocityEi          
000011a1  _ZN4Tank12rotateSpriteEf         
000035c9  _ZN4Tank15rotateIncrementEi      
00003807  _ZN4Tank4DrawEv                  
000039a9  _ZN4Tank4MoveEv                  
00003925  _ZN4Tank5EraseEv                 
000030eb  _ZN4Tank6RotateEi                
00001f05  _ZN4TankC1EiiiPKtS1_hhjj         
00001f05  _ZN4TankC2EiiiPKtS1_hhjj         
00003c71  _ZN8SlidePot12lastDistanceEv     
000032b1  _ZN8SlidePot2InEv                
0000299d  _ZN8SlidePot4InitEv              
00003869  _ZN8SlidePot4SaveEj              
000038c9  _ZN8SlidePot4SyncEv              
00003c7d  _ZN8SlidePot8DistanceEv          
00003b21  _ZN8SlidePotC1Ejj                
00003b21  _ZN8SlidePotC2Ejj                
202008c0  __CIOBUF_                        
20208000  __STACK_END                      
00000200  __STACK_SIZE                     
00000200  __SYSMEM_SIZE                    
00000000  __TI_ATRegion0_region_sz         
00000000  __TI_ATRegion0_src_addr          
00000000  __TI_ATRegion0_trg_addr          
00000000  __TI_ATRegion1_region_sz         
00000000  __TI_ATRegion1_src_addr          
00000000  __TI_ATRegion1_trg_addr          
00000000  __TI_ATRegion2_region_sz         
00000000  __TI_ATRegion2_src_addr          
00000000  __TI_ATRegion2_trg_addr          
00004a54  __TI_CINIT_Base                  
00004a64  __TI_CINIT_Limit                 
00004a64  __TI_CINIT_Warm                  
00004a40  __TI_Handler_Table_Base          
00004a4c  __TI_Handler_Table_Limit         
00003045  __TI_auto_init_nobinit           
0000369d  __TI_cleanup                     
20200688  __TI_cleanup_ptr                 
00002a19  __TI_closefile                   
00002a95  __TI_decompress_lzss             
00003bed  __TI_decompress_none             
00003099  __TI_doflush                     
2020068c  __TI_dtors_ptr                   
2020069c  __TI_ft_end                      
ffffffff  __TI_pprof_out_hndl              
ffffffff  __TI_prof_data_size              
ffffffff  __TI_prof_data_start             
000036d1  __TI_readmsg                     
00000000  __TI_static_base__               
202009e0  __TI_tmpnams                     
00003705  __TI_writemsg                    
00003b77  __TI_zero_init_nomemset          
00001017  __adddf3                         
00001e37  __addsf3                         
00002b91  __aeabi_d2f                      
0000318d  __aeabi_d2iz                     
00001017  __aeabi_dadd                     
00002e79  __aeabi_dcmpeq                   
00002eb5  __aeabi_dcmpge                   
00002ec9  __aeabi_dcmpgt                   
00002ea1  __aeabi_dcmple                   
00002e8d  __aeabi_dcmplt                   
00001b91  __aeabi_dmul                     
0000100d  __aeabi_dsub                     
202006a0  __aeabi_errno                    
00003cdd  __aeabi_errno_addr               
000033b9  __aeabi_f2d                      
00003591  __aeabi_f2iz                     
00001e37  __aeabi_fadd                     
0000281d  __aeabi_fdiv                     
000025fd  __aeabi_fmul                     
00001e2d  __aeabi_fsub                     
00003951  __aeabi_i2d                      
00003439  __aeabi_i2f                      
00002fed  __aeabi_idiv                     
0000224f  __aeabi_idiv0                    
00002fed  __aeabi_idivmod                  
00003c89  __aeabi_memclr                   
00003c89  __aeabi_memclr4                  
00003c89  __aeabi_memclr8                  
00003ce5  __aeabi_memcpy                   
00003ce5  __aeabi_memcpy4                  
00003ce5  __aeabi_memcpy8                  
00003379  __aeabi_uidiv                    
00003379  __aeabi_uidivmod                 
ffffffff  __binit__                        
00002d49  __cmpdf2                         
0000281d  __divsf3                         
00002d49  __eqdf2                          
000033b9  __extendsfdf2                    
0000318d  __fixdfsi                        
00003591  __fixsfsi                        
00003951  __floatsidf                      
00003439  __floatsisf                      
00002b11  __gedf2                          
00002b11  __gtdf2                          
000000c1  __kernel_rem_pio2                
00002d49  __ledf2                          
00002d49  __ltdf2                          
UNDEFED   __mpu_init                       
00001b91  __muldf3                         
00003475  __muldsi3                        
000025fd  __mulsf3                         
00002d49  __nedf2                          
20207e00  __stack                          
20200000  __start___llvm_prf_bits          
20200000  __start___llvm_prf_cnts          
20200000  __stop___llvm_prf_bits           
20200000  __stop___llvm_prf_cnts           
0000100d  __subdf3                         
00001e2d  __subsf3                         
00002b91  __truncdfsf2                     
00003a4d  _c_int00_noargs                  
20200590  _device                          
202004a0  _ftable                          
202006a4  _lock                            
0000289f  _nop                             
20200608  _stream                          
202006c0  _sys_memory                      
UNDEFED   _system_post_cinit               
00003d3d  _system_pre_init                 
202006a8  _unlock                          
00003d41  abort                            
000018d5  add_device                       
000016c9  aligned_alloc                    
ffffffff  binit                            
0000313d  close                            
00000915  cosf                             
00003739  exit                             
0000376d  finddevice                       
0000146d  floor                            
0000146d  floorl                           
00003899  fopen                            
00001aa9  free                             
000037a1  freopen                          
00002cdd  getdevice                        
00000000  interruptVectors                 
00001d55  ldexp                            
00001d55  ldexpl                           
00002109  main                             
00003c95  malloc                           
000016c9  memalign                         
00002391  open                             
20200000  p1                               
20200250  p2                               
20200a80  parmbuf                          
20200658  player1SP                        
20200670  player2SP                        
00003ced  remove                           
00001d55  scalbn                           
00001d55  scalbnl                          
00001c75  setvbuf                          
00000ae9  sinf                             
00002711  strcmp                           
202006ac  time                             
0000397d  unlink                           
00003a25  write                            


GLOBAL SYMBOLS: SORTED BY Symbol Address 

address   name                             
-------   ----                             
00000000  __TI_ATRegion0_region_sz         
00000000  __TI_ATRegion0_src_addr          
00000000  __TI_ATRegion0_trg_addr          
00000000  __TI_ATRegion1_region_sz         
00000000  __TI_ATRegion1_src_addr          
00000000  __TI_ATRegion1_trg_addr          
00000000  __TI_ATRegion2_region_sz         
00000000  __TI_ATRegion2_src_addr          
00000000  __TI_ATRegion2_trg_addr          
00000000  __TI_static_base__               
00000000  interruptVectors                 
000000c1  __kernel_rem_pio2                
00000200  __STACK_SIZE                     
00000200  __SYSMEM_SIZE                    
00000705  _Z17ST7735_DrawBitmapssPKtss     
00000915  cosf                             
00000ae9  sinf                             
00000cb1  _Z15Clock_Init80MHzi             
00000e65  _Z15ST7735_DrawCharsscssh        
0000100d  __aeabi_dsub                     
0000100d  __subdf3                         
00001017  __adddf3                         
00001017  __aeabi_dadd                     
0000119f  SysTick_Handler                  
000011a1  _ZN4Tank12rotateSpriteEf         
0000146d  floor                            
0000146d  floorl                           
000015b1  _Z15ST7735_FillRectsssst         
000016c9  aligned_alloc                    
000016c9  memalign                         
000017dd  _Z8SPI_Initv                     
000018d5  add_device                       
000019c1  _Z14ST7735_OutCharc              
00001aa9  free                             
00001b91  __aeabi_dmul                     
00001b91  __muldf3                         
00001c75  setvbuf                          
00001d55  ldexp                            
00001d55  ldexpl                           
00001d55  scalbn                           
00001d55  scalbnl                          
00001e2d  __aeabi_fsub                     
00001e2d  __subsf3                         
00001e37  __addsf3                         
00001e37  __aeabi_fadd                     
00001f05  _ZN4TankC1EiiiPKtS1_hhjj         
00001f05  _ZN4TankC2EiiiPKtS1_hhjj         
00002109  main                             
0000224f  __aeabi_idiv0                    
00002251  _Z12ST7735_InitR10initRFlags     
000022f1  _Z17ST7735_InitPrintf10initRFlags
00002391  open                             
00002569  _Z15TimerG12_IntArmjj            
000025fd  __aeabi_fmul                     
000025fd  __mulsf3                         
00002711  strcmp                           
00002799  _Z17ST7735_DrawStringttPcs       
0000281d  __aeabi_fdiv                     
0000281d  __divsf3                         
0000289f  _nop                             
000028a1  TIMG12_IRQHandler                
00002921  _Z14LaunchPad_Initv              
0000299d  _ZN8SlidePot4InitEv              
00002a19  __TI_closefile                   
00002a95  __TI_decompress_lzss             
00002b11  __gedf2                          
00002b11  __gtdf2                          
00002b85  _Z10Clock_Freqv                  
00002b91  __aeabi_d2f                      
00002b91  __truncdfsf2                     
00002c05  HOSTlseek                        
00002c71  HOSTrename                       
00002cdd  getdevice                        
00002d49  __cmpdf2                         
00002d49  __eqdf2                          
00002d49  __ledf2                          
00002d49  __ltdf2                          
00002d49  __nedf2                          
00002db1  _ZN4Tank11TriVelocityEi          
00002e79  __aeabi_dcmpeq                   
00002e8d  __aeabi_dcmplt                   
00002ea1  __aeabi_dcmple                   
00002eb5  __aeabi_dcmpge                   
00002ec9  __aeabi_dcmpgt                   
00002edd  HOSTopen                         
00002f3d  HOSTread                         
00002f95  HOSTwrite                        
00002fed  __aeabi_idiv                     
00002fed  __aeabi_idivmod                  
00003045  __TI_auto_init_nobinit           
00003099  __TI_doflush                     
000030eb  _ZN4Tank6RotateEi                
0000313d  close                            
0000318d  __aeabi_d2iz                     
0000318d  __fixdfsi                        
000031d9  HOSTclose                        
00003221  HOSTunlink                       
00003269  _Z14SPI_OutCommandc              
000032b1  _ZN8SlidePot2InEv                
000032f9  TIMG7_IRQHandler                 
00003339  _Z9SPI_Resetv                    
00003379  __aeabi_uidiv                    
00003379  __aeabi_uidivmod                 
000033b9  __aeabi_f2d                      
000033b9  __extendsfdf2                    
00003439  __aeabi_i2f                      
00003439  __floatsisf                      
00003475  __muldsi3                        
000034b1  _Z11SPI_OutDatac                 
000034e9  _Z15ActivatePortA_Bv             
00003591  __aeabi_f2iz                     
00003591  __fixsfsi                        
000035c9  _ZN4Tank15rotateIncrementEi      
000035ff  _Z12ST7735_writeiPKcj            
00003635  _Z14Clock_Delay1msj              
00003669  _Z16ST7735_SetCursorjj           
0000369d  __TI_cleanup                     
000036d1  __TI_readmsg                     
00003705  __TI_writemsg                    
00003731  C$$IO$$                          
00003739  exit                             
0000376d  finddevice                       
000037a1  freopen                          
000037d5  _Z15ST7735_Color565hhh           
00003807  _ZN4Tank4DrawEv                  
00003869  _ZN8SlidePot4SaveEj              
00003899  fopen                            
000038c9  _ZN8SlidePot4SyncEv              
000038f9  _Z17ST7735_FillScreent           
00003925  _ZN4Tank5EraseEv                 
00003951  __aeabi_i2d                      
00003951  __floatsidf                      
0000397d  unlink                           
000039a9  _ZN4Tank4MoveEv                  
000039d5  _Z11Switch_Initv                 
00003a25  write                            
00003a4d  _c_int00_noargs                  
00003a95  ADC0_IRQHandler                  
00003a95  ADC1_IRQHandler                  
00003a95  AES_IRQHandler                   
00003a95  CANFD0_IRQHandler                
00003a95  DAC0_IRQHandler                  
00003a95  DMA_IRQHandler                   
00003a95  Default_Handler                  
00003a95  GROUP0_IRQHandler                
00003a95  GROUP1_IRQHandler                
00003a95  I2C0_IRQHandler                  
00003a95  I2C1_IRQHandler                  
00003a95  NMI_Handler                      
00003a95  PendSV_Handler                   
00003a95  RTC_IRQHandler                   
00003a95  SPI0_IRQHandler                  
00003a95  SPI1_IRQHandler                  
00003a95  SVC_Handler                      
00003a95  TIMA0_IRQHandler                 
00003a95  TIMA1_IRQHandler                 
00003a95  TIMG0_IRQHandler                 
00003a95  TIMG6_IRQHandler                 
00003a95  TIMG8_IRQHandler                 
00003a95  UART0_IRQHandler                 
00003a95  UART1_IRQHandler                 
00003a95  UART2_IRQHandler                 
00003a95  UART3_IRQHandler                 
00003ab1  HardFault_Handler                
00003acd  _Z11ST7735_openPKcji             
00003ae9  _Z9Switch_Inv                    
00003b21  _ZN8SlidePotC1Ejj                
00003b21  _ZN8SlidePotC2Ejj                
00003b61  _Z11ST7735_readiPcj              
00003b77  __TI_zero_init_nomemset          
00003bc9  _ZN4Tank11NeedsRedrawEv          
00003bdb  TI_memcpy_small                  
00003bed  __TI_decompress_none             
00003c0f  _Z11Clock_Delayj                 
00003c2d  _Z12ST7735_lseekili              
00003c57  TI_memset_small                  
00003c65  _Z13ST7735_renamePKcS0_          
00003c71  _ZN8SlidePot12lastDistanceEv     
00003c7d  _ZN8SlidePot8DistanceEv          
00003c89  __aeabi_memclr                   
00003c89  __aeabi_memclr4                  
00003c89  __aeabi_memclr8                  
00003c95  malloc                           
00003cbf  _Z12ST7735_closei                
00003cc9  _Z13ST7735_unlinkPKc             
00003cd3  _Z8PLL_Initv                     
00003cdd  __aeabi_errno_addr               
00003ce5  __aeabi_memcpy                   
00003ce5  __aeabi_memcpy4                  
00003ce5  __aeabi_memcpy8                  
00003ced  remove                           
00003d39  Reset_Handler                    
00003d3d  _system_pre_init                 
00003d40  C$$EXIT                          
00003d41  abort                            
000049c8  SHT$$INIT_ARRAY$$Base            
000049cc  SHT$$INIT_ARRAY$$Limit           
00004a40  __TI_Handler_Table_Base          
00004a4c  __TI_Handler_Table_Limit         
00004a54  __TI_CINIT_Base                  
00004a64  __TI_CINIT_Limit                 
00004a64  __TI_CINIT_Warm                  
20200000  __start___llvm_prf_bits          
20200000  __start___llvm_prf_cnts          
20200000  __stop___llvm_prf_bits           
20200000  __stop___llvm_prf_cnts           
20200000  p1                               
20200250  p2                               
202004a0  _ftable                          
20200590  _device                          
20200608  _stream                          
20200658  player1SP                        
20200670  player2SP                        
20200688  __TI_cleanup_ptr                 
2020068c  __TI_dtors_ptr                   
20200690  BusFreq                          
20200694  StX                              
20200698  StY                              
2020069c  __TI_ft_end                      
202006a0  __aeabi_errno                    
202006a4  _lock                            
202006a8  _unlock                          
202006ac  time                             
202006c0  _sys_memory                      
202008c0  _CIOBUF_                         
202008c0  __CIOBUF_                        
202009e0  __TI_tmpnams                     
20200a80  parmbuf                          
20200a88  TExaSLogic                       
20200a8c  TExaSadc                         
20200a94  StTextColor                      
20207e00  __stack                          
20208000  __STACK_END                      
ffffffff  __TI_pprof_out_hndl              
ffffffff  __TI_prof_data_size              
ffffffff  __TI_prof_data_start             
ffffffff  __binit__                        
ffffffff  binit                            
UNDEFED   __mpu_init                       
UNDEFED   _system_post_cinit               

[240 symbols]
