******************************************************************************
            TI ARM Clang Linker PC v4.0.1                      
******************************************************************************
>> Linked Sat Apr 19 19:59:27 2025

OUTPUT FILE NAME:   <ECE319K_Lab9H.out>
ENTRY POINT SYMBOL: "_c_int00_noargs"  address: 00004329


MEMORY CONFIGURATION

         name            origin    length      used     unused   attr    fill
----------------------  --------  ---------  --------  --------  ----  --------
  FLASH                 00000000   00020000  000052a0  0001ad60  R  X
  SRAM                  20200000   00008000  00000e76  0000718a  RW X
  BCR_CONFIG            41c00000   00000080  00000000  00000080  R   
  BSL_CONFIG            41c00100   00000080  00000000  00000080  R   


SEGMENT ALLOCATION MAP

run origin  load origin   length   init length attrs members
----------  ----------- ---------- ----------- ----- -------
00000000    00000000    000052a0   000052a0    r-x
  00000000    00000000    000000c0   000000c0    r-- .intvecs
  000000c0    000000c0    00004610   00004610    r-x .text
  000046d0    000046d0    00000b30   00000b30    r-- .rodata
  00005200    00005200    00000008   00000008    r-- .init_array
  00005208    00005208    00000098   00000098    r-- .cinit
20200000    20200000    00000c79   00000000    rw-
  20200000    20200000    0000089d   00000000    rw- .data
  202008a0    202008a0    00000200   00000000    rw- .sysmem
  20200aa0    20200aa0    000001d9   00000000    rw- .bss
20207e00    20207e00    00000200   00000000    rw-
  20207e00    20207e00    00000200   00000000    rw- .stack


SECTION ALLOCATION MAP

 output                                  attributes/
section   page    origin      length       input sections
--------  ----  ----------  ----------   ----------------
.intvecs   0    00000000    000000c0     
                  00000000    000000c0     startup_mspm0g3507_ticlang.o (.intvecs)

.binit     0    00000000    00000000     

.text      0    000000c0    00004610     
                  000000c0    00000644     libc.a : k_rem_pio2.c.obj (.text.__kernel_rem_pio2)
                  00000704    00000210     ST7735.o (.text._Z17ST7735_DrawBitmapssPKtss)
                  00000914    000001f4     Lab9HMain.o (.text.main)
                  00000b08    000001d4     libc.a : s_cosf.c.obj (.text.cosf)
                  00000cdc    000001c8            : s_sinf.c.obj (.text.sinf)
                  00000ea4    000001b4     Clock.o (.text._Z15Clock_Init80MHzi)
                  00001058    000001a8     ST7735.o (.text._Z15ST7735_DrawCharsscssh)
                  00001200    00000192     libclang_rt.builtins.a : adddf3.S.obj (.text.adddf3_subdf3)
                  00001392    00000002     Sound.o (.text.SysTick_Handler)
                  00001394    00000178     tank.o (.text._ZN4Tank12rotateSpriteEf)
                  0000150c    00000154     libc.a : fopen.c.obj (.text._openfile)
                  00001660    00000144            : s_floor.c.obj (.text.floor)
                  000017a4    00000128     TExaS.o (.text._Z8ADC_InitP10ADC12_Regsjj)
                  000018cc    00000118     ST7735.o (.text._Z15ST7735_FillRectsssst)
                  000019e4    00000114     libc.a : memory.c.obj (.text.aligned_alloc)
                  00001af8    000000f8     SPI.o (.text._Z8SPI_Initv)
                  00001bf0    000000ec     libsysbm.a : add_device.c.obj (.text.add_device)
                  00001cdc    000000e8     ST7735.o (.text._Z14ST7735_OutCharc)
                  00001dc4    000000e8     TExaS.o (.text._Z9UART_Initv)
                  00001eac    000000e8     libc.a : memory.c.obj (.text.free)
                  00001f94    000000e4     libclang_rt.builtins.a : muldf3.S.obj (.text.__muldf3)
                  00002078    000000e0     libc.a : setvbuf.c.obj (.text.setvbuf)
                  00002158    000000d8            : s_scalbn.c.obj (.text.scalbn)
                  00002230    000000d8     libclang_rt.builtins.a : addsf3.S.obj (.text)
                  00002308    000000d0     Lab9HMain.o (.text.TIMG12_IRQHandler)
                  000023d8    000000c4     bullet.o (.text._ZN6Bullet4MoveEv)
                  0000249c    000000ac     libc.a : s_cosf.c.obj (.text.__kernel_sindf)
                  00002548    000000ac            : s_sinf.c.obj (.text.__kernel_sindf)
                  000025f4    000000a8     Timer.o (.text._Z14TimerG7_IntArmtjj)
                  0000269c    000000a6     tank.o (.text._ZN4TankC2EiiiPKthhjj)
                  00002742    000000a2     ST7735.o (.text._ZL11commandListPKh)
                  000027e4    000000a0     ST7735.o (.text._Z12ST7735_InitR10initRFlags)
                  00002884    000000a0     ST7735.o (.text._Z17ST7735_InitPrintf10initRFlags)
                  00002924    000000a0     libsysbm.a : open.c.obj (.text.open)
                  000029c4    0000009c     libc.a : s_cosf.c.obj (.text.__kernel_cosdf)
                  00002a60    0000009c            : s_sinf.c.obj (.text.__kernel_cosdf)
                  00002afc    0000009a     tank.o (.text._ZN4Tank5ShootEP6Bulleti)
                  00002b96    00000002     Sound.o (.text._Z10Sound_Initv)
                  00002b98    00000094     Timer.o (.text._Z15TimerG12_IntArmjj)
                  00002c2c    00000090     SlidePot.o (.text._ZN8SlidePot4InitEj)
                  00002cbc    0000008c     libclang_rt.builtins.a : mulsf3.S.obj (.text.__mulsf3)
                  00002d48    00000088     ST7735.o (.text._ZL13setAddrWindowhhhh)
                  00002dd0    00000088     libc.a : strcmp-armv6m.S.obj (.text:strcmp)
                  00002e58    00000084     ST7735.o (.text._Z17ST7735_DrawStringttPcs)
                  00002edc    00000082     libclang_rt.builtins.a : divsf3.S.obj (.text.__divsf3)
                  00002f5e    00000002                            : aeabi_div0.c.obj (.text.__aeabi_idiv0)
                  00002f60    00000080     bullet.o (.text._ZN6Bullet4InitEiifii)
                  00002fe0    0000007c     LaunchPad.o (.text._Z14LaunchPad_Initv)
                  0000305c    0000007c     libc.a : fclose.c.obj (.text.__TI_closefile)
                  000030d8    0000007c            : copy_decompress_lzss.c.obj (.text:decompress:lzss)
                  00003154    00000074     libclang_rt.builtins.a : comparedf2.c.obj (.text.__gedf2)
                  000031c8    00000008     libc.a : aeabi_portable.c.obj (.text.__aeabi_errno_addr)
                  000031d0    00000074     libclang_rt.builtins.a : truncdfsf2.S.obj (.text.__truncdfsf2)
                  00003244    0000006c     libsysbm.a : hostlseek.c.obj (.text.HOSTlseek)
                  000032b0    0000006c                : hostrename.c.obj (.text.HOSTrename)
                  0000331c    0000006c     libc.a : getdevice.c.obj (.text.getdevice)
                  00003388    00000068     libclang_rt.builtins.a : comparedf2.c.obj (.text.__ledf2)
                  000033f0    00000064     tank.o (.text._ZN4Tank11TriVelocityEi)
                  00003454    00000064     libc.a : memory.c.obj (.text.split)
                  000034b8    00000062     libclang_rt.builtins.a : aeabi_dcmp.S.obj (.text.__aeabi_dcmp)
                  0000351a    00000002     libc.a : _lock.c.obj (.text._nop)
                  0000351c    00000062     libclang_rt.builtins.a : aeabi_fcmp.S.obj (.text.__aeabi_fcmp)
                  0000357e    00000002     --HOLE-- [fill = 0]
                  00003580    00000060     libsysbm.a : hostopen.c.obj (.text.HOSTopen)
                  000035e0    00000060     SlidePot.o (.text._ZN8SlidePot2InEv)
                  00003640    00000058     libsysbm.a : hostread.c.obj (.text.HOSTread)
                  00003698    00000058                : hostwrite.c.obj (.text.HOSTwrite)
                  000036f0    00000058     TExaS.o (.text._Z10TExaS_InitP10ADC12_RegsjPFhvE)
                  00003748    00000056     libclang_rt.builtins.a : aeabi_idivmod.S.obj (.text.__aeabi_idivmod)
                  0000379e    00000002     --HOLE-- [fill = 0]
                  000037a0    00000054     libc.a : autoinit.c.obj (.text:__TI_auto_init_nobinit)
                  000037f4    00000052            : fflush.c.obj (.text.__TI_doflush)
                  00003846    00000050     tank.o (.text._ZN4Tank6RotateEi)
                  00003896    00000002     --HOLE-- [fill = 0]
                  00003898    00000050     libsysbm.a : close.c.obj (.text.close)
                  000038e8    0000004a     libclang_rt.builtins.a : fixdfsi.S.obj (.text.__fixdfsi)
                  00003932    00000002     --HOLE-- [fill = 0]
                  00003934    00000048     libsysbm.a : hostclose.c.obj (.text.HOSTclose)
                  0000397c    00000048                : hostunlink.c.obj (.text.HOSTunlink)
                  000039c4    00000048     SPI.o (.text._Z14SPI_OutCommandc)
                  00003a0c    00000040     TExaS.o (.text.TIMG7_IRQHandler)
                  00003a4c    00000040     SPI.o (.text._Z9SPI_Resetv)
                  00003a8c    00000040     bullet.o (.text._ZN6Bullet4DrawEv)
                  00003acc    00000040     libclang_rt.builtins.a : aeabi_uidivmod.S.obj (.text.__aeabi_uidivmod)
                  00003b0c    00000040                            : extendsfdf2.S.obj (.text.__extendsfdf2)
                  00003b4c    00000040     libc.a : fopen.c.obj (.text._search_fp)
                  00003b8c    0000003c     libclang_rt.builtins.a : floatsisf.S.obj (.text.__floatsisf)
                  00003bc8    0000003c                            : comparesf2.S.obj (.text.__gtsf2)
                  00003c04    0000003a                            : comparesf2.S.obj (.text.__eqsf2)
                  00003c3e    00000002     --HOLE-- [fill = 0]
                  00003c40    0000003a                            : muldsi3.S.obj (.text.__muldsi3)
                  00003c7a    00000002     --HOLE-- [fill = 0]
                  00003c7c    00000038     SPI.o (.text._Z11SPI_OutDatac)
                  00003cb4    00000038     LaunchPad.o (.text._Z15ActivatePortA_Bv)
                  00003cec    00000038     bullet.o (.text._ZN6Bullet5EraseEv)
                  00003d24    00000038     libclang_rt.builtins.a : fixsfsi.S.obj (.text.__fixsfsi)
                  00003d5c    00000036     tank.o (.text._ZN4Tank15rotateIncrementEi)
                  00003d92    00000034     ST7735.o (.text._Z12ST7735_writeiPKcj)
                  00003dc6    00000002     --HOLE-- [fill = 0]
                  00003dc8    00000034     Clock.o (.text._Z14Clock_Delay1msj)
                  00003dfc    00000034     ST7735.o (.text._Z16ST7735_SetCursorjj)
                  00003e30    00000034     LED.o (.text._Z8LED_Initv)
                  00003e64    00000034     libc.a : fopen.c.obj (.text.__TI_cleanup)
                  00003e98    00000034     libsysbm.a : trgmsg.c.obj (.text.__TI_readmsg)
                  00003ecc    00000034                : trgmsg.c.obj (.text.__TI_writemsg)
                  00003f00    00000034     libc.a : exit.c.obj (.text.exit)
                  00003f34    00000034            : getdevice.c.obj (.text.finddevice)
                  00003f68    00000034            : fopen.c.obj (.text.freopen)
                  00003f9c    00000032     ST7735.o (.text._Z15ST7735_Color565hhh)
                  00003fce    00000032     tank.o (.text._ZN4Tank13TickCooldownsEv)
                  00004000    00000032     tank.o (.text._ZN4Tank4DrawEv)
                  00004032    00000002     --HOLE-- [fill = 0]
                  00004034    00000030     ST7735.o (.text._ZL10commonInitPKh)
                  00004064    00000030     SlidePot.o (.text._ZN8SlidePot4SaveEj)
                  00004094    00000030     Lab9HMain.o (.text.__cxx_global_var_init.4)
                  000040c4    00000030     Lab9HMain.o (.text.__cxx_global_var_init.5)
                  000040f4    00000030     libc.a : fopen.c.obj (.text.fopen)
                  00004124    0000002e     SlidePot.o (.text._ZN8SlidePot4SyncEv)
                  00004152    00000002     --HOLE-- [fill = 0]
                  00004154    0000002c     ST7735.o (.text._Z17ST7735_FillScreent)
                  00004180    0000002c     tank.o (.text._ZN4Tank5EraseEv)
                  000041ac    0000002c     Lab9HMain.o (.text.__cxx_global_var_init.1)
                  000041d8    0000002c     Lab9HMain.o (.text.__cxx_global_var_init)
                  00004204    0000002c     libclang_rt.builtins.a : floatsidf.S.obj (.text.__floatsidf)
                  00004230    0000002c     libsysbm.a : unlink.c.obj (.text.unlink)
                  0000425c    0000002a     tank.o (.text._ZN4Tank4MoveEv)
                  00004286    00000002     --HOLE-- [fill = 0]
                  00004288    00000028     Switch.o (.text._Z11Switch_Initv)
                  000042b0    00000028     TExaS.o (.text._Z9ADC_StartP10ADC12_Regs)
                  000042d8    00000028     libc.a : memory.c.obj (.text.free_list_insert)
                  00004300    00000028     libsysbm.a : write.c.obj (.text.write)
                  00004328    00000028     libc.a : boot_cortex_m.c.obj (.text:_c_int00_noargs)
                  00004350    0000001e     ST7735.o (.text._ZL9pushColort)
                  0000436e    00000002     --HOLE-- [fill = 0]
                  00004370    0000001c     startup_mspm0g3507_ticlang.o (.text.Default_Handler)
                  0000438c    0000001c     startup_mspm0g3507_ticlang.o (.text.HardFault_Handler)
                  000043a8    0000001c     Lab9HMain.o (.text._GLOBAL__sub_I_Lab9HMain.cpp)
                  000043c4    0000001c     Switch.o (.text._Z10Switch_In1v)
                  000043e0    0000001c     Switch.o (.text._Z10Switch_In2v)
                  000043fc    0000001c     ST7735.o (.text._Z11ST7735_openPKcji)
                  00004418    0000001c     Switch.o (.text._Z7P1SHOOTv)
                  00004434    0000001c     Switch.o (.text._Z7P2SHOOTv)
                  00004450    0000001c     libc.a : memory.c.obj (.text.free_list_remove)
                  0000446c    0000001a     SlidePot.o (.text._ZN8SlidePotC2Ejj)
                  00004486    00000018     bullet.o (.text._ZN6BulletC2Ev)
                  0000449e    00000016     libc.a : k_rem_pio2.c.obj (.text.OUTLINED_FUNCTION_0)
                  000044b4    00000010     libclang_rt.builtins.a : adddf3.S.obj (.tramp.__aeabi_dadd.1)
                  000044c4    00000016     ST7735.o (.text._Z11ST7735_readiPcj)
                  000044da    00000016     libc.a : copy_zero_init.c.obj (.text:decompress:ZI:__TI_zero_init_nomemset)
                  000044f0    00000014     Lab9HMain.o (.text.__cxx_global_var_init.2)
                  00004504    00000014     Lab9HMain.o (.text.__cxx_global_var_init.3)
                  00004518    00000012     tank.o (.text._ZN4Tank11NeedsRedrawEv)
                  0000452a    00000012     libc.a : memcpy16.S.obj (.text:TI_memcpy_small)
                  0000453c    00000012            : copy_decompress_none.c.obj (.text:decompress:none)
                  0000454e    00000010            : k_rem_pio2.c.obj (.text.OUTLINED_FUNCTION_2)
                  0000455e    00000010     Clock.o (.text._Z11Clock_Delayj)
                  0000456e    00000002     --HOLE-- [fill = 0]
                  00004570    00000010     Lab9HMain.o (.text._Z28TExaS_LaunchPadLogicPB27PB26v)
                  00004580    00000010     tank.o (.text._ZN4Tank8CanShootEv)
                  00004590    00000010     bullet.o (.text._ZNK6Bullet8IsActiveEv)
                  000045a0    0000000e     libc.a : memory.c.obj (.text.OUTLINED_FUNCTION_0)
                  000045ae    0000000e     ST7735.o (.text._Z12ST7735_lseekili)
                  000045bc    0000000e     libsysbm.a : hostrename.c.obj (.text.strcpy)
                  000045ca    0000000e                : hostrename.c.obj (.text.strlen)
                  000045d8    0000000e     libc.a : memset16.S.obj (.text:TI_memset_small)
                  000045e6    00000002     --HOLE-- [fill = 0]
                  000045e8    0000000c     Clock.o (.text._Z10Clock_Freqv)
                  000045f4    0000000c     ST7735.o (.text._Z13ST7735_renamePKcS0_)
                  00004600    0000000c     SlidePot.o (.text._ZN8SlidePot12lastDistanceEv)
                  0000460c    0000000c     SlidePot.o (.text._ZN8SlidePot8DistanceEv)
                  00004618    0000000c     libclang_rt.builtins.a : aeabi_memset.S.obj (.text.__aeabi_memclr)
                  00004624    0000000c     libc.a : memory.c.obj (.text.malloc)
                  00004630    0000000a            : k_rem_pio2.c.obj (.text.OUTLINED_FUNCTION_1)
                  0000463a    0000000a            : s_cosf.c.obj (.text.OUTLINED_FUNCTION_3)
                  00004644    0000000a            : s_sinf.c.obj (.text.OUTLINED_FUNCTION_3)
                  0000464e    0000000a     ST7735.o (.text._Z12ST7735_closei)
                  00004658    0000000a     ST7735.o (.text._Z13ST7735_unlinkPKc)
                  00004662    0000000a     Lab9HMain.o (.text._Z8PLL_Initv)
                  0000466c    00000008     libclang_rt.builtins.a : aeabi_memcpy.S.obj (.text.__aeabi_memcpy)
                  00004674    00000008     libsysbm.a : remove.c.obj (.text.remove)
                  0000467c    00000006     libc.a : s_cosf.c.obj (.text.OUTLINED_FUNCTION_0)
                  00004682    00000002     --HOLE-- [fill = 0]
                  00004684    00000010     libclang_rt.builtins.a : muldf3.S.obj (.tramp.__aeabi_dmul.1)
                  00004694    00000006     libc.a : s_sinf.c.obj (.text.OUTLINED_FUNCTION_0)
                  0000469a    00000006            : s_cosf.c.obj (.text.OUTLINED_FUNCTION_1)
                  000046a0    00000006            : s_sinf.c.obj (.text.OUTLINED_FUNCTION_1)
                  000046a6    00000004            : s_cosf.c.obj (.text.OUTLINED_FUNCTION_2)
                  000046aa    00000002     --HOLE-- [fill = 0]
                  000046ac    00000010     libclang_rt.builtins.a : extendsfdf2.S.obj (.tramp.__aeabi_f2d.1)
                  000046bc    00000004     libc.a : s_sinf.c.obj (.text.OUTLINED_FUNCTION_2)
                  000046c0    00000004     startup_mspm0g3507_ticlang.o (.text.Reset_Handler)
                  000046c4    00000004     libc.a : pre_init.c.obj (.text._system_pre_init)
                  000046c8    00000004            : exit.c.obj (.text:abort)
                  000046cc    00000004     --HOLE-- [fill = 0]

.cinit     0    00005208    00000098     
                  00005208    00000070     (.cinit..data.load) [load image, compression = lzss]
                  00005278    0000000c     (__TI_handler_table)
                  00005284    00000008     (.cinit..bss.load) [load image, compression = zero_init]
                  0000528c    00000010     (__TI_cinit_table)
                  0000529c    00000004     --HOLE-- [fill = 0]

.rodata    0    000046d0    00000b30     
                  000046d0    000004fb     ST7735.o (.rodata._ZL4Font)
                  00004bcb    00000001     --HOLE-- [fill = 0]
                  00004bcc    00000214     Lab9HMain.o (.rodata._ZL7MiniRed)
                  00004de0    00000214     Lab9HMain.o (.rodata._ZL8MiniBlue)
                  00004ff4    00000108     libc.a : k_rem_pio2.c.obj (.rodata.ipio2)
                  000050fc    00000002     ST7735.o (.rodata.str1.145302396146969619001)
                  000050fe    00000002     --HOLE-- [fill = 0]
                  00005100    00000040     libc.a : k_rem_pio2.c.obj (.rodata.PIo2)
                  00005140    0000003b     ST7735.o (.rodata._ZL5Rcmd1)
                  0000517b    0000002b     ST7735.o (.rodata._ZL5Rcmd3)
                  000051a6    00000016     ST7735.o (.rodata.str1.59959519694590733531)
                  000051bc    00000010     libc.a : k_rem_pio2.c.obj (.rodata.cst16)
                  000051cc    0000000d     ST7735.o (.rodata._ZL10Rcmd2green)
                  000051d9    0000000d     ST7735.o (.rodata._ZL8Rcmd2red)
                  000051e6    00000008     ST7735.o (.rodata.str1.48350117711619464051)
                  000051ee    00000007     ST7735.o (.rodata.str1.175719450624619433971)
                  000051f5    00000007     ST7735.o (.rodata.str1.42255827801651177341)
                  000051fc    00000004     --HOLE-- [fill = 0]

.init_array 
*          0    00005200    00000008     
                  00005200    00000004     Lab9HMain.o (.init_array)
                  00005204    00000004     --HOLE-- [fill = 0]

.data      0    20200000    0000089d     UNINITIALIZED
                  20200000    0000024c     Lab9HMain.o (.data.p1)
                  2020024c    0000024c     Lab9HMain.o (.data.p2)
                  20200498    000000f0     libc.a : defs.c.obj (.data._ftable)
                  20200588    000000f0     Lab9HMain.o (.data.bullets1)
                  20200678    000000f0     Lab9HMain.o (.data.bullets2)
                  20200768    00000078     libsysbm.a : host_device.c.obj (.data._device)
                  202007e0    00000050                : host_device.c.obj (.data._stream)
                  20200830    0000001c     Lab9HMain.o (.data.player1SP)
                  2020084c    0000001c     Lab9HMain.o (.data.player2SP)
                  20200868    00000008     libc.a : exit.c.obj (.data..L_MergedGlobals)
                  20200870    00000004     Clock.o (.data.BusFreq)
                  20200874    00000004     ST7735.o (.data.StX)
                  20200878    00000004     ST7735.o (.data.StY)
                  2020087c    00000004     libc.a : defs.c.obj (.data.__TI_ft_end)
                  20200880    00000004            : aeabi_portable.c.obj (.data.__aeabi_errno)
                  20200884    00000004            : _lock.c.obj (.data._lock)
                  20200888    00000004            : _lock.c.obj (.data._unlock)
                  2020088c    00000004     Lab9HMain.o (.data.time)
                  20200890    00000002     ST7735.o (.data._ZL6_width)
                  20200892    00000002     ST7735.o (.data._ZL7_height)
                  20200894    00000001     libsysbm.a : add_device.c.obj (.data.add_device.device_init)
                  20200895    00000001     Lab9HMain.o (.data.bulletFlag)
                  20200896    00000002     --HOLE--
                  20200898    00000001     libc.a : memory.c.obj (.data.memory_is_initialized)
                  20200899    00000003     --HOLE--
                  2020089c    00000001     libsysbm.a : open.c.obj (.data.open.stream_init)

.sysmem    0    202008a0    00000200     UNINITIALIZED
                  202008a0    00000010     libc.a : memory.c.obj (.sysmem)
                  202008b0    000001f0     --HOLE--

.bss       0    20200aa0    000001d9     UNINITIALIZED
                  20200aa0    00000120     libsysbm.a : trgmsg.c.obj (.bss:_CIOBUF_)
                  20200bc0    000000a0     libc.a : defs.c.obj (.bss.__TI_tmpnams)
                  20200c60    00000008     libsysbm.a : hostopen.c.obj (.bss.parmbuf)
                  20200c68    00000004     TExaS.o (.bss.TExaSLogic)
                  20200c6c    00000004     TExaS.o (.bss.TExaSadc)
                  20200c70    00000004     libc.a : memory.c.obj (.bss.sys_free)
                  20200c74    00000002     ST7735.o (.bss.StTextColor)
                  20200c76    00000001     ST7735.o (.bss._ZL8ColStart)
                  20200c77    00000001     ST7735.o (.bss._ZL8RowStart)
                  20200c78    00000001     ST7735.o (.bss._ZL8TabColor)

.stack     0    20207e00    00000200     UNINITIALIZED
                  20207e00    00000004     libc.a : boot_cortex_m.c.obj (.stack)
                  20207e04    000001fc     --HOLE--

__llvm_prf_cnts 
*          0    20200000    00000000     UNINITIALIZED

__llvm_prf_bits 
*          0    20200000    00000000     UNINITIALIZED

MODULE SUMMARY

       Module                         code    ro data   rw data
       ------                         ----    -------   -------
    .\
       ST7735.o                       2586    1449      17     
       Lab9HMain.o                    986     1068      1717   
       tank.o                         1150    0         0      
       TExaS.o                        720     0         8      
       Clock.o                        516     0         4      
       bullet.o                       484     0         0      
       SPI.o                          440     0         0      
       SlidePot.o                     384     0         0      
       Timer.o                        316     0         0      
       LaunchPad.o                    180     0         0      
       Switch.o                       152     0         0      
       LED.o                          52      0         0      
       Sound.o                        4       0         0      
    +--+------------------------------+-------+---------+---------+
       Total:                         7970    2517      1746   
                                                               
    .\ticlang\
       startup_mspm0g3507_ticlang.o   60      192       0      
    +--+------------------------------+-------+---------+---------+
       Total:                         60      192       0      
                                                               
    C:\ti\ccs2000\ccs\tools\compiler\ti-cgt-armllvm_4.0.1.LTS\lib\armv6m-ti-none-eabi/c/libc.a
       k_rem_pio2.c.obj               1652    344       0      
       s_cosf.c.obj                   822     0         0      
       s_sinf.c.obj                   810     0         0      
       memory.c.obj                   702     0         5      
       fopen.c.obj                    556     0         0      
       defs.c.obj                     0       0         404    
       s_floor.c.obj                  324     0         0      
       setvbuf.c.obj                  224     0         0      
       s_scalbn.c.obj                 216     0         0      
       getdevice.c.obj                160     0         0      
       strcmp-armv6m.S.obj            136     0         0      
       copy_decompress_lzss.c.obj     124     0         0      
       fclose.c.obj                   124     0         0      
       autoinit.c.obj                 84      0         0      
       fflush.c.obj                   82      0         0      
       exit.c.obj                     56      0         8      
       boot_cortex_m.c.obj            40      0         0      
       copy_zero_init.c.obj           22      0         0      
       copy_decompress_none.c.obj     18      0         0      
       memcpy16.S.obj                 18      0         0      
       memset16.S.obj                 14      0         0      
       aeabi_portable.c.obj           8       0         4      
       _lock.c.obj                    2       0         8      
       pre_init.c.obj                 4       0         0      
    +--+------------------------------+-------+---------+---------+
       Total:                         6198    344       429    
                                                               
    C:\ti\ccs2000\ccs\tools\compiler\ti-cgt-armllvm_4.0.1.LTS\lib\armv6m-ti-none-eabi/c/libsysbm.a
       trgmsg.c.obj                   104     0         288    
       add_device.c.obj               236     0         1      
       host_device.c.obj              0       0         200    
       open.c.obj                     160     0         1      
       hostrename.c.obj               136     0         0      
       hostlseek.c.obj                108     0         0      
       hostopen.c.obj                 96      0         8      
       hostread.c.obj                 88      0         0      
       hostwrite.c.obj                88      0         0      
       close.c.obj                    80      0         0      
       hostclose.c.obj                72      0         0      
       hostunlink.c.obj               72      0         0      
       unlink.c.obj                   44      0         0      
       write.c.obj                    40      0         0      
       remove.c.obj                   8       0         0      
    +--+------------------------------+-------+---------+---------+
       Total:                         1332    0         498    
                                                               
    C:\ti\ccs2000\ccs\tools\compiler\ti-cgt-armllvm_4.0.1.LTS\lib\armv6m-ti-none-eabi/libclang_rt.builtins.a
       adddf3.S.obj                   418     0         0      
       muldf3.S.obj                   244     0         0      
       comparedf2.c.obj               220     0         0      
       addsf3.S.obj                   216     0         0      
       mulsf3.S.obj                   140     0         0      
       divsf3.S.obj                   130     0         0      
       comparesf2.S.obj               118     0         0      
       truncdfsf2.S.obj               116     0         0      
       aeabi_dcmp.S.obj               98      0         0      
       aeabi_fcmp.S.obj               98      0         0      
       aeabi_idivmod.S.obj            86      0         0      
       extendsfdf2.S.obj              80      0         0      
       fixdfsi.S.obj                  74      0         0      
       aeabi_uidivmod.S.obj           64      0         0      
       floatsisf.S.obj                60      0         0      
       muldsi3.S.obj                  58      0         0      
       fixsfsi.S.obj                  56      0         0      
       floatsidf.S.obj                44      0         0      
       aeabi_memset.S.obj             12      0         0      
       aeabi_memcpy.S.obj             8       0         0      
       aeabi_div0.c.obj               2       0         0      
    +--+------------------------------+-------+---------+---------+
       Total:                         2342    0         0      
                                                               
       Heap:                          0       0         512    
       Stack:                         0       0         512    
       Linker Generated:              0       148       0      
    +--+------------------------------+-------+---------+---------+
       Grand Total:                   17902   3201      3697   


LINKER GENERATED COPY TABLES

__TI_cinit_table @ 0000528c records: 2, size/record: 8, table size: 16
	.data: load addr=00005208, load size=00000070 bytes, run addr=20200000, run size=0000089d bytes, compression=lzss
	.bss: load addr=00005284, load size=00000008 bytes, run addr=20200aa0, run size=000001d9 bytes, compression=zero_init


LINKER GENERATED HANDLER TABLE

__TI_handler_table @ 00005278 records: 3, size/record: 4, table size: 12
	index: 0, handler: __TI_decompress_lzss
	index: 1, handler: __TI_decompress_none
	index: 2, handler: __TI_zero_init


FAR CALL TRAMPOLINES

callee name               trampoline name
   callee addr  tramp addr   call addr  call info
--------------  -----------  ---------  ----------------
__aeabi_dadd              $Tramp$TT$L$PI$$__aeabi_dadd
   0000120b     000044b4     000044b2   libc.a : k_rem_pio2.c.obj (.text.OUTLINED_FUNCTION_0)
                             00004638          : k_rem_pio2.c.obj (.text.OUTLINED_FUNCTION_1)
                             00004642          : s_cosf.c.obj (.text.OUTLINED_FUNCTION_3)
                             0000464c          : s_sinf.c.obj (.text.OUTLINED_FUNCTION_3)
__aeabi_dmul              $Tramp$TT$L$PI$$__aeabi_dmul
   00001f95     00004684     00004680   libc.a : s_cosf.c.obj (.text.OUTLINED_FUNCTION_0)
                             00004698          : s_sinf.c.obj (.text.OUTLINED_FUNCTION_0)
                             0000469e          : s_cosf.c.obj (.text.OUTLINED_FUNCTION_1)
                             000046a4          : s_sinf.c.obj (.text.OUTLINED_FUNCTION_1)
__aeabi_f2d               $Tramp$TT$L$PI$$__aeabi_f2d
   00003b0d     000046ac     000046a8   libc.a : s_cosf.c.obj (.text.OUTLINED_FUNCTION_2)
                             000046be          : s_sinf.c.obj (.text.OUTLINED_FUNCTION_2)

[3 trampolines]
[10 trampoline calls]


GLOBAL SYMBOLS: SORTED ALPHABETICALLY BY Name 

address   name                             
-------   ----                             
00004371  ADC0_IRQHandler                  
00004371  ADC1_IRQHandler                  
00004371  AES_IRQHandler                   
20200870  BusFreq                          
000046c8  C$$EXIT                          
00003ef9  C$$IO$$                          
00004371  CANFD0_IRQHandler                
00004371  DAC0_IRQHandler                  
00004371  DMA_IRQHandler                   
00004371  Default_Handler                  
00004371  GROUP0_IRQHandler                
00004371  GROUP1_IRQHandler                
00003935  HOSTclose                        
00003245  HOSTlseek                        
00003581  HOSTopen                         
00003641  HOSTread                         
000032b1  HOSTrename                       
0000397d  HOSTunlink                       
00003699  HOSTwrite                        
0000438d  HardFault_Handler                
00004371  I2C0_IRQHandler                  
00004371  I2C1_IRQHandler                  
00004371  NMI_Handler                      
00004371  PendSV_Handler                   
00004371  RTC_IRQHandler                   
000046c1  Reset_Handler                    
00005200  SHT$$INIT_ARRAY$$Base            
00005204  SHT$$INIT_ARRAY$$Limit           
00004371  SPI0_IRQHandler                  
00004371  SPI1_IRQHandler                  
00004371  SVC_Handler                      
20200c74  StTextColor                      
20200874  StX                              
20200878  StY                              
00001393  SysTick_Handler                  
20200c68  TExaSLogic                       
20200c6c  TExaSadc                         
00004371  TIMA0_IRQHandler                 
00004371  TIMA1_IRQHandler                 
00004371  TIMG0_IRQHandler                 
00002309  TIMG12_IRQHandler                
00004371  TIMG6_IRQHandler                 
00003a0d  TIMG7_IRQHandler                 
00004371  TIMG8_IRQHandler                 
0000452b  TI_memcpy_small                  
000045d9  TI_memset_small                  
00004371  UART0_IRQHandler                 
00004371  UART1_IRQHandler                 
00004371  UART2_IRQHandler                 
00004371  UART3_IRQHandler                 
20200aa0  _CIOBUF_                         
000045e9  _Z10Clock_Freqv                  
00002b97  _Z10Sound_Initv                  
000043c5  _Z10Switch_In1v                  
000043e1  _Z10Switch_In2v                  
000036f1  _Z10TExaS_InitP10ADC12_RegsjPFhvE
0000455f  _Z11Clock_Delayj                 
00003c7d  _Z11SPI_OutDatac                 
000043fd  _Z11ST7735_openPKcji             
000044c5  _Z11ST7735_readiPcj              
00004289  _Z11Switch_Initv                 
000027e5  _Z12ST7735_InitR10initRFlags     
0000464f  _Z12ST7735_closei                
000045af  _Z12ST7735_lseekili              
00003d93  _Z12ST7735_writeiPKcj            
000045f5  _Z13ST7735_renamePKcS0_          
00004659  _Z13ST7735_unlinkPKc             
00003dc9  _Z14Clock_Delay1msj              
00002fe1  _Z14LaunchPad_Initv              
000039c5  _Z14SPI_OutCommandc              
00001cdd  _Z14ST7735_OutCharc              
000025f5  _Z14TimerG7_IntArmtjj            
00003cb5  _Z15ActivatePortA_Bv             
00000ea5  _Z15Clock_Init80MHzi             
00003f9d  _Z15ST7735_Color565hhh           
00001059  _Z15ST7735_DrawCharsscssh        
000018cd  _Z15ST7735_FillRectsssst         
00002b99  _Z15TimerG12_IntArmjj            
00003dfd  _Z16ST7735_SetCursorjj           
00000705  _Z17ST7735_DrawBitmapssPKtss     
00002e59  _Z17ST7735_DrawStringttPcs       
00004155  _Z17ST7735_FillScreent           
00002885  _Z17ST7735_InitPrintf10initRFlags
00004571  _Z28TExaS_LaunchPadLogicPB27PB26v
00004419  _Z7P1SHOOTv                      
00004435  _Z7P2SHOOTv                      
000017a5  _Z8ADC_InitP10ADC12_Regsjj       
00003e31  _Z8LED_Initv                     
00004663  _Z8PLL_Initv                     
00001af9  _Z8SPI_Initv                     
000042b1  _Z9ADC_StartP10ADC12_Regs        
00003a4d  _Z9SPI_Resetv                    
00001dc5  _Z9UART_Initv                    
00004519  _ZN4Tank11NeedsRedrawEv          
000033f1  _ZN4Tank11TriVelocityEi          
00001395  _ZN4Tank12rotateSpriteEf         
00003fcf  _ZN4Tank13TickCooldownsEv        
00003d5d  _ZN4Tank15rotateIncrementEi      
00004001  _ZN4Tank4DrawEv                  
0000425d  _ZN4Tank4MoveEv                  
00004181  _ZN4Tank5EraseEv                 
00002afd  _ZN4Tank5ShootEP6Bulleti         
00003847  _ZN4Tank6RotateEi                
00004581  _ZN4Tank8CanShootEv              
0000269d  _ZN4TankC1EiiiPKthhjj            
0000269d  _ZN4TankC2EiiiPKthhjj            
00003a8d  _ZN6Bullet4DrawEv                
00002f61  _ZN6Bullet4InitEiifii            
000023d9  _ZN6Bullet4MoveEv                
00003ced  _ZN6Bullet5EraseEv               
00004487  _ZN6BulletC1Ev                   
00004487  _ZN6BulletC2Ev                   
00004601  _ZN8SlidePot12lastDistanceEv     
000035e1  _ZN8SlidePot2InEv                
00002c2d  _ZN8SlidePot4InitEj              
00004065  _ZN8SlidePot4SaveEj              
00004125  _ZN8SlidePot4SyncEv              
0000460d  _ZN8SlidePot8DistanceEv          
0000446d  _ZN8SlidePotC1Ejj                
0000446d  _ZN8SlidePotC2Ejj                
00004591  _ZNK6Bullet8IsActiveEv           
20200aa0  __CIOBUF_                        
20208000  __STACK_END                      
00000200  __STACK_SIZE                     
00000200  __SYSMEM_SIZE                    
00000000  __TI_ATRegion0_region_sz         
00000000  __TI_ATRegion0_src_addr          
00000000  __TI_ATRegion0_trg_addr          
00000000  __TI_ATRegion1_region_sz         
00000000  __TI_ATRegion1_src_addr          
00000000  __TI_ATRegion1_trg_addr          
00000000  __TI_ATRegion2_region_sz         
00000000  __TI_ATRegion2_src_addr          
00000000  __TI_ATRegion2_trg_addr          
0000528c  __TI_CINIT_Base                  
0000529c  __TI_CINIT_Limit                 
0000529c  __TI_CINIT_Warm                  
00005278  __TI_Handler_Table_Base          
00005284  __TI_Handler_Table_Limit         
000037a1  __TI_auto_init_nobinit           
00003e65  __TI_cleanup                     
20200868  __TI_cleanup_ptr                 
0000305d  __TI_closefile                   
000030d9  __TI_decompress_lzss             
0000453d  __TI_decompress_none             
000037f5  __TI_doflush                     
2020086c  __TI_dtors_ptr                   
2020087c  __TI_ft_end                      
ffffffff  __TI_pprof_out_hndl              
ffffffff  __TI_prof_data_size              
ffffffff  __TI_prof_data_start             
00003e99  __TI_readmsg                     
00000000  __TI_static_base__               
20200bc0  __TI_tmpnams                     
00003ecd  __TI_writemsg                    
000044db  __TI_zero_init_nomemset          
0000120b  __adddf3                         
0000223b  __addsf3                         
000031d1  __aeabi_d2f                      
000038e9  __aeabi_d2iz                     
0000120b  __aeabi_dadd                     
000034b9  __aeabi_dcmpeq                   
000034f5  __aeabi_dcmpge                   
00003509  __aeabi_dcmpgt                   
000034e1  __aeabi_dcmple                   
000034cd  __aeabi_dcmplt                   
00001f95  __aeabi_dmul                     
00001201  __aeabi_dsub                     
20200880  __aeabi_errno                    
000031c9  __aeabi_errno_addr               
00003b0d  __aeabi_f2d                      
00003d25  __aeabi_f2iz                     
0000223b  __aeabi_fadd                     
0000351d  __aeabi_fcmpeq                   
00003559  __aeabi_fcmpge                   
0000356d  __aeabi_fcmpgt                   
00003545  __aeabi_fcmple                   
00003531  __aeabi_fcmplt                   
00002edd  __aeabi_fdiv                     
00002cbd  __aeabi_fmul                     
00002231  __aeabi_fsub                     
00004205  __aeabi_i2d                      
00003b8d  __aeabi_i2f                      
00003749  __aeabi_idiv                     
00002f5f  __aeabi_idiv0                    
00003749  __aeabi_idivmod                  
00004619  __aeabi_memclr                   
00004619  __aeabi_memclr4                  
00004619  __aeabi_memclr8                  
0000466d  __aeabi_memcpy                   
0000466d  __aeabi_memcpy4                  
0000466d  __aeabi_memcpy8                  
00003acd  __aeabi_uidiv                    
00003acd  __aeabi_uidivmod                 
ffffffff  __binit__                        
00003389  __cmpdf2                         
00003c05  __cmpsf2                         
00002edd  __divsf3                         
00003389  __eqdf2                          
00003c05  __eqsf2                          
00003b0d  __extendsfdf2                    
000038e9  __fixdfsi                        
00003d25  __fixsfsi                        
00004205  __floatsidf                      
00003b8d  __floatsisf                      
00003155  __gedf2                          
00003bc9  __gesf2                          
00003155  __gtdf2                          
00003bc9  __gtsf2                          
000000c1  __kernel_rem_pio2                
00003389  __ledf2                          
00003c05  __lesf2                          
00003389  __ltdf2                          
00003c05  __ltsf2                          
UNDEFED   __mpu_init                       
00001f95  __muldf3                         
00003c41  __muldsi3                        
00002cbd  __mulsf3                         
00003389  __nedf2                          
00003c05  __nesf2                          
20207e00  __stack                          
20200000  __start___llvm_prf_bits          
20200000  __start___llvm_prf_cnts          
20200000  __stop___llvm_prf_bits           
20200000  __stop___llvm_prf_cnts           
00001201  __subdf3                         
00002231  __subsf3                         
000031d1  __truncdfsf2                     
00004329  _c_int00_noargs                  
20200768  _device                          
20200498  _ftable                          
20200884  _lock                            
0000351b  _nop                             
202007e0  _stream                          
202008a0  _sys_memory                      
UNDEFED   _system_post_cinit               
000046c5  _system_pre_init                 
20200888  _unlock                          
000046c9  abort                            
00001bf1  add_device                       
000019e5  aligned_alloc                    
ffffffff  binit                            
20200895  bulletFlag                       
20200588  bullets1                         
20200678  bullets2                         
00003899  close                            
00000b09  cosf                             
00003f01  exit                             
00003f35  finddevice                       
00001661  floor                            
00001661  floorl                           
000040f5  fopen                            
00001ead  free                             
00003f69  freopen                          
0000331d  getdevice                        
00000000  interruptVectors                 
00002159  ldexp                            
00002159  ldexpl                           
00000915  main                             
00004625  malloc                           
000019e5  memalign                         
00002925  open                             
20200000  p1                               
2020024c  p2                               
20200c60  parmbuf                          
20200830  player1SP                        
2020084c  player2SP                        
00004675  remove                           
00002159  scalbn                           
00002159  scalbnl                          
00002079  setvbuf                          
00000cdd  sinf                             
00002dd1  strcmp                           
2020088c  time                             
00004231  unlink                           
00004301  write                            


GLOBAL SYMBOLS: SORTED BY Symbol Address 

address   name                             
-------   ----                             
00000000  __TI_ATRegion0_region_sz         
00000000  __TI_ATRegion0_src_addr          
00000000  __TI_ATRegion0_trg_addr          
00000000  __TI_ATRegion1_region_sz         
00000000  __TI_ATRegion1_src_addr          
00000000  __TI_ATRegion1_trg_addr          
00000000  __TI_ATRegion2_region_sz         
00000000  __TI_ATRegion2_src_addr          
00000000  __TI_ATRegion2_trg_addr          
00000000  __TI_static_base__               
00000000  interruptVectors                 
000000c1  __kernel_rem_pio2                
00000200  __STACK_SIZE                     
00000200  __SYSMEM_SIZE                    
00000705  _Z17ST7735_DrawBitmapssPKtss     
00000915  main                             
00000b09  cosf                             
00000cdd  sinf                             
00000ea5  _Z15Clock_Init80MHzi             
00001059  _Z15ST7735_DrawCharsscssh        
00001201  __aeabi_dsub                     
00001201  __subdf3                         
0000120b  __adddf3                         
0000120b  __aeabi_dadd                     
00001393  SysTick_Handler                  
00001395  _ZN4Tank12rotateSpriteEf         
00001661  floor                            
00001661  floorl                           
000017a5  _Z8ADC_InitP10ADC12_Regsjj       
000018cd  _Z15ST7735_FillRectsssst         
000019e5  aligned_alloc                    
000019e5  memalign                         
00001af9  _Z8SPI_Initv                     
00001bf1  add_device                       
00001cdd  _Z14ST7735_OutCharc              
00001dc5  _Z9UART_Initv                    
00001ead  free                             
00001f95  __aeabi_dmul                     
00001f95  __muldf3                         
00002079  setvbuf                          
00002159  ldexp                            
00002159  ldexpl                           
00002159  scalbn                           
00002159  scalbnl                          
00002231  __aeabi_fsub                     
00002231  __subsf3                         
0000223b  __addsf3                         
0000223b  __aeabi_fadd                     
00002309  TIMG12_IRQHandler                
000023d9  _ZN6Bullet4MoveEv                
000025f5  _Z14TimerG7_IntArmtjj            
0000269d  _ZN4TankC1EiiiPKthhjj            
0000269d  _ZN4TankC2EiiiPKthhjj            
000027e5  _Z12ST7735_InitR10initRFlags     
00002885  _Z17ST7735_InitPrintf10initRFlags
00002925  open                             
00002afd  _ZN4Tank5ShootEP6Bulleti         
00002b97  _Z10Sound_Initv                  
00002b99  _Z15TimerG12_IntArmjj            
00002c2d  _ZN8SlidePot4InitEj              
00002cbd  __aeabi_fmul                     
00002cbd  __mulsf3                         
00002dd1  strcmp                           
00002e59  _Z17ST7735_DrawStringttPcs       
00002edd  __aeabi_fdiv                     
00002edd  __divsf3                         
00002f5f  __aeabi_idiv0                    
00002f61  _ZN6Bullet4InitEiifii            
00002fe1  _Z14LaunchPad_Initv              
0000305d  __TI_closefile                   
000030d9  __TI_decompress_lzss             
00003155  __gedf2                          
00003155  __gtdf2                          
000031c9  __aeabi_errno_addr               
000031d1  __aeabi_d2f                      
000031d1  __truncdfsf2                     
00003245  HOSTlseek                        
000032b1  HOSTrename                       
0000331d  getdevice                        
00003389  __cmpdf2                         
00003389  __eqdf2                          
00003389  __ledf2                          
00003389  __ltdf2                          
00003389  __nedf2                          
000033f1  _ZN4Tank11TriVelocityEi          
000034b9  __aeabi_dcmpeq                   
000034cd  __aeabi_dcmplt                   
000034e1  __aeabi_dcmple                   
000034f5  __aeabi_dcmpge                   
00003509  __aeabi_dcmpgt                   
0000351b  _nop                             
0000351d  __aeabi_fcmpeq                   
00003531  __aeabi_fcmplt                   
00003545  __aeabi_fcmple                   
00003559  __aeabi_fcmpge                   
0000356d  __aeabi_fcmpgt                   
00003581  HOSTopen                         
000035e1  _ZN8SlidePot2InEv                
00003641  HOSTread                         
00003699  HOSTwrite                        
000036f1  _Z10TExaS_InitP10ADC12_RegsjPFhvE
00003749  __aeabi_idiv                     
00003749  __aeabi_idivmod                  
000037a1  __TI_auto_init_nobinit           
000037f5  __TI_doflush                     
00003847  _ZN4Tank6RotateEi                
00003899  close                            
000038e9  __aeabi_d2iz                     
000038e9  __fixdfsi                        
00003935  HOSTclose                        
0000397d  HOSTunlink                       
000039c5  _Z14SPI_OutCommandc              
00003a0d  TIMG7_IRQHandler                 
00003a4d  _Z9SPI_Resetv                    
00003a8d  _ZN6Bullet4DrawEv                
00003acd  __aeabi_uidiv                    
00003acd  __aeabi_uidivmod                 
00003b0d  __aeabi_f2d                      
00003b0d  __extendsfdf2                    
00003b8d  __aeabi_i2f                      
00003b8d  __floatsisf                      
00003bc9  __gesf2                          
00003bc9  __gtsf2                          
00003c05  __cmpsf2                         
00003c05  __eqsf2                          
00003c05  __lesf2                          
00003c05  __ltsf2                          
00003c05  __nesf2                          
00003c41  __muldsi3                        
00003c7d  _Z11SPI_OutDatac                 
00003cb5  _Z15ActivatePortA_Bv             
00003ced  _ZN6Bullet5EraseEv               
00003d25  __aeabi_f2iz                     
00003d25  __fixsfsi                        
00003d5d  _ZN4Tank15rotateIncrementEi      
00003d93  _Z12ST7735_writeiPKcj            
00003dc9  _Z14Clock_Delay1msj              
00003dfd  _Z16ST7735_SetCursorjj           
00003e31  _Z8LED_Initv                     
00003e65  __TI_cleanup                     
00003e99  __TI_readmsg                     
00003ecd  __TI_writemsg                    
00003ef9  C$$IO$$                          
00003f01  exit                             
00003f35  finddevice                       
00003f69  freopen                          
00003f9d  _Z15ST7735_Color565hhh           
00003fcf  _ZN4Tank13TickCooldownsEv        
00004001  _ZN4Tank4DrawEv                  
00004065  _ZN8SlidePot4SaveEj              
000040f5  fopen                            
00004125  _ZN8SlidePot4SyncEv              
00004155  _Z17ST7735_FillScreent           
00004181  _ZN4Tank5EraseEv                 
00004205  __aeabi_i2d                      
00004205  __floatsidf                      
00004231  unlink                           
0000425d  _ZN4Tank4MoveEv                  
00004289  _Z11Switch_Initv                 
000042b1  _Z9ADC_StartP10ADC12_Regs        
00004301  write                            
00004329  _c_int00_noargs                  
00004371  ADC0_IRQHandler                  
00004371  ADC1_IRQHandler                  
00004371  AES_IRQHandler                   
00004371  CANFD0_IRQHandler                
00004371  DAC0_IRQHandler                  
00004371  DMA_IRQHandler                   
00004371  Default_Handler                  
00004371  GROUP0_IRQHandler                
00004371  GROUP1_IRQHandler                
00004371  I2C0_IRQHandler                  
00004371  I2C1_IRQHandler                  
00004371  NMI_Handler                      
00004371  PendSV_Handler                   
00004371  RTC_IRQHandler                   
00004371  SPI0_IRQHandler                  
00004371  SPI1_IRQHandler                  
00004371  SVC_Handler                      
00004371  TIMA0_IRQHandler                 
00004371  TIMA1_IRQHandler                 
00004371  TIMG0_IRQHandler                 
00004371  TIMG6_IRQHandler                 
00004371  TIMG8_IRQHandler                 
00004371  UART0_IRQHandler                 
00004371  UART1_IRQHandler                 
00004371  UART2_IRQHandler                 
00004371  UART3_IRQHandler                 
0000438d  HardFault_Handler                
000043c5  _Z10Switch_In1v                  
000043e1  _Z10Switch_In2v                  
000043fd  _Z11ST7735_openPKcji             
00004419  _Z7P1SHOOTv                      
00004435  _Z7P2SHOOTv                      
0000446d  _ZN8SlidePotC1Ejj                
0000446d  _ZN8SlidePotC2Ejj                
00004487  _ZN6BulletC1Ev                   
00004487  _ZN6BulletC2Ev                   
000044c5  _Z11ST7735_readiPcj              
000044db  __TI_zero_init_nomemset          
00004519  _ZN4Tank11NeedsRedrawEv          
0000452b  TI_memcpy_small                  
0000453d  __TI_decompress_none             
0000455f  _Z11Clock_Delayj                 
00004571  _Z28TExaS_LaunchPadLogicPB27PB26v
00004581  _ZN4Tank8CanShootEv              
00004591  _ZNK6Bullet8IsActiveEv           
000045af  _Z12ST7735_lseekili              
000045d9  TI_memset_small                  
000045e9  _Z10Clock_Freqv                  
000045f5  _Z13ST7735_renamePKcS0_          
00004601  _ZN8SlidePot12lastDistanceEv     
0000460d  _ZN8SlidePot8DistanceEv          
00004619  __aeabi_memclr                   
00004619  __aeabi_memclr4                  
00004619  __aeabi_memclr8                  
00004625  malloc                           
0000464f  _Z12ST7735_closei                
00004659  _Z13ST7735_unlinkPKc             
00004663  _Z8PLL_Initv                     
0000466d  __aeabi_memcpy                   
0000466d  __aeabi_memcpy4                  
0000466d  __aeabi_memcpy8                  
00004675  remove                           
000046c1  Reset_Handler                    
000046c5  _system_pre_init                 
000046c8  C$$EXIT                          
000046c9  abort                            
00005200  SHT$$INIT_ARRAY$$Base            
00005204  SHT$$INIT_ARRAY$$Limit           
00005278  __TI_Handler_Table_Base          
00005284  __TI_Handler_Table_Limit         
0000528c  __TI_CINIT_Base                  
0000529c  __TI_CINIT_Limit                 
0000529c  __TI_CINIT_Warm                  
20200000  __start___llvm_prf_bits          
20200000  __start___llvm_prf_cnts          
20200000  __stop___llvm_prf_bits           
20200000  __stop___llvm_prf_cnts           
20200000  p1                               
2020024c  p2                               
20200498  _ftable                          
20200588  bullets1                         
20200678  bullets2                         
20200768  _device                          
202007e0  _stream                          
20200830  player1SP                        
2020084c  player2SP                        
20200868  __TI_cleanup_ptr                 
2020086c  __TI_dtors_ptr                   
20200870  BusFreq                          
20200874  StX                              
20200878  StY                              
2020087c  __TI_ft_end                      
20200880  __aeabi_errno                    
20200884  _lock                            
20200888  _unlock                          
2020088c  time                             
20200895  bulletFlag                       
202008a0  _sys_memory                      
20200aa0  _CIOBUF_                         
20200aa0  __CIOBUF_                        
20200bc0  __TI_tmpnams                     
20200c60  parmbuf                          
20200c68  TExaSLogic                       
20200c6c  TExaSadc                         
20200c74  StTextColor                      
20207e00  __stack                          
20208000  __STACK_END                      
ffffffff  __TI_pprof_out_hndl              
ffffffff  __TI_prof_data_size              
ffffffff  __TI_prof_data_start             
ffffffff  __binit__                        
ffffffff  binit                            
UNDEFED   __mpu_init                       
UNDEFED   _system_post_cinit               

[276 symbols]
