******************************************************************************
            TI ARM Clang Linker PC v4.0.1                      
******************************************************************************
>> Linked Tue Apr 15 01:37:02 2025

OUTPUT FILE NAME:   <ECE319K_Lab9H.out>
ENTRY POINT SYMBOL: "_c_int00_noargs"  address: 00003849


MEMORY CONFIGURATION

         name            origin    length      used     unused   attr    fill
----------------------  --------  ---------  --------  --------  ----  --------
  FLASH                 00000000   00020000  00004980  0001b680  R  X
  SRAM                  20200000   00008000  00000eaa  00007156  RW X
  BCR_CONFIG            41c00000   00000080  00000000  00000080  R   
  BSL_CONFIG            41c00100   00000080  00000000  00000080  R   


SEGMENT ALLOCATION MAP

run origin  load origin   length   init length attrs members
----------  ----------- ---------- ----------- ----- -------
00000000    00000000    00004980   00004980    r-x
  00000000    00000000    000000c0   000000c0    r-- .intvecs
  000000c0    000000c0    00003aa0   00003aa0    r-x .text
  00003b60    00003b60    00000d88   00000d88    r-- .rodata
  000048e8    000048e8    00000008   00000008    r-- .init_array
  000048f0    000048f0    00000090   00000090    r-- .cinit
20200000    20200000    00000cb1   00000000    rw-
  20200000    20200000    000008d1   00000000    rw- .data
  202008d8    202008d8    00000200   00000000    rw- .sysmem
  20200ad8    20200ad8    000001d9   00000000    rw- .bss
20207e00    20207e00    00000200   00000000    rw-
  20207e00    20207e00    00000200   00000000    rw- .stack


SECTION ALLOCATION MAP

 output                                  attributes/
section   page    origin      length       input sections
--------  ----  ----------  ----------   ----------------
.intvecs   0    00000000    000000c0     
                  00000000    000000c0     startup_mspm0g3507_ticlang.o (.intvecs)

.binit     0    00000000    00000000     

.text      0    000000c0    00003aa0     
                  000000c0    00000644     libc.a : k_rem_pio2.c.obj (.text.__kernel_rem_pio2)
                  00000704    00000210     ST7735.o (.text._Z17ST7735_DrawBitmapssPKtss)
                  00000914    000001d4     libc.a : s_cosf.c.obj (.text.cosf)
                  00000ae8    000001c8            : s_sinf.c.obj (.text.sinf)
                  00000cb0    000001b4     Clock.o (.text._Z15Clock_Init80MHzi)
                  00000e64    000001a8     ST7735.o (.text._Z15ST7735_DrawCharsscssh)
                  0000100c    00000192     libclang_rt.builtins.a : adddf3.S.obj (.text.adddf3_subdf3)
                  0000119e    00000002     Sound.o (.text.SysTick_Handler)
                  000011a0    00000158     tank.o (.text._ZN4Tank12rotateSpriteEf)
                  000012f8    00000154     libc.a : fopen.c.obj (.text._openfile)
                  0000144c    00000144            : s_floor.c.obj (.text.floor)
                  00001590    00000118     ST7735.o (.text._Z15ST7735_FillRectsssst)
                  000016a8    00000114     libc.a : memory.c.obj (.text.aligned_alloc)
                  000017bc    000000f8     SPI.o (.text._Z8SPI_Initv)
                  000018b4    000000ec     libsysbm.a : add_device.c.obj (.text.add_device)
                  000019a0    000000e8     ST7735.o (.text._Z14ST7735_OutCharc)
                  00001a88    000000e8     libc.a : memory.c.obj (.text.free)
                  00001b70    000000e4     libclang_rt.builtins.a : muldf3.S.obj (.text.__muldf3)
                  00001c54    000000e0     libc.a : setvbuf.c.obj (.text.setvbuf)
                  00001d34    000000d8            : s_scalbn.c.obj (.text.scalbn)
                  00001e0c    000000d8     libclang_rt.builtins.a : addsf3.S.obj (.text)
                  00001ee4    000000ac     tank.o (.text._ZN4TankC2EiiiPKtS1_hhjj)
                  00001f90    000000ac     libc.a : s_cosf.c.obj (.text.__kernel_sindf)
                  0000203c    000000ac            : s_sinf.c.obj (.text.__kernel_sindf)
                  000020e8    000000a2     ST7735.o (.text._ZL11commandListPKh)
                  0000218a    00000002     libclang_rt.builtins.a : aeabi_div0.c.obj (.text.__aeabi_idiv0)
                  0000218c    000000a0     ST7735.o (.text._Z12ST7735_InitR10initRFlags)
                  0000222c    000000a0     ST7735.o (.text._Z17ST7735_InitPrintf10initRFlags)
                  000022cc    000000a0     libsysbm.a : open.c.obj (.text.open)
                  0000236c    0000009c     libc.a : s_cosf.c.obj (.text.__kernel_cosdf)
                  00002408    0000009c            : s_sinf.c.obj (.text.__kernel_cosdf)
                  000024a4    00000094     Timer.o (.text._Z15TimerG12_IntArmjj)
                  00002538    0000008c     libclang_rt.builtins.a : mulsf3.S.obj (.text.__mulsf3)
                  000025c4    00000088     ST7735.o (.text._ZL13setAddrWindowhhhh)
                  0000264c    00000088     Lab9HMain.o (.text.main)
                  000026d4    0000000c     Clock.o (.text._Z10Clock_Freqv)
                  000026e0    00000088     libc.a : strcmp-armv6m.S.obj (.text:strcmp)
                  00002768    00000084     ST7735.o (.text._Z17ST7735_DrawStringttPcs)
                  000027ec    0000007c     LaunchPad.o (.text._Z14LaunchPad_Initv)
                  00002868    0000007c     SlidePot.o (.text._ZN8SlidePot4InitEv)
                  000028e4    0000007c     libc.a : fclose.c.obj (.text.__TI_closefile)
                  00002960    0000007c            : copy_decompress_lzss.c.obj (.text:decompress:lzss)
                  000029dc    00000074     Lab9HMain.o (.text.TIMG12_IRQHandler)
                  00002a50    00000074     libclang_rt.builtins.a : comparedf2.c.obj (.text.__gedf2)
                  00002ac4    0000000c     ST7735.o (.text._Z13ST7735_renamePKcS0_)
                  00002ad0    00000074     libclang_rt.builtins.a : truncdfsf2.S.obj (.text.__truncdfsf2)
                  00002b44    0000006c     libsysbm.a : hostlseek.c.obj (.text.HOSTlseek)
                  00002bb0    0000006c                : hostrename.c.obj (.text.HOSTrename)
                  00002c1c    0000006c     libc.a : getdevice.c.obj (.text.getdevice)
                  00002c88    00000068     libclang_rt.builtins.a : comparedf2.c.obj (.text.__ledf2)
                  00002cf0    00000064     libc.a : memory.c.obj (.text.split)
                  00002d54    00000062     libclang_rt.builtins.a : aeabi_dcmp.S.obj (.text.__aeabi_dcmp)
                  00002db6    00000002     libc.a : _lock.c.obj (.text._nop)
                  00002db8    00000060     libsysbm.a : hostopen.c.obj (.text.HOSTopen)
                  00002e18    00000058                : hostread.c.obj (.text.HOSTread)
                  00002e70    00000058                : hostwrite.c.obj (.text.HOSTwrite)
                  00002ec8    00000056     libclang_rt.builtins.a : aeabi_idivmod.S.obj (.text.__aeabi_idivmod)
                  00002f1e    00000002     --HOLE-- [fill = 0]
                  00002f20    00000054     libc.a : autoinit.c.obj (.text:__TI_auto_init_nobinit)
                  00002f74    00000052            : fflush.c.obj (.text.__TI_doflush)
                  00002fc6    00000050     tank.o (.text._ZN4Tank6RotateEi)
                  00003016    00000002     --HOLE-- [fill = 0]
                  00003018    00000050     libsysbm.a : close.c.obj (.text.close)
                  00003068    0000004a     libclang_rt.builtins.a : fixdfsi.S.obj (.text.__fixdfsi)
                  000030b2    00000002     --HOLE-- [fill = 0]
                  000030b4    00000048     libsysbm.a : hostclose.c.obj (.text.HOSTclose)
                  000030fc    00000048                : hostunlink.c.obj (.text.HOSTunlink)
                  00003144    00000048     SPI.o (.text._Z14SPI_OutCommandc)
                  0000318c    00000048     SlidePot.o (.text._ZN8SlidePot2InEv)
                  000031d4    00000040     TExaS.o (.text.TIMG7_IRQHandler)
                  00003214    00000040     SPI.o (.text._Z9SPI_Resetv)
                  00003254    00000040     libclang_rt.builtins.a : aeabi_uidivmod.S.obj (.text.__aeabi_uidivmod)
                  00003294    00000040                            : extendsfdf2.S.obj (.text.__extendsfdf2)
                  000032d4    00000040     libc.a : fopen.c.obj (.text._search_fp)
                  00003314    0000003c     libclang_rt.builtins.a : floatsisf.S.obj (.text.__floatsisf)
                  00003350    0000003a                            : muldsi3.S.obj (.text.__muldsi3)
                  0000338a    00000002     --HOLE-- [fill = 0]
                  0000338c    00000038     SPI.o (.text._Z11SPI_OutDatac)
                  000033c4    00000038     LaunchPad.o (.text._Z15ActivatePortA_Bv)
                  000033fc    00000038     Lab9HMain.o (.text.__cxx_global_var_init.2)
                  00003434    00000038     Lab9HMain.o (.text.__cxx_global_var_init.3)
                  0000346c    00000038     libclang_rt.builtins.a : fixsfsi.S.obj (.text.__fixsfsi)
                  000034a4    00000036     tank.o (.text._ZN4Tank15rotateIncrementEi)
                  000034da    00000034     ST7735.o (.text._Z12ST7735_writeiPKcj)
                  0000350e    00000002     --HOLE-- [fill = 0]
                  00003510    00000034     Clock.o (.text._Z14Clock_Delay1msj)
                  00003544    00000034     ST7735.o (.text._Z16ST7735_SetCursorjj)
                  00003578    00000034     libc.a : fopen.c.obj (.text.__TI_cleanup)
                  000035ac    00000034     libsysbm.a : trgmsg.c.obj (.text.__TI_readmsg)
                  000035e0    00000034                : trgmsg.c.obj (.text.__TI_writemsg)
                  00003614    00000034     libc.a : exit.c.obj (.text.exit)
                  00003648    00000034            : getdevice.c.obj (.text.finddevice)
                  0000367c    00000034            : fopen.c.obj (.text.freopen)
                  000036b0    00000032     ST7735.o (.text._Z15ST7735_Color565hhh)
                  000036e2    00000032     tank.o (.text._ZN4Tank4DrawEv)
                  00003714    00000030     ST7735.o (.text._ZL10commonInitPKh)
                  00003744    00000030     libc.a : fopen.c.obj (.text.fopen)
                  00003774    0000002c     ST7735.o (.text._Z17ST7735_FillScreent)
                  000037a0    0000002c     libclang_rt.builtins.a : floatsidf.S.obj (.text.__floatsidf)
                  000037cc    0000002c     libsysbm.a : unlink.c.obj (.text.unlink)
                  000037f8    00000028     libc.a : memory.c.obj (.text.free_list_insert)
                  00003820    00000028     libsysbm.a : write.c.obj (.text.write)
                  00003848    00000028     libc.a : boot_cortex_m.c.obj (.text:_c_int00_noargs)
                  00003870    00000020     SlidePot.o (.text._ZN8SlidePot4SyncEv)
                  00003890    0000001e     ST7735.o (.text._ZL9pushColort)
                  000038ae    00000002     --HOLE-- [fill = 0]
                  000038b0    0000001c     startup_mspm0g3507_ticlang.o (.text.Default_Handler)
                  000038cc    0000001c     startup_mspm0g3507_ticlang.o (.text.HardFault_Handler)
                  000038e8    0000001c     ST7735.o (.text._Z11ST7735_openPKcji)
                  00003904    0000001c     libc.a : memory.c.obj (.text.free_list_remove)
                  00003920    0000001a     SlidePot.o (.text._ZN8SlidePotC2Ejj)
                  0000393a    00000018     SlidePot.o (.text._ZN8SlidePot4SaveEj)
                  00003952    00000016     libc.a : k_rem_pio2.c.obj (.text.OUTLINED_FUNCTION_0)
                  00003968    00000010     libclang_rt.builtins.a : adddf3.S.obj (.tramp.__aeabi_dadd.1)
                  00003978    00000016     ST7735.o (.text._Z11ST7735_readiPcj)
                  0000398e    00000016     libc.a : copy_zero_init.c.obj (.text:decompress:ZI:__TI_zero_init_nomemset)
                  000039a4    00000014     Lab9HMain.o (.text._GLOBAL__sub_I_Lab9HMain.cpp)
                  000039b8    00000014     Lab9HMain.o (.text.__cxx_global_var_init.1)
                  000039cc    00000014     Lab9HMain.o (.text.__cxx_global_var_init)
                  000039e0    00000012     tank.o (.text._ZN4Tank11NeedsRedrawEv)
                  000039f2    00000012     libc.a : memcpy16.S.obj (.text:TI_memcpy_small)
                  00003a04    00000012            : copy_decompress_none.c.obj (.text:decompress:none)
                  00003a16    00000010            : k_rem_pio2.c.obj (.text.OUTLINED_FUNCTION_2)
                  00003a26    00000010     Clock.o (.text._Z11Clock_Delayj)
                  00003a36    00000010     tank.o (.text._ZN4Tank12GetThresholdEv)
                  00003a46    0000000e     libc.a : memory.c.obj (.text.OUTLINED_FUNCTION_0)
                  00003a54    0000000e     ST7735.o (.text._Z12ST7735_lseekili)
                  00003a62    0000000e     libsysbm.a : hostrename.c.obj (.text.strcpy)
                  00003a70    0000000e                : hostrename.c.obj (.text.strlen)
                  00003a7e    0000000e     libc.a : memset16.S.obj (.text:TI_memset_small)
                  00003a8c    0000000c     SlidePot.o (.text._ZN8SlidePot12lastDistanceEv)
                  00003a98    0000000c     SlidePot.o (.text._ZN8SlidePot8DistanceEv)
                  00003aa4    0000000c     libclang_rt.builtins.a : aeabi_memset.S.obj (.text.__aeabi_memclr)
                  00003ab0    0000000c     libc.a : memory.c.obj (.text.malloc)
                  00003abc    0000000a            : k_rem_pio2.c.obj (.text.OUTLINED_FUNCTION_1)
                  00003ac6    0000000a            : s_cosf.c.obj (.text.OUTLINED_FUNCTION_3)
                  00003ad0    0000000a            : s_sinf.c.obj (.text.OUTLINED_FUNCTION_3)
                  00003ada    0000000a     ST7735.o (.text._Z12ST7735_closei)
                  00003ae4    0000000a     ST7735.o (.text._Z13ST7735_unlinkPKc)
                  00003aee    0000000a     Lab9HMain.o (.text._Z8PLL_Initv)
                  00003af8    00000008     libc.a : aeabi_portable.c.obj (.text.__aeabi_errno_addr)
                  00003b00    00000008     libclang_rt.builtins.a : aeabi_memcpy.S.obj (.text.__aeabi_memcpy)
                  00003b08    00000008     libsysbm.a : remove.c.obj (.text.remove)
                  00003b10    00000006     libc.a : s_cosf.c.obj (.text.OUTLINED_FUNCTION_0)
                  00003b16    00000002     --HOLE-- [fill = 0]
                  00003b18    00000010     libclang_rt.builtins.a : muldf3.S.obj (.tramp.__aeabi_dmul.1)
                  00003b28    00000006     libc.a : s_sinf.c.obj (.text.OUTLINED_FUNCTION_0)
                  00003b2e    00000006            : s_cosf.c.obj (.text.OUTLINED_FUNCTION_1)
                  00003b34    00000006            : s_sinf.c.obj (.text.OUTLINED_FUNCTION_1)
                  00003b3a    00000004            : s_cosf.c.obj (.text.OUTLINED_FUNCTION_2)
                  00003b3e    00000002     --HOLE-- [fill = 0]
                  00003b40    00000010     libclang_rt.builtins.a : extendsfdf2.S.obj (.tramp.__aeabi_f2d.1)
                  00003b50    00000004     libc.a : s_sinf.c.obj (.text.OUTLINED_FUNCTION_2)
                  00003b54    00000004     startup_mspm0g3507_ticlang.o (.text.Reset_Handler)
                  00003b58    00000004     libc.a : pre_init.c.obj (.text._system_pre_init)
                  00003b5c    00000004            : exit.c.obj (.text:abort)

.cinit     0    000048f0    00000090     
                  000048f0    0000006b     (.cinit..data.load) [load image, compression = lzss]
                  0000495b    00000001     --HOLE-- [fill = 0]
                  0000495c    0000000c     (__TI_handler_table)
                  00004968    00000008     (.cinit..bss.load) [load image, compression = zero_init]
                  00004970    00000010     (__TI_cinit_table)

.rodata    0    00003b60    00000d88     
                  00003b60    000004fb     ST7735.o (.rodata._ZL4Font)
                  0000405b    00000001     --HOLE-- [fill = 0]
                  0000405c    00000320     Lab9HMain.o (.rodata._ZL8BlueTank)
                  0000437c    000001b0     Lab9HMain.o (.rodata._ZL5blank)
                  0000452c    000001b0     Lab9HMain.o (.rodata._ZL7RedTank)
                  000046dc    00000108     libc.a : k_rem_pio2.c.obj (.rodata.ipio2)
                  000047e4    00000002     ST7735.o (.rodata.str1.145302396146969619001)
                  000047e6    00000002     --HOLE-- [fill = 0]
                  000047e8    00000040     libc.a : k_rem_pio2.c.obj (.rodata.PIo2)
                  00004828    0000003b     ST7735.o (.rodata._ZL5Rcmd1)
                  00004863    0000002b     ST7735.o (.rodata._ZL5Rcmd3)
                  0000488e    00000016     ST7735.o (.rodata.str1.59959519694590733531)
                  000048a4    00000010     libc.a : k_rem_pio2.c.obj (.rodata.cst16)
                  000048b4    0000000d     ST7735.o (.rodata._ZL10Rcmd2green)
                  000048c1    0000000d     ST7735.o (.rodata._ZL8Rcmd2red)
                  000048ce    00000008     ST7735.o (.rodata.str1.48350117711619464051)
                  000048d6    00000007     ST7735.o (.rodata.str1.175719450624619433971)
                  000048dd    00000007     ST7735.o (.rodata.str1.42255827801651177341)
                  000048e4    00000004     --HOLE-- [fill = 0]

.init_array 
*          0    000048e8    00000008     
                  000048e8    00000004     Lab9HMain.o (.init_array)
                  000048ec    00000004     --HOLE-- [fill = 0]

.data      0    20200000    000008d1     UNINITIALIZED
                  20200000    0000035c     Lab9HMain.o (.data.p1)
                  2020035c    0000035c     Lab9HMain.o (.data.p2)
                  202006b8    000000f0     libc.a : defs.c.obj (.data._ftable)
                  202007a8    00000078     libsysbm.a : host_device.c.obj (.data._device)
                  20200820    00000050                : host_device.c.obj (.data._stream)
                  20200870    00000018     Lab9HMain.o (.data.player1SP)
                  20200888    00000018     Lab9HMain.o (.data.player2SP)
                  202008a0    00000008     libc.a : exit.c.obj (.data..L_MergedGlobals)
                  202008a8    00000004     Clock.o (.data.BusFreq)
                  202008ac    00000004     ST7735.o (.data.StX)
                  202008b0    00000004     ST7735.o (.data.StY)
                  202008b4    00000004     libc.a : defs.c.obj (.data.__TI_ft_end)
                  202008b8    00000004            : aeabi_portable.c.obj (.data.__aeabi_errno)
                  202008bc    00000004            : _lock.c.obj (.data._lock)
                  202008c0    00000004            : _lock.c.obj (.data._unlock)
                  202008c4    00000002     ST7735.o (.data._ZL6_width)
                  202008c6    00000002     ST7735.o (.data._ZL7_height)
                  202008c8    00000001     libsysbm.a : add_device.c.obj (.data.add_device.device_init)
                  202008c9    00000003     --HOLE--
                  202008cc    00000001     libc.a : memory.c.obj (.data.memory_is_initialized)
                  202008cd    00000003     --HOLE--
                  202008d0    00000001     libsysbm.a : open.c.obj (.data.open.stream_init)

.sysmem    0    202008d8    00000200     UNINITIALIZED
                  202008d8    00000010     libc.a : memory.c.obj (.sysmem)
                  202008e8    000001f0     --HOLE--

.bss       0    20200ad8    000001d9     UNINITIALIZED
                  20200ad8    00000120     libsysbm.a : trgmsg.c.obj (.bss:_CIOBUF_)
                  20200bf8    000000a0     libc.a : defs.c.obj (.bss.__TI_tmpnams)
                  20200c98    00000008     libsysbm.a : hostopen.c.obj (.bss.parmbuf)
                  20200ca0    00000004     TExaS.o (.bss.TExaSLogic)
                  20200ca4    00000004     TExaS.o (.bss.TExaSadc)
                  20200ca8    00000004     libc.a : memory.c.obj (.bss.sys_free)
                  20200cac    00000002     ST7735.o (.bss.StTextColor)
                  20200cae    00000001     ST7735.o (.bss._ZL8ColStart)
                  20200caf    00000001     ST7735.o (.bss._ZL8RowStart)
                  20200cb0    00000001     ST7735.o (.bss._ZL8TabColor)

.stack     0    20207e00    00000200     UNINITIALIZED
                  20207e00    00000004     libc.a : boot_cortex_m.c.obj (.stack)
                  20207e04    000001fc     --HOLE--

__llvm_prf_cnts 
*          0    20200000    00000000     UNINITIALIZED

__llvm_prf_bits 
*          0    20200000    00000000     UNINITIALIZED

MODULE SUMMARY

       Module                         code    ro data   rw data
       ------                         ----    -------   -------
    .\
       ST7735.o                       2586    1449      17     
       Lab9HMain.o                    434     1668      1768   
       tank.o                         734     0         0      
       Clock.o                        516     0         4      
       SPI.o                          440     0         0      
       SlidePot.o                     302     0         0      
       LaunchPad.o                    180     0         0      
       Timer.o                        148     0         0      
       TExaS.o                        64      0         8      
       Sound.o                        2       0         0      
    +--+------------------------------+-------+---------+---------+
       Total:                         5406    3117      1797   
                                                               
    .\ticlang\
       startup_mspm0g3507_ticlang.o   60      192       0      
    +--+------------------------------+-------+---------+---------+
       Total:                         60      192       0      
                                                               
    C:\ti\ccs2000\ccs\tools\compiler\ti-cgt-armllvm_4.0.1.LTS\lib\armv6m-ti-none-eabi/c/libc.a
       k_rem_pio2.c.obj               1652    344       0      
       s_cosf.c.obj                   822     0         0      
       s_sinf.c.obj                   810     0         0      
       memory.c.obj                   702     0         5      
       fopen.c.obj                    556     0         0      
       defs.c.obj                     0       0         404    
       s_floor.c.obj                  324     0         0      
       setvbuf.c.obj                  224     0         0      
       s_scalbn.c.obj                 216     0         0      
       getdevice.c.obj                160     0         0      
       strcmp-armv6m.S.obj            136     0         0      
       copy_decompress_lzss.c.obj     124     0         0      
       fclose.c.obj                   124     0         0      
       autoinit.c.obj                 84      0         0      
       fflush.c.obj                   82      0         0      
       exit.c.obj                     56      0         8      
       boot_cortex_m.c.obj            40      0         0      
       copy_zero_init.c.obj           22      0         0      
       copy_decompress_none.c.obj     18      0         0      
       memcpy16.S.obj                 18      0         0      
       memset16.S.obj                 14      0         0      
       aeabi_portable.c.obj           8       0         4      
       _lock.c.obj                    2       0         8      
       pre_init.c.obj                 4       0         0      
    +--+------------------------------+-------+---------+---------+
       Total:                         6198    344       429    
                                                               
    C:\ti\ccs2000\ccs\tools\compiler\ti-cgt-armllvm_4.0.1.LTS\lib\armv6m-ti-none-eabi/c/libsysbm.a
       trgmsg.c.obj                   104     0         288    
       add_device.c.obj               236     0         1      
       host_device.c.obj              0       0         200    
       open.c.obj                     160     0         1      
       hostrename.c.obj               136     0         0      
       hostlseek.c.obj                108     0         0      
       hostopen.c.obj                 96      0         8      
       hostread.c.obj                 88      0         0      
       hostwrite.c.obj                88      0         0      
       close.c.obj                    80      0         0      
       hostclose.c.obj                72      0         0      
       hostunlink.c.obj               72      0         0      
       unlink.c.obj                   44      0         0      
       write.c.obj                    40      0         0      
       remove.c.obj                   8       0         0      
    +--+------------------------------+-------+---------+---------+
       Total:                         1332    0         498    
                                                               
    C:\ti\ccs2000\ccs\tools\compiler\ti-cgt-armllvm_4.0.1.LTS\lib\armv6m-ti-none-eabi/libclang_rt.builtins.a
       adddf3.S.obj                   418     0         0      
       muldf3.S.obj                   244     0         0      
       comparedf2.c.obj               220     0         0      
       addsf3.S.obj                   216     0         0      
       mulsf3.S.obj                   140     0         0      
       truncdfsf2.S.obj               116     0         0      
       aeabi_dcmp.S.obj               98      0         0      
       aeabi_idivmod.S.obj            86      0         0      
       extendsfdf2.S.obj              80      0         0      
       fixdfsi.S.obj                  74      0         0      
       aeabi_uidivmod.S.obj           64      0         0      
       floatsisf.S.obj                60      0         0      
       muldsi3.S.obj                  58      0         0      
       fixsfsi.S.obj                  56      0         0      
       floatsidf.S.obj                44      0         0      
       aeabi_memset.S.obj             12      0         0      
       aeabi_memcpy.S.obj             8       0         0      
       aeabi_div0.c.obj               2       0         0      
    +--+------------------------------+-------+---------+---------+
       Total:                         1996    0         0      
                                                               
       Heap:                          0       0         512    
       Stack:                         0       0         512    
       Linker Generated:              0       143       0      
    +--+------------------------------+-------+---------+---------+
       Grand Total:                   14992   3796      3748   


LINKER GENERATED COPY TABLES

__TI_cinit_table @ 00004970 records: 2, size/record: 8, table size: 16
	.data: load addr=000048f0, load size=0000006b bytes, run addr=20200000, run size=000008d1 bytes, compression=lzss
	.bss: load addr=00004968, load size=00000008 bytes, run addr=20200ad8, run size=000001d9 bytes, compression=zero_init


LINKER GENERATED HANDLER TABLE

__TI_handler_table @ 0000495c records: 3, size/record: 4, table size: 12
	index: 0, handler: __TI_decompress_lzss
	index: 1, handler: __TI_decompress_none
	index: 2, handler: __TI_zero_init


FAR CALL TRAMPOLINES

callee name               trampoline name
   callee addr  tramp addr   call addr  call info
--------------  -----------  ---------  ----------------
__aeabi_dadd              $Tramp$TT$L$PI$$__aeabi_dadd
   00001017     00003968     00003966   libc.a : k_rem_pio2.c.obj (.text.OUTLINED_FUNCTION_0)
                             00003ac4          : k_rem_pio2.c.obj (.text.OUTLINED_FUNCTION_1)
                             00003ace          : s_cosf.c.obj (.text.OUTLINED_FUNCTION_3)
                             00003ad8          : s_sinf.c.obj (.text.OUTLINED_FUNCTION_3)
__aeabi_dmul              $Tramp$TT$L$PI$$__aeabi_dmul
   00001b71     00003b18     00003b14   libc.a : s_cosf.c.obj (.text.OUTLINED_FUNCTION_0)
                             00003b2c          : s_sinf.c.obj (.text.OUTLINED_FUNCTION_0)
                             00003b32          : s_cosf.c.obj (.text.OUTLINED_FUNCTION_1)
                             00003b38          : s_sinf.c.obj (.text.OUTLINED_FUNCTION_1)
__aeabi_f2d               $Tramp$TT$L$PI$$__aeabi_f2d
   00003295     00003b40     00003b3c   libc.a : s_cosf.c.obj (.text.OUTLINED_FUNCTION_2)
                             00003b52          : s_sinf.c.obj (.text.OUTLINED_FUNCTION_2)

[3 trampolines]
[10 trampoline calls]


GLOBAL SYMBOLS: SORTED ALPHABETICALLY BY Name 

address   name                             
-------   ----                             
000038b1  ADC0_IRQHandler                  
000038b1  ADC1_IRQHandler                  
000038b1  AES_IRQHandler                   
202008a8  BusFreq                          
00003b5c  C$$EXIT                          
0000360d  C$$IO$$                          
000038b1  CANFD0_IRQHandler                
000038b1  DAC0_IRQHandler                  
000038b1  DMA_IRQHandler                   
000038b1  Default_Handler                  
000038b1  GROUP0_IRQHandler                
000038b1  GROUP1_IRQHandler                
000030b5  HOSTclose                        
00002b45  HOSTlseek                        
00002db9  HOSTopen                         
00002e19  HOSTread                         
00002bb1  HOSTrename                       
000030fd  HOSTunlink                       
00002e71  HOSTwrite                        
000038cd  HardFault_Handler                
000038b1  I2C0_IRQHandler                  
000038b1  I2C1_IRQHandler                  
000038b1  NMI_Handler                      
000038b1  PendSV_Handler                   
000038b1  RTC_IRQHandler                   
00003b55  Reset_Handler                    
000048e8  SHT$$INIT_ARRAY$$Base            
000048ec  SHT$$INIT_ARRAY$$Limit           
000038b1  SPI0_IRQHandler                  
000038b1  SPI1_IRQHandler                  
000038b1  SVC_Handler                      
20200cac  StTextColor                      
202008ac  StX                              
202008b0  StY                              
0000119f  SysTick_Handler                  
20200ca0  TExaSLogic                       
20200ca4  TExaSadc                         
000038b1  TIMA0_IRQHandler                 
000038b1  TIMA1_IRQHandler                 
000038b1  TIMG0_IRQHandler                 
000029dd  TIMG12_IRQHandler                
000038b1  TIMG6_IRQHandler                 
000031d5  TIMG7_IRQHandler                 
000038b1  TIMG8_IRQHandler                 
000039f3  TI_memcpy_small                  
00003a7f  TI_memset_small                  
000038b1  UART0_IRQHandler                 
000038b1  UART1_IRQHandler                 
000038b1  UART2_IRQHandler                 
000038b1  UART3_IRQHandler                 
20200ad8  _CIOBUF_                         
000026d5  _Z10Clock_Freqv                  
00003a27  _Z11Clock_Delayj                 
0000338d  _Z11SPI_OutDatac                 
000038e9  _Z11ST7735_openPKcji             
00003979  _Z11ST7735_readiPcj              
0000218d  _Z12ST7735_InitR10initRFlags     
00003adb  _Z12ST7735_closei                
00003a55  _Z12ST7735_lseekili              
000034db  _Z12ST7735_writeiPKcj            
00002ac5  _Z13ST7735_renamePKcS0_          
00003ae5  _Z13ST7735_unlinkPKc             
00003511  _Z14Clock_Delay1msj              
000027ed  _Z14LaunchPad_Initv              
00003145  _Z14SPI_OutCommandc              
000019a1  _Z14ST7735_OutCharc              
000033c5  _Z15ActivatePortA_Bv             
00000cb1  _Z15Clock_Init80MHzi             
000036b1  _Z15ST7735_Color565hhh           
00000e65  _Z15ST7735_DrawCharsscssh        
00001591  _Z15ST7735_FillRectsssst         
000024a5  _Z15TimerG12_IntArmjj            
00003545  _Z16ST7735_SetCursorjj           
00000705  _Z17ST7735_DrawBitmapssPKtss     
00002769  _Z17ST7735_DrawStringttPcs       
00003775  _Z17ST7735_FillScreent           
0000222d  _Z17ST7735_InitPrintf10initRFlags
00003aef  _Z8PLL_Initv                     
000017bd  _Z8SPI_Initv                     
00003215  _Z9SPI_Resetv                    
000039e1  _ZN4Tank11NeedsRedrawEv          
00003a37  _ZN4Tank12GetThresholdEv         
000011a1  _ZN4Tank12rotateSpriteEf         
000034a5  _ZN4Tank15rotateIncrementEi      
000036e3  _ZN4Tank4DrawEv                  
00002fc7  _ZN4Tank6RotateEi                
00001ee5  _ZN4TankC1EiiiPKtS1_hhjj         
00001ee5  _ZN4TankC2EiiiPKtS1_hhjj         
00003a8d  _ZN8SlidePot12lastDistanceEv     
0000318d  _ZN8SlidePot2InEv                
00002869  _ZN8SlidePot4InitEv              
0000393b  _ZN8SlidePot4SaveEj              
00003871  _ZN8SlidePot4SyncEv              
00003a99  _ZN8SlidePot8DistanceEv          
00003921  _ZN8SlidePotC1Ejj                
00003921  _ZN8SlidePotC2Ejj                
20200ad8  __CIOBUF_                        
20208000  __STACK_END                      
00000200  __STACK_SIZE                     
00000200  __SYSMEM_SIZE                    
00000000  __TI_ATRegion0_region_sz         
00000000  __TI_ATRegion0_src_addr          
00000000  __TI_ATRegion0_trg_addr          
00000000  __TI_ATRegion1_region_sz         
00000000  __TI_ATRegion1_src_addr          
00000000  __TI_ATRegion1_trg_addr          
00000000  __TI_ATRegion2_region_sz         
00000000  __TI_ATRegion2_src_addr          
00000000  __TI_ATRegion2_trg_addr          
00004970  __TI_CINIT_Base                  
00004980  __TI_CINIT_Limit                 
00004980  __TI_CINIT_Warm                  
0000495c  __TI_Handler_Table_Base          
00004968  __TI_Handler_Table_Limit         
00002f21  __TI_auto_init_nobinit           
00003579  __TI_cleanup                     
202008a0  __TI_cleanup_ptr                 
000028e5  __TI_closefile                   
00002961  __TI_decompress_lzss             
00003a05  __TI_decompress_none             
00002f75  __TI_doflush                     
202008a4  __TI_dtors_ptr                   
202008b4  __TI_ft_end                      
ffffffff  __TI_pprof_out_hndl              
ffffffff  __TI_prof_data_size              
ffffffff  __TI_prof_data_start             
000035ad  __TI_readmsg                     
00000000  __TI_static_base__               
20200bf8  __TI_tmpnams                     
000035e1  __TI_writemsg                    
0000398f  __TI_zero_init_nomemset          
00001017  __adddf3                         
00001e17  __addsf3                         
00002ad1  __aeabi_d2f                      
00003069  __aeabi_d2iz                     
00001017  __aeabi_dadd                     
00002d55  __aeabi_dcmpeq                   
00002d91  __aeabi_dcmpge                   
00002da5  __aeabi_dcmpgt                   
00002d7d  __aeabi_dcmple                   
00002d69  __aeabi_dcmplt                   
00001b71  __aeabi_dmul                     
0000100d  __aeabi_dsub                     
202008b8  __aeabi_errno                    
00003af9  __aeabi_errno_addr               
00003295  __aeabi_f2d                      
0000346d  __aeabi_f2iz                     
00001e17  __aeabi_fadd                     
00002539  __aeabi_fmul                     
00001e0d  __aeabi_fsub                     
000037a1  __aeabi_i2d                      
00003315  __aeabi_i2f                      
00002ec9  __aeabi_idiv                     
0000218b  __aeabi_idiv0                    
00002ec9  __aeabi_idivmod                  
00003aa5  __aeabi_memclr                   
00003aa5  __aeabi_memclr4                  
00003aa5  __aeabi_memclr8                  
00003b01  __aeabi_memcpy                   
00003b01  __aeabi_memcpy4                  
00003b01  __aeabi_memcpy8                  
00003255  __aeabi_uidiv                    
00003255  __aeabi_uidivmod                 
ffffffff  __binit__                        
00002c89  __cmpdf2                         
00002c89  __eqdf2                          
00003295  __extendsfdf2                    
00003069  __fixdfsi                        
0000346d  __fixsfsi                        
000037a1  __floatsidf                      
00003315  __floatsisf                      
00002a51  __gedf2                          
00002a51  __gtdf2                          
000000c1  __kernel_rem_pio2                
00002c89  __ledf2                          
00002c89  __ltdf2                          
UNDEFED   __mpu_init                       
00001b71  __muldf3                         
00003351  __muldsi3                        
00002539  __mulsf3                         
00002c89  __nedf2                          
20207e00  __stack                          
20200000  __start___llvm_prf_bits          
20200000  __start___llvm_prf_cnts          
20200000  __stop___llvm_prf_bits           
20200000  __stop___llvm_prf_cnts           
0000100d  __subdf3                         
00001e0d  __subsf3                         
00002ad1  __truncdfsf2                     
00003849  _c_int00_noargs                  
202007a8  _device                          
202006b8  _ftable                          
202008bc  _lock                            
00002db7  _nop                             
20200820  _stream                          
202008d8  _sys_memory                      
UNDEFED   _system_post_cinit               
00003b59  _system_pre_init                 
202008c0  _unlock                          
00003b5d  abort                            
000018b5  add_device                       
000016a9  aligned_alloc                    
ffffffff  binit                            
00003019  close                            
00000915  cosf                             
00003615  exit                             
00003649  finddevice                       
0000144d  floor                            
0000144d  floorl                           
00003745  fopen                            
00001a89  free                             
0000367d  freopen                          
00002c1d  getdevice                        
00000000  interruptVectors                 
00001d35  ldexp                            
00001d35  ldexpl                           
0000264d  main                             
00003ab1  malloc                           
000016a9  memalign                         
000022cd  open                             
20200000  p1                               
2020035c  p2                               
20200c98  parmbuf                          
20200870  player1SP                        
20200888  player2SP                        
00003b09  remove                           
00001d35  scalbn                           
00001d35  scalbnl                          
00001c55  setvbuf                          
00000ae9  sinf                             
000026e1  strcmp                           
000037cd  unlink                           
00003821  write                            


GLOBAL SYMBOLS: SORTED BY Symbol Address 

address   name                             
-------   ----                             
00000000  __TI_ATRegion0_region_sz         
00000000  __TI_ATRegion0_src_addr          
00000000  __TI_ATRegion0_trg_addr          
00000000  __TI_ATRegion1_region_sz         
00000000  __TI_ATRegion1_src_addr          
00000000  __TI_ATRegion1_trg_addr          
00000000  __TI_ATRegion2_region_sz         
00000000  __TI_ATRegion2_src_addr          
00000000  __TI_ATRegion2_trg_addr          
00000000  __TI_static_base__               
00000000  interruptVectors                 
000000c1  __kernel_rem_pio2                
00000200  __STACK_SIZE                     
00000200  __SYSMEM_SIZE                    
00000705  _Z17ST7735_DrawBitmapssPKtss     
00000915  cosf                             
00000ae9  sinf                             
00000cb1  _Z15Clock_Init80MHzi             
00000e65  _Z15ST7735_DrawCharsscssh        
0000100d  __aeabi_dsub                     
0000100d  __subdf3                         
00001017  __adddf3                         
00001017  __aeabi_dadd                     
0000119f  SysTick_Handler                  
000011a1  _ZN4Tank12rotateSpriteEf         
0000144d  floor                            
0000144d  floorl                           
00001591  _Z15ST7735_FillRectsssst         
000016a9  aligned_alloc                    
000016a9  memalign                         
000017bd  _Z8SPI_Initv                     
000018b5  add_device                       
000019a1  _Z14ST7735_OutCharc              
00001a89  free                             
00001b71  __aeabi_dmul                     
00001b71  __muldf3                         
00001c55  setvbuf                          
00001d35  ldexp                            
00001d35  ldexpl                           
00001d35  scalbn                           
00001d35  scalbnl                          
00001e0d  __aeabi_fsub                     
00001e0d  __subsf3                         
00001e17  __addsf3                         
00001e17  __aeabi_fadd                     
00001ee5  _ZN4TankC1EiiiPKtS1_hhjj         
00001ee5  _ZN4TankC2EiiiPKtS1_hhjj         
0000218b  __aeabi_idiv0                    
0000218d  _Z12ST7735_InitR10initRFlags     
0000222d  _Z17ST7735_InitPrintf10initRFlags
000022cd  open                             
000024a5  _Z15TimerG12_IntArmjj            
00002539  __aeabi_fmul                     
00002539  __mulsf3                         
0000264d  main                             
000026d5  _Z10Clock_Freqv                  
000026e1  strcmp                           
00002769  _Z17ST7735_DrawStringttPcs       
000027ed  _Z14LaunchPad_Initv              
00002869  _ZN8SlidePot4InitEv              
000028e5  __TI_closefile                   
00002961  __TI_decompress_lzss             
000029dd  TIMG12_IRQHandler                
00002a51  __gedf2                          
00002a51  __gtdf2                          
00002ac5  _Z13ST7735_renamePKcS0_          
00002ad1  __aeabi_d2f                      
00002ad1  __truncdfsf2                     
00002b45  HOSTlseek                        
00002bb1  HOSTrename                       
00002c1d  getdevice                        
00002c89  __cmpdf2                         
00002c89  __eqdf2                          
00002c89  __ledf2                          
00002c89  __ltdf2                          
00002c89  __nedf2                          
00002d55  __aeabi_dcmpeq                   
00002d69  __aeabi_dcmplt                   
00002d7d  __aeabi_dcmple                   
00002d91  __aeabi_dcmpge                   
00002da5  __aeabi_dcmpgt                   
00002db7  _nop                             
00002db9  HOSTopen                         
00002e19  HOSTread                         
00002e71  HOSTwrite                        
00002ec9  __aeabi_idiv                     
00002ec9  __aeabi_idivmod                  
00002f21  __TI_auto_init_nobinit           
00002f75  __TI_doflush                     
00002fc7  _ZN4Tank6RotateEi                
00003019  close                            
00003069  __aeabi_d2iz                     
00003069  __fixdfsi                        
000030b5  HOSTclose                        
000030fd  HOSTunlink                       
00003145  _Z14SPI_OutCommandc              
0000318d  _ZN8SlidePot2InEv                
000031d5  TIMG7_IRQHandler                 
00003215  _Z9SPI_Resetv                    
00003255  __aeabi_uidiv                    
00003255  __aeabi_uidivmod                 
00003295  __aeabi_f2d                      
00003295  __extendsfdf2                    
00003315  __aeabi_i2f                      
00003315  __floatsisf                      
00003351  __muldsi3                        
0000338d  _Z11SPI_OutDatac                 
000033c5  _Z15ActivatePortA_Bv             
0000346d  __aeabi_f2iz                     
0000346d  __fixsfsi                        
000034a5  _ZN4Tank15rotateIncrementEi      
000034db  _Z12ST7735_writeiPKcj            
00003511  _Z14Clock_Delay1msj              
00003545  _Z16ST7735_SetCursorjj           
00003579  __TI_cleanup                     
000035ad  __TI_readmsg                     
000035e1  __TI_writemsg                    
0000360d  C$$IO$$                          
00003615  exit                             
00003649  finddevice                       
0000367d  freopen                          
000036b1  _Z15ST7735_Color565hhh           
000036e3  _ZN4Tank4DrawEv                  
00003745  fopen                            
00003775  _Z17ST7735_FillScreent           
000037a1  __aeabi_i2d                      
000037a1  __floatsidf                      
000037cd  unlink                           
00003821  write                            
00003849  _c_int00_noargs                  
00003871  _ZN8SlidePot4SyncEv              
000038b1  ADC0_IRQHandler                  
000038b1  ADC1_IRQHandler                  
000038b1  AES_IRQHandler                   
000038b1  CANFD0_IRQHandler                
000038b1  DAC0_IRQHandler                  
000038b1  DMA_IRQHandler                   
000038b1  Default_Handler                  
000038b1  GROUP0_IRQHandler                
000038b1  GROUP1_IRQHandler                
000038b1  I2C0_IRQHandler                  
000038b1  I2C1_IRQHandler                  
000038b1  NMI_Handler                      
000038b1  PendSV_Handler                   
000038b1  RTC_IRQHandler                   
000038b1  SPI0_IRQHandler                  
000038b1  SPI1_IRQHandler                  
000038b1  SVC_Handler                      
000038b1  TIMA0_IRQHandler                 
000038b1  TIMA1_IRQHandler                 
000038b1  TIMG0_IRQHandler                 
000038b1  TIMG6_IRQHandler                 
000038b1  TIMG8_IRQHandler                 
000038b1  UART0_IRQHandler                 
000038b1  UART1_IRQHandler                 
000038b1  UART2_IRQHandler                 
000038b1  UART3_IRQHandler                 
000038cd  HardFault_Handler                
000038e9  _Z11ST7735_openPKcji             
00003921  _ZN8SlidePotC1Ejj                
00003921  _ZN8SlidePotC2Ejj                
0000393b  _ZN8SlidePot4SaveEj              
00003979  _Z11ST7735_readiPcj              
0000398f  __TI_zero_init_nomemset          
000039e1  _ZN4Tank11NeedsRedrawEv          
000039f3  TI_memcpy_small                  
00003a05  __TI_decompress_none             
00003a27  _Z11Clock_Delayj                 
00003a37  _ZN4Tank12GetThresholdEv         
00003a55  _Z12ST7735_lseekili              
00003a7f  TI_memset_small                  
00003a8d  _ZN8SlidePot12lastDistanceEv     
00003a99  _ZN8SlidePot8DistanceEv          
00003aa5  __aeabi_memclr                   
00003aa5  __aeabi_memclr4                  
00003aa5  __aeabi_memclr8                  
00003ab1  malloc                           
00003adb  _Z12ST7735_closei                
00003ae5  _Z13ST7735_unlinkPKc             
00003aef  _Z8PLL_Initv                     
00003af9  __aeabi_errno_addr               
00003b01  __aeabi_memcpy                   
00003b01  __aeabi_memcpy4                  
00003b01  __aeabi_memcpy8                  
00003b09  remove                           
00003b55  Reset_Handler                    
00003b59  _system_pre_init                 
00003b5c  C$$EXIT                          
00003b5d  abort                            
000048e8  SHT$$INIT_ARRAY$$Base            
000048ec  SHT$$INIT_ARRAY$$Limit           
0000495c  __TI_Handler_Table_Base          
00004968  __TI_Handler_Table_Limit         
00004970  __TI_CINIT_Base                  
00004980  __TI_CINIT_Limit                 
00004980  __TI_CINIT_Warm                  
20200000  __start___llvm_prf_bits          
20200000  __start___llvm_prf_cnts          
20200000  __stop___llvm_prf_bits           
20200000  __stop___llvm_prf_cnts           
20200000  p1                               
2020035c  p2                               
202006b8  _ftable                          
202007a8  _device                          
20200820  _stream                          
20200870  player1SP                        
20200888  player2SP                        
202008a0  __TI_cleanup_ptr                 
202008a4  __TI_dtors_ptr                   
202008a8  BusFreq                          
202008ac  StX                              
202008b0  StY                              
202008b4  __TI_ft_end                      
202008b8  __aeabi_errno                    
202008bc  _lock                            
202008c0  _unlock                          
202008d8  _sys_memory                      
20200ad8  _CIOBUF_                         
20200ad8  __CIOBUF_                        
20200bf8  __TI_tmpnams                     
20200c98  parmbuf                          
20200ca0  TExaSLogic                       
20200ca4  TExaSadc                         
20200cac  StTextColor                      
20207e00  __stack                          
20208000  __STACK_END                      
ffffffff  __TI_pprof_out_hndl              
ffffffff  __TI_prof_data_size              
ffffffff  __TI_prof_data_start             
ffffffff  __binit__                        
ffffffff  binit                            
UNDEFED   __mpu_init                       
UNDEFED   _system_post_cinit               

[233 symbols]
