******************************************************************************
            TI ARM Clang Linker PC v4.0.1                      
******************************************************************************
>> Linked Sun Apr 20 01:39:35 2025

OUTPUT FILE NAME:   <ECE319K_Lab9H.out>
ENTRY POINT SYMBOL: "_c_int00_noargs"  address: 00004ad9


MEMORY CONFIGURATION

         name            origin    length      used     unused   attr    fill
----------------------  --------  ---------  --------  --------  ----  --------
  FLASH                 00000000   00020000  00005b30  0001a4d0  R  X
  SRAM                  20200000   00008000  00000eea  00007116  RW X
  BCR_CONFIG            41c00000   00000080  00000000  00000080  R   
  BSL_CONFIG            41c00100   00000080  00000000  00000080  R   


SEGMENT ALLOCATION MAP

run origin  load origin   length   init length attrs members
----------  ----------- ---------- ----------- ----- -------
00000000    00000000    00005b30   00005b30    r-x
  00000000    00000000    000000c0   000000c0    r-- .intvecs
  000000c0    000000c0    00004e80   00004e80    r-x .text
  00004f40    00004f40    00000b50   00000b50    r-- .rodata
  00005a90    00005a90    00000008   00000008    r-- .init_array
  00005a98    00005a98    00000098   00000098    r-- .cinit
20200000    20200000    00000cf1   00000000    rw-
  20200000    20200000    00000911   00000000    rw- .data
  20200918    20200918    00000200   00000000    rw- .sysmem
  20200b18    20200b18    000001d9   00000000    rw- .bss
20207e00    20207e00    00000200   00000000    rw-
  20207e00    20207e00    00000200   00000000    rw- .stack


SECTION ALLOCATION MAP

 output                                  attributes/
section   page    origin      length       input sections
--------  ----  ----------  ----------   ----------------
.intvecs   0    00000000    000000c0     
                  00000000    000000c0     startup_mspm0g3507_ticlang.o (.intvecs)

.binit     0    00000000    00000000     

.text      0    000000c0    00004e80     
                  000000c0    00000644     libc.a : k_rem_pio2.c.obj (.text.__kernel_rem_pio2)
                  00000704    00000284            : _printfi.c.obj (.text:__TI_printfi_minimal)
                  00000988    00000210     ST7735.o (.text._Z17ST7735_DrawBitmapssPKtss)
                  00000b98    000001d4     libc.a : s_cosf.c.obj (.text.cosf)
                  00000d6c    000001c8            : s_sinf.c.obj (.text.sinf)
                  00000f34    000001b4     Clock.o (.text._Z15Clock_Init80MHzi)
                  000010e8    000001a8     ST7735.o (.text._Z15ST7735_DrawCharsscssh)
                  00001290    00000192     libclang_rt.builtins.a : adddf3.S.obj (.text.adddf3_subdf3)
                  00001422    00000002     Sound.o (.text.SysTick_Handler)
                  00001424    00000178     tank.o (.text._ZN4Tank12rotateSpriteEf)
                  0000159c    00000154     libc.a : fopen.c.obj (.text._openfile)
                  000016f0    00000144            : s_floor.c.obj (.text.floor)
                  00001834    00000128     TExaS.o (.text._Z8ADC_InitP10ADC12_Regsjj)
                  0000195c    00000118     ST7735.o (.text._Z15ST7735_FillRectsssst)
                  00001a74    00000114     libc.a : memory.c.obj (.text.aligned_alloc)
                  00001b88    000000f8     SPI.o (.text._Z8SPI_Initv)
                  00001c80    000000f4     tools.o (.text._Z12bulletUpdatev)
                  00001d74    000000ec     libsysbm.a : add_device.c.obj (.text.add_device)
                  00001e60    000000e8     ST7735.o (.text._Z14ST7735_OutCharc)
                  00001f48    000000e8     TExaS.o (.text._Z9UART_Initv)
                  00002030    000000e8     libc.a : memory.c.obj (.text.free)
                  00002118    000000e4     libclang_rt.builtins.a : muldf3.S.obj (.text.__muldf3)
                  000021fc    000000e0     libc.a : setvbuf.c.obj (.text.setvbuf)
                  000022dc    000000d8     tank.o (.text._ZN4Tank4MoveEv)
                  000023b4    000000d8     libc.a : s_scalbn.c.obj (.text.scalbn)
                  0000248c    000000d8     libclang_rt.builtins.a : addsf3.S.obj (.text)
                  00002564    000000c8     tank.o (.text._ZN4TankC2EiiiPKthhjj)
                  0000262c    000000c4     bullet.o (.text._ZN6Bullet4MoveEv)
                  000026f0    000000b8     bullet.o (.text._ZN6Bullet5checkER4Tank)
                  000027a8    000000b4     tools.o (.text._Z10DrawHealthRK4TankS1_)
                  0000285c    000000ac     tank.o (.text._ZN4Tank11TriVelocityEi)
                  00002908    000000ac     libc.a : s_cosf.c.obj (.text.__kernel_sindf)
                  000029b4    000000ac            : s_sinf.c.obj (.text.__kernel_sindf)
                  00002a60    000000a8     Timer.o (.text._Z14TimerG7_IntArmtjj)
                  00002b08    000000a4     tools.o (.text._Z12rotateUpdatev)
                  00002bac    000000a2     ST7735.o (.text._ZL11commandListPKh)
                  00002c4e    00000002     Sound.o (.text._Z10Sound_Initv)
                  00002c50    000000a0     ST7735.o (.text._Z12ST7735_InitR10initRFlags)
                  00002cf0    000000a0     ST7735.o (.text._Z17ST7735_InitPrintf10initRFlags)
                  00002d90    000000a0     libsysbm.a : open.c.obj (.text.open)
                  00002e30    000000a0     libc.a : e_sqrtf.c.obj (.text.sqrtf)
                  00002ed0    0000009c     tools.o (.text._Z11isCollisionv)
                  00002f6c    0000009c     libc.a : s_cosf.c.obj (.text.__kernel_cosdf)
                  00003008    0000009c            : s_sinf.c.obj (.text.__kernel_cosdf)
                  000030a4    0000009a     tank.o (.text._ZN4Tank5ShootEP6Bulleti)
                  0000313e    00000002     libclang_rt.builtins.a : aeabi_div0.c.obj (.text.__aeabi_idiv0)
                  00003140    00000094     Timer.o (.text._Z15TimerG12_IntArmjj)
                  000031d4    00000094     Lab9HMain.o (.text.main)
                  00003268    00000090     SlidePot.o (.text._ZN8SlidePot4InitEj)
                  000032f8    0000008c     libclang_rt.builtins.a : mulsf3.S.obj (.text.__mulsf3)
                  00003384    00000088     ST7735.o (.text._ZL13setAddrWindowhhhh)
                  0000340c    00000004     libc.a : pre_init.c.obj (.text._system_pre_init)
                  00003410    00000088            : strcmp-armv6m.S.obj (.text:strcmp)
                  00003498    00000084     ST7735.o (.text._Z17ST7735_DrawStringttPcs)
                  0000351c    00000082     libclang_rt.builtins.a : divsf3.S.obj (.text.__divsf3)
                  0000359e    00000002     libc.a : _lock.c.obj (.text._nop)
                  000035a0    00000080     bullet.o (.text._ZN6Bullet4InitEiifii)
                  00003620    0000007c     Lab9HMain.o (.text.TIMG12_IRQHandler)
                  0000369c    0000007c     LaunchPad.o (.text._Z14LaunchPad_Initv)
                  00003718    0000007c     libc.a : fclose.c.obj (.text.__TI_closefile)
                  00003794    0000007c            : copy_decompress_lzss.c.obj (.text:decompress:lzss)
                  00003810    00000074     libclang_rt.builtins.a : comparedf2.c.obj (.text.__gedf2)
                  00003884    0000000c     Clock.o (.text._Z10Clock_Freqv)
                  00003890    00000074     libclang_rt.builtins.a : truncdfsf2.S.obj (.text.__truncdfsf2)
                  00003904    0000006c     libsysbm.a : hostlseek.c.obj (.text.HOSTlseek)
                  00003970    0000006c                : hostrename.c.obj (.text.HOSTrename)
                  000039dc    0000006c     libc.a : getdevice.c.obj (.text.getdevice)
                  00003a48    00000068     libclang_rt.builtins.a : comparedf2.c.obj (.text.__ledf2)
                  00003ab0    00000064     libc.a : memory.c.obj (.text.split)
                  00003b14    00000062     libclang_rt.builtins.a : aeabi_dcmp.S.obj (.text.__aeabi_dcmp)
                  00003b76    00000002     --HOLE-- [fill = 0]
                  00003b78    00000062                            : aeabi_fcmp.S.obj (.text.__aeabi_fcmp)
                  00003bda    00000002     --HOLE-- [fill = 0]
                  00003bdc    00000060     libsysbm.a : hostopen.c.obj (.text.HOSTopen)
                  00003c3c    00000060     SlidePot.o (.text._ZN8SlidePot2InEv)
                  00003c9c    00000058     libsysbm.a : hostread.c.obj (.text.HOSTread)
                  00003cf4    00000058                : hostwrite.c.obj (.text.HOSTwrite)
                  00003d4c    00000058     TExaS.o (.text._Z10TExaS_InitP10ADC12_RegsjPFhvE)
                  00003da4    00000056     libclang_rt.builtins.a : aeabi_idivmod.S.obj (.text.__aeabi_idivmod)
                  00003dfa    00000002     --HOLE-- [fill = 0]
                  00003dfc    00000054     libc.a : autoinit.c.obj (.text:__TI_auto_init_nobinit)
                  00003e50    00000052            : fflush.c.obj (.text.__TI_doflush)
                  00003ea2    00000050     tools.o (.text._Z12tankMovementjjR4Tank)
                  00003ef2    00000050     tank.o (.text._ZN4Tank6RotateEi)
                  00003f42    00000002     --HOLE-- [fill = 0]
                  00003f44    00000050     libsysbm.a : close.c.obj (.text.close)
                  00003f94    0000004a     libclang_rt.builtins.a : fixdfsi.S.obj (.text.__fixdfsi)
                  00003fde    00000002     --HOLE-- [fill = 0]
                  00003fe0    00000048     libsysbm.a : hostclose.c.obj (.text.HOSTclose)
                  00004028    00000048                : hostunlink.c.obj (.text.HOSTunlink)
                  00004070    00000048     SPI.o (.text._Z14SPI_OutCommandc)
                  000040b8    00000044     tools.o (.text._Z9queryTankv)
                  000040fc    00000040     TExaS.o (.text.TIMG7_IRQHandler)
                  0000413c    00000040     SPI.o (.text._Z9SPI_Resetv)
                  0000417c    00000040     bullet.o (.text._ZN6Bullet4DrawEv)
                  000041bc    00000040     libclang_rt.builtins.a : aeabi_uidivmod.S.obj (.text.__aeabi_uidivmod)
                  000041fc    00000040                            : extendsfdf2.S.obj (.text.__extendsfdf2)
                  0000423c    00000040     libc.a : fopen.c.obj (.text._search_fp)
                  0000427c    0000003e     tools.o (.text._Z5clampfff)
                  000042ba    00000002     --HOLE-- [fill = 0]
                  000042bc    0000003c     libclang_rt.builtins.a : floatsisf.S.obj (.text.__floatsisf)
                  000042f8    0000003c                            : comparesf2.S.obj (.text.__gtsf2)
                  00004334    0000003a                            : comparesf2.S.obj (.text.__eqsf2)
                  0000436e    00000002     --HOLE-- [fill = 0]
                  00004370    0000003a                            : muldsi3.S.obj (.text.__muldsi3)
                  000043aa    00000002     --HOLE-- [fill = 0]
                  000043ac    00000038     SPI.o (.text._Z11SPI_OutDatac)
                  000043e4    00000038     LaunchPad.o (.text._Z15ActivatePortA_Bv)
                  0000441c    00000038     tank.o (.text._ZN4Tank10TakeDamageEv)
                  00004454    00000038     bullet.o (.text._ZN6Bullet5EraseEv)
                  0000448c    00000038     libclang_rt.builtins.a : fixsfsi.S.obj (.text.__fixsfsi)
                  000044c4    00000038     libc.a : sprintf.c.obj (.text.sprintf)
                  000044fc    00000036     tank.o (.text._ZN4Tank15rotateIncrementEi)
                  00004532    00000034     ST7735.o (.text._Z12ST7735_writeiPKcj)
                  00004566    00000002     --HOLE-- [fill = 0]
                  00004568    00000034     tools.o (.text._Z13displayUpdatev)
                  0000459c    00000034     Clock.o (.text._Z14Clock_Delay1msj)
                  000045d0    00000034     ST7735.o (.text._Z16ST7735_SetCursorjj)
                  00004604    00000034     LED.o (.text._Z8LED_Initv)
                  00004638    00000034     libc.a : fopen.c.obj (.text.__TI_cleanup)
                  0000466c    00000034     libsysbm.a : trgmsg.c.obj (.text.__TI_readmsg)
                  000046a0    00000034                : trgmsg.c.obj (.text.__TI_writemsg)
                  000046d4    00000034     libc.a : exit.c.obj (.text.exit)
                  00004708    00000034            : getdevice.c.obj (.text.finddevice)
                  0000473c    00000034            : fopen.c.obj (.text.freopen)
                  00004770    00000032     ST7735.o (.text._Z15ST7735_Color565hhh)
                  000047a2    00000032     tank.o (.text._ZN4Tank13TickCooldownsEv)
                  000047d4    00000032     tank.o (.text._ZN4Tank4DrawEv)
                  00004806    00000002     --HOLE-- [fill = 0]
                  00004808    00000030     ST7735.o (.text._ZL10commonInitPKh)
                  00004838    00000030     SlidePot.o (.text._ZN8SlidePot4SaveEj)
                  00004868    00000030     Lab9HMain.o (.text.__cxx_global_var_init.1)
                  00004898    00000030     Lab9HMain.o (.text.__cxx_global_var_init.4)
                  000048c8    00000030     Lab9HMain.o (.text.__cxx_global_var_init.5)
                  000048f8    00000030     Lab9HMain.o (.text.__cxx_global_var_init)
                  00004928    00000030     libc.a : fopen.c.obj (.text.fopen)
                  00004958    0000002e     SlidePot.o (.text._ZN8SlidePot4SyncEv)
                  00004986    00000002     --HOLE-- [fill = 0]
                  00004988    0000002c     ST7735.o (.text._Z17ST7735_FillScreent)
                  000049b4    0000002c     tank.o (.text._ZN4Tank5EraseEv)
                  000049e0    0000002c     libclang_rt.builtins.a : floatsidf.S.obj (.text.__floatsidf)
                  00004a0c    0000002c     libsysbm.a : unlink.c.obj (.text.unlink)
                  00004a38    00000028     Switch.o (.text._Z11Switch_Initv)
                  00004a60    00000028     TExaS.o (.text._Z9ADC_StartP10ADC12_Regs)
                  00004a88    00000028     libc.a : memory.c.obj (.text.free_list_insert)
                  00004ab0    00000028     libsysbm.a : write.c.obj (.text.write)
                  00004ad8    00000028     libc.a : boot_cortex_m.c.obj (.text:_c_int00_noargs)
                  00004b00    00000026     bullet.o (.text._ZN6Bullet10DeactivateEv)
                  00004b26    00000022     libc.a : memccpy.c.obj (.text.memccpy)
                  00004b48    0000001e     ST7735.o (.text._ZL9pushColort)
                  00004b66    00000002     --HOLE-- [fill = 0]
                  00004b68    0000001c     startup_mspm0g3507_ticlang.o (.text.Default_Handler)
                  00004b84    0000001c     startup_mspm0g3507_ticlang.o (.text.HardFault_Handler)
                  00004ba0    0000001c     Lab9HMain.o (.text._GLOBAL__sub_I_Lab9HMain.cpp)
                  00004bbc    0000001c     Switch.o (.text._Z10Switch_In1v)
                  00004bd8    0000001c     Switch.o (.text._Z10Switch_In2v)
                  00004bf4    0000001c     ST7735.o (.text._Z11ST7735_openPKcji)
                  00004c10    0000001c     Switch.o (.text._Z7P1SHOOTv)
                  00004c2c    0000001c     Switch.o (.text._Z7P2SHOOTv)
                  00004c48    0000001c     libc.a : memory.c.obj (.text.free_list_remove)
                  00004c64    0000001a     tools.o (.text._Z15SlidePotSamplerR8SlidePot)
                  00004c7e    0000001a     bullet.o (.text._ZN6BulletC2Ev)
                  00004c98    0000001a     SlidePot.o (.text._ZN8SlidePotC2Ejj)
                  00004cb2    00000018     libc.a : sprintf.c.obj (.text._outs)
                  00004cca    00000016            : k_rem_pio2.c.obj (.text.OUTLINED_FUNCTION_0)
                  00004ce0    00000010     libclang_rt.builtins.a : adddf3.S.obj (.tramp.__aeabi_dadd.1)
                  00004cf0    00000016     ST7735.o (.text._Z11ST7735_readiPcj)
                  00004d06    00000016     libc.a : copy_zero_init.c.obj (.text:decompress:ZI:__TI_zero_init_nomemset)
                  00004d1c    00000014     Lab9HMain.o (.text.__cxx_global_var_init.2)
                  00004d30    00000014     Lab9HMain.o (.text.__cxx_global_var_init.3)
                  00004d44    00000012     tank.o (.text._ZN4Tank11NeedsRedrawEv)
                  00004d56    00000012     libc.a : memcpy16.S.obj (.text:TI_memcpy_small)
                  00004d68    00000012            : copy_decompress_none.c.obj (.text:decompress:none)
                  00004d7a    00000010            : k_rem_pio2.c.obj (.text.OUTLINED_FUNCTION_2)
                  00004d8a    00000010     Clock.o (.text._Z11Clock_Delayj)
                  00004d9a    00000002     --HOLE-- [fill = 0]
                  00004d9c    00000010     Lab9HMain.o (.text._Z28TExaS_LaunchPadLogicPB27PB26v)
                  00004dac    00000010     tank.o (.text._ZN4Tank8CanShootEv)
                  00004dbc    00000010     bullet.o (.text._ZNK6Bullet8IsActiveEv)
                  00004dcc    0000000e     libc.a : memory.c.obj (.text.OUTLINED_FUNCTION_0)
                  00004dda    0000000e     ST7735.o (.text._Z12ST7735_lseekili)
                  00004de8    0000000e     tank.o (.text._ZNK4Tank9GetHealthEv)
                  00004df6    00000002     --HOLE-- [fill = 0]
                  00004df8    0000000e     libclang_rt.builtins.a : aeabi_memset.S.obj (.text.__aeabi_memset)
                  00004e06    0000000e     libsysbm.a : hostrename.c.obj (.text.strcpy)
                  00004e14    0000000e     libc.a : _printfi.c.obj (.text.strlen)
                  00004e22    0000000e     libsysbm.a : hostrename.c.obj (.text.strlen)
                  00004e30    0000000e     libc.a : memset16.S.obj (.text:TI_memset_small)
                  00004e3e    0000000c     ST7735.o (.text._Z13ST7735_renamePKcS0_)
                  00004e4a    0000000c     SlidePot.o (.text._ZN8SlidePot12lastDistanceEv)
                  00004e56    0000000c     SlidePot.o (.text._ZN8SlidePot8DistanceEv)
                  00004e62    0000000c     tank.o (.text._ZNK4Tank4GetXEv)
                  00004e6e    0000000c     tank.o (.text._ZNK4Tank4GetYEv)
                  00004e7a    00000002     --HOLE-- [fill = 0]
                  00004e7c    0000000c     libclang_rt.builtins.a : aeabi_memset.S.obj (.text.__aeabi_memclr)
                  00004e88    0000000c     libc.a : memory.c.obj (.text.malloc)
                  00004e94    0000000a            : k_rem_pio2.c.obj (.text.OUTLINED_FUNCTION_1)
                  00004e9e    0000000a            : s_cosf.c.obj (.text.OUTLINED_FUNCTION_3)
                  00004ea8    0000000a            : s_sinf.c.obj (.text.OUTLINED_FUNCTION_3)
                  00004eb2    0000000a     ST7735.o (.text._Z12ST7735_closei)
                  00004ebc    0000000a     ST7735.o (.text._Z13ST7735_unlinkPKc)
                  00004ec6    0000000a     Lab9HMain.o (.text._Z8PLL_Initv)
                  00004ed0    0000000a     libc.a : sprintf.c.obj (.text._outc)
                  00004eda    00000002     --HOLE-- [fill = 0]
                  00004edc    00000008            : aeabi_portable.c.obj (.text.__aeabi_errno_addr)
                  00004ee4    00000008     libclang_rt.builtins.a : aeabi_memcpy.S.obj (.text.__aeabi_memcpy)
                  00004eec    00000008     libsysbm.a : remove.c.obj (.text.remove)
                  00004ef4    00000006     libc.a : s_cosf.c.obj (.text.OUTLINED_FUNCTION_0)
                  00004efa    00000002     --HOLE-- [fill = 0]
                  00004efc    00000010     libclang_rt.builtins.a : muldf3.S.obj (.tramp.__aeabi_dmul.1)
                  00004f0c    00000006     libc.a : s_sinf.c.obj (.text.OUTLINED_FUNCTION_0)
                  00004f12    00000006            : s_cosf.c.obj (.text.OUTLINED_FUNCTION_1)
                  00004f18    00000006            : s_sinf.c.obj (.text.OUTLINED_FUNCTION_1)
                  00004f1e    00000004            : s_cosf.c.obj (.text.OUTLINED_FUNCTION_2)
                  00004f22    00000002     --HOLE-- [fill = 0]
                  00004f24    00000010     libclang_rt.builtins.a : extendsfdf2.S.obj (.tramp.__aeabi_f2d.1)
                  00004f34    00000004     libc.a : s_sinf.c.obj (.text.OUTLINED_FUNCTION_2)
                  00004f38    00000004     startup_mspm0g3507_ticlang.o (.text.Reset_Handler)
                  00004f3c    00000004     libc.a : exit.c.obj (.text:abort)

.cinit     0    00005a98    00000098     
                  00005a98    00000070     (.cinit..data.load) [load image, compression = lzss]
                  00005b08    0000000c     (__TI_handler_table)
                  00005b14    00000008     (.cinit..bss.load) [load image, compression = zero_init]
                  00005b1c    00000010     (__TI_cinit_table)
                  00005b2c    00000004     --HOLE-- [fill = 0]

.rodata    0    00004f40    00000b50     
                  00004f40    000004fb     ST7735.o (.rodata._ZL4Font)
                  0000543b    00000001     --HOLE-- [fill = 0]
                  0000543c    00000214     Lab9HMain.o (.rodata._ZL7MiniRed)
                  00005650    00000214     Lab9HMain.o (.rodata._ZL8MiniBlue)
                  00005864    00000108     libc.a : k_rem_pio2.c.obj (.rodata.ipio2)
                  0000596c    00000002     ST7735.o (.rodata.str1.145302396146969619001)
                  0000596e    00000002     --HOLE-- [fill = 0]
                  00005970    00000040     libc.a : k_rem_pio2.c.obj (.rodata.PIo2)
                  000059b0    0000003b     ST7735.o (.rodata._ZL5Rcmd1)
                  000059eb    0000002b     ST7735.o (.rodata._ZL5Rcmd3)
                  00005a16    00000016     ST7735.o (.rodata.str1.59959519694590733531)
                  00005a2c    00000011     libc.a : _printfi.c.obj (.rodata.str1.153638888446227384661)
                  00005a3d    00000003     --HOLE-- [fill = 0]
                  00005a40    00000010            : k_rem_pio2.c.obj (.rodata.cst16)
                  00005a50    0000000d     ST7735.o (.rodata._ZL10Rcmd2green)
                  00005a5d    0000000d     ST7735.o (.rodata._ZL8Rcmd2red)
                  00005a6a    00000008     ST7735.o (.rodata.str1.48350117711619464051)
                  00005a72    00000007     ST7735.o (.rodata.str1.175719450624619433971)
                  00005a79    00000007     ST7735.o (.rodata.str1.42255827801651177341)
                  00005a80    00000006     tools.o (.rodata.str1.113386230599003588181)
                  00005a86    00000006     tools.o (.rodata.str1.94074956759912447611)
                  00005a8c    00000004     --HOLE-- [fill = 0]

.init_array 
*          0    00005a90    00000008     
                  00005a90    00000004     Lab9HMain.o (.init_array)
                  00005a94    00000004     --HOLE-- [fill = 0]

.data      0    20200000    00000911     UNINITIALIZED
                  20200000    0000025c     Lab9HMain.o (.data.p1)
                  2020025c    0000025c     Lab9HMain.o (.data.p2)
                  202004b8    00000118     Lab9HMain.o (.data.bullets1)
                  202005d0    00000118     Lab9HMain.o (.data.bullets2)
                  202006e8    000000f0     libc.a : defs.c.obj (.data._ftable)
                  202007d8    00000078     libsysbm.a : host_device.c.obj (.data._device)
                  20200850    00000050                : host_device.c.obj (.data._stream)
                  202008a0    0000001c     Lab9HMain.o (.data.player1SP)
                  202008bc    0000001c     Lab9HMain.o (.data.player2SP)
                  202008d8    00000008     libc.a : exit.c.obj (.data..L_MergedGlobals)
                  202008e0    00000004     Clock.o (.data.BusFreq)
                  202008e4    00000004     ST7735.o (.data.StX)
                  202008e8    00000004     ST7735.o (.data.StY)
                  202008ec    00000004     libc.a : defs.c.obj (.data.__TI_ft_end)
                  202008f0    00000004            : aeabi_portable.c.obj (.data.__aeabi_errno)
                  202008f4    00000004            : _lock.c.obj (.data._lock)
                  202008f8    00000004            : _lock.c.obj (.data._unlock)
                  202008fc    00000004     Lab9HMain.o (.data.time)
                  20200900    00000002     ST7735.o (.data._ZL6_width)
                  20200902    00000002     ST7735.o (.data._ZL7_height)
                  20200904    00000001     Lab9HMain.o (.data.TG12Flag)
                  20200905    00000001     tools.o (.data._ZZ10DrawHealthRK4TankS1_E11lastHealth1)
                  20200906    00000001     tools.o (.data._ZZ10DrawHealthRK4TankS1_E11lastHealth2)
                  20200907    00000001     Lab9HMain.o (.data.bulletFlag1)
                  20200908    00000001     libsysbm.a : add_device.c.obj (.data.add_device.device_init)
                  20200909    00000001     Lab9HMain.o (.data.bulletFlag2)
                  2020090a    00000002     --HOLE--
                  2020090c    00000001     libc.a : memory.c.obj (.data.memory_is_initialized)
                  2020090d    00000003     --HOLE--
                  20200910    00000001     libsysbm.a : open.c.obj (.data.open.stream_init)

.sysmem    0    20200918    00000200     UNINITIALIZED
                  20200918    00000010     libc.a : memory.c.obj (.sysmem)
                  20200928    000001f0     --HOLE--

.bss       0    20200b18    000001d9     UNINITIALIZED
                  20200b18    00000120     libsysbm.a : trgmsg.c.obj (.bss:_CIOBUF_)
                  20200c38    000000a0     libc.a : defs.c.obj (.bss.__TI_tmpnams)
                  20200cd8    00000008     libsysbm.a : hostopen.c.obj (.bss.parmbuf)
                  20200ce0    00000004     TExaS.o (.bss.TExaSLogic)
                  20200ce4    00000004     TExaS.o (.bss.TExaSadc)
                  20200ce8    00000004     libc.a : memory.c.obj (.bss.sys_free)
                  20200cec    00000002     ST7735.o (.bss.StTextColor)
                  20200cee    00000001     ST7735.o (.bss._ZL8ColStart)
                  20200cef    00000001     ST7735.o (.bss._ZL8RowStart)
                  20200cf0    00000001     ST7735.o (.bss._ZL8TabColor)

.stack     0    20207e00    00000200     UNINITIALIZED
                  20207e00    00000004     libc.a : boot_cortex_m.c.obj (.stack)
                  20207e04    000001fc     --HOLE--

__llvm_prf_cnts 
*          0    20200000    00000000     UNINITIALIZED

__llvm_prf_bits 
*          0    20200000    00000000     UNINITIALIZED

MODULE SUMMARY

       Module                         code    ro data   rw data
       ------                         ----    -------   -------
    .\
       ST7735.o                       2586    1449      17     
       Lab9HMain.o                    558     1068      1831   
       tank.o                         1524    0         0      
       tools.o                        1032    12        2      
       TExaS.o                        720     0         8      
       bullet.o                       708     0         0      
       Clock.o                        516     0         4      
       SPI.o                          440     0         0      
       SlidePot.o                     384     0         0      
       Timer.o                        316     0         0      
       LaunchPad.o                    180     0         0      
       Switch.o                       152     0         0      
       LED.o                          52      0         0      
       Sound.o                        4       0         0      
    +--+------------------------------+-------+---------+---------+
       Total:                         9172    2529      1862   
                                                               
    .\ticlang\
       startup_mspm0g3507_ticlang.o   60      192       0      
    +--+------------------------------+-------+---------+---------+
       Total:                         60      192       0      
                                                               
    C:\ti\ccs2000\ccs\tools\compiler\ti-cgt-armllvm_4.0.1.LTS\lib\armv6m-ti-none-eabi/c/libc.a
       k_rem_pio2.c.obj               1652    344       0      
       s_cosf.c.obj                   822     0         0      
       s_sinf.c.obj                   810     0         0      
       memory.c.obj                   702     0         5      
       _printfi.c.obj                 658     17        0      
       fopen.c.obj                    556     0         0      
       defs.c.obj                     0       0         404    
       s_floor.c.obj                  324     0         0      
       setvbuf.c.obj                  224     0         0      
       s_scalbn.c.obj                 216     0         0      
       e_sqrtf.c.obj                  160     0         0      
       getdevice.c.obj                160     0         0      
       strcmp-armv6m.S.obj            136     0         0      
       copy_decompress_lzss.c.obj     124     0         0      
       fclose.c.obj                   124     0         0      
       sprintf.c.obj                  90      0         0      
       autoinit.c.obj                 84      0         0      
       fflush.c.obj                   82      0         0      
       exit.c.obj                     56      0         8      
       boot_cortex_m.c.obj            40      0         0      
       memccpy.c.obj                  34      0         0      
       copy_zero_init.c.obj           22      0         0      
       copy_decompress_none.c.obj     18      0         0      
       memcpy16.S.obj                 18      0         0      
       memset16.S.obj                 14      0         0      
       aeabi_portable.c.obj           8       0         4      
       _lock.c.obj                    2       0         8      
       pre_init.c.obj                 4       0         0      
    +--+------------------------------+-------+---------+---------+
       Total:                         7140    361       429    
                                                               
    C:\ti\ccs2000\ccs\tools\compiler\ti-cgt-armllvm_4.0.1.LTS\lib\armv6m-ti-none-eabi/c/libsysbm.a
       trgmsg.c.obj                   104     0         288    
       add_device.c.obj               236     0         1      
       host_device.c.obj              0       0         200    
       open.c.obj                     160     0         1      
       hostrename.c.obj               136     0         0      
       hostlseek.c.obj                108     0         0      
       hostopen.c.obj                 96      0         8      
       hostread.c.obj                 88      0         0      
       hostwrite.c.obj                88      0         0      
       close.c.obj                    80      0         0      
       hostclose.c.obj                72      0         0      
       hostunlink.c.obj               72      0         0      
       unlink.c.obj                   44      0         0      
       write.c.obj                    40      0         0      
       remove.c.obj                   8       0         0      
    +--+------------------------------+-------+---------+---------+
       Total:                         1332    0         498    
                                                               
    C:\ti\ccs2000\ccs\tools\compiler\ti-cgt-armllvm_4.0.1.LTS\lib\armv6m-ti-none-eabi/libclang_rt.builtins.a
       adddf3.S.obj                   418     0         0      
       muldf3.S.obj                   244     0         0      
       comparedf2.c.obj               220     0         0      
       addsf3.S.obj                   216     0         0      
       mulsf3.S.obj                   140     0         0      
       divsf3.S.obj                   130     0         0      
       comparesf2.S.obj               118     0         0      
       truncdfsf2.S.obj               116     0         0      
       aeabi_dcmp.S.obj               98      0         0      
       aeabi_fcmp.S.obj               98      0         0      
       aeabi_idivmod.S.obj            86      0         0      
       extendsfdf2.S.obj              80      0         0      
       fixdfsi.S.obj                  74      0         0      
       aeabi_uidivmod.S.obj           64      0         0      
       floatsisf.S.obj                60      0         0      
       muldsi3.S.obj                  58      0         0      
       fixsfsi.S.obj                  56      0         0      
       floatsidf.S.obj                44      0         0      
       aeabi_memset.S.obj             26      0         0      
       aeabi_memcpy.S.obj             8       0         0      
       aeabi_div0.c.obj               2       0         0      
    +--+------------------------------+-------+---------+---------+
       Total:                         2356    0         0      
                                                               
       Heap:                          0       0         512    
       Stack:                         0       0         512    
       Linker Generated:              0       148       0      
    +--+------------------------------+-------+---------+---------+
       Grand Total:                   20060   3230      3813   


LINKER GENERATED COPY TABLES

__TI_cinit_table @ 00005b1c records: 2, size/record: 8, table size: 16
	.data: load addr=00005a98, load size=00000070 bytes, run addr=20200000, run size=00000911 bytes, compression=lzss
	.bss: load addr=00005b14, load size=00000008 bytes, run addr=20200b18, run size=000001d9 bytes, compression=zero_init


LINKER GENERATED HANDLER TABLE

__TI_handler_table @ 00005b08 records: 3, size/record: 4, table size: 12
	index: 0, handler: __TI_decompress_lzss
	index: 1, handler: __TI_decompress_none
	index: 2, handler: __TI_zero_init


FAR CALL TRAMPOLINES

callee name               trampoline name
   callee addr  tramp addr   call addr  call info
--------------  -----------  ---------  ----------------
__aeabi_dadd              $Tramp$TT$L$PI$$__aeabi_dadd
   0000129b     00004ce0     00004cde   libc.a : k_rem_pio2.c.obj (.text.OUTLINED_FUNCTION_0)
                             00004e9c          : k_rem_pio2.c.obj (.text.OUTLINED_FUNCTION_1)
                             00004ea6          : s_cosf.c.obj (.text.OUTLINED_FUNCTION_3)
                             00004eb0          : s_sinf.c.obj (.text.OUTLINED_FUNCTION_3)
__aeabi_dmul              $Tramp$TT$L$PI$$__aeabi_dmul
   00002119     00004efc     00004ef8   libc.a : s_cosf.c.obj (.text.OUTLINED_FUNCTION_0)
                             00004f10          : s_sinf.c.obj (.text.OUTLINED_FUNCTION_0)
                             00004f16          : s_cosf.c.obj (.text.OUTLINED_FUNCTION_1)
                             00004f1c          : s_sinf.c.obj (.text.OUTLINED_FUNCTION_1)
__aeabi_f2d               $Tramp$TT$L$PI$$__aeabi_f2d
   000041fd     00004f24     00004f20   libc.a : s_cosf.c.obj (.text.OUTLINED_FUNCTION_2)
                             00004f36          : s_sinf.c.obj (.text.OUTLINED_FUNCTION_2)

[3 trampolines]
[10 trampoline calls]


GLOBAL SYMBOLS: SORTED ALPHABETICALLY BY Name 

address   name                             
-------   ----                             
00004b69  ADC0_IRQHandler                  
00004b69  ADC1_IRQHandler                  
00004b69  AES_IRQHandler                   
202008e0  BusFreq                          
00004f3c  C$$EXIT                          
000046cd  C$$IO$$                          
00004b69  CANFD0_IRQHandler                
00004b69  DAC0_IRQHandler                  
00004b69  DMA_IRQHandler                   
00004b69  Default_Handler                  
00004b69  GROUP0_IRQHandler                
00004b69  GROUP1_IRQHandler                
00003fe1  HOSTclose                        
00003905  HOSTlseek                        
00003bdd  HOSTopen                         
00003c9d  HOSTread                         
00003971  HOSTrename                       
00004029  HOSTunlink                       
00003cf5  HOSTwrite                        
00004b85  HardFault_Handler                
00004b69  I2C0_IRQHandler                  
00004b69  I2C1_IRQHandler                  
00004b69  NMI_Handler                      
00004b69  PendSV_Handler                   
00004b69  RTC_IRQHandler                   
00004f39  Reset_Handler                    
00005a90  SHT$$INIT_ARRAY$$Base            
00005a94  SHT$$INIT_ARRAY$$Limit           
00004b69  SPI0_IRQHandler                  
00004b69  SPI1_IRQHandler                  
00004b69  SVC_Handler                      
20200cec  StTextColor                      
202008e4  StX                              
202008e8  StY                              
00001423  SysTick_Handler                  
20200ce0  TExaSLogic                       
20200ce4  TExaSadc                         
20200904  TG12Flag                         
00004b69  TIMA0_IRQHandler                 
00004b69  TIMA1_IRQHandler                 
00004b69  TIMG0_IRQHandler                 
00003621  TIMG12_IRQHandler                
00004b69  TIMG6_IRQHandler                 
000040fd  TIMG7_IRQHandler                 
00004b69  TIMG8_IRQHandler                 
00004d57  TI_memcpy_small                  
00004e31  TI_memset_small                  
00004b69  UART0_IRQHandler                 
00004b69  UART1_IRQHandler                 
00004b69  UART2_IRQHandler                 
00004b69  UART3_IRQHandler                 
20200b18  _CIOBUF_                         
00003885  _Z10Clock_Freqv                  
000027a9  _Z10DrawHealthRK4TankS1_         
00002c4f  _Z10Sound_Initv                  
00004bbd  _Z10Switch_In1v                  
00004bd9  _Z10Switch_In2v                  
00003d4d  _Z10TExaS_InitP10ADC12_RegsjPFhvE
00004d8b  _Z11Clock_Delayj                 
000043ad  _Z11SPI_OutDatac                 
00004bf5  _Z11ST7735_openPKcji             
00004cf1  _Z11ST7735_readiPcj              
00004a39  _Z11Switch_Initv                 
00002ed1  _Z11isCollisionv                 
00002c51  _Z12ST7735_InitR10initRFlags     
00004eb3  _Z12ST7735_closei                
00004ddb  _Z12ST7735_lseekili              
00004533  _Z12ST7735_writeiPKcj            
00001c81  _Z12bulletUpdatev                
00002b09  _Z12rotateUpdatev                
00003ea3  _Z12tankMovementjjR4Tank         
00004e3f  _Z13ST7735_renamePKcS0_          
00004ebd  _Z13ST7735_unlinkPKc             
00004569  _Z13displayUpdatev               
0000459d  _Z14Clock_Delay1msj              
0000369d  _Z14LaunchPad_Initv              
00004071  _Z14SPI_OutCommandc              
00001e61  _Z14ST7735_OutCharc              
00002a61  _Z14TimerG7_IntArmtjj            
000043e5  _Z15ActivatePortA_Bv             
00000f35  _Z15Clock_Init80MHzi             
00004771  _Z15ST7735_Color565hhh           
000010e9  _Z15ST7735_DrawCharsscssh        
0000195d  _Z15ST7735_FillRectsssst         
00004c65  _Z15SlidePotSamplerR8SlidePot    
00003141  _Z15TimerG12_IntArmjj            
000045d1  _Z16ST7735_SetCursorjj           
00000989  _Z17ST7735_DrawBitmapssPKtss     
00003499  _Z17ST7735_DrawStringttPcs       
00004989  _Z17ST7735_FillScreent           
00002cf1  _Z17ST7735_InitPrintf10initRFlags
00004d9d  _Z28TExaS_LaunchPadLogicPB27PB26v
0000427d  _Z5clampfff                      
00004c11  _Z7P1SHOOTv                      
00004c2d  _Z7P2SHOOTv                      
00001835  _Z8ADC_InitP10ADC12_Regsjj       
00004605  _Z8LED_Initv                     
00004ec7  _Z8PLL_Initv                     
00001b89  _Z8SPI_Initv                     
00004a61  _Z9ADC_StartP10ADC12_Regs        
0000413d  _Z9SPI_Resetv                    
00001f49  _Z9UART_Initv                    
000040b9  _Z9queryTankv                    
0000441d  _ZN4Tank10TakeDamageEv           
00004d45  _ZN4Tank11NeedsRedrawEv          
0000285d  _ZN4Tank11TriVelocityEi          
00001425  _ZN4Tank12rotateSpriteEf         
000047a3  _ZN4Tank13TickCooldownsEv        
000044fd  _ZN4Tank15rotateIncrementEi      
000047d5  _ZN4Tank4DrawEv                  
000022dd  _ZN4Tank4MoveEv                  
000049b5  _ZN4Tank5EraseEv                 
000030a5  _ZN4Tank5ShootEP6Bulleti         
00003ef3  _ZN4Tank6RotateEi                
00004dad  _ZN4Tank8CanShootEv              
00002565  _ZN4TankC1EiiiPKthhjj            
00002565  _ZN4TankC2EiiiPKthhjj            
00004b01  _ZN6Bullet10DeactivateEv         
0000417d  _ZN6Bullet4DrawEv                
000035a1  _ZN6Bullet4InitEiifii            
0000262d  _ZN6Bullet4MoveEv                
00004455  _ZN6Bullet5EraseEv               
000026f1  _ZN6Bullet5checkER4Tank          
00004c7f  _ZN6BulletC1Ev                   
00004c7f  _ZN6BulletC2Ev                   
00004e4b  _ZN8SlidePot12lastDistanceEv     
00003c3d  _ZN8SlidePot2InEv                
00003269  _ZN8SlidePot4InitEj              
00004839  _ZN8SlidePot4SaveEj              
00004959  _ZN8SlidePot4SyncEv              
00004e57  _ZN8SlidePot8DistanceEv          
00004c99  _ZN8SlidePotC1Ejj                
00004c99  _ZN8SlidePotC2Ejj                
00004e63  _ZNK4Tank4GetXEv                 
00004e6f  _ZNK4Tank4GetYEv                 
00004de9  _ZNK4Tank9GetHealthEv            
00004dbd  _ZNK6Bullet8IsActiveEv           
20200b18  __CIOBUF_                        
20208000  __STACK_END                      
00000200  __STACK_SIZE                     
00000200  __SYSMEM_SIZE                    
00000000  __TI_ATRegion0_region_sz         
00000000  __TI_ATRegion0_src_addr          
00000000  __TI_ATRegion0_trg_addr          
00000000  __TI_ATRegion1_region_sz         
00000000  __TI_ATRegion1_src_addr          
00000000  __TI_ATRegion1_trg_addr          
00000000  __TI_ATRegion2_region_sz         
00000000  __TI_ATRegion2_src_addr          
00000000  __TI_ATRegion2_trg_addr          
00005b1c  __TI_CINIT_Base                  
00005b2c  __TI_CINIT_Limit                 
00005b2c  __TI_CINIT_Warm                  
00005b08  __TI_Handler_Table_Base          
00005b14  __TI_Handler_Table_Limit         
00003dfd  __TI_auto_init_nobinit           
00004639  __TI_cleanup                     
202008d8  __TI_cleanup_ptr                 
00003719  __TI_closefile                   
00003795  __TI_decompress_lzss             
00004d69  __TI_decompress_none             
00003e51  __TI_doflush                     
202008dc  __TI_dtors_ptr                   
202008ec  __TI_ft_end                      
ffffffff  __TI_pprof_out_hndl              
00000705  __TI_printfi_minimal             
ffffffff  __TI_prof_data_size              
ffffffff  __TI_prof_data_start             
0000466d  __TI_readmsg                     
00000000  __TI_static_base__               
20200c38  __TI_tmpnams                     
000046a1  __TI_writemsg                    
00004d07  __TI_zero_init_nomemset          
0000129b  __adddf3                         
00002497  __addsf3                         
00003891  __aeabi_d2f                      
00003f95  __aeabi_d2iz                     
0000129b  __aeabi_dadd                     
00003b15  __aeabi_dcmpeq                   
00003b51  __aeabi_dcmpge                   
00003b65  __aeabi_dcmpgt                   
00003b3d  __aeabi_dcmple                   
00003b29  __aeabi_dcmplt                   
00002119  __aeabi_dmul                     
00001291  __aeabi_dsub                     
202008f0  __aeabi_errno                    
00004edd  __aeabi_errno_addr               
000041fd  __aeabi_f2d                      
0000448d  __aeabi_f2iz                     
00002497  __aeabi_fadd                     
00003b79  __aeabi_fcmpeq                   
00003bb5  __aeabi_fcmpge                   
00003bc9  __aeabi_fcmpgt                   
00003ba1  __aeabi_fcmple                   
00003b8d  __aeabi_fcmplt                   
0000351d  __aeabi_fdiv                     
000032f9  __aeabi_fmul                     
0000248d  __aeabi_fsub                     
000049e1  __aeabi_i2d                      
000042bd  __aeabi_i2f                      
00003da5  __aeabi_idiv                     
0000313f  __aeabi_idiv0                    
00003da5  __aeabi_idivmod                  
00004e7d  __aeabi_memclr                   
00004e7d  __aeabi_memclr4                  
00004e7d  __aeabi_memclr8                  
00004ee5  __aeabi_memcpy                   
00004ee5  __aeabi_memcpy4                  
00004ee5  __aeabi_memcpy8                  
00004df9  __aeabi_memset                   
00004df9  __aeabi_memset4                  
00004df9  __aeabi_memset8                  
000041bd  __aeabi_uidiv                    
000041bd  __aeabi_uidivmod                 
ffffffff  __binit__                        
00003a49  __cmpdf2                         
00004335  __cmpsf2                         
0000351d  __divsf3                         
00003a49  __eqdf2                          
00004335  __eqsf2                          
000041fd  __extendsfdf2                    
00003f95  __fixdfsi                        
0000448d  __fixsfsi                        
000049e1  __floatsidf                      
000042bd  __floatsisf                      
00003811  __gedf2                          
000042f9  __gesf2                          
00003811  __gtdf2                          
000042f9  __gtsf2                          
000000c1  __kernel_rem_pio2                
00003a49  __ledf2                          
00004335  __lesf2                          
00003a49  __ltdf2                          
00004335  __ltsf2                          
UNDEFED   __mpu_init                       
00002119  __muldf3                         
00004371  __muldsi3                        
000032f9  __mulsf3                         
00003a49  __nedf2                          
00004335  __nesf2                          
20207e00  __stack                          
20200000  __start___llvm_prf_bits          
20200000  __start___llvm_prf_cnts          
20200000  __stop___llvm_prf_bits           
20200000  __stop___llvm_prf_cnts           
00001291  __subdf3                         
0000248d  __subsf3                         
00003891  __truncdfsf2                     
00004ad9  _c_int00_noargs                  
202007d8  _device                          
202006e8  _ftable                          
202008f4  _lock                            
0000359f  _nop                             
20200850  _stream                          
20200918  _sys_memory                      
UNDEFED   _system_post_cinit               
0000340d  _system_pre_init                 
202008f8  _unlock                          
00004f3d  abort                            
00001d75  add_device                       
00001a75  aligned_alloc                    
ffffffff  binit                            
20200907  bulletFlag1                      
20200909  bulletFlag2                      
202004b8  bullets1                         
202005d0  bullets2                         
00003f45  close                            
00000b99  cosf                             
000046d5  exit                             
00004709  finddevice                       
000016f1  floor                            
000016f1  floorl                           
00004929  fopen                            
00002031  free                             
0000473d  freopen                          
000039dd  getdevice                        
00000000  interruptVectors                 
000023b5  ldexp                            
000023b5  ldexpl                           
000031d5  main                             
00004e89  malloc                           
00001a75  memalign                         
00004b27  memccpy                          
00002d91  open                             
20200000  p1                               
2020025c  p2                               
20200cd8  parmbuf                          
202008a0  player1SP                        
202008bc  player2SP                        
00004eed  remove                           
000023b5  scalbn                           
000023b5  scalbnl                          
000021fd  setvbuf                          
00000d6d  sinf                             
000044c5  sprintf                          
00002e31  sqrtf                            
00003411  strcmp                           
202008fc  time                             
00004a0d  unlink                           
00004ab1  write                            


GLOBAL SYMBOLS: SORTED BY Symbol Address 

address   name                             
-------   ----                             
00000000  __TI_ATRegion0_region_sz         
00000000  __TI_ATRegion0_src_addr          
00000000  __TI_ATRegion0_trg_addr          
00000000  __TI_ATRegion1_region_sz         
00000000  __TI_ATRegion1_src_addr          
00000000  __TI_ATRegion1_trg_addr          
00000000  __TI_ATRegion2_region_sz         
00000000  __TI_ATRegion2_src_addr          
00000000  __TI_ATRegion2_trg_addr          
00000000  __TI_static_base__               
00000000  interruptVectors                 
000000c1  __kernel_rem_pio2                
00000200  __STACK_SIZE                     
00000200  __SYSMEM_SIZE                    
00000705  __TI_printfi_minimal             
00000989  _Z17ST7735_DrawBitmapssPKtss     
00000b99  cosf                             
00000d6d  sinf                             
00000f35  _Z15Clock_Init80MHzi             
000010e9  _Z15ST7735_DrawCharsscssh        
00001291  __aeabi_dsub                     
00001291  __subdf3                         
0000129b  __adddf3                         
0000129b  __aeabi_dadd                     
00001423  SysTick_Handler                  
00001425  _ZN4Tank12rotateSpriteEf         
000016f1  floor                            
000016f1  floorl                           
00001835  _Z8ADC_InitP10ADC12_Regsjj       
0000195d  _Z15ST7735_FillRectsssst         
00001a75  aligned_alloc                    
00001a75  memalign                         
00001b89  _Z8SPI_Initv                     
00001c81  _Z12bulletUpdatev                
00001d75  add_device                       
00001e61  _Z14ST7735_OutCharc              
00001f49  _Z9UART_Initv                    
00002031  free                             
00002119  __aeabi_dmul                     
00002119  __muldf3                         
000021fd  setvbuf                          
000022dd  _ZN4Tank4MoveEv                  
000023b5  ldexp                            
000023b5  ldexpl                           
000023b5  scalbn                           
000023b5  scalbnl                          
0000248d  __aeabi_fsub                     
0000248d  __subsf3                         
00002497  __addsf3                         
00002497  __aeabi_fadd                     
00002565  _ZN4TankC1EiiiPKthhjj            
00002565  _ZN4TankC2EiiiPKthhjj            
0000262d  _ZN6Bullet4MoveEv                
000026f1  _ZN6Bullet5checkER4Tank          
000027a9  _Z10DrawHealthRK4TankS1_         
0000285d  _ZN4Tank11TriVelocityEi          
00002a61  _Z14TimerG7_IntArmtjj            
00002b09  _Z12rotateUpdatev                
00002c4f  _Z10Sound_Initv                  
00002c51  _Z12ST7735_InitR10initRFlags     
00002cf1  _Z17ST7735_InitPrintf10initRFlags
00002d91  open                             
00002e31  sqrtf                            
00002ed1  _Z11isCollisionv                 
000030a5  _ZN4Tank5ShootEP6Bulleti         
0000313f  __aeabi_idiv0                    
00003141  _Z15TimerG12_IntArmjj            
000031d5  main                             
00003269  _ZN8SlidePot4InitEj              
000032f9  __aeabi_fmul                     
000032f9  __mulsf3                         
0000340d  _system_pre_init                 
00003411  strcmp                           
00003499  _Z17ST7735_DrawStringttPcs       
0000351d  __aeabi_fdiv                     
0000351d  __divsf3                         
0000359f  _nop                             
000035a1  _ZN6Bullet4InitEiifii            
00003621  TIMG12_IRQHandler                
0000369d  _Z14LaunchPad_Initv              
00003719  __TI_closefile                   
00003795  __TI_decompress_lzss             
00003811  __gedf2                          
00003811  __gtdf2                          
00003885  _Z10Clock_Freqv                  
00003891  __aeabi_d2f                      
00003891  __truncdfsf2                     
00003905  HOSTlseek                        
00003971  HOSTrename                       
000039dd  getdevice                        
00003a49  __cmpdf2                         
00003a49  __eqdf2                          
00003a49  __ledf2                          
00003a49  __ltdf2                          
00003a49  __nedf2                          
00003b15  __aeabi_dcmpeq                   
00003b29  __aeabi_dcmplt                   
00003b3d  __aeabi_dcmple                   
00003b51  __aeabi_dcmpge                   
00003b65  __aeabi_dcmpgt                   
00003b79  __aeabi_fcmpeq                   
00003b8d  __aeabi_fcmplt                   
00003ba1  __aeabi_fcmple                   
00003bb5  __aeabi_fcmpge                   
00003bc9  __aeabi_fcmpgt                   
00003bdd  HOSTopen                         
00003c3d  _ZN8SlidePot2InEv                
00003c9d  HOSTread                         
00003cf5  HOSTwrite                        
00003d4d  _Z10TExaS_InitP10ADC12_RegsjPFhvE
00003da5  __aeabi_idiv                     
00003da5  __aeabi_idivmod                  
00003dfd  __TI_auto_init_nobinit           
00003e51  __TI_doflush                     
00003ea3  _Z12tankMovementjjR4Tank         
00003ef3  _ZN4Tank6RotateEi                
00003f45  close                            
00003f95  __aeabi_d2iz                     
00003f95  __fixdfsi                        
00003fe1  HOSTclose                        
00004029  HOSTunlink                       
00004071  _Z14SPI_OutCommandc              
000040b9  _Z9queryTankv                    
000040fd  TIMG7_IRQHandler                 
0000413d  _Z9SPI_Resetv                    
0000417d  _ZN6Bullet4DrawEv                
000041bd  __aeabi_uidiv                    
000041bd  __aeabi_uidivmod                 
000041fd  __aeabi_f2d                      
000041fd  __extendsfdf2                    
0000427d  _Z5clampfff                      
000042bd  __aeabi_i2f                      
000042bd  __floatsisf                      
000042f9  __gesf2                          
000042f9  __gtsf2                          
00004335  __cmpsf2                         
00004335  __eqsf2                          
00004335  __lesf2                          
00004335  __ltsf2                          
00004335  __nesf2                          
00004371  __muldsi3                        
000043ad  _Z11SPI_OutDatac                 
000043e5  _Z15ActivatePortA_Bv             
0000441d  _ZN4Tank10TakeDamageEv           
00004455  _ZN6Bullet5EraseEv               
0000448d  __aeabi_f2iz                     
0000448d  __fixsfsi                        
000044c5  sprintf                          
000044fd  _ZN4Tank15rotateIncrementEi      
00004533  _Z12ST7735_writeiPKcj            
00004569  _Z13displayUpdatev               
0000459d  _Z14Clock_Delay1msj              
000045d1  _Z16ST7735_SetCursorjj           
00004605  _Z8LED_Initv                     
00004639  __TI_cleanup                     
0000466d  __TI_readmsg                     
000046a1  __TI_writemsg                    
000046cd  C$$IO$$                          
000046d5  exit                             
00004709  finddevice                       
0000473d  freopen                          
00004771  _Z15ST7735_Color565hhh           
000047a3  _ZN4Tank13TickCooldownsEv        
000047d5  _ZN4Tank4DrawEv                  
00004839  _ZN8SlidePot4SaveEj              
00004929  fopen                            
00004959  _ZN8SlidePot4SyncEv              
00004989  _Z17ST7735_FillScreent           
000049b5  _ZN4Tank5EraseEv                 
000049e1  __aeabi_i2d                      
000049e1  __floatsidf                      
00004a0d  unlink                           
00004a39  _Z11Switch_Initv                 
00004a61  _Z9ADC_StartP10ADC12_Regs        
00004ab1  write                            
00004ad9  _c_int00_noargs                  
00004b01  _ZN6Bullet10DeactivateEv         
00004b27  memccpy                          
00004b69  ADC0_IRQHandler                  
00004b69  ADC1_IRQHandler                  
00004b69  AES_IRQHandler                   
00004b69  CANFD0_IRQHandler                
00004b69  DAC0_IRQHandler                  
00004b69  DMA_IRQHandler                   
00004b69  Default_Handler                  
00004b69  GROUP0_IRQHandler                
00004b69  GROUP1_IRQHandler                
00004b69  I2C0_IRQHandler                  
00004b69  I2C1_IRQHandler                  
00004b69  NMI_Handler                      
00004b69  PendSV_Handler                   
00004b69  RTC_IRQHandler                   
00004b69  SPI0_IRQHandler                  
00004b69  SPI1_IRQHandler                  
00004b69  SVC_Handler                      
00004b69  TIMA0_IRQHandler                 
00004b69  TIMA1_IRQHandler                 
00004b69  TIMG0_IRQHandler                 
00004b69  TIMG6_IRQHandler                 
00004b69  TIMG8_IRQHandler                 
00004b69  UART0_IRQHandler                 
00004b69  UART1_IRQHandler                 
00004b69  UART2_IRQHandler                 
00004b69  UART3_IRQHandler                 
00004b85  HardFault_Handler                
00004bbd  _Z10Switch_In1v                  
00004bd9  _Z10Switch_In2v                  
00004bf5  _Z11ST7735_openPKcji             
00004c11  _Z7P1SHOOTv                      
00004c2d  _Z7P2SHOOTv                      
00004c65  _Z15SlidePotSamplerR8SlidePot    
00004c7f  _ZN6BulletC1Ev                   
00004c7f  _ZN6BulletC2Ev                   
00004c99  _ZN8SlidePotC1Ejj                
00004c99  _ZN8SlidePotC2Ejj                
00004cf1  _Z11ST7735_readiPcj              
00004d07  __TI_zero_init_nomemset          
00004d45  _ZN4Tank11NeedsRedrawEv          
00004d57  TI_memcpy_small                  
00004d69  __TI_decompress_none             
00004d8b  _Z11Clock_Delayj                 
00004d9d  _Z28TExaS_LaunchPadLogicPB27PB26v
00004dad  _ZN4Tank8CanShootEv              
00004dbd  _ZNK6Bullet8IsActiveEv           
00004ddb  _Z12ST7735_lseekili              
00004de9  _ZNK4Tank9GetHealthEv            
00004df9  __aeabi_memset                   
00004df9  __aeabi_memset4                  
00004df9  __aeabi_memset8                  
00004e31  TI_memset_small                  
00004e3f  _Z13ST7735_renamePKcS0_          
00004e4b  _ZN8SlidePot12lastDistanceEv     
00004e57  _ZN8SlidePot8DistanceEv          
00004e63  _ZNK4Tank4GetXEv                 
00004e6f  _ZNK4Tank4GetYEv                 
00004e7d  __aeabi_memclr                   
00004e7d  __aeabi_memclr4                  
00004e7d  __aeabi_memclr8                  
00004e89  malloc                           
00004eb3  _Z12ST7735_closei                
00004ebd  _Z13ST7735_unlinkPKc             
00004ec7  _Z8PLL_Initv                     
00004edd  __aeabi_errno_addr               
00004ee5  __aeabi_memcpy                   
00004ee5  __aeabi_memcpy4                  
00004ee5  __aeabi_memcpy8                  
00004eed  remove                           
00004f39  Reset_Handler                    
00004f3c  C$$EXIT                          
00004f3d  abort                            
00005a90  SHT$$INIT_ARRAY$$Base            
00005a94  SHT$$INIT_ARRAY$$Limit           
00005b08  __TI_Handler_Table_Base          
00005b14  __TI_Handler_Table_Limit         
00005b1c  __TI_CINIT_Base                  
00005b2c  __TI_CINIT_Limit                 
00005b2c  __TI_CINIT_Warm                  
20200000  __start___llvm_prf_bits          
20200000  __start___llvm_prf_cnts          
20200000  __stop___llvm_prf_bits           
20200000  __stop___llvm_prf_cnts           
20200000  p1                               
2020025c  p2                               
202004b8  bullets1                         
202005d0  bullets2                         
202006e8  _ftable                          
202007d8  _device                          
20200850  _stream                          
202008a0  player1SP                        
202008bc  player2SP                        
202008d8  __TI_cleanup_ptr                 
202008dc  __TI_dtors_ptr                   
202008e0  BusFreq                          
202008e4  StX                              
202008e8  StY                              
202008ec  __TI_ft_end                      
202008f0  __aeabi_errno                    
202008f4  _lock                            
202008f8  _unlock                          
202008fc  time                             
20200904  TG12Flag                         
20200907  bulletFlag1                      
20200909  bulletFlag2                      
20200918  _sys_memory                      
20200b18  _CIOBUF_                         
20200b18  __CIOBUF_                        
20200c38  __TI_tmpnams                     
20200cd8  parmbuf                          
20200ce0  TExaSLogic                       
20200ce4  TExaSadc                         
20200cec  StTextColor                      
20207e00  __stack                          
20208000  __STACK_END                      
ffffffff  __TI_pprof_out_hndl              
ffffffff  __TI_prof_data_size              
ffffffff  __TI_prof_data_start             
ffffffff  __binit__                        
ffffffff  binit                            
UNDEFED   __mpu_init                       
UNDEFED   _system_post_cinit               

[300 symbols]
