<?xml version="1.0" encoding="ISO-8859-1" ?>
<link_info>
   <banner>TI ARM Clang Linker PC v4.0.1.LTS</banner>
   <copyright>Copyright (c) 1996-2018 Texas Instruments Incorporated</copyright>
   <command_line>C:\ti\ccs2000\ccs\tools\compiler\ti-cgt-armllvm_4.0.1.LTS\bin\tiarmlnk -IC:\ti\ccs2000\ccs\tools\compiler\ti-cgt-armllvm_4.0.1.LTS\lib -o ECE319K_Lab9H.out -mECE319K_Lab9H.map --heap_size=512 --stack_size=512 -iC:/Users/singh/Downloads/MSPM0_ValvanoWare/ECE319K_Lab9H/Debug/syscfg -iC:/ti/ccs2000/ccs/tools/compiler/ti-cgt-armllvm_4.0.1.LTS/lib --diag_wrap=off --display_error_number --warn_sections --xml_link_info=ECE319K_Lab9H_linkInfo.xml --rom_model ./Clock.o ./DAC5.o ./LED.o ./Lab9HMain.o ./LaunchPad.o ./SPI.o ./ST7735.o ./SlidePot.o ./SmallFont.o ./Sound.o ./Switch.o ./TExaS.o ./Timer.o ./bullet.o ./fsm.o ./tank.o ./tools.o ./images/SpaceInvaders/pipedreams/PipeSound.o ./ticlang/startup_mspm0g3507_ticlang.o ../mspm0g3507.cmd -lC:/ti/mspm0_sdk_2_02_00_05/source/ti/driverlib/lib/ticlang/m0p/mspm0g1x0x_g3x0x/driverlib.a -llibc.a --start-group -llibc++.a -llibc++abi.a -llibc.a -llibsys.a -llibsysbm.a -llibclang_rt.builtins.a -llibclang_rt.profile.a --end-group --cg_opt_level=0</command_line>
   <link_time>0x6808a011</link_time>
   <link_errors>0x0</link_errors>
   <output_file>C:\Users\singh\Downloads\MSPM0_ValvanoWare\ECE319K_Lab9H\Debug\ECE319K_Lab9H.out</output_file>
   <entry_point>
      <name>_c_int00_noargs</name>
      <address>0x5fa1</address>
   </entry_point>
   <input_file_list>
      <input_file id="fl-1">
         <path>C:\Users\singh\Downloads\MSPM0_ValvanoWare\ECE319K_Lab9H\Debug\.\</path>
         <kind>object</kind>
         <file>Clock.o</file>
         <name>Clock.o</name>
      </input_file>
      <input_file id="fl-2">
         <path>C:\Users\singh\Downloads\MSPM0_ValvanoWare\ECE319K_Lab9H\Debug\.\</path>
         <kind>object</kind>
         <file>DAC5.o</file>
         <name>DAC5.o</name>
      </input_file>
      <input_file id="fl-3">
         <path>C:\Users\singh\Downloads\MSPM0_ValvanoWare\ECE319K_Lab9H\Debug\.\</path>
         <kind>object</kind>
         <file>LED.o</file>
         <name>LED.o</name>
      </input_file>
      <input_file id="fl-4">
         <path>C:\Users\singh\Downloads\MSPM0_ValvanoWare\ECE319K_Lab9H\Debug\.\</path>
         <kind>object</kind>
         <file>Lab9HMain.o</file>
         <name>Lab9HMain.o</name>
      </input_file>
      <input_file id="fl-5">
         <path>C:\Users\singh\Downloads\MSPM0_ValvanoWare\ECE319K_Lab9H\Debug\.\</path>
         <kind>object</kind>
         <file>LaunchPad.o</file>
         <name>LaunchPad.o</name>
      </input_file>
      <input_file id="fl-6">
         <path>C:\Users\singh\Downloads\MSPM0_ValvanoWare\ECE319K_Lab9H\Debug\.\</path>
         <kind>object</kind>
         <file>SPI.o</file>
         <name>SPI.o</name>
      </input_file>
      <input_file id="fl-7">
         <path>C:\Users\singh\Downloads\MSPM0_ValvanoWare\ECE319K_Lab9H\Debug\.\</path>
         <kind>object</kind>
         <file>ST7735.o</file>
         <name>ST7735.o</name>
      </input_file>
      <input_file id="fl-8">
         <path>C:\Users\singh\Downloads\MSPM0_ValvanoWare\ECE319K_Lab9H\Debug\.\</path>
         <kind>object</kind>
         <file>SlidePot.o</file>
         <name>SlidePot.o</name>
      </input_file>
      <input_file id="fl-9">
         <path>C:\Users\singh\Downloads\MSPM0_ValvanoWare\ECE319K_Lab9H\Debug\.\</path>
         <kind>object</kind>
         <file>SmallFont.o</file>
         <name>SmallFont.o</name>
      </input_file>
      <input_file id="fl-a">
         <path>C:\Users\singh\Downloads\MSPM0_ValvanoWare\ECE319K_Lab9H\Debug\.\</path>
         <kind>object</kind>
         <file>Sound.o</file>
         <name>Sound.o</name>
      </input_file>
      <input_file id="fl-b">
         <path>C:\Users\singh\Downloads\MSPM0_ValvanoWare\ECE319K_Lab9H\Debug\.\</path>
         <kind>object</kind>
         <file>Switch.o</file>
         <name>Switch.o</name>
      </input_file>
      <input_file id="fl-c">
         <path>C:\Users\singh\Downloads\MSPM0_ValvanoWare\ECE319K_Lab9H\Debug\.\</path>
         <kind>object</kind>
         <file>TExaS.o</file>
         <name>TExaS.o</name>
      </input_file>
      <input_file id="fl-d">
         <path>C:\Users\singh\Downloads\MSPM0_ValvanoWare\ECE319K_Lab9H\Debug\.\</path>
         <kind>object</kind>
         <file>Timer.o</file>
         <name>Timer.o</name>
      </input_file>
      <input_file id="fl-e">
         <path>C:\Users\singh\Downloads\MSPM0_ValvanoWare\ECE319K_Lab9H\Debug\.\</path>
         <kind>object</kind>
         <file>bullet.o</file>
         <name>bullet.o</name>
      </input_file>
      <input_file id="fl-f">
         <path>C:\Users\singh\Downloads\MSPM0_ValvanoWare\ECE319K_Lab9H\Debug\.\</path>
         <kind>object</kind>
         <file>fsm.o</file>
         <name>fsm.o</name>
      </input_file>
      <input_file id="fl-10">
         <path>C:\Users\singh\Downloads\MSPM0_ValvanoWare\ECE319K_Lab9H\Debug\.\</path>
         <kind>object</kind>
         <file>tank.o</file>
         <name>tank.o</name>
      </input_file>
      <input_file id="fl-11">
         <path>C:\Users\singh\Downloads\MSPM0_ValvanoWare\ECE319K_Lab9H\Debug\.\</path>
         <kind>object</kind>
         <file>tools.o</file>
         <name>tools.o</name>
      </input_file>
      <input_file id="fl-12">
         <path>C:\Users\singh\Downloads\MSPM0_ValvanoWare\ECE319K_Lab9H\Debug\.\images\SpaceInvaders\pipedreams\</path>
         <kind>object</kind>
         <file>PipeSound.o</file>
         <name>PipeSound.o</name>
      </input_file>
      <input_file id="fl-13">
         <path>C:\Users\singh\Downloads\MSPM0_ValvanoWare\ECE319K_Lab9H\Debug\.\ticlang\</path>
         <kind>object</kind>
         <file>startup_mspm0g3507_ticlang.o</file>
         <name>startup_mspm0g3507_ticlang.o</name>
      </input_file>
      <input_file id="fl-1f">
         <path>C:\Users\singh\Downloads\MSPM0_ValvanoWare\ECE319K_Lab9H\Debug\</path>
         <kind>object</kind>
         <file>&lt;internal&gt;</file>
         <name>&lt;internal&gt;</name>
      </input_file>
      <input_file id="fl-34">
         <path>C:\ti\ccs2000\ccs\tools\compiler\ti-cgt-armllvm_4.0.1.LTS\lib\armv6m-ti-none-eabi\c\</path>
         <kind>archive</kind>
         <file>libc.a</file>
         <name>e_sqrtf.c.obj</name>
      </input_file>
      <input_file id="fl-35">
         <path>C:\ti\ccs2000\ccs\tools\compiler\ti-cgt-armllvm_4.0.1.LTS\lib\armv6m-ti-none-eabi\c\</path>
         <kind>archive</kind>
         <file>libc.a</file>
         <name>s_cosf.c.obj</name>
      </input_file>
      <input_file id="fl-36">
         <path>C:\ti\ccs2000\ccs\tools\compiler\ti-cgt-armllvm_4.0.1.LTS\lib\armv6m-ti-none-eabi\c\</path>
         <kind>archive</kind>
         <file>libc.a</file>
         <name>s_sinf.c.obj</name>
      </input_file>
      <input_file id="fl-37">
         <path>C:\ti\ccs2000\ccs\tools\compiler\ti-cgt-armllvm_4.0.1.LTS\lib\armv6m-ti-none-eabi\c\</path>
         <kind>archive</kind>
         <file>libc.a</file>
         <name>fopen.c.obj</name>
      </input_file>
      <input_file id="fl-38">
         <path>C:\ti\ccs2000\ccs\tools\compiler\ti-cgt-armllvm_4.0.1.LTS\lib\armv6m-ti-none-eabi\c\</path>
         <kind>archive</kind>
         <file>libc.a</file>
         <name>setvbuf.c.obj</name>
      </input_file>
      <input_file id="fl-39">
         <path>C:\ti\ccs2000\ccs\tools\compiler\ti-cgt-armllvm_4.0.1.LTS\lib\armv6m-ti-none-eabi\c\</path>
         <kind>archive</kind>
         <file>libc.a</file>
         <name>aeabi_portable.c.obj</name>
      </input_file>
      <input_file id="fl-3a">
         <path>C:\ti\ccs2000\ccs\tools\compiler\ti-cgt-armllvm_4.0.1.LTS\lib\armv6m-ti-none-eabi\c\</path>
         <kind>archive</kind>
         <file>libc.a</file>
         <name>exit.c.obj</name>
      </input_file>
      <input_file id="fl-3b">
         <path>C:\ti\ccs2000\ccs\tools\compiler\ti-cgt-armllvm_4.0.1.LTS\lib\armv6m-ti-none-eabi\c\</path>
         <kind>archive</kind>
         <file>libc.a</file>
         <name>_lock.c.obj</name>
      </input_file>
      <input_file id="fl-3c">
         <path>C:\ti\ccs2000\ccs\tools\compiler\ti-cgt-armllvm_4.0.1.LTS\lib\armv6m-ti-none-eabi\c\</path>
         <kind>archive</kind>
         <file>libc.a</file>
         <name>assert.c.obj</name>
      </input_file>
      <input_file id="fl-3d">
         <path>C:\ti\ccs2000\ccs\tools\compiler\ti-cgt-armllvm_4.0.1.LTS\lib\armv6m-ti-none-eabi\c\</path>
         <kind>archive</kind>
         <file>libc.a</file>
         <name>defs.c.obj</name>
      </input_file>
      <input_file id="fl-3e">
         <path>C:\ti\ccs2000\ccs\tools\compiler\ti-cgt-armllvm_4.0.1.LTS\lib\armv6m-ti-none-eabi\c\</path>
         <kind>archive</kind>
         <file>libc.a</file>
         <name>memory.c.obj</name>
      </input_file>
      <input_file id="fl-3f">
         <path>C:\ti\ccs2000\ccs\tools\compiler\ti-cgt-armllvm_4.0.1.LTS\lib\armv6m-ti-none-eabi\c\</path>
         <kind>archive</kind>
         <file>libc.a</file>
         <name>rand.c.obj</name>
      </input_file>
      <input_file id="fl-40">
         <path>C:\ti\ccs2000\ccs\tools\compiler\ti-cgt-armllvm_4.0.1.LTS\lib\armv6m-ti-none-eabi\c\</path>
         <kind>archive</kind>
         <file>libc.a</file>
         <name>k_rem_pio2.c.obj</name>
      </input_file>
      <input_file id="fl-41">
         <path>C:\ti\ccs2000\ccs\tools\compiler\ti-cgt-armllvm_4.0.1.LTS\lib\armv6m-ti-none-eabi\c\</path>
         <kind>archive</kind>
         <file>libc.a</file>
         <name>copy_zero_init.c.obj</name>
      </input_file>
      <input_file id="fl-42">
         <path>C:\ti\ccs2000\ccs\tools\compiler\ti-cgt-armllvm_4.0.1.LTS\lib\armv6m-ti-none-eabi\c\</path>
         <kind>archive</kind>
         <file>libc.a</file>
         <name>copy_decompress_none.c.obj</name>
      </input_file>
      <input_file id="fl-43">
         <path>C:\ti\ccs2000\ccs\tools\compiler\ti-cgt-armllvm_4.0.1.LTS\lib\armv6m-ti-none-eabi\c\</path>
         <kind>archive</kind>
         <file>libc.a</file>
         <name>copy_decompress_lzss.c.obj</name>
      </input_file>
      <input_file id="fl-44">
         <path>C:\ti\ccs2000\ccs\tools\compiler\ti-cgt-armllvm_4.0.1.LTS\lib\armv6m-ti-none-eabi\c\</path>
         <kind>archive</kind>
         <file>libc.a</file>
         <name>boot_cortex_m.c.obj</name>
      </input_file>
      <input_file id="fl-45">
         <path>C:\ti\ccs2000\ccs\tools\compiler\ti-cgt-armllvm_4.0.1.LTS\lib\armv6m-ti-none-eabi\c\</path>
         <kind>archive</kind>
         <file>libc.a</file>
         <name>mathacl_init.c.obj</name>
      </input_file>
      <input_file id="fl-46">
         <path>C:\ti\ccs2000\ccs\tools\compiler\ti-cgt-armllvm_4.0.1.LTS\lib\armv6m-ti-none-eabi\c\</path>
         <kind>archive</kind>
         <file>libc.a</file>
         <name>s_floor.c.obj</name>
      </input_file>
      <input_file id="fl-47">
         <path>C:\ti\ccs2000\ccs\tools\compiler\ti-cgt-armllvm_4.0.1.LTS\lib\armv6m-ti-none-eabi\c\</path>
         <kind>archive</kind>
         <file>libc.a</file>
         <name>s_scalbn.c.obj</name>
      </input_file>
      <input_file id="fl-48">
         <path>C:\ti\ccs2000\ccs\tools\compiler\ti-cgt-armllvm_4.0.1.LTS\lib\armv6m-ti-none-eabi\c\</path>
         <kind>archive</kind>
         <file>libc.a</file>
         <name>sprintf.c.obj</name>
      </input_file>
      <input_file id="fl-49">
         <path>C:\ti\ccs2000\ccs\tools\compiler\ti-cgt-armllvm_4.0.1.LTS\lib\armv6m-ti-none-eabi\c\</path>
         <kind>archive</kind>
         <file>libc.a</file>
         <name>fclose.c.obj</name>
      </input_file>
      <input_file id="fl-4a">
         <path>C:\ti\ccs2000\ccs\tools\compiler\ti-cgt-armllvm_4.0.1.LTS\lib\armv6m-ti-none-eabi\c\</path>
         <kind>archive</kind>
         <file>libc.a</file>
         <name>fflush.c.obj</name>
      </input_file>
      <input_file id="fl-4b">
         <path>C:\ti\ccs2000\ccs\tools\compiler\ti-cgt-armllvm_4.0.1.LTS\lib\armv6m-ti-none-eabi\c\</path>
         <kind>archive</kind>
         <file>libc.a</file>
         <name>fputs.c.obj</name>
      </input_file>
      <input_file id="fl-4c">
         <path>C:\ti\ccs2000\ccs\tools\compiler\ti-cgt-armllvm_4.0.1.LTS\lib\armv6m-ti-none-eabi\c\</path>
         <kind>archive</kind>
         <file>libc.a</file>
         <name>_io_perm.c.obj</name>
      </input_file>
      <input_file id="fl-4d">
         <path>C:\ti\ccs2000\ccs\tools\compiler\ti-cgt-armllvm_4.0.1.LTS\lib\armv6m-ti-none-eabi\c\</path>
         <kind>archive</kind>
         <file>libc.a</file>
         <name>args_main.c.obj</name>
      </input_file>
      <input_file id="fl-4e">
         <path>C:\ti\ccs2000\ccs\tools\compiler\ti-cgt-armllvm_4.0.1.LTS\lib\armv6m-ti-none-eabi\c\</path>
         <kind>archive</kind>
         <file>libc.a</file>
         <name>autoinit.c.obj</name>
      </input_file>
      <input_file id="fl-4f">
         <path>C:\ti\ccs2000\ccs\tools\compiler\ti-cgt-armllvm_4.0.1.LTS\lib\armv6m-ti-none-eabi\c\</path>
         <kind>archive</kind>
         <file>libc.a</file>
         <name>pre_init.c.obj</name>
      </input_file>
      <input_file id="fl-50">
         <path>C:\ti\ccs2000\ccs\tools\compiler\ti-cgt-armllvm_4.0.1.LTS\lib\armv6m-ti-none-eabi\c\</path>
         <kind>archive</kind>
         <file>libc.a</file>
         <name>cpy_tbl.c.obj</name>
      </input_file>
      <input_file id="fl-51">
         <path>C:\ti\ccs2000\ccs\tools\compiler\ti-cgt-armllvm_4.0.1.LTS\lib\armv6m-ti-none-eabi\c\</path>
         <kind>archive</kind>
         <file>libc.a</file>
         <name>_printfi.c.obj</name>
      </input_file>
      <input_file id="fl-52">
         <path>C:\ti\ccs2000\ccs\tools\compiler\ti-cgt-armllvm_4.0.1.LTS\lib\armv6m-ti-none-eabi\c\</path>
         <kind>archive</kind>
         <file>libc.a</file>
         <name>fseek.c.obj</name>
      </input_file>
      <input_file id="fl-53">
         <path>C:\ti\ccs2000\ccs\tools\compiler\ti-cgt-armllvm_4.0.1.LTS\lib\armv6m-ti-none-eabi\c\</path>
         <kind>archive</kind>
         <file>libc.a</file>
         <name>wcslen.c.obj</name>
      </input_file>
      <input_file id="fl-54">
         <path>C:\ti\ccs2000\ccs\tools\compiler\ti-cgt-armllvm_4.0.1.LTS\lib\armv6m-ti-none-eabi\c\</path>
         <kind>archive</kind>
         <file>libc.a</file>
         <name>_ltoa.c.obj</name>
      </input_file>
      <input_file id="fl-55">
         <path>C:\ti\ccs2000\ccs\tools\compiler\ti-cgt-armllvm_4.0.1.LTS\lib\armv6m-ti-none-eabi\c\</path>
         <kind>archive</kind>
         <file>libc.a</file>
         <name>atoi.c.obj</name>
      </input_file>
      <input_file id="fl-56">
         <path>C:\ti\ccs2000\ccs\tools\compiler\ti-cgt-armllvm_4.0.1.LTS\lib\armv6m-ti-none-eabi\c\</path>
         <kind>archive</kind>
         <file>libc.a</file>
         <name>memccpy.c.obj</name>
      </input_file>
      <input_file id="fl-57">
         <path>C:\ti\ccs2000\ccs\tools\compiler\ti-cgt-armllvm_4.0.1.LTS\lib\armv6m-ti-none-eabi\c\</path>
         <kind>archive</kind>
         <file>libc.a</file>
         <name>s_frexp.c.obj</name>
      </input_file>
      <input_file id="fl-58">
         <path>C:\ti\ccs2000\ccs\tools\compiler\ti-cgt-armllvm_4.0.1.LTS\lib\armv6m-ti-none-eabi\c\</path>
         <kind>archive</kind>
         <file>libc.a</file>
         <name>aeabi_ctype.S.obj</name>
      </input_file>
      <input_file id="fl-ee">
         <path>C:\ti\ccs2000\ccs\tools\compiler\ti-cgt-armllvm_4.0.1.LTS\lib\armv6m-ti-none-eabi\c\</path>
         <kind>archive</kind>
         <file>libsysbm.a</file>
         <name>write.c.obj</name>
      </input_file>
      <input_file id="fl-ef">
         <path>C:\ti\ccs2000\ccs\tools\compiler\ti-cgt-armllvm_4.0.1.LTS\lib\armv6m-ti-none-eabi\c\</path>
         <kind>archive</kind>
         <file>libsysbm.a</file>
         <name>host_device.c.obj</name>
      </input_file>
      <input_file id="fl-f0">
         <path>C:\ti\ccs2000\ccs\tools\compiler\ti-cgt-armllvm_4.0.1.LTS\lib\armv6m-ti-none-eabi\c\</path>
         <kind>archive</kind>
         <file>libsysbm.a</file>
         <name>remove.c.obj</name>
      </input_file>
      <input_file id="fl-f1">
         <path>C:\ti\ccs2000\ccs\tools\compiler\ti-cgt-armllvm_4.0.1.LTS\lib\armv6m-ti-none-eabi\c\</path>
         <kind>archive</kind>
         <file>libsysbm.a</file>
         <name>open.c.obj</name>
      </input_file>
      <input_file id="fl-f2">
         <path>C:\ti\ccs2000\ccs\tools\compiler\ti-cgt-armllvm_4.0.1.LTS\lib\armv6m-ti-none-eabi\c\</path>
         <kind>archive</kind>
         <file>libsysbm.a</file>
         <name>lseek.c.obj</name>
      </input_file>
      <input_file id="fl-f3">
         <path>C:\ti\ccs2000\ccs\tools\compiler\ti-cgt-armllvm_4.0.1.LTS\lib\armv6m-ti-none-eabi\c\</path>
         <kind>archive</kind>
         <file>libsysbm.a</file>
         <name>close.c.obj</name>
      </input_file>
      <input_file id="fl-f4">
         <path>C:\ti\ccs2000\ccs\tools\compiler\ti-cgt-armllvm_4.0.1.LTS\lib\armv6m-ti-none-eabi\c\</path>
         <kind>archive</kind>
         <file>libsysbm.a</file>
         <name>add_device.c.obj</name>
      </input_file>
      <input_file id="fl-f5">
         <path>C:\ti\ccs2000\ccs\tools\compiler\ti-cgt-armllvm_4.0.1.LTS\lib\armv6m-ti-none-eabi\c\</path>
         <kind>archive</kind>
         <file>libsysbm.a</file>
         <name>unlink.c.obj</name>
      </input_file>
      <input_file id="fl-f6">
         <path>C:\ti\ccs2000\ccs\tools\compiler\ti-cgt-armllvm_4.0.1.LTS\lib\armv6m-ti-none-eabi\c\</path>
         <kind>archive</kind>
         <file>libsysbm.a</file>
         <name>hostclose.c.obj</name>
      </input_file>
      <input_file id="fl-f7">
         <path>C:\ti\ccs2000\ccs\tools\compiler\ti-cgt-armllvm_4.0.1.LTS\lib\armv6m-ti-none-eabi\c\</path>
         <kind>archive</kind>
         <file>libsysbm.a</file>
         <name>hostlseek.c.obj</name>
      </input_file>
      <input_file id="fl-f8">
         <path>C:\ti\ccs2000\ccs\tools\compiler\ti-cgt-armllvm_4.0.1.LTS\lib\armv6m-ti-none-eabi\c\</path>
         <kind>archive</kind>
         <file>libsysbm.a</file>
         <name>hostopen.c.obj</name>
      </input_file>
      <input_file id="fl-f9">
         <path>C:\ti\ccs2000\ccs\tools\compiler\ti-cgt-armllvm_4.0.1.LTS\lib\armv6m-ti-none-eabi\c\</path>
         <kind>archive</kind>
         <file>libsysbm.a</file>
         <name>hostread.c.obj</name>
      </input_file>
      <input_file id="fl-fa">
         <path>C:\ti\ccs2000\ccs\tools\compiler\ti-cgt-armllvm_4.0.1.LTS\lib\armv6m-ti-none-eabi\c\</path>
         <kind>archive</kind>
         <file>libsysbm.a</file>
         <name>hostrename.c.obj</name>
      </input_file>
      <input_file id="fl-fb">
         <path>C:\ti\ccs2000\ccs\tools\compiler\ti-cgt-armllvm_4.0.1.LTS\lib\armv6m-ti-none-eabi\c\</path>
         <kind>archive</kind>
         <file>libsysbm.a</file>
         <name>hostunlink.c.obj</name>
      </input_file>
      <input_file id="fl-fc">
         <path>C:\ti\ccs2000\ccs\tools\compiler\ti-cgt-armllvm_4.0.1.LTS\lib\armv6m-ti-none-eabi\c\</path>
         <kind>archive</kind>
         <file>libsysbm.a</file>
         <name>hostwrite.c.obj</name>
      </input_file>
      <input_file id="fl-fd">
         <path>C:\ti\ccs2000\ccs\tools\compiler\ti-cgt-armllvm_4.0.1.LTS\lib\armv6m-ti-none-eabi\c\</path>
         <kind>archive</kind>
         <file>libsysbm.a</file>
         <name>trgmsg.c.obj</name>
      </input_file>
      <input_file id="fl-fe">
         <path>C:\ti\ccs2000\ccs\tools\compiler\ti-cgt-armllvm_4.0.1.LTS\lib\armv6m-ti-none-eabi\</path>
         <kind>archive</kind>
         <file>libclang_rt.builtins.a</file>
         <name>addsf3.S.obj</name>
      </input_file>
      <input_file id="fl-ff">
         <path>C:\ti\ccs2000\ccs\tools\compiler\ti-cgt-armllvm_4.0.1.LTS\lib\armv6m-ti-none-eabi\</path>
         <kind>archive</kind>
         <file>libclang_rt.builtins.a</file>
         <name>adddf3.S.obj</name>
      </input_file>
      <input_file id="fl-100">
         <path>C:\ti\ccs2000\ccs\tools\compiler\ti-cgt-armllvm_4.0.1.LTS\lib\armv6m-ti-none-eabi\</path>
         <kind>archive</kind>
         <file>libclang_rt.builtins.a</file>
         <name>muldf3.S.obj</name>
      </input_file>
      <input_file id="fl-101">
         <path>C:\ti\ccs2000\ccs\tools\compiler\ti-cgt-armllvm_4.0.1.LTS\lib\armv6m-ti-none-eabi\</path>
         <kind>archive</kind>
         <file>libclang_rt.builtins.a</file>
         <name>muldsi3.S.obj</name>
      </input_file>
      <input_file id="fl-102">
         <path>C:\ti\ccs2000\ccs\tools\compiler\ti-cgt-armllvm_4.0.1.LTS\lib\armv6m-ti-none-eabi\</path>
         <kind>archive</kind>
         <file>libclang_rt.builtins.a</file>
         <name>mulsf3.S.obj</name>
      </input_file>
      <input_file id="fl-103">
         <path>C:\ti\ccs2000\ccs\tools\compiler\ti-cgt-armllvm_4.0.1.LTS\lib\armv6m-ti-none-eabi\</path>
         <kind>archive</kind>
         <file>libclang_rt.builtins.a</file>
         <name>divsf3.S.obj</name>
      </input_file>
      <input_file id="fl-104">
         <path>C:\ti\ccs2000\ccs\tools\compiler\ti-cgt-armllvm_4.0.1.LTS\lib\armv6m-ti-none-eabi\</path>
         <kind>archive</kind>
         <file>libclang_rt.builtins.a</file>
         <name>divdf3.S.obj</name>
      </input_file>
      <input_file id="fl-105">
         <path>C:\ti\ccs2000\ccs\tools\compiler\ti-cgt-armllvm_4.0.1.LTS\lib\armv6m-ti-none-eabi\</path>
         <kind>archive</kind>
         <file>libclang_rt.builtins.a</file>
         <name>extendsfdf2.S.obj</name>
      </input_file>
      <input_file id="fl-106">
         <path>C:\ti\ccs2000\ccs\tools\compiler\ti-cgt-armllvm_4.0.1.LTS\lib\armv6m-ti-none-eabi\</path>
         <kind>archive</kind>
         <file>libclang_rt.builtins.a</file>
         <name>fixdfsi.S.obj</name>
      </input_file>
      <input_file id="fl-107">
         <path>C:\ti\ccs2000\ccs\tools\compiler\ti-cgt-armllvm_4.0.1.LTS\lib\armv6m-ti-none-eabi\</path>
         <kind>archive</kind>
         <file>libclang_rt.builtins.a</file>
         <name>fixsfsi.S.obj</name>
      </input_file>
      <input_file id="fl-108">
         <path>C:\ti\ccs2000\ccs\tools\compiler\ti-cgt-armllvm_4.0.1.LTS\lib\armv6m-ti-none-eabi\</path>
         <kind>archive</kind>
         <file>libclang_rt.builtins.a</file>
         <name>floatsidf.S.obj</name>
      </input_file>
      <input_file id="fl-109">
         <path>C:\ti\ccs2000\ccs\tools\compiler\ti-cgt-armllvm_4.0.1.LTS\lib\armv6m-ti-none-eabi\</path>
         <kind>archive</kind>
         <file>libclang_rt.builtins.a</file>
         <name>floatsisf.S.obj</name>
      </input_file>
      <input_file id="fl-10a">
         <path>C:\ti\ccs2000\ccs\tools\compiler\ti-cgt-armllvm_4.0.1.LTS\lib\armv6m-ti-none-eabi\</path>
         <kind>archive</kind>
         <file>libclang_rt.builtins.a</file>
         <name>floatunsidf.S.obj</name>
      </input_file>
      <input_file id="fl-10b">
         <path>C:\ti\ccs2000\ccs\tools\compiler\ti-cgt-armllvm_4.0.1.LTS\lib\armv6m-ti-none-eabi\</path>
         <kind>archive</kind>
         <file>libclang_rt.builtins.a</file>
         <name>floatunsisf.S.obj</name>
      </input_file>
      <input_file id="fl-10c">
         <path>C:\ti\ccs2000\ccs\tools\compiler\ti-cgt-armllvm_4.0.1.LTS\lib\armv6m-ti-none-eabi\</path>
         <kind>archive</kind>
         <file>libclang_rt.builtins.a</file>
         <name>muldi3.S.obj</name>
      </input_file>
      <input_file id="fl-10d">
         <path>C:\ti\ccs2000\ccs\tools\compiler\ti-cgt-armllvm_4.0.1.LTS\lib\armv6m-ti-none-eabi\</path>
         <kind>archive</kind>
         <file>libclang_rt.builtins.a</file>
         <name>truncdfsf2.S.obj</name>
      </input_file>
      <input_file id="fl-10e">
         <path>C:\ti\ccs2000\ccs\tools\compiler\ti-cgt-armllvm_4.0.1.LTS\lib\armv6m-ti-none-eabi\</path>
         <kind>archive</kind>
         <file>libclang_rt.builtins.a</file>
         <name>aeabi_dcmp.S.obj</name>
      </input_file>
      <input_file id="fl-10f">
         <path>C:\ti\ccs2000\ccs\tools\compiler\ti-cgt-armllvm_4.0.1.LTS\lib\armv6m-ti-none-eabi\</path>
         <kind>archive</kind>
         <file>libclang_rt.builtins.a</file>
         <name>aeabi_fcmp.S.obj</name>
      </input_file>
      <input_file id="fl-110">
         <path>C:\ti\ccs2000\ccs\tools\compiler\ti-cgt-armllvm_4.0.1.LTS\lib\armv6m-ti-none-eabi\</path>
         <kind>archive</kind>
         <file>libclang_rt.builtins.a</file>
         <name>aeabi_idivmod.S.obj</name>
      </input_file>
      <input_file id="fl-111">
         <path>C:\ti\ccs2000\ccs\tools\compiler\ti-cgt-armllvm_4.0.1.LTS\lib\armv6m-ti-none-eabi\</path>
         <kind>archive</kind>
         <file>libclang_rt.builtins.a</file>
         <name>aeabi_memcpy.S.obj</name>
      </input_file>
      <input_file id="fl-112">
         <path>C:\ti\ccs2000\ccs\tools\compiler\ti-cgt-armllvm_4.0.1.LTS\lib\armv6m-ti-none-eabi\</path>
         <kind>archive</kind>
         <file>libclang_rt.builtins.a</file>
         <name>aeabi_memset.S.obj</name>
      </input_file>
      <input_file id="fl-113">
         <path>C:\ti\ccs2000\ccs\tools\compiler\ti-cgt-armllvm_4.0.1.LTS\lib\armv6m-ti-none-eabi\</path>
         <kind>archive</kind>
         <file>libclang_rt.builtins.a</file>
         <name>aeabi_uidivmod.S.obj</name>
      </input_file>
      <input_file id="fl-114">
         <path>C:\ti\ccs2000\ccs\tools\compiler\ti-cgt-armllvm_4.0.1.LTS\lib\armv6m-ti-none-eabi\</path>
         <kind>archive</kind>
         <file>libclang_rt.builtins.a</file>
         <name>aeabi_uldivmod.S.obj</name>
      </input_file>
      <input_file id="fl-115">
         <path>C:\ti\ccs2000\ccs\tools\compiler\ti-cgt-armllvm_4.0.1.LTS\lib\armv6m-ti-none-eabi\</path>
         <kind>archive</kind>
         <file>libclang_rt.builtins.a</file>
         <name>comparesf2.S.obj</name>
      </input_file>
      <input_file id="fl-116">
         <path>C:\ti\ccs2000\ccs\tools\compiler\ti-cgt-armllvm_4.0.1.LTS\lib\armv6m-ti-none-eabi\</path>
         <kind>archive</kind>
         <file>libclang_rt.builtins.a</file>
         <name>udivmoddi4.S.obj</name>
      </input_file>
      <input_file id="fl-117">
         <path>C:\ti\ccs2000\ccs\tools\compiler\ti-cgt-armllvm_4.0.1.LTS\lib\armv6m-ti-none-eabi\</path>
         <kind>archive</kind>
         <file>libclang_rt.builtins.a</file>
         <name>ashldi3.S.obj</name>
      </input_file>
      <input_file id="fl-118">
         <path>C:\ti\ccs2000\ccs\tools\compiler\ti-cgt-armllvm_4.0.1.LTS\lib\armv6m-ti-none-eabi\</path>
         <kind>archive</kind>
         <file>libclang_rt.builtins.a</file>
         <name>comparedf2.c.obj</name>
      </input_file>
      <input_file id="fl-119">
         <path>C:\ti\ccs2000\ccs\tools\compiler\ti-cgt-armllvm_4.0.1.LTS\lib\armv6m-ti-none-eabi\</path>
         <kind>archive</kind>
         <file>libclang_rt.builtins.a</file>
         <name>aeabi_div0.c.obj</name>
      </input_file>
      <input_file id="fl-11a">
         <path>C:\ti\ccs2000\ccs\tools\compiler\ti-cgt-armllvm_4.0.1.LTS\lib\armv6m-ti-none-eabi\c\</path>
         <kind>archive</kind>
         <file>libc.a</file>
         <name>getdevice.c.obj</name>
      </input_file>
      <input_file id="fl-11b">
         <path>C:\ti\ccs2000\ccs\tools\compiler\ti-cgt-armllvm_4.0.1.LTS\lib\armv6m-ti-none-eabi\c\</path>
         <kind>archive</kind>
         <file>libc.a</file>
         <name>memcpy16.S.obj</name>
      </input_file>
      <input_file id="fl-11c">
         <path>C:\ti\ccs2000\ccs\tools\compiler\ti-cgt-armllvm_4.0.1.LTS\lib\armv6m-ti-none-eabi\c\</path>
         <kind>archive</kind>
         <file>libc.a</file>
         <name>memset16.S.obj</name>
      </input_file>
      <input_file id="fl-11d">
         <path>C:\ti\ccs2000\ccs\tools\compiler\ti-cgt-armllvm_4.0.1.LTS\lib\armv6m-ti-none-eabi\c\</path>
         <kind>archive</kind>
         <file>libc.a</file>
         <name>strcmp-armv6m.S.obj</name>
      </input_file>
   </input_file_list>
   <object_component_list>
      <object_component id="oc-18">
         <name>.intvecs</name>
         <load_address>0x0</load_address>
         <readonly>true</readonly>
         <run_address>0x0</run_address>
         <size>0xc0</size>
         <alignment>0x4</alignment>
         <input_file_ref idref="fl-13"/>
      </object_component>
      <object_component id="oc-1e4">
         <name>.text.__kernel_rem_pio2</name>
         <load_address>0xc0</load_address>
         <readonly>true</readonly>
         <executable>true</executable>
         <run_address>0xc0</run_address>
         <size>0x644</size>
         <alignment>0x4</alignment>
         <input_file_ref idref="fl-40"/>
      </object_component>
      <object_component id="oc-287">
         <name>.text._ZN6Bullet4MoveEv</name>
         <load_address>0x704</load_address>
         <readonly>true</readonly>
         <executable>true</executable>
         <run_address>0x704</run_address>
         <size>0x2f8</size>
         <alignment>0x4</alignment>
         <input_file_ref idref="fl-e"/>
      </object_component>
      <object_component id="oc-165">
         <name>.text._Z17ST7735_DrawBitmapssPKtss</name>
         <load_address>0x9fc</load_address>
         <readonly>true</readonly>
         <executable>true</executable>
         <run_address>0x9fc</run_address>
         <size>0x210</size>
         <alignment>0x4</alignment>
         <input_file_ref idref="fl-7"/>
      </object_component>
      <object_component id="oc-d2">
         <name>.text._Z10DrawHealthRK4TankS1_</name>
         <load_address>0xc0c</load_address>
         <readonly>true</readonly>
         <executable>true</executable>
         <run_address>0xc0c</run_address>
         <size>0x1d4</size>
         <alignment>0x4</alignment>
         <input_file_ref idref="fl-11"/>
      </object_component>
      <object_component id="oc-12f">
         <name>.text.cosf</name>
         <load_address>0xde0</load_address>
         <readonly>true</readonly>
         <executable>true</executable>
         <run_address>0xde0</run_address>
         <size>0x1d4</size>
         <alignment>0x4</alignment>
         <input_file_ref idref="fl-35"/>
      </object_component>
      <object_component id="oc-135">
         <name>.text.sinf</name>
         <load_address>0xfb4</load_address>
         <readonly>true</readonly>
         <executable>true</executable>
         <run_address>0xfb4</run_address>
         <size>0x1c8</size>
         <alignment>0x4</alignment>
         <input_file_ref idref="fl-36"/>
      </object_component>
      <object_component id="oc-175">
         <name>.text._Z15Clock_Init80MHzi</name>
         <load_address>0x117c</load_address>
         <readonly>true</readonly>
         <executable>true</executable>
         <run_address>0x117c</run_address>
         <size>0x1b4</size>
         <alignment>0x4</alignment>
         <input_file_ref idref="fl-1"/>
      </object_component>
      <object_component id="oc-253">
         <name>.text._Z15ST7735_DrawCharsscssh</name>
         <load_address>0x1330</load_address>
         <readonly>true</readonly>
         <executable>true</executable>
         <run_address>0x1330</run_address>
         <size>0x1a8</size>
         <alignment>0x4</alignment>
         <input_file_ref idref="fl-7"/>
      </object_component>
      <object_component id="oc-1d3">
         <name>.text.adddf3_subdf3</name>
         <load_address>0x14d8</load_address>
         <readonly>true</readonly>
         <executable>true</executable>
         <run_address>0x14d8</run_address>
         <size>0x192</size>
         <alignment>0x4</alignment>
         <input_file_ref idref="fl-ff"/>
      </object_component>
      <object_component id="oc-38">
         <name>.text.SysTick_Handler</name>
         <load_address>0x166a</load_address>
         <readonly>true</readonly>
         <executable>true</executable>
         <run_address>0x166a</run_address>
         <size>0x2</size>
         <alignment>0x2</alignment>
         <input_file_ref idref="fl-a"/>
      </object_component>
      <object_component id="oc-fc">
         <name>.text._Z8showMenuv</name>
         <load_address>0x166c</load_address>
         <readonly>true</readonly>
         <executable>true</executable>
         <run_address>0x166c</run_address>
         <size>0x18c</size>
         <alignment>0x4</alignment>
         <input_file_ref idref="fl-f"/>
      </object_component>
      <object_component id="oc-28d">
         <name>.text._ZN4Tank12rotateSpriteEf</name>
         <load_address>0x17f8</load_address>
         <readonly>true</readonly>
         <executable>true</executable>
         <run_address>0x17f8</run_address>
         <size>0x178</size>
         <alignment>0x4</alignment>
         <input_file_ref idref="fl-10"/>
      </object_component>
      <object_component id="oc-23a">
         <name>.text._openfile</name>
         <load_address>0x1970</load_address>
         <readonly>true</readonly>
         <executable>true</executable>
         <run_address>0x1970</run_address>
         <size>0x154</size>
         <alignment>0x4</alignment>
         <input_file_ref idref="fl-37"/>
      </object_component>
      <object_component id="oc-2a2">
         <name>.text.floor</name>
         <load_address>0x1ac4</load_address>
         <readonly>true</readonly>
         <executable>true</executable>
         <run_address>0x1ac4</run_address>
         <size>0x144</size>
         <alignment>0x4</alignment>
         <input_file_ref idref="fl-46"/>
      </object_component>
      <object_component id="oc-ff">
         <name>.text._Z13showEndScreenv</name>
         <load_address>0x1c08</load_address>
         <readonly>true</readonly>
         <executable>true</executable>
         <run_address>0x1c08</run_address>
         <size>0x140</size>
         <alignment>0x4</alignment>
         <input_file_ref idref="fl-f"/>
      </object_component>
      <object_component id="oc-c0">
         <name>.text._ZN4Tank4MoveEv</name>
         <load_address>0x1d48</load_address>
         <readonly>true</readonly>
         <executable>true</executable>
         <run_address>0x1d48</run_address>
         <size>0x140</size>
         <alignment>0x4</alignment>
         <input_file_ref idref="fl-10"/>
      </object_component>
      <object_component id="oc-19d">
         <name>.text._Z8ADC_InitP10ADC12_Regsjj</name>
         <load_address>0x1e88</load_address>
         <readonly>true</readonly>
         <executable>true</executable>
         <run_address>0x1e88</run_address>
         <size>0x128</size>
         <alignment>0x4</alignment>
         <input_file_ref idref="fl-c"/>
      </object_component>
      <object_component id="oc-42">
         <name>.text.TIMG12_IRQHandler</name>
         <load_address>0x1fb0</load_address>
         <readonly>true</readonly>
         <executable>true</executable>
         <run_address>0x1fb0</run_address>
         <size>0x124</size>
         <alignment>0x4</alignment>
         <input_file_ref idref="fl-4"/>
      </object_component>
      <object_component id="oc-7b">
         <name>.text._ZN4Tank9TickPowerEj</name>
         <load_address>0x20d4</load_address>
         <readonly>true</readonly>
         <executable>true</executable>
         <run_address>0x20d4</run_address>
         <size>0x11c</size>
         <alignment>0x4</alignment>
         <input_file_ref idref="fl-10"/>
      </object_component>
      <object_component id="oc-157">
         <name>.text._Z15ST7735_FillRectsssst</name>
         <load_address>0x21f0</load_address>
         <readonly>true</readonly>
         <executable>true</executable>
         <run_address>0x21f0</run_address>
         <size>0x118</size>
         <alignment>0x4</alignment>
         <input_file_ref idref="fl-7"/>
      </object_component>
      <object_component id="oc-1ba">
         <name>.text._Z12bulletUpdatev</name>
         <load_address>0x2308</load_address>
         <readonly>true</readonly>
         <executable>true</executable>
         <run_address>0x2308</run_address>
         <size>0x114</size>
         <alignment>0x4</alignment>
         <input_file_ref idref="fl-11"/>
      </object_component>
      <object_component id="oc-2fb">
         <name>.text.aligned_alloc</name>
         <load_address>0x241c</load_address>
         <readonly>true</readonly>
         <executable>true</executable>
         <run_address>0x241c</run_address>
         <size>0x114</size>
         <alignment>0x4</alignment>
         <input_file_ref idref="fl-3e"/>
      </object_component>
      <object_component id="oc-fe">
         <name>.text._Z11runGameLoopv</name>
         <load_address>0x2530</load_address>
         <readonly>true</readonly>
         <executable>true</executable>
         <run_address>0x2530</run_address>
         <size>0x110</size>
         <alignment>0x4</alignment>
         <input_file_ref idref="fl-f"/>
      </object_component>
      <object_component id="oc-1b8">
         <name>.text._Z15initializeRoundh</name>
         <load_address>0x2640</load_address>
         <readonly>true</readonly>
         <executable>true</executable>
         <run_address>0x2640</run_address>
         <size>0x108</size>
         <alignment>0x4</alignment>
         <input_file_ref idref="fl-11"/>
      </object_component>
      <object_component id="oc-275">
         <name>.text._Z12generateMap4h</name>
         <load_address>0x2748</load_address>
         <readonly>true</readonly>
         <executable>true</executable>
         <run_address>0x2748</run_address>
         <size>0x100</size>
         <alignment>0x4</alignment>
         <input_file_ref idref="fl-11"/>
      </object_component>
      <object_component id="oc-278">
         <name>.text._Z12generateMap7h</name>
         <load_address>0x2848</load_address>
         <readonly>true</readonly>
         <executable>true</executable>
         <run_address>0x2848</run_address>
         <size>0x100</size>
         <alignment>0x4</alignment>
         <input_file_ref idref="fl-11"/>
      </object_component>
      <object_component id="oc-2ba">
         <name>.text._Z8SPI_Initv</name>
         <load_address>0x2948</load_address>
         <readonly>true</readonly>
         <executable>true</executable>
         <run_address>0x2948</run_address>
         <size>0xf8</size>
         <alignment>0x4</alignment>
         <input_file_ref idref="fl-6"/>
      </object_component>
      <object_component id="oc-274">
         <name>.text._Z12generateMap3h</name>
         <load_address>0x2a40</load_address>
         <readonly>true</readonly>
         <executable>true</executable>
         <run_address>0x2a40</run_address>
         <size>0xf4</size>
         <alignment>0x4</alignment>
         <input_file_ref idref="fl-11"/>
      </object_component>
      <object_component id="oc-279">
         <name>.text._Z12generateMap8h</name>
         <load_address>0x2b34</load_address>
         <readonly>true</readonly>
         <executable>true</executable>
         <run_address>0x2b34</run_address>
         <size>0xf4</size>
         <alignment>0x4</alignment>
         <input_file_ref idref="fl-11"/>
      </object_component>
      <object_component id="oc-27b">
         <name>.text._Z13generateMap10h</name>
         <load_address>0x2c28</load_address>
         <readonly>true</readonly>
         <executable>true</executable>
         <run_address>0x2c28</run_address>
         <size>0xf4</size>
         <alignment>0x4</alignment>
         <input_file_ref idref="fl-11"/>
      </object_component>
      <object_component id="oc-27a">
         <name>.text._Z12generateMap9h</name>
         <load_address>0x2d1c</load_address>
         <readonly>true</readonly>
         <executable>true</executable>
         <run_address>0x2d1c</run_address>
         <size>0xf0</size>
         <alignment>0x4</alignment>
         <input_file_ref idref="fl-11"/>
      </object_component>
      <object_component id="oc-122">
         <name>.text._ZN4TankC2EiiiPKthhjj</name>
         <load_address>0x2e0c</load_address>
         <readonly>true</readonly>
         <executable>true</executable>
         <run_address>0x2e0c</run_address>
         <size>0xf0</size>
         <alignment>0x4</alignment>
         <input_file_ref idref="fl-10"/>
      </object_component>
      <object_component id="oc-284">
         <name>.text._ZN4Tank5ShootEP6Bulleti</name>
         <load_address>0x2efc</load_address>
         <readonly>true</readonly>
         <executable>true</executable>
         <run_address>0x2efc</run_address>
         <size>0xec</size>
         <alignment>0x4</alignment>
         <input_file_ref idref="fl-10"/>
      </object_component>
      <object_component id="oc-17f">
         <name>.text.add_device</name>
         <load_address>0x2fe8</load_address>
         <readonly>true</readonly>
         <executable>true</executable>
         <run_address>0x2fe8</run_address>
         <size>0xec</size>
         <alignment>0x4</alignment>
         <input_file_ref idref="fl-f4"/>
      </object_component>
      <object_component id="oc-24a">
         <name>.text._Z14ST7735_OutCharc</name>
         <load_address>0x30d4</load_address>
         <readonly>true</readonly>
         <executable>true</executable>
         <run_address>0x30d4</run_address>
         <size>0xe8</size>
         <alignment>0x4</alignment>
         <input_file_ref idref="fl-7"/>
      </object_component>
      <object_component id="oc-19f">
         <name>.text._Z9UART_Initv</name>
         <load_address>0x31bc</load_address>
         <readonly>true</readonly>
         <executable>true</executable>
         <run_address>0x31bc</run_address>
         <size>0xe8</size>
         <alignment>0x4</alignment>
         <input_file_ref idref="fl-c"/>
      </object_component>
      <object_component id="oc-243">
         <name>.text.free</name>
         <load_address>0x32a4</load_address>
         <readonly>true</readonly>
         <executable>true</executable>
         <run_address>0x32a4</run_address>
         <size>0xe8</size>
         <alignment>0x4</alignment>
         <input_file_ref idref="fl-3e"/>
      </object_component>
      <object_component id="oc-1d7">
         <name>.text.__muldf3</name>
         <load_address>0x338c</load_address>
         <readonly>true</readonly>
         <executable>true</executable>
         <run_address>0x338c</run_address>
         <size>0xe4</size>
         <alignment>0x4</alignment>
         <input_file_ref idref="fl-100"/>
      </object_component>
      <object_component id="oc-18a">
         <name>.text.setvbuf</name>
         <load_address>0x3470</load_address>
         <readonly>true</readonly>
         <executable>true</executable>
         <run_address>0x3470</run_address>
         <size>0xe0</size>
         <alignment>0x4</alignment>
         <input_file_ref idref="fl-38"/>
      </object_component>
      <object_component id="oc-29e">
         <name>.text.scalbn</name>
         <load_address>0x3550</load_address>
         <readonly>true</readonly>
         <executable>true</executable>
         <run_address>0x3550</run_address>
         <size>0xd8</size>
         <alignment>0x4</alignment>
         <input_file_ref idref="fl-47"/>
      </object_component>
      <object_component id="oc-13b">
         <name>.text</name>
         <load_address>0x3628</load_address>
         <readonly>true</readonly>
         <executable>true</executable>
         <run_address>0x3628</run_address>
         <size>0xd8</size>
         <alignment>0x4</alignment>
         <input_file_ref idref="fl-fe"/>
      </object_component>
      <object_component id="oc-155">
         <name>.text._Z16curWallCollisionjjjj</name>
         <load_address>0x3700</load_address>
         <readonly>true</readonly>
         <executable>true</executable>
         <run_address>0x3700</run_address>
         <size>0xc4</size>
         <alignment>0x4</alignment>
         <input_file_ref idref="fl-11"/>
      </object_component>
      <object_component id="oc-156">
         <name>.text._Z17curWaterCollisionjjjj</name>
         <load_address>0x37c4</load_address>
         <readonly>true</readonly>
         <executable>true</executable>
         <run_address>0x37c4</run_address>
         <size>0xc4</size>
         <alignment>0x4</alignment>
         <input_file_ref idref="fl-11"/>
      </object_component>
      <object_component id="oc-286">
         <name>.text._ZN6Bullet5checkER4Tank</name>
         <load_address>0x3888</load_address>
         <readonly>true</readonly>
         <executable>true</executable>
         <run_address>0x3888</run_address>
         <size>0xc2</size>
         <alignment>0x2</alignment>
         <input_file_ref idref="fl-e"/>
      </object_component>
      <object_component id="oc-f4">
         <name>.text._Z10Sound_Initv</name>
         <load_address>0x394a</load_address>
         <readonly>true</readonly>
         <executable>true</executable>
         <run_address>0x394a</run_address>
         <size>0x2</size>
         <alignment>0x2</alignment>
         <input_file_ref idref="fl-a"/>
      </object_component>
      <object_component id="oc-273">
         <name>.text._Z12generateMap2h</name>
         <load_address>0x394c</load_address>
         <readonly>true</readonly>
         <executable>true</executable>
         <run_address>0x394c</run_address>
         <size>0xb4</size>
         <alignment>0x4</alignment>
         <input_file_ref idref="fl-11"/>
      </object_component>
      <object_component id="oc-277">
         <name>.text._Z12generateMap6h</name>
         <load_address>0x3a00</load_address>
         <readonly>true</readonly>
         <executable>true</executable>
         <run_address>0x3a00</run_address>
         <size>0xb4</size>
         <alignment>0x4</alignment>
         <input_file_ref idref="fl-11"/>
      </object_component>
      <object_component id="oc-bf">
         <name>.text._ZN4Tank11TriVelocityEv</name>
         <load_address>0x3ab4</load_address>
         <readonly>true</readonly>
         <executable>true</executable>
         <run_address>0x3ab4</run_address>
         <size>0xb4</size>
         <alignment>0x4</alignment>
         <input_file_ref idref="fl-10"/>
      </object_component>
      <object_component id="oc-276">
         <name>.text._Z12generateMap5h</name>
         <load_address>0x3b68</load_address>
         <readonly>true</readonly>
         <executable>true</executable>
         <run_address>0x3b68</run_address>
         <size>0xb0</size>
         <alignment>0x4</alignment>
         <input_file_ref idref="fl-11"/>
      </object_component>
      <object_component id="oc-1ea">
         <name>.text.__kernel_sindf</name>
         <load_address>0x3c18</load_address>
         <readonly>true</readonly>
         <executable>true</executable>
         <run_address>0x3c18</run_address>
         <size>0xac</size>
         <alignment>0x4</alignment>
         <input_file_ref idref="fl-35"/>
      </object_component>
      <object_component id="oc-1f0">
         <name>.text.__kernel_sindf</name>
         <load_address>0x3cc4</load_address>
         <readonly>true</readonly>
         <executable>true</executable>
         <run_address>0x3cc4</run_address>
         <size>0xac</size>
         <alignment>0x4</alignment>
         <input_file_ref idref="fl-36"/>
      </object_component>
      <object_component id="oc-1a5">
         <name>.text._Z14TimerG7_IntArmtjj</name>
         <load_address>0x3d70</load_address>
         <readonly>true</readonly>
         <executable>true</executable>
         <run_address>0x3d70</run_address>
         <size>0xa8</size>
         <alignment>0x4</alignment>
         <input_file_ref idref="fl-d"/>
      </object_component>
      <object_component id="oc-1b9">
         <name>.text._Z12rotateUpdatev</name>
         <load_address>0x3e18</load_address>
         <readonly>true</readonly>
         <executable>true</executable>
         <run_address>0x3e18</run_address>
         <size>0xa4</size>
         <alignment>0x4</alignment>
         <input_file_ref idref="fl-11"/>
      </object_component>
      <object_component id="oc-222">
         <name>.text._ZL11commandListPKh</name>
         <load_address>0x3ebc</load_address>
         <readonly>true</readonly>
         <executable>true</executable>
         <run_address>0x3ebc</run_address>
         <size>0xa2</size>
         <alignment>0x2</alignment>
         <input_file_ref idref="fl-7"/>
      </object_component>
      <object_component id="oc-15e">
         <name>.text.__aeabi_idiv0</name>
         <load_address>0x3f5e</load_address>
         <readonly>true</readonly>
         <executable>true</executable>
         <run_address>0x3f5e</run_address>
         <size>0x2</size>
         <alignment>0x2</alignment>
         <input_file_ref idref="fl-119"/>
      </object_component>
      <object_component id="oc-17e">
         <name>.text._Z12ST7735_InitR10initRFlags</name>
         <load_address>0x3f60</load_address>
         <readonly>true</readonly>
         <executable>true</executable>
         <run_address>0x3f60</run_address>
         <size>0xa0</size>
         <alignment>0x4</alignment>
         <input_file_ref idref="fl-7"/>
      </object_component>
      <object_component id="oc-ee">
         <name>.text._Z17ST7735_InitPrintf10initRFlags</name>
         <load_address>0x4000</load_address>
         <readonly>true</readonly>
         <executable>true</executable>
         <run_address>0x4000</run_address>
         <size>0xa0</size>
         <alignment>0x4</alignment>
         <input_file_ref idref="fl-7"/>
      </object_component>
      <object_component id="oc-2e3">
         <name>.text.open</name>
         <load_address>0x40a0</load_address>
         <readonly>true</readonly>
         <executable>true</executable>
         <run_address>0x40a0</run_address>
         <size>0xa0</size>
         <alignment>0x4</alignment>
         <input_file_ref idref="fl-f1"/>
      </object_component>
      <object_component id="oc-13f">
         <name>.text.sqrtf</name>
         <load_address>0x4140</load_address>
         <readonly>true</readonly>
         <executable>true</executable>
         <run_address>0x4140</run_address>
         <size>0xa0</size>
         <alignment>0x4</alignment>
         <input_file_ref idref="fl-34"/>
      </object_component>
      <object_component id="oc-154">
         <name>.text._Z11isCollisionv</name>
         <load_address>0x41e0</load_address>
         <readonly>true</readonly>
         <executable>true</executable>
         <run_address>0x41e0</run_address>
         <size>0x9c</size>
         <alignment>0x4</alignment>
         <input_file_ref idref="fl-11"/>
      </object_component>
      <object_component id="oc-1ac">
         <name>.text._Z14ST7735_OutUDecj</name>
         <load_address>0x427c</load_address>
         <readonly>true</readonly>
         <executable>true</executable>
         <run_address>0x427c</run_address>
         <size>0x9c</size>
         <alignment>0x4</alignment>
         <input_file_ref idref="fl-7"/>
      </object_component>
      <object_component id="oc-1d2">
         <name>.text.__kernel_cosdf</name>
         <load_address>0x4318</load_address>
         <readonly>true</readonly>
         <executable>true</executable>
         <run_address>0x4318</run_address>
         <size>0x9c</size>
         <alignment>0x4</alignment>
         <input_file_ref idref="fl-35"/>
      </object_component>
      <object_component id="oc-1ef">
         <name>.text.__kernel_cosdf</name>
         <load_address>0x43b4</load_address>
         <readonly>true</readonly>
         <executable>true</executable>
         <run_address>0x43b4</run_address>
         <size>0x9c</size>
         <alignment>0x4</alignment>
         <input_file_ref idref="fl-36"/>
      </object_component>
      <object_component id="oc-f6">
         <name>.text._Z15TimerG12_IntArmjj</name>
         <load_address>0x4450</load_address>
         <readonly>true</readonly>
         <executable>true</executable>
         <run_address>0x4450</run_address>
         <size>0x94</size>
         <alignment>0x4</alignment>
         <input_file_ref idref="fl-d"/>
      </object_component>
      <object_component id="oc-a4">
         <name>.text.main</name>
         <load_address>0x44e4</load_address>
         <readonly>true</readonly>
         <executable>true</executable>
         <run_address>0x44e4</run_address>
         <size>0x94</size>
         <alignment>0x4</alignment>
         <input_file_ref idref="fl-4"/>
      </object_component>
      <object_component id="oc-ed">
         <name>.text._ZN8SlidePot4InitEj</name>
         <load_address>0x4578</load_address>
         <readonly>true</readonly>
         <executable>true</executable>
         <run_address>0x4578</run_address>
         <size>0x90</size>
         <alignment>0x4</alignment>
         <input_file_ref idref="fl-8"/>
      </object_component>
      <object_component id="oc-85">
         <name>.text._ZN4Tank16TryActivatePowerEj</name>
         <load_address>0x4608</load_address>
         <readonly>true</readonly>
         <executable>true</executable>
         <run_address>0x4608</run_address>
         <size>0x8c</size>
         <alignment>0x4</alignment>
         <input_file_ref idref="fl-10"/>
      </object_component>
      <object_component id="oc-12b">
         <name>.text.__mulsf3</name>
         <load_address>0x4694</load_address>
         <readonly>true</readonly>
         <executable>true</executable>
         <run_address>0x4694</run_address>
         <size>0x8c</size>
         <alignment>0x4</alignment>
         <input_file_ref idref="fl-102"/>
      </object_component>
      <object_component id="oc-20c">
         <name>.text._ZL13setAddrWindowhhhh</name>
         <load_address>0x4720</load_address>
         <readonly>true</readonly>
         <executable>true</executable>
         <run_address>0x4720</run_address>
         <size>0x88</size>
         <alignment>0x4</alignment>
         <input_file_ref idref="fl-7"/>
      </object_component>
      <object_component id="oc-1f4">
         <name>.text.__aeabi_errno_addr</name>
         <load_address>0x47a8</load_address>
         <readonly>true</readonly>
         <executable>true</executable>
         <run_address>0x47a8</run_address>
         <size>0x8</size>
         <alignment>0x4</alignment>
         <input_file_ref idref="fl-39"/>
      </object_component>
      <object_component id="oc-2bb">
         <name>.text:strcmp</name>
         <load_address>0x47b0</load_address>
         <readonly>true</readonly>
         <executable>true</executable>
         <run_address>0x47b0</run_address>
         <size>0x88</size>
         <alignment>0x10</alignment>
         <input_file_ref idref="fl-11d"/>
      </object_component>
      <object_component id="oc-252">
         <name>.text._Z17ST7735_DrawStringttPcs</name>
         <load_address>0x4838</load_address>
         <readonly>true</readonly>
         <executable>true</executable>
         <run_address>0x4838</run_address>
         <size>0x84</size>
         <alignment>0x2</alignment>
         <input_file_ref idref="fl-7"/>
      </object_component>
      <object_component id="oc-147">
         <name>.text.__divsf3</name>
         <load_address>0x48bc</load_address>
         <readonly>true</readonly>
         <executable>true</executable>
         <run_address>0x48bc</run_address>
         <size>0x82</size>
         <alignment>0x4</alignment>
         <input_file_ref idref="fl-103"/>
      </object_component>
      <object_component id="oc-214">
         <name>.text._nop</name>
         <load_address>0x493e</load_address>
         <readonly>true</readonly>
         <executable>true</executable>
         <run_address>0x493e</run_address>
         <size>0x2</size>
         <alignment>0x2</alignment>
         <input_file_ref idref="fl-3b"/>
      </object_component>
      <object_component id="oc-311">
         <name>.text._ZN6Bullet4InitEiifii</name>
         <load_address>0x4940</load_address>
         <readonly>true</readonly>
         <executable>true</executable>
         <run_address>0x4940</run_address>
         <size>0x80</size>
         <alignment>0x4</alignment>
         <input_file_ref idref="fl-e"/>
      </object_component>
      <object_component id="oc-e8">
         <name>.text._Z14LaunchPad_Initv</name>
         <load_address>0x49c0</load_address>
         <readonly>true</readonly>
         <executable>true</executable>
         <run_address>0x49c0</run_address>
         <size>0x7c</size>
         <alignment>0x4</alignment>
         <input_file_ref idref="fl-5"/>
      </object_component>
      <object_component id="oc-23d">
         <name>.text.__TI_closefile</name>
         <load_address>0x4a3c</load_address>
         <readonly>true</readonly>
         <executable>true</executable>
         <run_address>0x4a3c</run_address>
         <size>0x7c</size>
         <alignment>0x4</alignment>
         <input_file_ref idref="fl-49"/>
      </object_component>
      <object_component id="oc-1c">
         <name>.text:decompress:lzss</name>
         <load_address>0x4ab8</load_address>
         <readonly>true</readonly>
         <executable>true</executable>
         <run_address>0x4ab8</run_address>
         <size>0x7c</size>
         <alignment>0x4</alignment>
         <input_file_ref idref="fl-43"/>
      </object_component>
      <object_component id="oc-322">
         <name>.text.__gedf2</name>
         <load_address>0x4b34</load_address>
         <readonly>true</readonly>
         <executable>true</executable>
         <run_address>0x4b34</run_address>
         <size>0x74</size>
         <alignment>0x4</alignment>
         <input_file_ref idref="fl-118"/>
      </object_component>
      <object_component id="oc-52">
         <name>.text.__aeabi_memcpy</name>
         <load_address>0x4ba8</load_address>
         <readonly>true</readonly>
         <executable>true</executable>
         <run_address>0x4ba8</run_address>
         <size>0x8</size>
         <alignment>0x4</alignment>
         <input_file_ref idref="fl-111"/>
      </object_component>
      <object_component id="oc-291">
         <name>.text.__truncdfsf2</name>
         <load_address>0x4bb0</load_address>
         <readonly>true</readonly>
         <executable>true</executable>
         <run_address>0x4bb0</run_address>
         <size>0x74</size>
         <alignment>0x10</alignment>
         <input_file_ref idref="fl-10d"/>
      </object_component>
      <object_component id="oc-2d1">
         <name>.text.HOSTlseek</name>
         <load_address>0x4c24</load_address>
         <readonly>true</readonly>
         <executable>true</executable>
         <run_address>0x4c24</run_address>
         <size>0x6c</size>
         <alignment>0x4</alignment>
         <input_file_ref idref="fl-f7"/>
      </object_component>
      <object_component id="oc-2d9">
         <name>.text.HOSTrename</name>
         <load_address>0x4c90</load_address>
         <readonly>true</readonly>
         <executable>true</executable>
         <run_address>0x4c90</run_address>
         <size>0x6c</size>
         <alignment>0x4</alignment>
         <input_file_ref idref="fl-fa"/>
      </object_component>
      <object_component id="oc-27e">
         <name>.text._Z9DrawWallsv</name>
         <load_address>0x4cfc</load_address>
         <readonly>true</readonly>
         <executable>true</executable>
         <run_address>0x4cfc</run_address>
         <size>0x6c</size>
         <alignment>0x4</alignment>
         <input_file_ref idref="fl-11"/>
      </object_component>
      <object_component id="oc-344">
         <name>.text.getdevice</name>
         <load_address>0x4d68</load_address>
         <readonly>true</readonly>
         <executable>true</executable>
         <run_address>0x4d68</run_address>
         <size>0x6c</size>
         <alignment>0x4</alignment>
         <input_file_ref idref="fl-11a"/>
      </object_component>
      <object_component id="oc-27f">
         <name>.text._Z9DrawWaterv</name>
         <load_address>0x4dd4</load_address>
         <readonly>true</readonly>
         <executable>true</executable>
         <run_address>0x4dd4</run_address>
         <size>0x68</size>
         <alignment>0x4</alignment>
         <input_file_ref idref="fl-11"/>
      </object_component>
      <object_component id="oc-31c">
         <name>.text.__ledf2</name>
         <load_address>0x4e3c</load_address>
         <readonly>true</readonly>
         <executable>true</executable>
         <run_address>0x4e3c</run_address>
         <size>0x68</size>
         <alignment>0x4</alignment>
         <input_file_ref idref="fl-118"/>
      </object_component>
      <object_component id="oc-35b">
         <name>.text.split</name>
         <load_address>0x4ea4</load_address>
         <readonly>true</readonly>
         <executable>true</executable>
         <run_address>0x4ea4</run_address>
         <size>0x64</size>
         <alignment>0x4</alignment>
         <input_file_ref idref="fl-3e"/>
      </object_component>
      <object_component id="oc-2a6">
         <name>.text.__aeabi_dcmp</name>
         <load_address>0x4f08</load_address>
         <readonly>true</readonly>
         <executable>true</executable>
         <run_address>0x4f08</run_address>
         <size>0x62</size>
         <alignment>0x4</alignment>
         <input_file_ref idref="fl-10e"/>
      </object_component>
      <object_component id="oc-143">
         <name>.text.__aeabi_fcmp</name>
         <load_address>0x4f6c</load_address>
         <readonly>true</readonly>
         <executable>true</executable>
         <run_address>0x4f6c</run_address>
         <size>0x62</size>
         <alignment>0x4</alignment>
         <input_file_ref idref="fl-10f"/>
      </object_component>
      <object_component id="oc-2c1">
         <name>.text.HOSTopen</name>
         <load_address>0x4fd0</load_address>
         <readonly>true</readonly>
         <executable>true</executable>
         <run_address>0x4fd0</run_address>
         <size>0x60</size>
         <alignment>0x4</alignment>
         <input_file_ref idref="fl-f8"/>
      </object_component>
      <object_component id="oc-b5">
         <name>.text._ZN8SlidePot2InEv</name>
         <load_address>0x5030</load_address>
         <readonly>true</readonly>
         <executable>true</executable>
         <run_address>0x5030</run_address>
         <size>0x60</size>
         <alignment>0x4</alignment>
         <input_file_ref idref="fl-8"/>
      </object_component>
      <object_component id="oc-312">
         <name>.text._ZN4Tank10TakeDamageEv</name>
         <load_address>0x5090</load_address>
         <readonly>true</readonly>
         <executable>true</executable>
         <run_address>0x5090</run_address>
         <size>0x5c</size>
         <alignment>0x4</alignment>
         <input_file_ref idref="fl-10"/>
      </object_component>
      <object_component id="oc-2c9">
         <name>.text.HOSTread</name>
         <load_address>0x50ec</load_address>
         <readonly>true</readonly>
         <executable>true</executable>
         <run_address>0x50ec</run_address>
         <size>0x58</size>
         <alignment>0x4</alignment>
         <input_file_ref idref="fl-f9"/>
      </object_component>
      <object_component id="oc-2cd">
         <name>.text.HOSTwrite</name>
         <load_address>0x5144</load_address>
         <readonly>true</readonly>
         <executable>true</executable>
         <run_address>0x5144</run_address>
         <size>0x58</size>
         <alignment>0x4</alignment>
         <input_file_ref idref="fl-fc"/>
      </object_component>
      <object_component id="oc-f5">
         <name>.text._Z10TExaS_InitP10ADC12_RegsjPFhvE</name>
         <load_address>0x519c</load_address>
         <readonly>true</readonly>
         <executable>true</executable>
         <run_address>0x519c</run_address>
         <size>0x58</size>
         <alignment>0x4</alignment>
         <input_file_ref idref="fl-c"/>
      </object_component>
      <object_component id="oc-272">
         <name>.text._Z12generateMap1h</name>
         <load_address>0x51f4</load_address>
         <readonly>true</readonly>
         <executable>true</executable>
         <run_address>0x51f4</run_address>
         <size>0x58</size>
         <alignment>0x4</alignment>
         <input_file_ref idref="fl-11"/>
      </object_component>
      <object_component id="oc-c8">
         <name>.text.__aeabi_idivmod</name>
         <load_address>0x524c</load_address>
         <readonly>true</readonly>
         <executable>true</executable>
         <run_address>0x524c</run_address>
         <size>0x56</size>
         <alignment>0x4</alignment>
         <input_file_ref idref="fl-110"/>
      </object_component>
      <object_component id="oc-251">
         <name>.text._Z11fillmessagej</name>
         <load_address>0x52a4</load_address>
         <readonly>true</readonly>
         <executable>true</executable>
         <run_address>0x52a4</run_address>
         <size>0x54</size>
         <alignment>0x4</alignment>
         <input_file_ref idref="fl-7"/>
      </object_component>
      <object_component id="oc-10e">
         <name>.text:__TI_auto_init_nobinit</name>
         <load_address>0x52f8</load_address>
         <readonly>true</readonly>
         <executable>true</executable>
         <run_address>0x52f8</run_address>
         <size>0x54</size>
         <alignment>0x4</alignment>
         <input_file_ref idref="fl-4e"/>
      </object_component>
      <object_component id="oc-2e7">
         <name>.text.__TI_doflush</name>
         <load_address>0x534c</load_address>
         <readonly>true</readonly>
         <executable>true</executable>
         <run_address>0x534c</run_address>
         <size>0x52</size>
         <alignment>0x2</alignment>
         <input_file_ref idref="fl-4a"/>
      </object_component>
      <object_component id="oc-1ca">
         <name>.text._ZN4Tank6RotateEi</name>
         <load_address>0x539e</load_address>
         <readonly>true</readonly>
         <executable>true</executable>
         <run_address>0x539e</run_address>
         <size>0x50</size>
         <alignment>0x2</alignment>
         <input_file_ref idref="fl-10"/>
      </object_component>
      <object_component id="oc-2ed">
         <name>.text.close</name>
         <load_address>0x53f0</load_address>
         <readonly>true</readonly>
         <executable>true</executable>
         <run_address>0x53f0</run_address>
         <size>0x50</size>
         <alignment>0x4</alignment>
         <input_file_ref idref="fl-f3"/>
      </object_component>
      <object_component id="oc-7a">
         <name>.text._Z12tankMovementjjR4Tank</name>
         <load_address>0x5440</load_address>
         <readonly>true</readonly>
         <executable>true</executable>
         <run_address>0x5440</run_address>
         <size>0x4e</size>
         <alignment>0x2</alignment>
         <input_file_ref idref="fl-11"/>
      </object_component>
      <object_component id="oc-1db">
         <name>.text.__fixdfsi</name>
         <load_address>0x5490</load_address>
         <readonly>true</readonly>
         <executable>true</executable>
         <run_address>0x5490</run_address>
         <size>0x4a</size>
         <alignment>0x4</alignment>
         <input_file_ref idref="fl-106"/>
      </object_component>
      <object_component id="oc-2c5">
         <name>.text.HOSTclose</name>
         <load_address>0x54dc</load_address>
         <readonly>true</readonly>
         <executable>true</executable>
         <run_address>0x54dc</run_address>
         <size>0x48</size>
         <alignment>0x4</alignment>
         <input_file_ref idref="fl-f6"/>
      </object_component>
      <object_component id="oc-2d5">
         <name>.text.HOSTunlink</name>
         <load_address>0x5524</load_address>
         <readonly>true</readonly>
         <executable>true</executable>
         <run_address>0x5524</run_address>
         <size>0x48</size>
         <alignment>0x4</alignment>
         <input_file_ref idref="fl-fb"/>
      </object_component>
      <object_component id="oc-223">
         <name>.text._Z14SPI_OutCommandc</name>
         <load_address>0x556c</load_address>
         <readonly>true</readonly>
         <executable>true</executable>
         <run_address>0x556c</run_address>
         <size>0x48</size>
         <alignment>0x4</alignment>
         <input_file_ref idref="fl-6"/>
      </object_component>
      <object_component id="oc-8c">
         <name>.text._Z9queryTankv</name>
         <load_address>0x55b4</load_address>
         <readonly>true</readonly>
         <executable>true</executable>
         <run_address>0x55b4</run_address>
         <size>0x44</size>
         <alignment>0x4</alignment>
         <input_file_ref idref="fl-11"/>
      </object_component>
      <object_component id="oc-3d">
         <name>.text.TIMG7_IRQHandler</name>
         <load_address>0x55f8</load_address>
         <readonly>true</readonly>
         <executable>true</executable>
         <run_address>0x55f8</run_address>
         <size>0x40</size>
         <alignment>0x4</alignment>
         <input_file_ref idref="fl-c"/>
      </object_component>
      <object_component id="oc-324">
         <name>.text._Z9SPI_Resetv</name>
         <load_address>0x5638</load_address>
         <readonly>true</readonly>
         <executable>true</executable>
         <run_address>0x5638</run_address>
         <size>0x40</size>
         <alignment>0x4</alignment>
         <input_file_ref idref="fl-6"/>
      </object_component>
      <object_component id="oc-313">
         <name>.text._ZN6Bullet4DrawEv</name>
         <load_address>0x5678</load_address>
         <readonly>true</readonly>
         <executable>true</executable>
         <run_address>0x5678</run_address>
         <size>0x40</size>
         <alignment>0x2</alignment>
         <input_file_ref idref="fl-e"/>
      </object_component>
      <object_component id="oc-1a1">
         <name>.text.__aeabi_uidivmod</name>
         <load_address>0x56b8</load_address>
         <readonly>true</readonly>
         <executable>true</executable>
         <run_address>0x56b8</run_address>
         <size>0x40</size>
         <alignment>0x4</alignment>
         <input_file_ref idref="fl-113"/>
      </object_component>
      <object_component id="oc-1e0">
         <name>.text.__extendsfdf2</name>
         <load_address>0x56f8</load_address>
         <readonly>true</readonly>
         <executable>true</executable>
         <run_address>0x56f8</run_address>
         <size>0x40</size>
         <alignment>0x4</alignment>
         <input_file_ref idref="fl-105"/>
      </object_component>
      <object_component id="oc-239">
         <name>.text._search_fp</name>
         <load_address>0x5738</load_address>
         <readonly>true</readonly>
         <executable>true</executable>
         <run_address>0x5738</run_address>
         <size>0x40</size>
         <alignment>0x4</alignment>
         <input_file_ref idref="fl-37"/>
      </object_component>
      <object_component id="oc-14f">
         <name>.text._Z7clamperfff</name>
         <load_address>0x5778</load_address>
         <readonly>true</readonly>
         <executable>true</executable>
         <run_address>0x5778</run_address>
         <size>0x3e</size>
         <alignment>0x2</alignment>
         <input_file_ref idref="fl-11"/>
      </object_component>
      <object_component id="oc-127">
         <name>.text.__floatsisf</name>
         <load_address>0x57b8</load_address>
         <readonly>true</readonly>
         <executable>true</executable>
         <run_address>0x57b8</run_address>
         <size>0x3c</size>
         <alignment>0x4</alignment>
         <input_file_ref idref="fl-109"/>
      </object_component>
      <object_component id="oc-201">
         <name>.text.__gtsf2</name>
         <load_address>0x57f4</load_address>
         <readonly>true</readonly>
         <executable>true</executable>
         <run_address>0x57f4</run_address>
         <size>0x3c</size>
         <alignment>0x4</alignment>
         <input_file_ref idref="fl-115"/>
      </object_component>
      <object_component id="oc-1fc">
         <name>.text.__eqsf2</name>
         <load_address>0x5830</load_address>
         <readonly>true</readonly>
         <executable>true</executable>
         <run_address>0x5830</run_address>
         <size>0x3a</size>
         <alignment>0x4</alignment>
         <input_file_ref idref="fl-115"/>
      </object_component>
      <object_component id="oc-1cc">
         <name>.text.__muldsi3</name>
         <load_address>0x586c</load_address>
         <readonly>true</readonly>
         <executable>true</executable>
         <run_address>0x586c</run_address>
         <size>0x3a</size>
         <alignment>0x4</alignment>
         <input_file_ref idref="fl-101"/>
      </object_component>
      <object_component id="oc-20d">
         <name>.text._Z11SPI_OutDatac</name>
         <load_address>0x58a8</load_address>
         <readonly>true</readonly>
         <executable>true</executable>
         <run_address>0x58a8</run_address>
         <size>0x38</size>
         <alignment>0x4</alignment>
         <input_file_ref idref="fl-6"/>
      </object_component>
      <object_component id="oc-fb">
         <name>.text._Z11Switch_Initv</name>
         <load_address>0x58e0</load_address>
         <readonly>true</readonly>
         <executable>true</executable>
         <run_address>0x58e0</run_address>
         <size>0x38</size>
         <alignment>0x4</alignment>
         <input_file_ref idref="fl-b"/>
      </object_component>
      <object_component id="oc-17a">
         <name>.text._Z15ActivatePortA_Bv</name>
         <load_address>0x5918</load_address>
         <readonly>true</readonly>
         <executable>true</executable>
         <run_address>0x5918</run_address>
         <size>0x38</size>
         <alignment>0x4</alignment>
         <input_file_ref idref="fl-5"/>
      </object_component>
      <object_component id="oc-289">
         <name>.text._ZN6Bullet5EraseEv</name>
         <load_address>0x5950</load_address>
         <readonly>true</readonly>
         <executable>true</executable>
         <run_address>0x5950</run_address>
         <size>0x38</size>
         <alignment>0x4</alignment>
         <input_file_ref idref="fl-e"/>
      </object_component>
      <object_component id="oc-150">
         <name>.text.__fixsfsi</name>
         <load_address>0x5988</load_address>
         <readonly>true</readonly>
         <executable>true</executable>
         <run_address>0x5988</run_address>
         <size>0x38</size>
         <alignment>0x4</alignment>
         <input_file_ref idref="fl-107"/>
      </object_component>
      <object_component id="oc-c7">
         <name>.text.rand</name>
         <load_address>0x59c0</load_address>
         <readonly>true</readonly>
         <executable>true</executable>
         <run_address>0x59c0</run_address>
         <size>0x38</size>
         <alignment>0x4</alignment>
         <input_file_ref idref="fl-3f"/>
      </object_component>
      <object_component id="oc-283">
         <name>.text._ZN4Tank15rotateIncrementEi</name>
         <load_address>0x59f8</load_address>
         <readonly>true</readonly>
         <executable>true</executable>
         <run_address>0x59f8</run_address>
         <size>0x36</size>
         <alignment>0x2</alignment>
         <input_file_ref idref="fl-10"/>
      </object_component>
      <object_component id="oc-191">
         <name>.text._Z12ST7735_writeiPKcj</name>
         <load_address>0x5a2e</load_address>
         <readonly>true</readonly>
         <executable>true</executable>
         <run_address>0x5a2e</run_address>
         <size>0x34</size>
         <alignment>0x2</alignment>
         <input_file_ref idref="fl-7"/>
      </object_component>
      <object_component id="oc-1bb">
         <name>.text._Z13displayUpdatev</name>
         <load_address>0x5a64</load_address>
         <readonly>true</readonly>
         <executable>true</executable>
         <run_address>0x5a64</run_address>
         <size>0x34</size>
         <alignment>0x4</alignment>
         <input_file_ref idref="fl-11"/>
      </object_component>
      <object_component id="oc-1ab">
         <name>.text._Z14Clock_Delay1msj</name>
         <load_address>0x5a98</load_address>
         <readonly>true</readonly>
         <executable>true</executable>
         <run_address>0x5a98</run_address>
         <size>0x34</size>
         <alignment>0x4</alignment>
         <input_file_ref idref="fl-1"/>
      </object_component>
      <object_component id="oc-1a9">
         <name>.text._Z16ST7735_SetCursorjj</name>
         <load_address>0x5acc</load_address>
         <readonly>true</readonly>
         <executable>true</executable>
         <run_address>0x5acc</run_address>
         <size>0x34</size>
         <alignment>0x4</alignment>
         <input_file_ref idref="fl-7"/>
      </object_component>
      <object_component id="oc-f3">
         <name>.text._Z8LED_Initv</name>
         <load_address>0x5b00</load_address>
         <readonly>true</readonly>
         <executable>true</executable>
         <run_address>0x5b00</run_address>
         <size>0x34</size>
         <alignment>0x4</alignment>
         <input_file_ref idref="fl-3"/>
      </object_component>
      <object_component id="oc-246">
         <name>.text.__TI_cleanup</name>
         <load_address>0x5b34</load_address>
         <readonly>true</readonly>
         <executable>true</executable>
         <run_address>0x5b34</run_address>
         <size>0x34</size>
         <alignment>0x4</alignment>
         <input_file_ref idref="fl-37"/>
      </object_component>
      <object_component id="oc-32c">
         <name>.text.__TI_readmsg</name>
         <load_address>0x5b68</load_address>
         <readonly>true</readonly>
         <executable>true</executable>
         <run_address>0x5b68</run_address>
         <size>0x34</size>
         <alignment>0x4</alignment>
         <input_file_ref idref="fl-fd"/>
      </object_component>
      <object_component id="oc-326">
         <name>.text.__TI_writemsg</name>
         <load_address>0x5b9c</load_address>
         <readonly>true</readonly>
         <executable>true</executable>
         <run_address>0x5b9c</run_address>
         <size>0x34</size>
         <alignment>0x4</alignment>
         <input_file_ref idref="fl-fd"/>
      </object_component>
      <object_component id="oc-106">
         <name>.text.exit</name>
         <load_address>0x5bd0</load_address>
         <readonly>true</readonly>
         <executable>true</executable>
         <run_address>0x5bd0</run_address>
         <size>0x34</size>
         <alignment>0x4</alignment>
         <input_file_ref idref="fl-3a"/>
      </object_component>
      <object_component id="oc-22d">
         <name>.text.finddevice</name>
         <load_address>0x5c04</load_address>
         <readonly>true</readonly>
         <executable>true</executable>
         <run_address>0x5c04</run_address>
         <size>0x34</size>
         <alignment>0x4</alignment>
         <input_file_ref idref="fl-11a"/>
      </object_component>
      <object_component id="oc-189">
         <name>.text.freopen</name>
         <load_address>0x5c38</load_address>
         <readonly>true</readonly>
         <executable>true</executable>
         <run_address>0x5c38</run_address>
         <size>0x34</size>
         <alignment>0x4</alignment>
         <input_file_ref idref="fl-37"/>
      </object_component>
[...]
         <name>__aeabi_errno_addr</name>
         <value>0x47a9</value>
         <object_component_ref idref="oc-1f4"/>
      </symbol>
      <symbol id="sm-3bf">
         <name>__aeabi_errno</name>
         <value>0x20200bc0</value>
         <object_component_ref idref="oc-2b3"/>
      </symbol>
      <symbol id="sm-3cd">
         <name>abort</name>
         <value>0x64c9</value>
         <object_component_ref idref="oc-101"/>
      </symbol>
      <symbol id="sm-3ce">
         <name>C$$EXIT</name>
         <value>0x64c8</value>
         <object_component_ref idref="oc-101"/>
      </symbol>
      <symbol id="sm-3cf">
         <name>__TI_cleanup_ptr</name>
         <value>0x20200ba0</value>
         <object_component_ref idref="oc-1c1"/>
      </symbol>
      <symbol id="sm-3d0">
         <name>__TI_dtors_ptr</name>
         <value>0x20200ba4</value>
         <object_component_ref idref="oc-1c1"/>
      </symbol>
      <symbol id="sm-3d1">
         <name>exit</name>
         <value>0x5bd1</value>
         <object_component_ref idref="oc-106"/>
      </symbol>
      <symbol id="sm-3da">
         <name>_nop</name>
         <value>0x493f</value>
         <object_component_ref idref="oc-214"/>
      </symbol>
      <symbol id="sm-3db">
         <name>_lock</name>
         <value>0x20200bc4</value>
         <object_component_ref idref="oc-158"/>
      </symbol>
      <symbol id="sm-3dc">
         <name>_unlock</name>
         <value>0x20200bc8</value>
         <object_component_ref idref="oc-15b"/>
      </symbol>
      <symbol id="sm-3e2">
         <name>_ftable</name>
         <value>0x20200898</value>
         <object_component_ref idref="oc-198"/>
      </symbol>
      <symbol id="sm-3e3">
         <name>__TI_ft_end</name>
         <value>0x20200bbc</value>
         <object_component_ref idref="oc-2e2"/>
      </symbol>
      <symbol id="sm-3e4">
         <name>__TI_tmpnams</name>
         <value>0x20200f10</value>
         <object_component_ref idref="oc-2f5"/>
      </symbol>
      <symbol id="sm-407">
         <name>malloc</name>
         <value>0x642d</value>
         <object_component_ref idref="oc-245"/>
      </symbol>
      <symbol id="sm-408">
         <name>aligned_alloc</name>
         <value>0x241d</value>
         <object_component_ref idref="oc-2fb"/>
      </symbol>
      <symbol id="sm-409">
         <name>free</name>
         <value>0x32a5</value>
         <object_component_ref idref="oc-243"/>
      </symbol>
      <symbol id="sm-40a">
         <name>_sys_memory</name>
         <value>0x20200bf0</value>
         <object_component_ref idref="oc-30"/>
      </symbol>
      <symbol id="sm-40b">
         <name>memalign</name>
         <value>0x241d</value>
         <object_component_ref idref="oc-2fb"/>
      </symbol>
      <symbol id="sm-41b">
         <name>rand</name>
         <value>0x59c1</value>
         <object_component_ref idref="oc-c7"/>
      </symbol>
      <symbol id="sm-41c">
         <name>srand</name>
         <value>0x6015</value>
         <object_component_ref idref="oc-c1"/>
      </symbol>
      <symbol id="sm-438">
         <name>__kernel_rem_pio2</name>
         <value>0xc1</value>
         <object_component_ref idref="oc-1e4"/>
      </symbol>
      <symbol id="sm-442">
         <name>__TI_zero_init_nomemset</name>
         <value>0x626f</value>
         <object_component_ref idref="oc-59"/>
      </symbol>
      <symbol id="sm-44b">
         <name>__TI_decompress_none</name>
         <value>0x6321</value>
         <object_component_ref idref="oc-20"/>
      </symbol>
      <symbol id="sm-456">
         <name>__TI_decompress_lzss</name>
         <value>0x4ab9</value>
         <object_component_ref idref="oc-1c"/>
      </symbol>
      <symbol id="sm-461">
         <name>_c_int00_noargs</name>
         <value>0x5fa1</value>
         <object_component_ref idref="oc-62"/>
      </symbol>
      <symbol id="sm-462">
         <name>__stack</name>
         <value>0x20207e00</value>
         <object_component_ref idref="oc-1a"/>
      </symbol>
      <symbol id="sm-46d">
         <name>floor</name>
         <value>0x1ac5</value>
         <object_component_ref idref="oc-2a2"/>
      </symbol>
      <symbol id="sm-46e">
         <name>floorl</name>
         <value>0x1ac5</value>
         <object_component_ref idref="oc-2a2"/>
      </symbol>
      <symbol id="sm-478">
         <name>scalbn</name>
         <value>0x3551</value>
         <object_component_ref idref="oc-29e"/>
      </symbol>
      <symbol id="sm-479">
         <name>ldexp</name>
         <value>0x3551</value>
         <object_component_ref idref="oc-29e"/>
      </symbol>
      <symbol id="sm-47a">
         <name>scalbnl</name>
         <value>0x3551</value>
         <object_component_ref idref="oc-29e"/>
      </symbol>
      <symbol id="sm-47b">
         <name>ldexpl</name>
         <value>0x3551</value>
         <object_component_ref idref="oc-29e"/>
      </symbol>
      <symbol id="sm-487">
         <name>__TI_closefile</name>
         <value>0x4a3d</value>
         <object_component_ref idref="oc-23d"/>
      </symbol>
      <symbol id="sm-491">
         <name>__TI_doflush</name>
         <value>0x534d</value>
         <object_component_ref idref="oc-2e7"/>
      </symbol>
      <symbol id="sm-49f">
         <name>__TI_auto_init_nobinit</name>
         <value>0x52f9</value>
         <object_component_ref idref="oc-10e"/>
      </symbol>
      <symbol id="sm-4a7">
         <name>_system_pre_init</name>
         <value>0x64c5</value>
         <object_component_ref idref="oc-a0"/>
      </symbol>
      <symbol id="sm-4b9">
         <name>write</name>
         <value>0x5f79</value>
         <object_component_ref idref="oc-34a"/>
      </symbol>
      <symbol id="sm-4be">
         <name>_device</name>
         <value>0x20200988</value>
         <object_component_ref idref="oc-234"/>
      </symbol>
      <symbol id="sm-4bf">
         <name>_stream</name>
         <value>0x20200b18</value>
         <object_component_ref idref="oc-346"/>
      </symbol>
      <symbol id="sm-4c8">
         <name>remove</name>
         <value>0x6475</value>
         <object_component_ref idref="oc-2f1"/>
      </symbol>
      <symbol id="sm-4d4">
         <name>open</name>
         <value>0x40a1</value>
         <object_component_ref idref="oc-2e3"/>
      </symbol>
      <symbol id="sm-4df">
         <name>close</name>
         <value>0x53f1</value>
         <object_component_ref idref="oc-2ed"/>
      </symbol>
      <symbol id="sm-4eb">
         <name>add_device</name>
         <value>0x2fe9</value>
         <object_component_ref idref="oc-17f"/>
      </symbol>
      <symbol id="sm-4f5">
         <name>unlink</name>
         <value>0x5ed5</value>
         <object_component_ref idref="oc-353"/>
      </symbol>
      <symbol id="sm-4ff">
         <name>HOSTclose</name>
         <value>0x54dd</value>
         <object_component_ref idref="oc-2c5"/>
      </symbol>
      <symbol id="sm-509">
         <name>HOSTlseek</name>
         <value>0x4c25</value>
         <object_component_ref idref="oc-2d1"/>
      </symbol>
      <symbol id="sm-513">
         <name>HOSTopen</name>
         <value>0x4fd1</value>
         <object_component_ref idref="oc-2c1"/>
      </symbol>
      <symbol id="sm-514">
         <name>parmbuf</name>
         <value>0x20200fbc</value>
         <object_component_ref idref="oc-32d"/>
      </symbol>
      <symbol id="sm-51e">
         <name>HOSTread</name>
         <value>0x50ed</value>
         <object_component_ref idref="oc-2c9"/>
      </symbol>
      <symbol id="sm-52f">
         <name>HOSTrename</name>
         <value>0x4c91</value>
         <object_component_ref idref="oc-2d9"/>
      </symbol>
      <symbol id="sm-539">
         <name>HOSTunlink</name>
         <value>0x5525</value>
         <object_component_ref idref="oc-2d5"/>
      </symbol>
      <symbol id="sm-543">
         <name>HOSTwrite</name>
         <value>0x5145</value>
         <object_component_ref idref="oc-2cd"/>
      </symbol>
      <symbol id="sm-551">
         <name>C$$IO$$</name>
         <value>0x5bc9</value>
         <object_component_ref idref="oc-326"/>
      </symbol>
      <symbol id="sm-552">
         <name>__TI_writemsg</name>
         <value>0x5b9d</value>
         <object_component_ref idref="oc-326"/>
      </symbol>
      <symbol id="sm-553">
         <name>__CIOBUF_</name>
         <value>0x20200df0</value>
         <object_component_ref idref="oc-35f"/>
      </symbol>
      <symbol id="sm-554">
         <name>__TI_readmsg</name>
         <value>0x5b69</value>
         <object_component_ref idref="oc-32c"/>
      </symbol>
      <symbol id="sm-555">
         <name>_CIOBUF_</name>
         <value>0x20200df0</value>
         <object_component_ref idref="oc-35f"/>
      </symbol>
      <symbol id="sm-55b">
         <name>__aeabi_fadd</name>
         <value>0x3633</value>
         <object_component_ref idref="oc-13b"/>
      </symbol>
      <symbol id="sm-55c">
         <name>__addsf3</name>
         <value>0x3633</value>
         <object_component_ref idref="oc-13b"/>
      </symbol>
      <symbol id="sm-55d">
         <name>__aeabi_fsub</name>
         <value>0x3629</value>
         <object_component_ref idref="oc-13b"/>
      </symbol>
      <symbol id="sm-55e">
         <name>__subsf3</name>
         <value>0x3629</value>
         <object_component_ref idref="oc-13b"/>
      </symbol>
      <symbol id="sm-564">
         <name>__aeabi_dadd</name>
         <value>0x14e3</value>
         <object_component_ref idref="oc-1d3"/>
      </symbol>
      <symbol id="sm-565">
         <name>__adddf3</name>
         <value>0x14e3</value>
         <object_component_ref idref="oc-1d3"/>
      </symbol>
      <symbol id="sm-566">
         <name>__aeabi_dsub</name>
         <value>0x14d9</value>
         <object_component_ref idref="oc-1d3"/>
      </symbol>
      <symbol id="sm-567">
         <name>__subdf3</name>
         <value>0x14d9</value>
         <object_component_ref idref="oc-1d3"/>
      </symbol>
      <symbol id="sm-570">
         <name>__aeabi_dmul</name>
         <value>0x338d</value>
         <object_component_ref idref="oc-1d7"/>
      </symbol>
      <symbol id="sm-571">
         <name>__muldf3</name>
         <value>0x338d</value>
         <object_component_ref idref="oc-1d7"/>
      </symbol>
      <symbol id="sm-57a">
         <name>__muldsi3</name>
         <value>0x586d</value>
         <object_component_ref idref="oc-1cc"/>
      </symbol>
      <symbol id="sm-580">
         <name>__aeabi_fmul</name>
         <value>0x4695</value>
         <object_component_ref idref="oc-12b"/>
      </symbol>
      <symbol id="sm-581">
         <name>__mulsf3</name>
         <value>0x4695</value>
         <object_component_ref idref="oc-12b"/>
      </symbol>
      <symbol id="sm-587">
         <name>__aeabi_fdiv</name>
         <value>0x48bd</value>
         <object_component_ref idref="oc-147"/>
      </symbol>
      <symbol id="sm-588">
         <name>__divsf3</name>
         <value>0x48bd</value>
         <object_component_ref idref="oc-147"/>
      </symbol>
      <symbol id="sm-58e">
         <name>__aeabi_f2d</name>
         <value>0x56f9</value>
         <object_component_ref idref="oc-1e0"/>
      </symbol>
      <symbol id="sm-58f">
         <name>__extendsfdf2</name>
         <value>0x56f9</value>
         <object_component_ref idref="oc-1e0"/>
      </symbol>
      <symbol id="sm-598">
         <name>__aeabi_d2iz</name>
         <value>0x5491</value>
         <object_component_ref idref="oc-1db"/>
      </symbol>
      <symbol id="sm-599">
         <name>__fixdfsi</name>
         <value>0x5491</value>
         <object_component_ref idref="oc-1db"/>
      </symbol>
      <symbol id="sm-59f">
         <name>__aeabi_f2iz</name>
         <value>0x5989</value>
         <object_component_ref idref="oc-150"/>
      </symbol>
      <symbol id="sm-5a0">
         <name>__fixsfsi</name>
         <value>0x5989</value>
         <object_component_ref idref="oc-150"/>
      </symbol>
      <symbol id="sm-5a6">
         <name>__aeabi_i2d</name>
         <value>0x5ea9</value>
         <object_component_ref idref="oc-299"/>
      </symbol>
      <symbol id="sm-5a7">
         <name>__floatsidf</name>
         <value>0x5ea9</value>
         <object_component_ref idref="oc-299"/>
      </symbol>
      <symbol id="sm-5ad">
         <name>__aeabi_i2f</name>
         <value>0x57b9</value>
         <object_component_ref idref="oc-127"/>
      </symbol>
      <symbol id="sm-5ae">
         <name>__floatsisf</name>
         <value>0x57b9</value>
         <object_component_ref idref="oc-127"/>
      </symbol>
      <symbol id="sm-5b4">
         <name>__aeabi_ui2f</name>
         <value>0x5f29</value>
         <object_component_ref idref="oc-14b"/>
      </symbol>
      <symbol id="sm-5b5">
         <name>__floatunsisf</name>
         <value>0x5f29</value>
         <object_component_ref idref="oc-14b"/>
      </symbol>
      <symbol id="sm-5bc">
         <name>__aeabi_d2f</name>
         <value>0x4bb1</value>
         <object_component_ref idref="oc-291"/>
      </symbol>
      <symbol id="sm-5bd">
         <name>__truncdfsf2</name>
         <value>0x4bb1</value>
         <object_component_ref idref="oc-291"/>
      </symbol>
      <symbol id="sm-5c3">
         <name>__aeabi_dcmpeq</name>
         <value>0x4f09</value>
         <object_component_ref idref="oc-2a6"/>
      </symbol>
      <symbol id="sm-5c4">
         <name>__aeabi_dcmplt</name>
         <value>0x4f1d</value>
         <object_component_ref idref="oc-2a6"/>
      </symbol>
      <symbol id="sm-5c5">
         <name>__aeabi_dcmple</name>
         <value>0x4f31</value>
         <object_component_ref idref="oc-2a6"/>
      </symbol>
      <symbol id="sm-5c6">
         <name>__aeabi_dcmpge</name>
         <value>0x4f45</value>
         <object_component_ref idref="oc-2a6"/>
      </symbol>
      <symbol id="sm-5c7">
         <name>__aeabi_dcmpgt</name>
         <value>0x4f59</value>
         <object_component_ref idref="oc-2a6"/>
      </symbol>
      <symbol id="sm-5cd">
         <name>__aeabi_fcmpeq</name>
         <value>0x4f6d</value>
         <object_component_ref idref="oc-143"/>
      </symbol>
      <symbol id="sm-5ce">
         <name>__aeabi_fcmplt</name>
         <value>0x4f81</value>
         <object_component_ref idref="oc-143"/>
      </symbol>
      <symbol id="sm-5cf">
         <name>__aeabi_fcmple</name>
         <value>0x4f95</value>
         <object_component_ref idref="oc-143"/>
      </symbol>
      <symbol id="sm-5d0">
         <name>__aeabi_fcmpge</name>
         <value>0x4fa9</value>
         <object_component_ref idref="oc-143"/>
      </symbol>
      <symbol id="sm-5d1">
         <name>__aeabi_fcmpgt</name>
         <value>0x4fbd</value>
         <object_component_ref idref="oc-143"/>
      </symbol>
      <symbol id="sm-5d7">
         <name>__aeabi_idiv</name>
         <value>0x524d</value>
         <object_component_ref idref="oc-c8"/>
      </symbol>
      <symbol id="sm-5d8">
         <name>__aeabi_idivmod</name>
         <value>0x524d</value>
         <object_component_ref idref="oc-c8"/>
      </symbol>
      <symbol id="sm-5de">
         <name>__aeabi_memcpy</name>
         <value>0x4ba9</value>
         <object_component_ref idref="oc-52"/>
      </symbol>
      <symbol id="sm-5df">
         <name>__aeabi_memcpy4</name>
         <value>0x4ba9</value>
         <object_component_ref idref="oc-52"/>
      </symbol>
      <symbol id="sm-5e0">
         <name>__aeabi_memcpy8</name>
         <value>0x4ba9</value>
         <object_component_ref idref="oc-52"/>
      </symbol>
      <symbol id="sm-5e7">
         <name>__aeabi_memclr</name>
         <value>0x6421</value>
         <object_component_ref idref="oc-9b"/>
      </symbol>
      <symbol id="sm-5e8">
         <name>__aeabi_memclr4</name>
         <value>0x6421</value>
         <object_component_ref idref="oc-9b"/>
      </symbol>
      <symbol id="sm-5e9">
         <name>__aeabi_memclr8</name>
         <value>0x6421</value>
         <object_component_ref idref="oc-9b"/>
      </symbol>
      <symbol id="sm-5ef">
         <name>__aeabi_uidiv</name>
         <value>0x56b9</value>
         <object_component_ref idref="oc-1a1"/>
      </symbol>
      <symbol id="sm-5f0">
         <name>__aeabi_uidivmod</name>
         <value>0x56b9</value>
         <object_component_ref idref="oc-1a1"/>
      </symbol>
      <symbol id="sm-5f9">
         <name>__eqsf2</name>
         <value>0x5831</value>
         <object_component_ref idref="oc-1fc"/>
      </symbol>
      <symbol id="sm-5fa">
         <name>__lesf2</name>
         <value>0x5831</value>
         <object_component_ref idref="oc-1fc"/>
      </symbol>
      <symbol id="sm-5fb">
         <name>__ltsf2</name>
         <value>0x5831</value>
         <object_component_ref idref="oc-1fc"/>
      </symbol>
      <symbol id="sm-5fc">
         <name>__nesf2</name>
         <value>0x5831</value>
         <object_component_ref idref="oc-1fc"/>
      </symbol>
      <symbol id="sm-5fd">
         <name>__cmpsf2</name>
         <value>0x5831</value>
         <object_component_ref idref="oc-1fc"/>
      </symbol>
      <symbol id="sm-5fe">
         <name>__gtsf2</name>
         <value>0x57f5</value>
         <object_component_ref idref="oc-201"/>
      </symbol>
      <symbol id="sm-5ff">
         <name>__gesf2</name>
         <value>0x57f5</value>
         <object_component_ref idref="oc-201"/>
      </symbol>
      <symbol id="sm-60d">
         <name>__ledf2</name>
         <value>0x4e3d</value>
         <object_component_ref idref="oc-31c"/>
      </symbol>
      <symbol id="sm-60e">
         <name>__gedf2</name>
         <value>0x4b35</value>
         <object_component_ref idref="oc-322"/>
      </symbol>
      <symbol id="sm-60f">
         <name>__cmpdf2</name>
         <value>0x4e3d</value>
         <object_component_ref idref="oc-31c"/>
      </symbol>
      <symbol id="sm-610">
         <name>__eqdf2</name>
         <value>0x4e3d</value>
         <object_component_ref idref="oc-31c"/>
      </symbol>
      <symbol id="sm-611">
         <name>__ltdf2</name>
         <value>0x4e3d</value>
         <object_component_ref idref="oc-31c"/>
      </symbol>
      <symbol id="sm-612">
         <name>__nedf2</name>
         <value>0x4e3d</value>
         <object_component_ref idref="oc-31c"/>
      </symbol>
      <symbol id="sm-613">
         <name>__gtdf2</name>
         <value>0x4b35</value>
         <object_component_ref idref="oc-322"/>
      </symbol>
      <symbol id="sm-61d">
         <name>__aeabi_idiv0</name>
         <value>0x3f5f</value>
         <object_component_ref idref="oc-15e"/>
      </symbol>
      <symbol id="sm-62b">
         <name>finddevice</name>
         <value>0x5c05</value>
         <object_component_ref idref="oc-22d"/>
      </symbol>
      <symbol id="sm-62c">
         <name>getdevice</name>
         <value>0x4d69</value>
         <object_component_ref idref="oc-344"/>
      </symbol>
      <symbol id="sm-635">
         <name>TI_memcpy_small</name>
         <value>0x630f</value>
         <object_component_ref idref="oc-dd"/>
      </symbol>
      <symbol id="sm-63e">
         <name>TI_memset_small</name>
         <value>0x63cb</value>
         <object_component_ref idref="oc-16f"/>
      </symbol>
      <symbol id="sm-646">
         <name>strcmp</name>
         <value>0x47b1</value>
         <object_component_ref idref="oc-2bb"/>
      </symbol>
      <symbol id="sm-647">
         <name>__TI_static_base__</name>
         <value>0x0</value>
      </symbol>
      <symbol id="sm-64b">
         <name>__mpu_init</name>
         <value>0x0</value>
      </symbol>
      <symbol id="sm-64c">
         <name>_system_post_cinit</name>
         <value>0x0</value>
      </symbol>
   </symbol_table>
   <title>Link successful</title>
</link_info>
