******************************************************************************
            TI ARM Clang Linker PC v4.0.1                      
******************************************************************************
>> Linked Tue Apr 22 23:52:38 2025

OUTPUT FILE NAME:   <ECE319K_Lab9H.out>
ENTRY POINT SYMBOL: "_c_int00_noargs"  address: 000057d5


MEMORY CONFIGURATION

         name            origin    length      used     unused   attr    fill
----------------------  --------  ---------  --------  --------  ----  --------
  FLASH                 00000000   00020000  00006ce8  00019318  R  X
  SRAM                  20200000   00008000  000011ae  00006e52  RW X
  BCR_CONFIG            41c00000   00000080  00000000  00000080  R   
  BSL_CONFIG            41c00100   00000080  00000000  00000080  R   


SEGMENT ALLOCATION MAP

run origin  load origin   length   init length attrs members
----------  ----------- ---------- ----------- ----- -------
00000000    00000000    00006ce8   00006ce8    r-x
  00000000    00000000    000000c0   000000c0    r-- .intvecs
  000000c0    000000c0    00005bf0   00005bf0    r-x .text
  00005cb0    00005cb0    00000f38   00000f38    r-- .rodata
  00006be8    00006be8    00000008   00000008    r-- .init_array
  00006bf0    00006bf0    000000f8   000000f8    r-- .cinit
20200000    20200000    00000fb1   00000000    rw-
  20200000    20200000    00000bc5   00000000    rw- .data
  20200bc8    20200bc8    00000200   00000000    rw- .sysmem
  20200dc8    20200dc8    000001e9   00000000    rw- .bss
20207e00    20207e00    00000200   00000000    rw-
  20207e00    20207e00    00000200   00000000    rw- .stack


SECTION ALLOCATION MAP

 output                                  attributes/
section   page    origin      length       input sections
--------  ----  ----------  ----------   ----------------
.intvecs   0    00000000    000000c0     
                  00000000    000000c0     startup_mspm0g3507_ticlang.o (.intvecs)

.binit     0    00000000    00000000     

.text      0    000000c0    00005bf0     
                  000000c0    00000644     libc.a : k_rem_pio2.c.obj (.text.__kernel_rem_pio2)
                  00000704    000002f8     bullet.o (.text._ZN6Bullet4MoveEv)
                  000009fc    00000210     ST7735.o (.text._Z17ST7735_DrawBitmapssPKtss)
                  00000c0c    000001d4     libc.a : s_cosf.c.obj (.text.cosf)
                  00000de0    000001c8            : s_sinf.c.obj (.text.sinf)
                  00000fa8    000001b4     Clock.o (.text._Z15Clock_Init80MHzi)
                  0000115c    000001a8     ST7735.o (.text._Z15ST7735_DrawCharsscssh)
                  00001304    00000192     libclang_rt.builtins.a : adddf3.S.obj (.text.adddf3_subdf3)
                  00001496    00000002     Sound.o (.text.SysTick_Handler)
                  00001498    0000018c     fsm.o (.text._Z8showMenuv)
                  00001624    00000178     tank.o (.text._ZN4Tank12rotateSpriteEf)
                  0000179c    00000154     libc.a : fopen.c.obj (.text._openfile)
                  000018f0    00000144            : s_floor.c.obj (.text.floor)
                  00001a34    00000128     TExaS.o (.text._Z8ADC_InitP10ADC12_Regsjj)
                  00001b5c    00000118     ST7735.o (.text._Z15ST7735_FillRectsssst)
                  00001c74    00000114     tools.o (.text._Z12bulletUpdatev)
                  00001d88    00000114     libc.a : memory.c.obj (.text.aligned_alloc)
                  00001e9c    00000110     fsm.o (.text._Z11runGameLoopv)
                  00001fac    00000108     tank.o (.text._ZN4Tank4MoveEv)
                  000020b4    00000100     tools.o (.text._Z12generateMap4h)
                  000021b4    00000100     fsm.o (.text._Z13showEndScreenv)
                  000022b4    000000fc     tools.o (.text._Z15initializeRoundh)
                  000023b0    000000f8     SPI.o (.text._Z8SPI_Initv)
                  000024a8    000000f4     tools.o (.text._Z12generateMap3h)
                  0000259c    000000ec     tools.o (.text._Z10DrawHealthRK4TankS1_)
                  00002688    000000ec     libsysbm.a : add_device.c.obj (.text.add_device)
                  00002774    000000e8     ST7735.o (.text._Z14ST7735_OutCharc)
                  0000285c    000000e8     TExaS.o (.text._Z9UART_Initv)
                  00002944    000000e8     libc.a : memory.c.obj (.text.free)
                  00002a2c    000000e4     libclang_rt.builtins.a : muldf3.S.obj (.text.__muldf3)
                  00002b10    000000e0     libc.a : setvbuf.c.obj (.text.setvbuf)
                  00002bf0    000000d8            : s_scalbn.c.obj (.text.scalbn)
                  00002cc8    000000d8     libclang_rt.builtins.a : addsf3.S.obj (.text)
                  00002da0    000000c8     tank.o (.text._ZN4TankC2EiiiPKthhjj)
                  00002e68    000000c4     tools.o (.text._Z16curWallCollisionjjjj)
                  00002f2c    000000c4     tools.o (.text._Z17curWaterCollisionjjjj)
                  00002ff0    000000c2     bullet.o (.text._ZN6Bullet5checkER4Tank)
                  000030b2    00000002     Sound.o (.text._Z10Sound_Initv)
                  000030b4    000000b4     tools.o (.text._Z12generateMap2h)
                  00003168    000000ac     tank.o (.text._ZN4Tank11TriVelocityEi)
                  00003214    000000ac     libc.a : s_cosf.c.obj (.text.__kernel_sindf)
                  000032c0    000000ac            : s_sinf.c.obj (.text.__kernel_sindf)
                  0000336c    000000a8     Timer.o (.text._Z14TimerG7_IntArmtjj)
                  00003414    000000a4     tools.o (.text._Z12rotateUpdatev)
                  000034b8    000000a2     ST7735.o (.text._ZL11commandListPKh)
                  0000355a    00000002     libclang_rt.builtins.a : aeabi_div0.c.obj (.text.__aeabi_idiv0)
                  0000355c    000000a0     ST7735.o (.text._Z12ST7735_InitR10initRFlags)
                  000035fc    000000a0     ST7735.o (.text._Z17ST7735_InitPrintf10initRFlags)
                  0000369c    000000a0     libsysbm.a : open.c.obj (.text.open)
                  0000373c    000000a0     libc.a : e_sqrtf.c.obj (.text.sqrtf)
                  000037dc    0000009c     tools.o (.text._Z11isCollisionv)
                  00003878    0000009c     ST7735.o (.text._Z14ST7735_OutUDecj)
                  00003914    0000009c     libc.a : s_cosf.c.obj (.text.__kernel_cosdf)
                  000039b0    0000009c            : s_sinf.c.obj (.text.__kernel_cosdf)
                  00003a4c    00000098     tank.o (.text._ZN4Tank5ShootEP6Bulleti)
                  00003ae4    00000094     Timer.o (.text._Z15TimerG12_IntArmjj)
                  00003b78    00000094     Lab9HMain.o (.text.main)
                  00003c0c    00000090     SlidePot.o (.text._ZN8SlidePot4InitEj)
                  00003c9c    0000008c     libclang_rt.builtins.a : mulsf3.S.obj (.text.__mulsf3)
                  00003d28    00000088     ST7735.o (.text._ZL13setAddrWindowhhhh)
                  00003db0    00000088     libc.a : strcmp-armv6m.S.obj (.text:strcmp)
                  00003e38    00000084     ST7735.o (.text._Z17ST7735_DrawStringttPcs)
                  00003ebc    00000082     libclang_rt.builtins.a : divsf3.S.obj (.text.__divsf3)
                  00003f3e    00000002     libc.a : _lock.c.obj (.text._nop)
                  00003f40    00000080     Lab9HMain.o (.text.TIMG12_IRQHandler)
                  00003fc0    00000080     bullet.o (.text._ZN6Bullet4InitEiifii)
                  00004040    0000007c     LaunchPad.o (.text._Z14LaunchPad_Initv)
                  000040bc    0000007c     libc.a : fclose.c.obj (.text.__TI_closefile)
                  00004138    0000007c            : copy_decompress_lzss.c.obj (.text:decompress:lzss)
                  000041b4    00000074     libclang_rt.builtins.a : comparedf2.c.obj (.text.__gedf2)
                  00004228    00000008     libc.a : aeabi_portable.c.obj (.text.__aeabi_errno_addr)
                  00004230    00000074     libclang_rt.builtins.a : truncdfsf2.S.obj (.text.__truncdfsf2)
                  000042a4    0000006c     libsysbm.a : hostlseek.c.obj (.text.HOSTlseek)
                  00004310    0000006c                : hostrename.c.obj (.text.HOSTrename)
                  0000437c    0000006c     tools.o (.text._Z9DrawWallsv)
                  000043e8    0000006c     libc.a : getdevice.c.obj (.text.getdevice)
                  00004454    00000068     tools.o (.text._Z9DrawWaterv)
                  000044bc    00000068     libclang_rt.builtins.a : comparedf2.c.obj (.text.__ledf2)
                  00004524    00000064     libc.a : memory.c.obj (.text.split)
                  00004588    00000062     libclang_rt.builtins.a : aeabi_dcmp.S.obj (.text.__aeabi_dcmp)
                  000045ea    00000002     --HOLE-- [fill = 0]
                  000045ec    00000062                            : aeabi_fcmp.S.obj (.text.__aeabi_fcmp)
                  0000464e    00000002     --HOLE-- [fill = 0]
                  00004650    00000060     libsysbm.a : hostopen.c.obj (.text.HOSTopen)
                  000046b0    00000060     SlidePot.o (.text._ZN8SlidePot2InEv)
                  00004710    00000058     libsysbm.a : hostread.c.obj (.text.HOSTread)
                  00004768    00000058                : hostwrite.c.obj (.text.HOSTwrite)
                  000047c0    00000058     TExaS.o (.text._Z10TExaS_InitP10ADC12_RegsjPFhvE)
                  00004818    00000058     tools.o (.text._Z12generateMap1h)
                  00004870    00000058     tools.o (.text._Z12generateMap6h)
                  000048c8    00000058     tools.o (.text._Z12generateMap7h)
                  00004920    00000058     tools.o (.text._Z12generateMap8h)
                  00004978    00000058     tools.o (.text._Z12generateMap9h)
                  000049d0    00000058     tools.o (.text._Z13generateMap10h)
                  00004a28    00000056     libclang_rt.builtins.a : aeabi_idivmod.S.obj (.text.__aeabi_idivmod)
                  00004a7e    00000002     --HOLE-- [fill = 0]
                  00004a80    00000054     ST7735.o (.text._Z11fillmessagej)
                  00004ad4    00000054     tools.o (.text._Z12generateMap5h)
                  00004b28    00000054     libc.a : autoinit.c.obj (.text:__TI_auto_init_nobinit)
                  00004b7c    00000052            : fflush.c.obj (.text.__TI_doflush)
                  00004bce    00000050     tools.o (.text._Z12tankMovementjjR4Tank)
                  00004c1e    00000050     tank.o (.text._ZN4Tank6RotateEi)
                  00004c6e    00000002     --HOLE-- [fill = 0]
                  00004c70    00000050     libsysbm.a : close.c.obj (.text.close)
                  00004cc0    0000004a     libclang_rt.builtins.a : fixdfsi.S.obj (.text.__fixdfsi)
                  00004d0a    00000002     --HOLE-- [fill = 0]
                  00004d0c    00000048     libsysbm.a : hostclose.c.obj (.text.HOSTclose)
                  00004d54    00000048                : hostunlink.c.obj (.text.HOSTunlink)
                  00004d9c    00000048     SPI.o (.text._Z14SPI_OutCommandc)
                  00004de4    00000044     tools.o (.text._Z9queryTankv)
                  00004e28    00000040     TExaS.o (.text.TIMG7_IRQHandler)
                  00004e68    00000040     SPI.o (.text._Z9SPI_Resetv)
                  00004ea8    00000040     bullet.o (.text._ZN6Bullet4DrawEv)
                  00004ee8    00000040     libclang_rt.builtins.a : aeabi_uidivmod.S.obj (.text.__aeabi_uidivmod)
                  00004f28    00000040                            : extendsfdf2.S.obj (.text.__extendsfdf2)
                  00004f68    00000040     libc.a : fopen.c.obj (.text._search_fp)
                  00004fa8    0000003e     tools.o (.text._Z7clamperfff)
                  00004fe6    00000002     --HOLE-- [fill = 0]
                  00004fe8    0000003c     libclang_rt.builtins.a : floatsisf.S.obj (.text.__floatsisf)
                  00005024    0000003c                            : comparesf2.S.obj (.text.__gtsf2)
                  00005060    0000003a                            : comparesf2.S.obj (.text.__eqsf2)
                  0000509a    00000002     --HOLE-- [fill = 0]
                  0000509c    0000003a                            : muldsi3.S.obj (.text.__muldsi3)
                  000050d6    00000002     --HOLE-- [fill = 0]
                  000050d8    00000038     SPI.o (.text._Z11SPI_OutDatac)
                  00005110    00000038     Switch.o (.text._Z11Switch_Initv)
                  00005148    00000038     LaunchPad.o (.text._Z15ActivatePortA_Bv)
                  00005180    00000038     tank.o (.text._ZN4Tank10TakeDamageEv)
                  000051b8    00000038     bullet.o (.text._ZN6Bullet5EraseEv)
                  000051f0    00000038     libclang_rt.builtins.a : fixsfsi.S.obj (.text.__fixsfsi)
                  00005228    00000036     tank.o (.text._ZN4Tank15rotateIncrementEi)
                  0000525e    00000034     ST7735.o (.text._Z12ST7735_writeiPKcj)
                  00005292    00000002     --HOLE-- [fill = 0]
                  00005294    00000034     tools.o (.text._Z13displayUpdatev)
                  000052c8    00000034     Clock.o (.text._Z14Clock_Delay1msj)
                  000052fc    00000034     ST7735.o (.text._Z16ST7735_SetCursorjj)
                  00005330    00000034     LED.o (.text._Z8LED_Initv)
                  00005364    00000034     libc.a : fopen.c.obj (.text.__TI_cleanup)
                  00005398    00000034     libsysbm.a : trgmsg.c.obj (.text.__TI_readmsg)
                  000053cc    00000034                : trgmsg.c.obj (.text.__TI_writemsg)
                  00005400    00000034     libc.a : exit.c.obj (.text.exit)
                  00005434    00000034            : getdevice.c.obj (.text.finddevice)
                  00005468    00000034            : fopen.c.obj (.text.freopen)
                  0000549c    00000032     ST7735.o (.text._Z15ST7735_Color565hhh)
                  000054ce    00000032     tank.o (.text._ZN4Tank13TickCooldownsEv)
                  00005500    00000032     tank.o (.text._ZN4Tank4DrawEv)
                  00005532    00000002     --HOLE-- [fill = 0]
                  00005534    00000030     ST7735.o (.text._ZL10commonInitPKh)
                  00005564    00000030     SlidePot.o (.text._ZN8SlidePot4SaveEj)
                  00005594    00000030     Lab9HMain.o (.text.__cxx_global_var_init.4)
                  000055c4    00000030     Lab9HMain.o (.text.__cxx_global_var_init.5)
                  000055f4    00000030     libc.a : fopen.c.obj (.text.fopen)
                  00005624    0000002e     SlidePot.o (.text._ZN8SlidePot4SyncEv)
                  00005652    00000002     --HOLE-- [fill = 0]
                  00005654    0000002c     ST7735.o (.text._Z17ST7735_FillScreent)
                  00005680    0000002c     tank.o (.text._ZN4Tank5EraseEv)
                  000056ac    0000002c     Lab9HMain.o (.text.__cxx_global_var_init.1)
                  000056d8    0000002c     Lab9HMain.o (.text.__cxx_global_var_init)
                  00005704    0000002c     libclang_rt.builtins.a : floatsidf.S.obj (.text.__floatsidf)
                  00005730    0000002c     libsysbm.a : unlink.c.obj (.text.unlink)
                  0000575c    00000028     TExaS.o (.text._Z9ADC_StartP10ADC12_Regs)
                  00005784    00000028     libc.a : memory.c.obj (.text.free_list_insert)
                  000057ac    00000028     libsysbm.a : write.c.obj (.text.write)
                  000057d4    00000028     libc.a : boot_cortex_m.c.obj (.text:_c_int00_noargs)
                  000057fc    00000026     ST7735.o (.text._Z16ST7735_OutStringPc)
                  00005822    00000026     bullet.o (.text._ZN6Bullet10DeactivateEv)
                  00005848    0000001e     ST7735.o (.text._ZL9pushColort)
                  00005866    0000001e     tank.o (.text._ZN4Tank4SetXEi)
                  00005884    0000001e     tank.o (.text._ZN4Tank4SetYEi)
                  000058a2    00000002     --HOLE-- [fill = 0]
                  000058a4    0000001c     startup_mspm0g3507_ticlang.o (.text.Default_Handler)
                  000058c0    0000001c     startup_mspm0g3507_ticlang.o (.text.HardFault_Handler)
                  000058dc    0000001c     Lab9HMain.o (.text._GLOBAL__sub_I_Lab9HMain.cpp)
                  000058f8    0000001c     Switch.o (.text._Z10Switch_In1v)
                  00005914    0000001c     Switch.o (.text._Z10Switch_In2v)
                  00005930    0000001c     ST7735.o (.text._Z11ST7735_openPKcji)
                  0000594c    0000001c     Switch.o (.text._Z7P1SHOOTv)
                  00005968    0000001c     Switch.o (.text._Z7P2SHOOTv)
                  00005984    0000001c     Switch.o (.text._Z8special1v)
                  000059a0    0000001c     Switch.o (.text._Z8special2v)
                  000059bc    0000001c     tank.o (.text._ZN4Tank8SetAliveEb)
                  000059d8    0000001c     libc.a : memory.c.obj (.text.free_list_remove)
                  000059f4    0000001a     tools.o (.text._Z15SlidePotSamplerR8SlidePot)
                  00005a0e    0000001a     bullet.o (.text._ZN6BulletC2Ev)
                  00005a28    0000001a     SlidePot.o (.text._ZN8SlidePotC2Ejj)
                  00005a42    00000016     libc.a : k_rem_pio2.c.obj (.text.OUTLINED_FUNCTION_0)
                  00005a58    00000010     libclang_rt.builtins.a : adddf3.S.obj (.tramp.__aeabi_dadd.1)
                  00005a68    00000016     ST7735.o (.text._Z11ST7735_readiPcj)
                  00005a7e    00000016     libc.a : copy_zero_init.c.obj (.text:decompress:ZI:__TI_zero_init_nomemset)
                  00005a94    00000014     tank.o (.text._ZN4Tank5SetHPEh)
                  00005aa8    00000014     Lab9HMain.o (.text.__cxx_global_var_init.2)
                  00005abc    00000014     Lab9HMain.o (.text.__cxx_global_var_init.3)
                  00005ad0    00000012     tank.o (.text._ZN4Tank11NeedsRedrawEv)
                  00005ae2    00000012     libc.a : memcpy16.S.obj (.text:TI_memcpy_small)
                  00005af4    00000012            : copy_decompress_none.c.obj (.text:decompress:none)
                  00005b06    00000010            : k_rem_pio2.c.obj (.text.OUTLINED_FUNCTION_2)
                  00005b16    00000010     Clock.o (.text._Z11Clock_Delayj)
                  00005b26    00000002     --HOLE-- [fill = 0]
                  00005b28    00000010     Lab9HMain.o (.text._Z28TExaS_LaunchPadLogicPB27PB26v)
                  00005b38    00000010     tank.o (.text._ZN4Tank8CanShootEv)
                  00005b48    00000010     bullet.o (.text._ZNK6Bullet8IsActiveEv)
                  00005b58    0000000e     libc.a : memory.c.obj (.text.OUTLINED_FUNCTION_0)
                  00005b66    0000000e     ST7735.o (.text._Z12ST7735_lseekili)
                  00005b74    0000000e     tank.o (.text._ZNK4Tank9GetHealthEv)
                  00005b82    0000000e     libsysbm.a : hostrename.c.obj (.text.strcpy)
                  00005b90    0000000e                : hostrename.c.obj (.text.strlen)
                  00005b9e    0000000e     libc.a : memset16.S.obj (.text:TI_memset_small)
                  00005bac    0000000c     Clock.o (.text._Z10Clock_Freqv)
                  00005bb8    0000000c     ST7735.o (.text._Z13ST7735_renamePKcS0_)
                  00005bc4    0000000c     SlidePot.o (.text._ZN8SlidePot12lastDistanceEv)
                  00005bd0    0000000c     SlidePot.o (.text._ZN8SlidePot8DistanceEv)
                  00005bdc    0000000c     tank.o (.text._ZNK4Tank4GetXEv)
                  00005be8    0000000c     tank.o (.text._ZNK4Tank4GetYEv)
                  00005bf4    0000000c     libclang_rt.builtins.a : aeabi_memset.S.obj (.text.__aeabi_memclr)
                  00005c00    0000000c     libc.a : memory.c.obj (.text.malloc)
                  00005c0c    0000000a            : k_rem_pio2.c.obj (.text.OUTLINED_FUNCTION_1)
                  00005c16    0000000a            : s_cosf.c.obj (.text.OUTLINED_FUNCTION_3)
                  00005c20    0000000a            : s_sinf.c.obj (.text.OUTLINED_FUNCTION_3)
                  00005c2a    0000000a     ST7735.o (.text._Z12ST7735_closei)
                  00005c34    0000000a     ST7735.o (.text._Z13ST7735_unlinkPKc)
                  00005c3e    0000000a     Lab9HMain.o (.text._Z8PLL_Initv)
                  00005c48    00000008     libclang_rt.builtins.a : aeabi_memcpy.S.obj (.text.__aeabi_memcpy)
                  00005c50    00000008     libsysbm.a : remove.c.obj (.text.remove)
                  00005c58    00000006     libc.a : s_cosf.c.obj (.text.OUTLINED_FUNCTION_0)
                  00005c5e    00000002     --HOLE-- [fill = 0]
                  00005c60    00000010     libclang_rt.builtins.a : muldf3.S.obj (.tramp.__aeabi_dmul.1)
                  00005c70    00000006     libc.a : s_sinf.c.obj (.text.OUTLINED_FUNCTION_0)
                  00005c76    00000006            : s_cosf.c.obj (.text.OUTLINED_FUNCTION_1)
                  00005c7c    00000006            : s_sinf.c.obj (.text.OUTLINED_FUNCTION_1)
                  00005c82    00000004            : s_cosf.c.obj (.text.OUTLINED_FUNCTION_2)
                  00005c86    00000002     --HOLE-- [fill = 0]
                  00005c88    00000010     libclang_rt.builtins.a : extendsfdf2.S.obj (.tramp.__aeabi_f2d.1)
                  00005c98    00000004     libc.a : s_sinf.c.obj (.text.OUTLINED_FUNCTION_2)
                  00005c9c    00000004     startup_mspm0g3507_ticlang.o (.text.Reset_Handler)
                  00005ca0    00000004     libc.a : pre_init.c.obj (.text._system_pre_init)
                  00005ca4    00000004            : exit.c.obj (.text:abort)
                  00005ca8    00000008     --HOLE-- [fill = 0]

.cinit     0    00006bf0    000000f8     
                  00006bf0    000000d3     (.cinit..data.load) [load image, compression = lzss]
                  00006cc3    00000001     --HOLE-- [fill = 0]
                  00006cc4    0000000c     (__TI_handler_table)
                  00006cd0    00000008     (.cinit..bss.load) [load image, compression = zero_init]
                  00006cd8    00000010     (__TI_cinit_table)

.rodata    0    00005cb0    00000f38     
                  00005cb0    000004fb     ST7735.o (.rodata._ZL4Font)
                  000061ab    00000001     --HOLE-- [fill = 0]
                  000061ac    00000214     Lab9HMain.o (.rodata._ZL7MiniRed)
                  000063c0    00000214     Lab9HMain.o (.rodata._ZL8MiniBlue)
                  000065d4    00000108     libc.a : k_rem_pio2.c.obj (.rodata.ipio2)
                  000066dc    000000b0     tools.o (.rodata._ZZ12generateMap2hE4maze)
                  0000678c    00000080     tools.o (.rodata._ZL6heart2)
                  0000680c    00000080     tools.o (.rodata._ZL6heart3)
                  0000688c    00000060     tools.o (.rodata._ZZ12generateMap4hE5river)
                  000068ec    00000004     fsm.o (.rodata._ZL11Set_English)
                  000068f0    00000040     libc.a : k_rem_pio2.c.obj (.rodata.PIo2)
                  00006930    00000040     tools.o (.rodata._ZZ12generateMap3hE4ring)
                  00006970    0000003b     ST7735.o (.rodata._ZL5Rcmd1)
                  000069ab    0000002b     ST7735.o (.rodata._ZL5Rcmd3)
                  000069d6    00000002     ST7735.o (.rodata.str1.145302396146969619001)
                  000069d8    00000020     tools.o (.rodata._ZZ12generateMap3hE5bands)
                  000069f8    00000020     tools.o (.rodata.cst32)
                  00006a18    0000001d     fsm.o (.rodata._ZL13Again_Spanish)
                  00006a35    0000001d     fsm.o (.rodata._ZL16Again_Portuguese)
                  00006a52    00000019     fsm.o (.rodata._ZL13Again_English)
                  00006a6b    00000016     ST7735.o (.rodata.str1.59959519694590733531)
                  00006a81    00000015     fsm.o (.rodata._ZL12Again_French)
                  00006a96    00000012     fsm.o (.rodata.str1.77457526476974311561)
                  00006aa8    00000010     libc.a : k_rem_pio2.c.obj (.rodata.cst16)
                  00006ab8    0000000f     fsm.o (.rodata.str1.11889828848536890671)
                  00006ac7    0000000f     fsm.o (.rodata.str1.44122112940247738941)
                  00006ad6    0000000f     fsm.o (.rodata.str1.50879906542808893991)
                  00006ae5    0000000d     ST7735.o (.rodata._ZL10Rcmd2green)
                  00006af2    0000000d     ST7735.o (.rodata._ZL8Rcmd2red)
                  00006aff    0000000d     fsm.o (.rodata.str1.159722056897094685691)
                  00006b0c    0000000a     fsm.o (.rodata._ZL11Set_Spanish)
                  00006b16    0000000a     fsm.o (.rodata._ZL11Wins_French)
                  00006b20    0000000a     fsm.o (.rodata._ZL12Wins_Spanish)
                  00006b2a    0000000a     fsm.o (.rodata._ZL15Language_French)
                  00006b34    0000000a     fsm.o (.rodata._ZL15Wins_Portuguese)
                  00006b3e    0000000a     fsm.o (.rodata._ZL19Language_Portuguese)
                  00006b48    00000009     fsm.o (.rodata._ZL12Begin_French)
                  00006b51    00000009     fsm.o (.rodata._ZL16Language_English)
                  00006b5a    00000009     fsm.o (.rodata._ZL16Language_Spanish)
                  00006b63    00000009     fsm.o (.rodata.str1.164345169009266180021)
                  00006b6c    00000008     fsm.o (.rodata._ZL13Begin_Spanish)
                  00006b74    00000008     fsm.o (.rodata._ZL14Player_Spanish)
                  00006b7c    00000008     fsm.o (.rodata._ZL17Player_Portuguese)
                  00006b84    00000008     ST7735.o (.rodata.str1.48350117711619464051)
                  00006b8c    00000007     fsm.o (.rodata._ZL10Set_French)
                  00006b93    00000007     fsm.o (.rodata._ZL13Begin_English)
                  00006b9a    00000007     fsm.o (.rodata._ZL13Player_French)
                  00006ba1    00000007     fsm.o (.rodata._ZL14Player_English)
                  00006ba8    00000007     fsm.o (.rodata._ZL16Ready_Portuguese)
                  00006baf    00000007     ST7735.o (.rodata.str1.175719450624619433971)
                  00006bb6    00000007     ST7735.o (.rodata.str1.42255827801651177341)
                  00006bbd    00000006     fsm.o (.rodata._ZL12Ready_French)
                  00006bc3    00000006     fsm.o (.rodata._ZL13Ready_English)
                  00006bc9    00000006     fsm.o (.rodata._ZL13Ready_Spanish)
                  00006bcf    00000006     fsm.o (.rodata._ZL16Begin_Portuguese)
                  00006bd5    00000005     fsm.o (.rodata._ZL12Wins_English)
                  00006bda    00000005     fsm.o (.rodata.str1.59954496583772618611)
                  00006bdf    00000005     fsm.o (.rodata.str1.90166882800938586951)
                  00006be4    00000004     fsm.o (.rodata._ZL14Set_Portuguese)

.init_array 
*          0    00006be8    00000008     
                  00006be8    00000004     Lab9HMain.o (.init_array)
                  00006bec    00000004     --HOLE-- [fill = 0]

.data      0    20200000    00000bc5     UNINITIALIZED
                  20200000    0000025c     Lab9HMain.o (.data.p1)
                  2020025c    0000025c     Lab9HMain.o (.data.p2)
                  202004b8    000001e0     tools.o (.data.walls)
                  20200698    000001e0     tools.o (.data.waters)
                  20200878    000000f0     libc.a : defs.c.obj (.data._ftable)
                  20200968    00000078     libsysbm.a : host_device.c.obj (.data._device)
                  202009e0    00000070     fsm.o (.data.Phrases)
                  20200a50    00000054     Lab9HMain.o (.data.bullets1)
                  20200aa4    00000054     Lab9HMain.o (.data.bullets2)
                  20200af8    00000050     libsysbm.a : host_device.c.obj (.data._stream)
                  20200b48    0000001c     Lab9HMain.o (.data.player1SP)
                  20200b64    0000001c     Lab9HMain.o (.data.player2SP)
                  20200b80    00000008     libc.a : exit.c.obj (.data..L_MergedGlobals)
                  20200b88    00000004     Clock.o (.data.BusFreq)
                  20200b8c    00000004     tools.o (.data.NUM_WALLS)
                  20200b90    00000004     tools.o (.data.NUM_WATERS)
                  20200b94    00000004     ST7735.o (.data.StX)
                  20200b98    00000004     ST7735.o (.data.StY)
                  20200b9c    00000004     libc.a : defs.c.obj (.data.__TI_ft_end)
                  20200ba0    00000004            : aeabi_portable.c.obj (.data.__aeabi_errno)
                  20200ba4    00000004            : _lock.c.obj (.data._lock)
                  20200ba8    00000004            : _lock.c.obj (.data._unlock)
                  20200bac    00000004     Lab9HMain.o (.data.time)
                  20200bb0    00000002     ST7735.o (.data._ZL6_width)
                  20200bb2    00000002     ST7735.o (.data._ZL7_height)
                  20200bb4    00000002     fsm.o (.data.winsP1)
                  20200bb6    00000002     fsm.o (.data.winsP2)
                  20200bb8    00000001     Lab9HMain.o (.data.TG12Flag)
                  20200bb9    00000001     tools.o (.data._ZZ10DrawHealthRK4TankS1_E11lastHealth1)
                  20200bba    00000001     tools.o (.data._ZZ10DrawHealthRK4TankS1_E11lastHealth2)
                  20200bbb    00000001     Lab9HMain.o (.data.bulletFlag1)
                  20200bbc    00000001     libsysbm.a : add_device.c.obj (.data.add_device.device_init)
                  20200bbd    00000001     Lab9HMain.o (.data.bulletFlag2)
                  20200bbe    00000001     fsm.o (.data.gameState)
                  20200bbf    00000001     fsm.o (.data.initialLives)
                  20200bc0    00000001     libc.a : memory.c.obj (.data.memory_is_initialized)
                  20200bc1    00000001     fsm.o (.data.myLanguage)
                  20200bc2    00000002     --HOLE--
                  20200bc4    00000001     libsysbm.a : open.c.obj (.data.open.stream_init)

.sysmem    0    20200bc8    00000200     UNINITIALIZED
                  20200bc8    00000010     libc.a : memory.c.obj (.sysmem)
                  20200bd8    000001f0     --HOLE--

.bss       0    20200dc8    000001e9     UNINITIALIZED
                  20200dc8    00000120     libsysbm.a : trgmsg.c.obj (.bss:_CIOBUF_)
                  20200ee8    000000a0     libc.a : defs.c.obj (.bss.__TI_tmpnams)
                  20200f88    0000000c     ST7735.o (.bss.Message)
                  20200f94    00000008     libsysbm.a : hostopen.c.obj (.bss.parmbuf)
                  20200f9c    00000004     ST7735.o (.bss.Messageindex)
                  20200fa0    00000004     TExaS.o (.bss.TExaSLogic)
                  20200fa4    00000004     TExaS.o (.bss.TExaSadc)
                  20200fa8    00000004     libc.a : memory.c.obj (.bss.sys_free)
                  20200fac    00000002     ST7735.o (.bss.StTextColor)
                  20200fae    00000001     ST7735.o (.bss._ZL8ColStart)
                  20200faf    00000001     ST7735.o (.bss._ZL8RowStart)
                  20200fb0    00000001     ST7735.o (.bss._ZL8TabColor)

.stack     0    20207e00    00000200     UNINITIALIZED
                  20207e00    00000004     libc.a : boot_cortex_m.c.obj (.stack)
                  20207e04    000001fc     --HOLE--

__llvm_prf_cnts 
*          0    20200000    00000000     UNINITIALIZED

__llvm_prf_bits 
*          0    20200000    00000000     UNINITIALIZED

MODULE SUMMARY

       Module                         code    ro data   rw data
       ------                         ----    -------   -------
    .\
       tools.o                        3268    656       970    
       ST7735.o                       2864    1449      33     
       Lab9HMain.o                    554     1068      1439   
       tank.o                         1678    0         0      
       fsm.o                          924     382       119    
       bullet.o                       1282    0         0      
       TExaS.o                        720     0         8      
       Clock.o                        516     0         4      
       SPI.o                          440     0         0      
       SlidePot.o                     384     0         0      
       Timer.o                        316     0         0      
       Switch.o                       224     0         0      
       LaunchPad.o                    180     0         0      
       LED.o                          52      0         0      
       Sound.o                        4       0         0      
    +--+------------------------------+-------+---------+---------+
       Total:                         13406   3555      2573   
                                                               
    .\ticlang\
       startup_mspm0g3507_ticlang.o   60      192       0      
    +--+------------------------------+-------+---------+---------+
       Total:                         60      192       0      
                                                               
    C:\ti\ccs2000\ccs\tools\compiler\ti-cgt-armllvm_4.0.1.LTS\lib\armv6m-ti-none-eabi/c/libc.a
       k_rem_pio2.c.obj               1652    344       0      
       s_cosf.c.obj                   822     0         0      
       s_sinf.c.obj                   810     0         0      
       memory.c.obj                   702     0         5      
       fopen.c.obj                    556     0         0      
       defs.c.obj                     0       0         404    
       s_floor.c.obj                  324     0         0      
       setvbuf.c.obj                  224     0         0      
       s_scalbn.c.obj                 216     0         0      
       e_sqrtf.c.obj                  160     0         0      
       getdevice.c.obj                160     0         0      
       strcmp-armv6m.S.obj            136     0         0      
       copy_decompress_lzss.c.obj     124     0         0      
       fclose.c.obj                   124     0         0      
       autoinit.c.obj                 84      0         0      
       fflush.c.obj                   82      0         0      
       exit.c.obj                     56      0         8      
       boot_cortex_m.c.obj            40      0         0      
       copy_zero_init.c.obj           22      0         0      
       copy_decompress_none.c.obj     18      0         0      
       memcpy16.S.obj                 18      0         0      
       memset16.S.obj                 14      0         0      
       aeabi_portable.c.obj           8       0         4      
       _lock.c.obj                    2       0         8      
       pre_init.c.obj                 4       0         0      
    +--+------------------------------+-------+---------+---------+
       Total:                         6358    344       429    
                                                               
    C:\ti\ccs2000\ccs\tools\compiler\ti-cgt-armllvm_4.0.1.LTS\lib\armv6m-ti-none-eabi/c/libsysbm.a
       trgmsg.c.obj                   104     0         288    
       add_device.c.obj               236     0         1      
       host_device.c.obj              0       0         200    
       open.c.obj                     160     0         1      
       hostrename.c.obj               136     0         0      
       hostlseek.c.obj                108     0         0      
       hostopen.c.obj                 96      0         8      
       hostread.c.obj                 88      0         0      
       hostwrite.c.obj                88      0         0      
       close.c.obj                    80      0         0      
       hostclose.c.obj                72      0         0      
       hostunlink.c.obj               72      0         0      
       unlink.c.obj                   44      0         0      
       write.c.obj                    40      0         0      
       remove.c.obj                   8       0         0      
    +--+------------------------------+-------+---------+---------+
       Total:                         1332    0         498    
                                                               
    C:\ti\ccs2000\ccs\tools\compiler\ti-cgt-armllvm_4.0.1.LTS\lib\armv6m-ti-none-eabi/libclang_rt.builtins.a
       adddf3.S.obj                   418     0         0      
       muldf3.S.obj                   244     0         0      
       comparedf2.c.obj               220     0         0      
       addsf3.S.obj                   216     0         0      
       mulsf3.S.obj                   140     0         0      
       divsf3.S.obj                   130     0         0      
       comparesf2.S.obj               118     0         0      
       truncdfsf2.S.obj               116     0         0      
       aeabi_dcmp.S.obj               98      0         0      
       aeabi_fcmp.S.obj               98      0         0      
       aeabi_idivmod.S.obj            86      0         0      
       extendsfdf2.S.obj              80      0         0      
       fixdfsi.S.obj                  74      0         0      
       aeabi_uidivmod.S.obj           64      0         0      
       floatsisf.S.obj                60      0         0      
       muldsi3.S.obj                  58      0         0      
       fixsfsi.S.obj                  56      0         0      
       floatsidf.S.obj                44      0         0      
       aeabi_memset.S.obj             12      0         0      
       aeabi_memcpy.S.obj             8       0         0      
       aeabi_div0.c.obj               2       0         0      
    +--+------------------------------+-------+---------+---------+
       Total:                         2342    0         0      
                                                               
       Heap:                          0       0         512    
       Stack:                         0       0         512    
       Linker Generated:              0       247       0      
    +--+------------------------------+-------+---------+---------+
       Grand Total:                   23498   4338      4524   


LINKER GENERATED COPY TABLES

__TI_cinit_table @ 00006cd8 records: 2, size/record: 8, table size: 16
	.data: load addr=00006bf0, load size=000000d3 bytes, run addr=20200000, run size=00000bc5 bytes, compression=lzss
	.bss: load addr=00006cd0, load size=00000008 bytes, run addr=20200dc8, run size=000001e9 bytes, compression=zero_init


LINKER GENERATED HANDLER TABLE

__TI_handler_table @ 00006cc4 records: 3, size/record: 4, table size: 12
	index: 0, handler: __TI_decompress_lzss
	index: 1, handler: __TI_decompress_none
	index: 2, handler: __TI_zero_init


FAR CALL TRAMPOLINES

callee name               trampoline name
   callee addr  tramp addr   call addr  call info
--------------  -----------  ---------  ----------------
__aeabi_dadd              $Tramp$TT$L$PI$$__aeabi_dadd
   0000130f     00005a58     00005a56   libc.a : k_rem_pio2.c.obj (.text.OUTLINED_FUNCTION_0)
                             00005c14          : k_rem_pio2.c.obj (.text.OUTLINED_FUNCTION_1)
                             00005c1e          : s_cosf.c.obj (.text.OUTLINED_FUNCTION_3)
                             00005c28          : s_sinf.c.obj (.text.OUTLINED_FUNCTION_3)
__aeabi_dmul              $Tramp$TT$L$PI$$__aeabi_dmul
   00002a2d     00005c60     00005c5c   libc.a : s_cosf.c.obj (.text.OUTLINED_FUNCTION_0)
                             00005c74          : s_sinf.c.obj (.text.OUTLINED_FUNCTION_0)
                             00005c7a          : s_cosf.c.obj (.text.OUTLINED_FUNCTION_1)
                             00005c80          : s_sinf.c.obj (.text.OUTLINED_FUNCTION_1)
__aeabi_f2d               $Tramp$TT$L$PI$$__aeabi_f2d
   00004f29     00005c88     00005c84   libc.a : s_cosf.c.obj (.text.OUTLINED_FUNCTION_2)
                             00005c9a          : s_sinf.c.obj (.text.OUTLINED_FUNCTION_2)

[3 trampolines]
[10 trampoline calls]


GLOBAL SYMBOLS: SORTED ALPHABETICALLY BY Name 

address   name                             
-------   ----                             
000058a5  ADC0_IRQHandler                  
000058a5  ADC1_IRQHandler                  
000058a5  AES_IRQHandler                   
20200b88  BusFreq                          
00005ca4  C$$EXIT                          
000053f9  C$$IO$$                          
000058a5  CANFD0_IRQHandler                
000058a5  DAC0_IRQHandler                  
000058a5  DMA_IRQHandler                   
000058a5  Default_Handler                  
000058a5  GROUP0_IRQHandler                
000058a5  GROUP1_IRQHandler                
00004d0d  HOSTclose                        
000042a5  HOSTlseek                        
00004651  HOSTopen                         
00004711  HOSTread                         
00004311  HOSTrename                       
00004d55  HOSTunlink                       
00004769  HOSTwrite                        
000058c1  HardFault_Handler                
000058a5  I2C0_IRQHandler                  
000058a5  I2C1_IRQHandler                  
20200f88  Message                          
20200f9c  Messageindex                     
000058a5  NMI_Handler                      
20200b8c  NUM_WALLS                        
20200b90  NUM_WATERS                       
000058a5  PendSV_Handler                   
202009e0  Phrases                          
000058a5  RTC_IRQHandler                   
00005c9d  Reset_Handler                    
00006be8  SHT$$INIT_ARRAY$$Base            
00006bec  SHT$$INIT_ARRAY$$Limit           
000058a5  SPI0_IRQHandler                  
000058a5  SPI1_IRQHandler                  
000058a5  SVC_Handler                      
20200fac  StTextColor                      
20200b94  StX                              
20200b98  StY                              
00001497  SysTick_Handler                  
20200fa0  TExaSLogic                       
20200fa4  TExaSadc                         
20200bb8  TG12Flag                         
000058a5  TIMA0_IRQHandler                 
000058a5  TIMA1_IRQHandler                 
000058a5  TIMG0_IRQHandler                 
00003f41  TIMG12_IRQHandler                
000058a5  TIMG6_IRQHandler                 
00004e29  TIMG7_IRQHandler                 
000058a5  TIMG8_IRQHandler                 
00005ae3  TI_memcpy_small                  
00005b9f  TI_memset_small                  
000058a5  UART0_IRQHandler                 
000058a5  UART1_IRQHandler                 
000058a5  UART2_IRQHandler                 
000058a5  UART3_IRQHandler                 
20200dc8  _CIOBUF_                         
00005bad  _Z10Clock_Freqv                  
0000259d  _Z10DrawHealthRK4TankS1_         
000030b3  _Z10Sound_Initv                  
000058f9  _Z10Switch_In1v                  
00005915  _Z10Switch_In2v                  
000047c1  _Z10TExaS_InitP10ADC12_RegsjPFhvE
00005b17  _Z11Clock_Delayj                 
000050d9  _Z11SPI_OutDatac                 
00005931  _Z11ST7735_openPKcji             
00005a69  _Z11ST7735_readiPcj              
00005111  _Z11Switch_Initv                 
00004a81  _Z11fillmessagej                 
000037dd  _Z11isCollisionv                 
00001e9d  _Z11runGameLoopv                 
0000355d  _Z12ST7735_InitR10initRFlags     
00005c2b  _Z12ST7735_closei                
00005b67  _Z12ST7735_lseekili              
0000525f  _Z12ST7735_writeiPKcj            
00001c75  _Z12bulletUpdatev                
00004819  _Z12generateMap1h                
000030b5  _Z12generateMap2h                
000024a9  _Z12generateMap3h                
000020b5  _Z12generateMap4h                
00004ad5  _Z12generateMap5h                
00004871  _Z12generateMap6h                
000048c9  _Z12generateMap7h                
00004921  _Z12generateMap8h                
00004979  _Z12generateMap9h                
00003415  _Z12rotateUpdatev                
00004bcf  _Z12tankMovementjjR4Tank         
00005bb9  _Z13ST7735_renamePKcS0_          
00005c35  _Z13ST7735_unlinkPKc             
00005295  _Z13displayUpdatev               
000049d1  _Z13generateMap10h               
000021b5  _Z13showEndScreenv               
000052c9  _Z14Clock_Delay1msj              
00004041  _Z14LaunchPad_Initv              
00004d9d  _Z14SPI_OutCommandc              
00002775  _Z14ST7735_OutCharc              
00003879  _Z14ST7735_OutUDecj              
0000336d  _Z14TimerG7_IntArmtjj            
00005149  _Z15ActivatePortA_Bv             
00000fa9  _Z15Clock_Init80MHzi             
0000549d  _Z15ST7735_Color565hhh           
0000115d  _Z15ST7735_DrawCharsscssh        
00001b5d  _Z15ST7735_FillRectsssst         
000059f5  _Z15SlidePotSamplerR8SlidePot    
00003ae5  _Z15TimerG12_IntArmjj            
000022b5  _Z15initializeRoundh             
000057fd  _Z16ST7735_OutStringPc           
000052fd  _Z16ST7735_SetCursorjj           
00002e69  _Z16curWallCollisionjjjj         
000009fd  _Z17ST7735_DrawBitmapssPKtss     
00003e39  _Z17ST7735_DrawStringttPcs       
00005655  _Z17ST7735_FillScreent           
000035fd  _Z17ST7735_InitPrintf10initRFlags
00002f2d  _Z17curWaterCollisionjjjj        
00005b29  _Z28TExaS_LaunchPadLogicPB27PB26v
0000594d  _Z7P1SHOOTv                      
00005969  _Z7P2SHOOTv                      
00004fa9  _Z7clamperfff                    
00001a35  _Z8ADC_InitP10ADC12_Regsjj       
00005331  _Z8LED_Initv                     
00005c3f  _Z8PLL_Initv                     
000023b1  _Z8SPI_Initv                     
00001499  _Z8showMenuv                     
00005985  _Z8special1v                     
000059a1  _Z8special2v                     
0000575d  _Z9ADC_StartP10ADC12_Regs        
0000437d  _Z9DrawWallsv                    
00004455  _Z9DrawWaterv                    
00004e69  _Z9SPI_Resetv                    
0000285d  _Z9UART_Initv                    
00004de5  _Z9queryTankv                    
00005181  _ZN4Tank10TakeDamageEv           
00005ad1  _ZN4Tank11NeedsRedrawEv          
00003169  _ZN4Tank11TriVelocityEi          
00001625  _ZN4Tank12rotateSpriteEf         
000054cf  _ZN4Tank13TickCooldownsEv        
00005229  _ZN4Tank15rotateIncrementEi      
00005501  _ZN4Tank4DrawEv                  
00001fad  _ZN4Tank4MoveEv                  
00005867  _ZN4Tank4SetXEi                  
00005885  _ZN4Tank4SetYEi                  
00005681  _ZN4Tank5EraseEv                 
00005a95  _ZN4Tank5SetHPEh                 
00003a4d  _ZN4Tank5ShootEP6Bulleti         
00004c1f  _ZN4Tank6RotateEi                
00005b39  _ZN4Tank8CanShootEv              
000059bd  _ZN4Tank8SetAliveEb              
00002da1  _ZN4TankC1EiiiPKthhjj            
00002da1  _ZN4TankC2EiiiPKthhjj            
00005823  _ZN6Bullet10DeactivateEv         
00004ea9  _ZN6Bullet4DrawEv                
00003fc1  _ZN6Bullet4InitEiifii            
00000705  _ZN6Bullet4MoveEv                
000051b9  _ZN6Bullet5EraseEv               
00002ff1  _ZN6Bullet5checkER4Tank          
00005a0f  _ZN6BulletC1Ev                   
00005a0f  _ZN6BulletC2Ev                   
00005bc5  _ZN8SlidePot12lastDistanceEv     
000046b1  _ZN8SlidePot2InEv                
00003c0d  _ZN8SlidePot4InitEj              
00005565  _ZN8SlidePot4SaveEj              
00005625  _ZN8SlidePot4SyncEv              
00005bd1  _ZN8SlidePot8DistanceEv          
00005a29  _ZN8SlidePotC1Ejj                
00005a29  _ZN8SlidePotC2Ejj                
00005bdd  _ZNK4Tank4GetXEv                 
00005be9  _ZNK4Tank4GetYEv                 
00005b75  _ZNK4Tank9GetHealthEv            
00005b49  _ZNK6Bullet8IsActiveEv           
20200dc8  __CIOBUF_                        
20208000  __STACK_END                      
00000200  __STACK_SIZE                     
00000200  __SYSMEM_SIZE                    
00000000  __TI_ATRegion0_region_sz         
00000000  __TI_ATRegion0_src_addr          
00000000  __TI_ATRegion0_trg_addr          
00000000  __TI_ATRegion1_region_sz         
00000000  __TI_ATRegion1_src_addr          
00000000  __TI_ATRegion1_trg_addr          
00000000  __TI_ATRegion2_region_sz         
00000000  __TI_ATRegion2_src_addr          
00000000  __TI_ATRegion2_trg_addr          
00006cd8  __TI_CINIT_Base                  
00006ce8  __TI_CINIT_Limit                 
00006ce8  __TI_CINIT_Warm                  
00006cc4  __TI_Handler_Table_Base          
00006cd0  __TI_Handler_Table_Limit         
00004b29  __TI_auto_init_nobinit           
00005365  __TI_cleanup                     
20200b80  __TI_cleanup_ptr                 
000040bd  __TI_closefile                   
00004139  __TI_decompress_lzss             
00005af5  __TI_decompress_none             
00004b7d  __TI_doflush                     
20200b84  __TI_dtors_ptr                   
20200b9c  __TI_ft_end                      
ffffffff  __TI_pprof_out_hndl              
ffffffff  __TI_prof_data_size              
ffffffff  __TI_prof_data_start             
00005399  __TI_readmsg                     
00000000  __TI_static_base__               
20200ee8  __TI_tmpnams                     
000053cd  __TI_writemsg                    
00005a7f  __TI_zero_init_nomemset          
0000130f  __adddf3                         
00002cd3  __addsf3                         
00004231  __aeabi_d2f                      
00004cc1  __aeabi_d2iz                     
0000130f  __aeabi_dadd                     
00004589  __aeabi_dcmpeq                   
000045c5  __aeabi_dcmpge                   
000045d9  __aeabi_dcmpgt                   
000045b1  __aeabi_dcmple                   
0000459d  __aeabi_dcmplt                   
00002a2d  __aeabi_dmul                     
00001305  __aeabi_dsub                     
20200ba0  __aeabi_errno                    
00004229  __aeabi_errno_addr               
00004f29  __aeabi_f2d                      
000051f1  __aeabi_f2iz                     
00002cd3  __aeabi_fadd                     
000045ed  __aeabi_fcmpeq                   
00004629  __aeabi_fcmpge                   
0000463d  __aeabi_fcmpgt                   
00004615  __aeabi_fcmple                   
00004601  __aeabi_fcmplt                   
00003ebd  __aeabi_fdiv                     
00003c9d  __aeabi_fmul                     
00002cc9  __aeabi_fsub                     
00005705  __aeabi_i2d                      
00004fe9  __aeabi_i2f                      
00004a29  __aeabi_idiv                     
0000355b  __aeabi_idiv0                    
00004a29  __aeabi_idivmod                  
00005bf5  __aeabi_memclr                   
00005bf5  __aeabi_memclr4                  
00005bf5  __aeabi_memclr8                  
00005c49  __aeabi_memcpy                   
00005c49  __aeabi_memcpy4                  
00005c49  __aeabi_memcpy8                  
00004ee9  __aeabi_uidiv                    
00004ee9  __aeabi_uidivmod                 
ffffffff  __binit__                        
000044bd  __cmpdf2                         
00005061  __cmpsf2                         
00003ebd  __divsf3                         
000044bd  __eqdf2                          
00005061  __eqsf2                          
00004f29  __extendsfdf2                    
00004cc1  __fixdfsi                        
000051f1  __fixsfsi                        
00005705  __floatsidf                      
00004fe9  __floatsisf                      
000041b5  __gedf2                          
00005025  __gesf2                          
000041b5  __gtdf2                          
00005025  __gtsf2                          
000000c1  __kernel_rem_pio2                
000044bd  __ledf2                          
00005061  __lesf2                          
000044bd  __ltdf2                          
00005061  __ltsf2                          
UNDEFED   __mpu_init                       
00002a2d  __muldf3                         
0000509d  __muldsi3                        
00003c9d  __mulsf3                         
000044bd  __nedf2                          
00005061  __nesf2                          
20207e00  __stack                          
20200000  __start___llvm_prf_bits          
20200000  __start___llvm_prf_cnts          
20200000  __stop___llvm_prf_bits           
20200000  __stop___llvm_prf_cnts           
00001305  __subdf3                         
00002cc9  __subsf3                         
00004231  __truncdfsf2                     
000057d5  _c_int00_noargs                  
20200968  _device                          
20200878  _ftable                          
20200ba4  _lock                            
00003f3f  _nop                             
20200af8  _stream                          
20200bc8  _sys_memory                      
UNDEFED   _system_post_cinit               
00005ca1  _system_pre_init                 
20200ba8  _unlock                          
00005ca5  abort                            
00002689  add_device                       
00001d89  aligned_alloc                    
ffffffff  binit                            
20200bbb  bulletFlag1                      
20200bbd  bulletFlag2                      
20200a50  bullets1                         
20200aa4  bullets2                         
00004c71  close                            
00000c0d  cosf                             
00005401  exit                             
00005435  finddevice                       
000018f1  floor                            
000018f1  floorl                           
000055f5  fopen                            
00002945  free                             
00005469  freopen                          
20200bbe  gameState                        
000043e9  getdevice                        
20200bbf  initialLives                     
00000000  interruptVectors                 
00002bf1  ldexp                            
00002bf1  ldexpl                           
00003b79  main                             
00005c01  malloc                           
00001d89  memalign                         
20200bc1  myLanguage                       
0000369d  open                             
20200000  p1                               
2020025c  p2                               
20200f94  parmbuf                          
20200b48  player1SP                        
20200b64  player2SP                        
00005c51  remove                           
00002bf1  scalbn                           
00002bf1  scalbnl                          
00002b11  setvbuf                          
00000de1  sinf                             
0000373d  sqrtf                            
00003db1  strcmp                           
20200bac  time                             
00005731  unlink                           
202004b8  walls                            
20200698  waters                           
20200bb4  winsP1                           
20200bb6  winsP2                           
000057ad  write                            


GLOBAL SYMBOLS: SORTED BY Symbol Address 

address   name                             
-------   ----                             
00000000  __TI_ATRegion0_region_sz         
00000000  __TI_ATRegion0_src_addr          
00000000  __TI_ATRegion0_trg_addr          
00000000  __TI_ATRegion1_region_sz         
00000000  __TI_ATRegion1_src_addr          
00000000  __TI_ATRegion1_trg_addr          
00000000  __TI_ATRegion2_region_sz         
00000000  __TI_ATRegion2_src_addr          
00000000  __TI_ATRegion2_trg_addr          
00000000  __TI_static_base__               
00000000  interruptVectors                 
000000c1  __kernel_rem_pio2                
00000200  __STACK_SIZE                     
00000200  __SYSMEM_SIZE                    
00000705  _ZN6Bullet4MoveEv                
000009fd  _Z17ST7735_DrawBitmapssPKtss     
00000c0d  cosf                             
00000de1  sinf                             
00000fa9  _Z15Clock_Init80MHzi             
0000115d  _Z15ST7735_DrawCharsscssh        
00001305  __aeabi_dsub                     
00001305  __subdf3                         
0000130f  __adddf3                         
0000130f  __aeabi_dadd                     
00001497  SysTick_Handler                  
00001499  _Z8showMenuv                     
00001625  _ZN4Tank12rotateSpriteEf         
000018f1  floor                            
000018f1  floorl                           
00001a35  _Z8ADC_InitP10ADC12_Regsjj       
00001b5d  _Z15ST7735_FillRectsssst         
00001c75  _Z12bulletUpdatev                
00001d89  aligned_alloc                    
00001d89  memalign                         
00001e9d  _Z11runGameLoopv                 
00001fad  _ZN4Tank4MoveEv                  
000020b5  _Z12generateMap4h                
000021b5  _Z13showEndScreenv               
000022b5  _Z15initializeRoundh             
000023b1  _Z8SPI_Initv                     
000024a9  _Z12generateMap3h                
0000259d  _Z10DrawHealthRK4TankS1_         
00002689  add_device                       
00002775  _Z14ST7735_OutCharc              
0000285d  _Z9UART_Initv                    
00002945  free                             
00002a2d  __aeabi_dmul                     
00002a2d  __muldf3                         
00002b11  setvbuf                          
00002bf1  ldexp                            
00002bf1  ldexpl                           
00002bf1  scalbn                           
00002bf1  scalbnl                          
00002cc9  __aeabi_fsub                     
00002cc9  __subsf3                         
00002cd3  __addsf3                         
00002cd3  __aeabi_fadd                     
00002da1  _ZN4TankC1EiiiPKthhjj            
00002da1  _ZN4TankC2EiiiPKthhjj            
00002e69  _Z16curWallCollisionjjjj         
00002f2d  _Z17curWaterCollisionjjjj        
00002ff1  _ZN6Bullet5checkER4Tank          
000030b3  _Z10Sound_Initv                  
000030b5  _Z12generateMap2h                
00003169  _ZN4Tank11TriVelocityEi          
0000336d  _Z14TimerG7_IntArmtjj            
00003415  _Z12rotateUpdatev                
0000355b  __aeabi_idiv0                    
0000355d  _Z12ST7735_InitR10initRFlags     
000035fd  _Z17ST7735_InitPrintf10initRFlags
0000369d  open                             
0000373d  sqrtf                            
000037dd  _Z11isCollisionv                 
00003879  _Z14ST7735_OutUDecj              
00003a4d  _ZN4Tank5ShootEP6Bulleti         
00003ae5  _Z15TimerG12_IntArmjj            
00003b79  main                             
00003c0d  _ZN8SlidePot4InitEj              
00003c9d  __aeabi_fmul                     
00003c9d  __mulsf3                         
00003db1  strcmp                           
00003e39  _Z17ST7735_DrawStringttPcs       
00003ebd  __aeabi_fdiv                     
00003ebd  __divsf3                         
00003f3f  _nop                             
00003f41  TIMG12_IRQHandler                
00003fc1  _ZN6Bullet4InitEiifii            
00004041  _Z14LaunchPad_Initv              
000040bd  __TI_closefile                   
00004139  __TI_decompress_lzss             
000041b5  __gedf2                          
000041b5  __gtdf2                          
00004229  __aeabi_errno_addr               
00004231  __aeabi_d2f                      
00004231  __truncdfsf2                     
000042a5  HOSTlseek                        
00004311  HOSTrename                       
0000437d  _Z9DrawWallsv                    
000043e9  getdevice                        
00004455  _Z9DrawWaterv                    
000044bd  __cmpdf2                         
000044bd  __eqdf2                          
000044bd  __ledf2                          
000044bd  __ltdf2                          
000044bd  __nedf2                          
00004589  __aeabi_dcmpeq                   
0000459d  __aeabi_dcmplt                   
000045b1  __aeabi_dcmple                   
000045c5  __aeabi_dcmpge                   
000045d9  __aeabi_dcmpgt                   
000045ed  __aeabi_fcmpeq                   
00004601  __aeabi_fcmplt                   
00004615  __aeabi_fcmple                   
00004629  __aeabi_fcmpge                   
0000463d  __aeabi_fcmpgt                   
00004651  HOSTopen                         
000046b1  _ZN8SlidePot2InEv                
00004711  HOSTread                         
00004769  HOSTwrite                        
000047c1  _Z10TExaS_InitP10ADC12_RegsjPFhvE
00004819  _Z12generateMap1h                
00004871  _Z12generateMap6h                
000048c9  _Z12generateMap7h                
00004921  _Z12generateMap8h                
00004979  _Z12generateMap9h                
000049d1  _Z13generateMap10h               
00004a29  __aeabi_idiv                     
00004a29  __aeabi_idivmod                  
00004a81  _Z11fillmessagej                 
00004ad5  _Z12generateMap5h                
00004b29  __TI_auto_init_nobinit           
00004b7d  __TI_doflush                     
00004bcf  _Z12tankMovementjjR4Tank         
00004c1f  _ZN4Tank6RotateEi                
00004c71  close                            
00004cc1  __aeabi_d2iz                     
00004cc1  __fixdfsi                        
00004d0d  HOSTclose                        
00004d55  HOSTunlink                       
00004d9d  _Z14SPI_OutCommandc              
00004de5  _Z9queryTankv                    
00004e29  TIMG7_IRQHandler                 
00004e69  _Z9SPI_Resetv                    
00004ea9  _ZN6Bullet4DrawEv                
00004ee9  __aeabi_uidiv                    
00004ee9  __aeabi_uidivmod                 
00004f29  __aeabi_f2d                      
00004f29  __extendsfdf2                    
00004fa9  _Z7clamperfff                    
00004fe9  __aeabi_i2f                      
00004fe9  __floatsisf                      
00005025  __gesf2                          
00005025  __gtsf2                          
00005061  __cmpsf2                         
00005061  __eqsf2                          
00005061  __lesf2                          
00005061  __ltsf2                          
00005061  __nesf2                          
0000509d  __muldsi3                        
000050d9  _Z11SPI_OutDatac                 
00005111  _Z11Switch_Initv                 
00005149  _Z15ActivatePortA_Bv             
00005181  _ZN4Tank10TakeDamageEv           
000051b9  _ZN6Bullet5EraseEv               
000051f1  __aeabi_f2iz                     
000051f1  __fixsfsi                        
00005229  _ZN4Tank15rotateIncrementEi      
0000525f  _Z12ST7735_writeiPKcj            
00005295  _Z13displayUpdatev               
000052c9  _Z14Clock_Delay1msj              
000052fd  _Z16ST7735_SetCursorjj           
00005331  _Z8LED_Initv                     
00005365  __TI_cleanup                     
00005399  __TI_readmsg                     
000053cd  __TI_writemsg                    
000053f9  C$$IO$$                          
00005401  exit                             
00005435  finddevice                       
00005469  freopen                          
0000549d  _Z15ST7735_Color565hhh           
000054cf  _ZN4Tank13TickCooldownsEv        
00005501  _ZN4Tank4DrawEv                  
00005565  _ZN8SlidePot4SaveEj              
000055f5  fopen                            
00005625  _ZN8SlidePot4SyncEv              
00005655  _Z17ST7735_FillScreent           
00005681  _ZN4Tank5EraseEv                 
00005705  __aeabi_i2d                      
00005705  __floatsidf                      
00005731  unlink                           
0000575d  _Z9ADC_StartP10ADC12_Regs        
000057ad  write                            
000057d5  _c_int00_noargs                  
000057fd  _Z16ST7735_OutStringPc           
00005823  _ZN6Bullet10DeactivateEv         
00005867  _ZN4Tank4SetXEi                  
00005885  _ZN4Tank4SetYEi                  
000058a5  ADC0_IRQHandler                  
000058a5  ADC1_IRQHandler                  
000058a5  AES_IRQHandler                   
000058a5  CANFD0_IRQHandler                
000058a5  DAC0_IRQHandler                  
000058a5  DMA_IRQHandler                   
000058a5  Default_Handler                  
000058a5  GROUP0_IRQHandler                
000058a5  GROUP1_IRQHandler                
000058a5  I2C0_IRQHandler                  
000058a5  I2C1_IRQHandler                  
000058a5  NMI_Handler                      
000058a5  PendSV_Handler                   
000058a5  RTC_IRQHandler                   
000058a5  SPI0_IRQHandler                  
000058a5  SPI1_IRQHandler                  
000058a5  SVC_Handler                      
000058a5  TIMA0_IRQHandler                 
000058a5  TIMA1_IRQHandler                 
000058a5  TIMG0_IRQHandler                 
000058a5  TIMG6_IRQHandler                 
000058a5  TIMG8_IRQHandler                 
000058a5  UART0_IRQHandler                 
000058a5  UART1_IRQHandler                 
000058a5  UART2_IRQHandler                 
000058a5  UART3_IRQHandler                 
000058c1  HardFault_Handler                
000058f9  _Z10Switch_In1v                  
00005915  _Z10Switch_In2v                  
00005931  _Z11ST7735_openPKcji             
0000594d  _Z7P1SHOOTv                      
00005969  _Z7P2SHOOTv                      
00005985  _Z8special1v                     
000059a1  _Z8special2v                     
000059bd  _ZN4Tank8SetAliveEb              
000059f5  _Z15SlidePotSamplerR8SlidePot    
00005a0f  _ZN6BulletC1Ev                   
00005a0f  _ZN6BulletC2Ev                   
00005a29  _ZN8SlidePotC1Ejj                
00005a29  _ZN8SlidePotC2Ejj                
00005a69  _Z11ST7735_readiPcj              
00005a7f  __TI_zero_init_nomemset          
00005a95  _ZN4Tank5SetHPEh                 
00005ad1  _ZN4Tank11NeedsRedrawEv          
00005ae3  TI_memcpy_small                  
00005af5  __TI_decompress_none             
00005b17  _Z11Clock_Delayj                 
00005b29  _Z28TExaS_LaunchPadLogicPB27PB26v
00005b39  _ZN4Tank8CanShootEv              
00005b49  _ZNK6Bullet8IsActiveEv           
00005b67  _Z12ST7735_lseekili              
00005b75  _ZNK4Tank9GetHealthEv            
00005b9f  TI_memset_small                  
00005bad  _Z10Clock_Freqv                  
00005bb9  _Z13ST7735_renamePKcS0_          
00005bc5  _ZN8SlidePot12lastDistanceEv     
00005bd1  _ZN8SlidePot8DistanceEv          
00005bdd  _ZNK4Tank4GetXEv                 
00005be9  _ZNK4Tank4GetYEv                 
00005bf5  __aeabi_memclr                   
00005bf5  __aeabi_memclr4                  
00005bf5  __aeabi_memclr8                  
00005c01  malloc                           
00005c2b  _Z12ST7735_closei                
00005c35  _Z13ST7735_unlinkPKc             
00005c3f  _Z8PLL_Initv                     
00005c49  __aeabi_memcpy                   
00005c49  __aeabi_memcpy4                  
00005c49  __aeabi_memcpy8                  
00005c51  remove                           
00005c9d  Reset_Handler                    
00005ca1  _system_pre_init                 
00005ca4  C$$EXIT                          
00005ca5  abort                            
00006be8  SHT$$INIT_ARRAY$$Base            
00006bec  SHT$$INIT_ARRAY$$Limit           
00006cc4  __TI_Handler_Table_Base          
00006cd0  __TI_Handler_Table_Limit         
00006cd8  __TI_CINIT_Base                  
00006ce8  __TI_CINIT_Limit                 
00006ce8  __TI_CINIT_Warm                  
20200000  __start___llvm_prf_bits          
20200000  __start___llvm_prf_cnts          
20200000  __stop___llvm_prf_bits           
20200000  __stop___llvm_prf_cnts           
20200000  p1                               
2020025c  p2                               
202004b8  walls                            
20200698  waters                           
20200878  _ftable                          
20200968  _device                          
202009e0  Phrases                          
20200a50  bullets1                         
20200aa4  bullets2                         
20200af8  _stream                          
20200b48  player1SP                        
20200b64  player2SP                        
20200b80  __TI_cleanup_ptr                 
20200b84  __TI_dtors_ptr                   
20200b88  BusFreq                          
20200b8c  NUM_WALLS                        
20200b90  NUM_WATERS                       
20200b94  StX                              
20200b98  StY                              
20200b9c  __TI_ft_end                      
20200ba0  __aeabi_errno                    
20200ba4  _lock                            
20200ba8  _unlock                          
20200bac  time                             
20200bb4  winsP1                           
20200bb6  winsP2                           
20200bb8  TG12Flag                         
20200bbb  bulletFlag1                      
20200bbd  bulletFlag2                      
20200bbe  gameState                        
20200bbf  initialLives                     
20200bc1  myLanguage                       
20200bc8  _sys_memory                      
20200dc8  _CIOBUF_                         
20200dc8  __CIOBUF_                        
20200ee8  __TI_tmpnams                     
20200f88  Message                          
20200f94  parmbuf                          
20200f9c  Messageindex                     
20200fa0  TExaSLogic                       
20200fa4  TExaSadc                         
20200fac  StTextColor                      
20207e00  __stack                          
20208000  __STACK_END                      
ffffffff  __TI_pprof_out_hndl              
ffffffff  __TI_prof_data_size              
ffffffff  __TI_prof_data_start             
ffffffff  __binit__                        
ffffffff  binit                            
UNDEFED   __mpu_init                       
UNDEFED   _system_post_cinit               

[333 symbols]
