******************************************************************************
            TI ARM Clang Linker PC v4.0.1                      
******************************************************************************
>> Linked Fri Apr 18 03:10:57 2025

OUTPUT FILE NAME:   <ECE319K_Lab9H.out>
ENTRY POINT SYMBOL: "_c_int00_noargs"  address: 00004041


MEMORY CONFIGURATION

         name            origin    length      used     unused   attr    fill
----------------------  --------  ---------  --------  --------  ----  --------
  FLASH                 00000000   00020000  00004f48  0001b0b8  R  X
  SRAM                  20200000   00008000  00000d7e  00007282  RW X
  BCR_CONFIG            41c00000   00000080  00000000  00000080  R   
  BSL_CONFIG            41c00100   00000080  00000000  00000080  R   


SEGMENT ALLOCATION MAP

run origin  load origin   length   init length attrs members
----------  ----------- ---------- ----------- ----- -------
00000000    00000000    00004f48   00004f48    r-x
  00000000    00000000    000000c0   000000c0    r-- .intvecs
  000000c0    000000c0    00004320   00004320    r-x .text
  000043e0    000043e0    00000ac8   00000ac8    r-- .rodata
  00004ea8    00004ea8    00000008   00000008    r-- .init_array
  00004eb0    00004eb0    00000098   00000098    r-- .cinit
20200000    20200000    00000b81   00000000    rw-
  20200000    20200000    000007a5   00000000    rw- .data
  202007a8    202007a8    00000200   00000000    rw- .sysmem
  202009a8    202009a8    000001d9   00000000    rw- .bss
20207e00    20207e00    00000200   00000000    rw-
  20207e00    20207e00    00000200   00000000    rw- .stack


SECTION ALLOCATION MAP

 output                                  attributes/
section   page    origin      length       input sections
--------  ----  ----------  ----------   ----------------
.intvecs   0    00000000    000000c0     
                  00000000    000000c0     startup_mspm0g3507_ticlang.o (.intvecs)

.binit     0    00000000    00000000     

.text      0    000000c0    00004320     
                  000000c0    00000644     libc.a : k_rem_pio2.c.obj (.text.__kernel_rem_pio2)
                  00000704    00000210     ST7735.o (.text._Z17ST7735_DrawBitmapssPKtss)
                  00000914    000001d4     libc.a : s_cosf.c.obj (.text.cosf)
                  00000ae8    000001c8            : s_sinf.c.obj (.text.sinf)
                  00000cb0    000001b4     Clock.o (.text._Z15Clock_Init80MHzi)
                  00000e64    000001a8     ST7735.o (.text._Z15ST7735_DrawCharsscssh)
                  0000100c    00000192     libclang_rt.builtins.a : adddf3.S.obj (.text.adddf3_subdf3)
                  0000119e    00000002     Sound.o (.text.SysTick_Handler)
                  000011a0    00000178     tank.o (.text._ZN4Tank12rotateSpriteEf)
                  00001318    00000154     libc.a : fopen.c.obj (.text._openfile)
                  0000146c    00000144            : s_floor.c.obj (.text.floor)
                  000015b0    00000128     TExaS.o (.text._Z8ADC_InitP10ADC12_Regsjj)
                  000016d8    00000118     ST7735.o (.text._Z15ST7735_FillRectsssst)
                  000017f0    00000114     libc.a : memory.c.obj (.text.aligned_alloc)
                  00001904    000000f8     SPI.o (.text._Z8SPI_Initv)
                  000019fc    000000ec     libsysbm.a : add_device.c.obj (.text.add_device)
                  00001ae8    000000e8     ST7735.o (.text._Z14ST7735_OutCharc)
                  00001bd0    000000e8     TExaS.o (.text._Z9UART_Initv)
                  00001cb8    000000e8     libc.a : memory.c.obj (.text.free)
                  00001da0    000000e4     libclang_rt.builtins.a : muldf3.S.obj (.text.__muldf3)
                  00001e84    000000e0     libc.a : setvbuf.c.obj (.text.setvbuf)
                  00001f64    000000d8            : s_scalbn.c.obj (.text.scalbn)
                  0000203c    000000d8     libclang_rt.builtins.a : addsf3.S.obj (.text)
                  00002114    000000d4     Lab9HMain.o (.text.TIMG12_IRQHandler)
                  000021e8    000000bc     Lab9HMain.o (.text.main)
                  000022a4    000000ac     libc.a : s_cosf.c.obj (.text.__kernel_sindf)
                  00002350    000000ac            : s_sinf.c.obj (.text.__kernel_sindf)
                  000023fc    000000a8     Timer.o (.text._Z14TimerG7_IntArmtjj)
                  000024a4    000000a6     tank.o (.text._ZN4TankC2EiiiPKthhjj)
                  0000254a    000000a2     ST7735.o (.text._ZL11commandListPKh)
                  000025ec    000000a0     ST7735.o (.text._Z12ST7735_InitR10initRFlags)
                  0000268c    000000a0     ST7735.o (.text._Z17ST7735_InitPrintf10initRFlags)
                  0000272c    000000a0     libsysbm.a : open.c.obj (.text.open)
                  000027cc    0000009c     libc.a : s_cosf.c.obj (.text.__kernel_cosdf)
                  00002868    0000009c            : s_sinf.c.obj (.text.__kernel_cosdf)
                  00002904    0000009a     tank.o (.text._ZN4Tank5ShootEP6Bulleti)
                  0000299e    00000098     bullet.o (.text._ZN6Bullet4MoveEv)
                  00002a36    00000002     Sound.o (.text._Z10Sound_Initv)
                  00002a38    00000094     Timer.o (.text._Z15TimerG12_IntArmjj)
                  00002acc    0000008c     libclang_rt.builtins.a : mulsf3.S.obj (.text.__mulsf3)
                  00002b58    00000088     ST7735.o (.text._ZL13setAddrWindowhhhh)
                  00002be0    00000088     libc.a : strcmp-armv6m.S.obj (.text:strcmp)
                  00002c68    00000084     ST7735.o (.text._Z17ST7735_DrawStringttPcs)
                  00002cec    00000082     libclang_rt.builtins.a : divsf3.S.obj (.text.__divsf3)
                  00002d6e    00000002                            : aeabi_div0.c.obj (.text.__aeabi_idiv0)
                  00002d70    0000007c     LaunchPad.o (.text._Z14LaunchPad_Initv)
                  00002dec    0000007c     bullet.o (.text._ZN6Bullet4InitEiifii)
                  00002e68    0000007c     SlidePot.o (.text._ZN8SlidePot4InitEv)
                  00002ee4    0000007c     libc.a : fclose.c.obj (.text.__TI_closefile)
                  00002f60    0000007c            : copy_decompress_lzss.c.obj (.text:decompress:lzss)
                  00002fdc    00000074     libclang_rt.builtins.a : comparedf2.c.obj (.text.__gedf2)
                  00003050    00000074                            : truncdfsf2.S.obj (.text.__truncdfsf2)
                  000030c4    0000006c     libsysbm.a : hostlseek.c.obj (.text.HOSTlseek)
                  00003130    0000006c                : hostrename.c.obj (.text.HOSTrename)
                  0000319c    0000006c     libc.a : getdevice.c.obj (.text.getdevice)
                  00003208    00000068     libclang_rt.builtins.a : comparedf2.c.obj (.text.__ledf2)
                  00003270    00000064     tank.o (.text._ZN4Tank11TriVelocityEi)
                  000032d4    00000064     libc.a : memory.c.obj (.text.split)
                  00003338    00000062     libclang_rt.builtins.a : aeabi_dcmp.S.obj (.text.__aeabi_dcmp)
                  0000339a    00000002     libc.a : _lock.c.obj (.text._nop)
                  0000339c    00000060     libsysbm.a : hostopen.c.obj (.text.HOSTopen)
                  000033fc    00000058                : hostread.c.obj (.text.HOSTread)
                  00003454    00000058                : hostwrite.c.obj (.text.HOSTwrite)
                  000034ac    00000058     TExaS.o (.text._Z10TExaS_InitP10ADC12_RegsjPFhvE)
                  00003504    00000056     libclang_rt.builtins.a : aeabi_idivmod.S.obj (.text.__aeabi_idivmod)
                  0000355a    00000002     --HOLE-- [fill = 0]
                  0000355c    00000054     libc.a : autoinit.c.obj (.text:__TI_auto_init_nobinit)
                  000035b0    00000052            : fflush.c.obj (.text.__TI_doflush)
                  00003602    00000050     tank.o (.text._ZN4Tank6RotateEi)
                  00003652    00000002     --HOLE-- [fill = 0]
                  00003654    00000050     libsysbm.a : close.c.obj (.text.close)
                  000036a4    0000004a     libclang_rt.builtins.a : fixdfsi.S.obj (.text.__fixdfsi)
                  000036ee    00000002     --HOLE-- [fill = 0]
                  000036f0    00000048     libsysbm.a : hostclose.c.obj (.text.HOSTclose)
                  00003738    00000048                : hostunlink.c.obj (.text.HOSTunlink)
                  00003780    00000048     SPI.o (.text._Z14SPI_OutCommandc)
                  000037c8    00000048     SlidePot.o (.text._ZN8SlidePot2InEv)
                  00003810    00000040     TExaS.o (.text.TIMG7_IRQHandler)
                  00003850    00000040     SPI.o (.text._Z9SPI_Resetv)
                  00003890    00000040     libclang_rt.builtins.a : aeabi_uidivmod.S.obj (.text.__aeabi_uidivmod)
                  000038d0    00000040                            : extendsfdf2.S.obj (.text.__extendsfdf2)
                  00003910    00000040     libc.a : fopen.c.obj (.text._search_fp)
                  00003950    0000003c     libclang_rt.builtins.a : floatsisf.S.obj (.text.__floatsisf)
                  0000398c    0000003a                            : muldsi3.S.obj (.text.__muldsi3)
                  000039c6    00000002     --HOLE-- [fill = 0]
                  000039c8    00000038     SPI.o (.text._Z11SPI_OutDatac)
                  00003a00    00000038     LaunchPad.o (.text._Z15ActivatePortA_Bv)
                  00003a38    00000038     libclang_rt.builtins.a : fixsfsi.S.obj (.text.__fixsfsi)
                  00003a70    00000036     tank.o (.text._ZN4Tank15rotateIncrementEi)
                  00003aa6    00000034     ST7735.o (.text._Z12ST7735_writeiPKcj)
                  00003ada    00000002     --HOLE-- [fill = 0]
                  00003adc    00000034     Clock.o (.text._Z14Clock_Delay1msj)
                  00003b10    00000034     ST7735.o (.text._Z16ST7735_SetCursorjj)
                  00003b44    00000034     LED.o (.text._Z8LED_Initv)
                  00003b78    00000034     libc.a : fopen.c.obj (.text.__TI_cleanup)
                  00003bac    00000034     libsysbm.a : trgmsg.c.obj (.text.__TI_readmsg)
                  00003be0    00000034                : trgmsg.c.obj (.text.__TI_writemsg)
                  00003c14    00000034     libc.a : exit.c.obj (.text.exit)
                  00003c48    00000034            : getdevice.c.obj (.text.finddevice)
                  00003c7c    00000034            : fopen.c.obj (.text.freopen)
                  00003cb0    00000032     ST7735.o (.text._Z15ST7735_Color565hhh)
                  00003ce2    00000032     tank.o (.text._ZN4Tank13TickCooldownsEv)
                  00003d14    00000032     tank.o (.text._ZN4Tank4DrawEv)
                  00003d46    00000002     --HOLE-- [fill = 0]
                  00003d48    00000030     ST7735.o (.text._ZL10commonInitPKh)
                  00003d78    00000030     bullet.o (.text._ZN6Bullet4DrawEv)
                  00003da8    00000030     SlidePot.o (.text._ZN8SlidePot4SaveEj)
                  00003dd8    00000030     Lab9HMain.o (.text.__cxx_global_var_init.3)
                  00003e08    00000030     Lab9HMain.o (.text.__cxx_global_var_init.4)
                  00003e38    00000030     libc.a : fopen.c.obj (.text.fopen)
                  00003e68    0000002e     SlidePot.o (.text._ZN8SlidePot4SyncEv)
                  00003e96    00000002     --HOLE-- [fill = 0]
                  00003e98    0000002c     ST7735.o (.text._Z17ST7735_FillScreent)
                  00003ec4    0000002c     tank.o (.text._ZN4Tank5EraseEv)
                  00003ef0    0000002c     Lab9HMain.o (.text.__cxx_global_var_init)
                  00003f1c    0000002c     libclang_rt.builtins.a : floatsidf.S.obj (.text.__floatsidf)
                  00003f48    0000002c     libsysbm.a : unlink.c.obj (.text.unlink)
                  00003f74    0000002a     tank.o (.text._ZN4Tank4MoveEv)
                  00003f9e    00000002     --HOLE-- [fill = 0]
                  00003fa0    00000028     Switch.o (.text._Z11Switch_Initv)
                  00003fc8    00000028     TExaS.o (.text._Z9ADC_StartP10ADC12_Regs)
                  00003ff0    00000028     libc.a : memory.c.obj (.text.free_list_insert)
                  00004018    00000028     libsysbm.a : write.c.obj (.text.write)
                  00004040    00000028     libc.a : boot_cortex_m.c.obj (.text:_c_int00_noargs)
                  00004068    00000024     bullet.o (.text._ZN6Bullet5EraseEv)
                  0000408c    0000001e     ST7735.o (.text._ZL9pushColort)
                  000040aa    00000002     --HOLE-- [fill = 0]
                  000040ac    0000001c     startup_mspm0g3507_ticlang.o (.text.Default_Handler)
                  000040c8    0000001c     startup_mspm0g3507_ticlang.o (.text.HardFault_Handler)
                  000040e4    0000001c     ST7735.o (.text._Z11ST7735_openPKcji)
                  00004100    0000001c     Switch.o (.text._Z7P1SHOOTv)
                  0000411c    0000001c     Switch.o (.text._Z9Switch_Inv)
                  00004138    0000001c     libc.a : memory.c.obj (.text.free_list_remove)
                  00004154    0000001a     SlidePot.o (.text._ZN8SlidePotC2Ejj)
                  0000416e    00000018     Lab9HMain.o (.text._GLOBAL__sub_I_Lab9HMain.cpp)
                  00004186    00000018     bullet.o (.text._ZN6BulletC2Ev)
                  0000419e    00000016     libc.a : k_rem_pio2.c.obj (.text.OUTLINED_FUNCTION_0)
                  000041b4    00000010     libclang_rt.builtins.a : adddf3.S.obj (.tramp.__aeabi_dadd.1)
                  000041c4    00000016     ST7735.o (.text._Z11ST7735_readiPcj)
                  000041da    00000016     libc.a : copy_zero_init.c.obj (.text:decompress:ZI:__TI_zero_init_nomemset)
                  000041f0    00000014     Lab9HMain.o (.text.__cxx_global_var_init.1)
                  00004204    00000014     Lab9HMain.o (.text.__cxx_global_var_init.2)
                  00004218    00000012     tank.o (.text._ZN4Tank11NeedsRedrawEv)
                  0000422a    00000012     libc.a : memcpy16.S.obj (.text:TI_memcpy_small)
                  0000423c    00000012            : copy_decompress_none.c.obj (.text:decompress:none)
                  0000424e    00000010            : k_rem_pio2.c.obj (.text.OUTLINED_FUNCTION_2)
                  0000425e    00000010     Clock.o (.text._Z11Clock_Delayj)
                  0000426e    00000002     --HOLE-- [fill = 0]
                  00004270    00000010     Lab9HMain.o (.text._Z28TExaS_LaunchPadLogicPB27PB26v)
                  00004280    00000010     tank.o (.text._ZN4Tank8CanShootEv)
                  00004290    00000010     bullet.o (.text._ZNK6Bullet8IsActiveEv)
                  000042a0    0000000e     libc.a : memory.c.obj (.text.OUTLINED_FUNCTION_0)
                  000042ae    0000000e     ST7735.o (.text._Z12ST7735_lseekili)
                  000042bc    0000000e     libsysbm.a : hostrename.c.obj (.text.strcpy)
                  000042ca    0000000e                : hostrename.c.obj (.text.strlen)
                  000042d8    0000000e     libc.a : memset16.S.obj (.text:TI_memset_small)
                  000042e6    00000002     --HOLE-- [fill = 0]
                  000042e8    0000000c     Clock.o (.text._Z10Clock_Freqv)
                  000042f4    0000000c     ST7735.o (.text._Z13ST7735_renamePKcS0_)
                  00004300    0000000c     SlidePot.o (.text._ZN8SlidePot12lastDistanceEv)
                  0000430c    0000000c     SlidePot.o (.text._ZN8SlidePot8DistanceEv)
                  00004318    0000000c     libclang_rt.builtins.a : aeabi_memset.S.obj (.text.__aeabi_memclr)
                  00004324    0000000c     libc.a : memory.c.obj (.text.malloc)
                  00004330    0000000a            : k_rem_pio2.c.obj (.text.OUTLINED_FUNCTION_1)
                  0000433a    0000000a            : s_cosf.c.obj (.text.OUTLINED_FUNCTION_3)
                  00004344    0000000a            : s_sinf.c.obj (.text.OUTLINED_FUNCTION_3)
                  0000434e    0000000a     ST7735.o (.text._Z12ST7735_closei)
                  00004358    0000000a     ST7735.o (.text._Z13ST7735_unlinkPKc)
                  00004362    0000000a     Lab9HMain.o (.text._Z8PLL_Initv)
                  0000436c    00000008     libc.a : aeabi_portable.c.obj (.text.__aeabi_errno_addr)
                  00004374    00000008     libclang_rt.builtins.a : aeabi_memcpy.S.obj (.text.__aeabi_memcpy)
                  0000437c    00000008     libsysbm.a : remove.c.obj (.text.remove)
                  00004384    00000006     libc.a : s_cosf.c.obj (.text.OUTLINED_FUNCTION_0)
                  0000438a    00000002     --HOLE-- [fill = 0]
                  0000438c    00000010     libclang_rt.builtins.a : muldf3.S.obj (.tramp.__aeabi_dmul.1)
                  0000439c    00000006     libc.a : s_sinf.c.obj (.text.OUTLINED_FUNCTION_0)
                  000043a2    00000006            : s_cosf.c.obj (.text.OUTLINED_FUNCTION_1)
                  000043a8    00000006            : s_sinf.c.obj (.text.OUTLINED_FUNCTION_1)
                  000043ae    00000004            : s_cosf.c.obj (.text.OUTLINED_FUNCTION_2)
                  000043b2    00000002     --HOLE-- [fill = 0]
                  000043b4    00000010     libclang_rt.builtins.a : extendsfdf2.S.obj (.tramp.__aeabi_f2d.1)
                  000043c4    00000004     libc.a : s_sinf.c.obj (.text.OUTLINED_FUNCTION_2)
                  000043c8    00000004     startup_mspm0g3507_ticlang.o (.text.Reset_Handler)
                  000043cc    00000004     libc.a : pre_init.c.obj (.text._system_pre_init)
                  000043d0    00000004            : exit.c.obj (.text:abort)
                  000043d4    0000000c     --HOLE-- [fill = 0]

.cinit     0    00004eb0    00000098     
                  00004eb0    00000070     (.cinit..data.load) [load image, compression = lzss]
                  00004f20    0000000c     (__TI_handler_table)
                  00004f2c    00000008     (.cinit..bss.load) [load image, compression = zero_init]
                  00004f34    00000010     (__TI_cinit_table)
                  00004f44    00000004     --HOLE-- [fill = 0]

.rodata    0    000043e0    00000ac8     
                  000043e0    000004fb     ST7735.o (.rodata._ZL4Font)
                  000048db    00000001     --HOLE-- [fill = 0]
                  000048dc    00000214     Lab9HMain.o (.rodata._ZL7MiniRed)
                  00004af0    000001b0     Lab9HMain.o (.rodata._ZL7RedTank)
                  00004ca0    00000108     libc.a : k_rem_pio2.c.obj (.rodata.ipio2)
                  00004da8    00000040            : k_rem_pio2.c.obj (.rodata.PIo2)
                  00004de8    0000003b     ST7735.o (.rodata._ZL5Rcmd1)
                  00004e23    0000002b     ST7735.o (.rodata._ZL5Rcmd3)
                  00004e4e    00000016     ST7735.o (.rodata.str1.59959519694590733531)
                  00004e64    00000010     libc.a : k_rem_pio2.c.obj (.rodata.cst16)
                  00004e74    0000000d     ST7735.o (.rodata._ZL10Rcmd2green)
                  00004e81    0000000d     ST7735.o (.rodata._ZL8Rcmd2red)
                  00004e8e    00000008     ST7735.o (.rodata.str1.48350117711619464051)
                  00004e96    00000007     ST7735.o (.rodata.str1.175719450624619433971)
                  00004e9d    00000007     ST7735.o (.rodata.str1.42255827801651177341)
                  00004ea4    00000002     ST7735.o (.rodata.str1.145302396146969619001)
                  00004ea6    00000002     --HOLE-- [fill = 0]

.init_array 
*          0    00004ea8    00000008     
                  00004ea8    00000004     Lab9HMain.o (.init_array)
                  00004eac    00000004     --HOLE-- [fill = 0]

.data      0    20200000    000007a5     UNINITIALIZED
                  20200000    0000024c     Lab9HMain.o (.data.p1)
                  2020024c    0000024c     Lab9HMain.o (.data.p2)
                  20200498    000000f0     libc.a : defs.c.obj (.data._ftable)
                  20200588    000000f0     Lab9HMain.o (.data.bullets)
                  20200678    00000078     libsysbm.a : host_device.c.obj (.data._device)
                  202006f0    00000050                : host_device.c.obj (.data._stream)
                  20200740    00000018     Lab9HMain.o (.data.player1SP)
                  20200758    00000018     Lab9HMain.o (.data.player2SP)
                  20200770    00000008     libc.a : exit.c.obj (.data..L_MergedGlobals)
                  20200778    00000004     Clock.o (.data.BusFreq)
                  2020077c    00000004     ST7735.o (.data.StX)
                  20200780    00000004     ST7735.o (.data.StY)
                  20200784    00000004     libc.a : defs.c.obj (.data.__TI_ft_end)
                  20200788    00000004            : aeabi_portable.c.obj (.data.__aeabi_errno)
                  2020078c    00000004            : _lock.c.obj (.data._lock)
                  20200790    00000004            : _lock.c.obj (.data._unlock)
                  20200794    00000004     Lab9HMain.o (.data.time)
                  20200798    00000002     ST7735.o (.data._ZL6_width)
                  2020079a    00000002     ST7735.o (.data._ZL7_height)
                  2020079c    00000001     libsysbm.a : add_device.c.obj (.data.add_device.device_init)
                  2020079d    00000003     --HOLE--
                  202007a0    00000001     libc.a : memory.c.obj (.data.memory_is_initialized)
                  202007a1    00000003     --HOLE--
                  202007a4    00000001     libsysbm.a : open.c.obj (.data.open.stream_init)

.sysmem    0    202007a8    00000200     UNINITIALIZED
                  202007a8    00000010     libc.a : memory.c.obj (.sysmem)
                  202007b8    000001f0     --HOLE--

.bss       0    202009a8    000001d9     UNINITIALIZED
                  202009a8    00000120     libsysbm.a : trgmsg.c.obj (.bss:_CIOBUF_)
                  20200ac8    000000a0     libc.a : defs.c.obj (.bss.__TI_tmpnams)
                  20200b68    00000008     libsysbm.a : hostopen.c.obj (.bss.parmbuf)
                  20200b70    00000004     TExaS.o (.bss.TExaSLogic)
                  20200b74    00000004     TExaS.o (.bss.TExaSadc)
                  20200b78    00000004     libc.a : memory.c.obj (.bss.sys_free)
                  20200b7c    00000002     ST7735.o (.bss.StTextColor)
                  20200b7e    00000001     ST7735.o (.bss._ZL8ColStart)
                  20200b7f    00000001     ST7735.o (.bss._ZL8RowStart)
                  20200b80    00000001     ST7735.o (.bss._ZL8TabColor)

.stack     0    20207e00    00000200     UNINITIALIZED
                  20207e00    00000004     libc.a : boot_cortex_m.c.obj (.stack)
                  20207e04    000001fc     --HOLE--

__llvm_prf_cnts 
*          0    20200000    00000000     UNINITIALIZED

__llvm_prf_bits 
*          0    20200000    00000000     UNINITIALIZED

MODULE SUMMARY

       Module                         code    ro data   rw data
       ------                         ----    -------   -------
    .\
       ST7735.o                       2586    1449      17     
       Lab9HMain.o                    630     968       1468   
       tank.o                         1150    0         0      
       TExaS.o                        720     0         8      
       Clock.o                        516     0         4      
       SPI.o                          440     0         0      
       bullet.o                       400     0         0      
       SlidePot.o                     340     0         0      
       Timer.o                        316     0         0      
       LaunchPad.o                    180     0         0      
       Switch.o                       96      0         0      
       LED.o                          52      0         0      
       Sound.o                        4       0         0      
    +--+------------------------------+-------+---------+---------+
       Total:                         7430    2417      1497   
                                                               
    .\ticlang\
       startup_mspm0g3507_ticlang.o   60      192       0      
    +--+------------------------------+-------+---------+---------+
       Total:                         60      192       0      
                                                               
    C:\ti\ccs2000\ccs\tools\compiler\ti-cgt-armllvm_4.0.1.LTS\lib\armv6m-ti-none-eabi/c/libc.a
       k_rem_pio2.c.obj               1652    344       0      
       s_cosf.c.obj                   822     0         0      
       s_sinf.c.obj                   810     0         0      
       memory.c.obj                   702     0         5      
       fopen.c.obj                    556     0         0      
       defs.c.obj                     0       0         404    
       s_floor.c.obj                  324     0         0      
       setvbuf.c.obj                  224     0         0      
       s_scalbn.c.obj                 216     0         0      
       getdevice.c.obj                160     0         0      
       strcmp-armv6m.S.obj            136     0         0      
       copy_decompress_lzss.c.obj     124     0         0      
       fclose.c.obj                   124     0         0      
       autoinit.c.obj                 84      0         0      
       fflush.c.obj                   82      0         0      
       exit.c.obj                     56      0         8      
       boot_cortex_m.c.obj            40      0         0      
       copy_zero_init.c.obj           22      0         0      
       copy_decompress_none.c.obj     18      0         0      
       memcpy16.S.obj                 18      0         0      
       memset16.S.obj                 14      0         0      
       aeabi_portable.c.obj           8       0         4      
       _lock.c.obj                    2       0         8      
       pre_init.c.obj                 4       0         0      
    +--+------------------------------+-------+---------+---------+
       Total:                         6198    344       429    
                                                               
    C:\ti\ccs2000\ccs\tools\compiler\ti-cgt-armllvm_4.0.1.LTS\lib\armv6m-ti-none-eabi/c/libsysbm.a
       trgmsg.c.obj                   104     0         288    
       add_device.c.obj               236     0         1      
       host_device.c.obj              0       0         200    
       open.c.obj                     160     0         1      
       hostrename.c.obj               136     0         0      
       hostlseek.c.obj                108     0         0      
       hostopen.c.obj                 96      0         8      
       hostread.c.obj                 88      0         0      
       hostwrite.c.obj                88      0         0      
       close.c.obj                    80      0         0      
       hostclose.c.obj                72      0         0      
       hostunlink.c.obj               72      0         0      
       unlink.c.obj                   44      0         0      
       write.c.obj                    40      0         0      
       remove.c.obj                   8       0         0      
    +--+------------------------------+-------+---------+---------+
       Total:                         1332    0         498    
                                                               
    C:\ti\ccs2000\ccs\tools\compiler\ti-cgt-armllvm_4.0.1.LTS\lib\armv6m-ti-none-eabi/libclang_rt.builtins.a
       adddf3.S.obj                   418     0         0      
       muldf3.S.obj                   244     0         0      
       comparedf2.c.obj               220     0         0      
       addsf3.S.obj                   216     0         0      
       mulsf3.S.obj                   140     0         0      
       divsf3.S.obj                   130     0         0      
       truncdfsf2.S.obj               116     0         0      
       aeabi_dcmp.S.obj               98      0         0      
       aeabi_idivmod.S.obj            86      0         0      
       extendsfdf2.S.obj              80      0         0      
       fixdfsi.S.obj                  74      0         0      
       aeabi_uidivmod.S.obj           64      0         0      
       floatsisf.S.obj                60      0         0      
       muldsi3.S.obj                  58      0         0      
       fixsfsi.S.obj                  56      0         0      
       floatsidf.S.obj                44      0         0      
       aeabi_memset.S.obj             12      0         0      
       aeabi_memcpy.S.obj             8       0         0      
       aeabi_div0.c.obj               2       0         0      
    +--+------------------------------+-------+---------+---------+
       Total:                         2126    0         0      
                                                               
       Heap:                          0       0         512    
       Stack:                         0       0         512    
       Linker Generated:              0       148       0      
    +--+------------------------------+-------+---------+---------+
       Grand Total:                   17146   3101      3448   


LINKER GENERATED COPY TABLES

__TI_cinit_table @ 00004f34 records: 2, size/record: 8, table size: 16
	.data: load addr=00004eb0, load size=00000070 bytes, run addr=20200000, run size=000007a5 bytes, compression=lzss
	.bss: load addr=00004f2c, load size=00000008 bytes, run addr=202009a8, run size=000001d9 bytes, compression=zero_init


LINKER GENERATED HANDLER TABLE

__TI_handler_table @ 00004f20 records: 3, size/record: 4, table size: 12
	index: 0, handler: __TI_decompress_lzss
	index: 1, handler: __TI_decompress_none
	index: 2, handler: __TI_zero_init


FAR CALL TRAMPOLINES

callee name               trampoline name
   callee addr  tramp addr   call addr  call info
--------------  -----------  ---------  ----------------
__aeabi_dadd              $Tramp$TT$L$PI$$__aeabi_dadd
   00001017     000041b4     000041b2   libc.a : k_rem_pio2.c.obj (.text.OUTLINED_FUNCTION_0)
                             00004338          : k_rem_pio2.c.obj (.text.OUTLINED_FUNCTION_1)
                             00004342          : s_cosf.c.obj (.text.OUTLINED_FUNCTION_3)
                             0000434c          : s_sinf.c.obj (.text.OUTLINED_FUNCTION_3)
__aeabi_dmul              $Tramp$TT$L$PI$$__aeabi_dmul
   00001da1     0000438c     00004388   libc.a : s_cosf.c.obj (.text.OUTLINED_FUNCTION_0)
                             000043a0          : s_sinf.c.obj (.text.OUTLINED_FUNCTION_0)
                             000043a6          : s_cosf.c.obj (.text.OUTLINED_FUNCTION_1)
                             000043ac          : s_sinf.c.obj (.text.OUTLINED_FUNCTION_1)
__aeabi_f2d               $Tramp$TT$L$PI$$__aeabi_f2d
   000038d1     000043b4     000043b0   libc.a : s_cosf.c.obj (.text.OUTLINED_FUNCTION_2)
                             000043c6          : s_sinf.c.obj (.text.OUTLINED_FUNCTION_2)

[3 trampolines]
[10 trampoline calls]


GLOBAL SYMBOLS: SORTED ALPHABETICALLY BY Name 

address   name                             
-------   ----                             
000040ad  ADC0_IRQHandler                  
000040ad  ADC1_IRQHandler                  
000040ad  AES_IRQHandler                   
20200778  BusFreq                          
000043d0  C$$EXIT                          
00003c0d  C$$IO$$                          
000040ad  CANFD0_IRQHandler                
000040ad  DAC0_IRQHandler                  
000040ad  DMA_IRQHandler                   
000040ad  Default_Handler                  
000040ad  GROUP0_IRQHandler                
000040ad  GROUP1_IRQHandler                
000036f1  HOSTclose                        
000030c5  HOSTlseek                        
0000339d  HOSTopen                         
000033fd  HOSTread                         
00003131  HOSTrename                       
00003739  HOSTunlink                       
00003455  HOSTwrite                        
000040c9  HardFault_Handler                
000040ad  I2C0_IRQHandler                  
000040ad  I2C1_IRQHandler                  
000040ad  NMI_Handler                      
000040ad  PendSV_Handler                   
000040ad  RTC_IRQHandler                   
000043c9  Reset_Handler                    
00004ea8  SHT$$INIT_ARRAY$$Base            
00004eac  SHT$$INIT_ARRAY$$Limit           
000040ad  SPI0_IRQHandler                  
000040ad  SPI1_IRQHandler                  
000040ad  SVC_Handler                      
20200b7c  StTextColor                      
2020077c  StX                              
20200780  StY                              
0000119f  SysTick_Handler                  
20200b70  TExaSLogic                       
20200b74  TExaSadc                         
000040ad  TIMA0_IRQHandler                 
000040ad  TIMA1_IRQHandler                 
000040ad  TIMG0_IRQHandler                 
00002115  TIMG12_IRQHandler                
000040ad  TIMG6_IRQHandler                 
00003811  TIMG7_IRQHandler                 
000040ad  TIMG8_IRQHandler                 
0000422b  TI_memcpy_small                  
000042d9  TI_memset_small                  
000040ad  UART0_IRQHandler                 
000040ad  UART1_IRQHandler                 
000040ad  UART2_IRQHandler                 
000040ad  UART3_IRQHandler                 
202009a8  _CIOBUF_                         
000042e9  _Z10Clock_Freqv                  
00002a37  _Z10Sound_Initv                  
000034ad  _Z10TExaS_InitP10ADC12_RegsjPFhvE
0000425f  _Z11Clock_Delayj                 
000039c9  _Z11SPI_OutDatac                 
000040e5  _Z11ST7735_openPKcji             
000041c5  _Z11ST7735_readiPcj              
00003fa1  _Z11Switch_Initv                 
000025ed  _Z12ST7735_InitR10initRFlags     
0000434f  _Z12ST7735_closei                
000042af  _Z12ST7735_lseekili              
00003aa7  _Z12ST7735_writeiPKcj            
000042f5  _Z13ST7735_renamePKcS0_          
00004359  _Z13ST7735_unlinkPKc             
00003add  _Z14Clock_Delay1msj              
00002d71  _Z14LaunchPad_Initv              
00003781  _Z14SPI_OutCommandc              
00001ae9  _Z14ST7735_OutCharc              
000023fd  _Z14TimerG7_IntArmtjj            
00003a01  _Z15ActivatePortA_Bv             
00000cb1  _Z15Clock_Init80MHzi             
00003cb1  _Z15ST7735_Color565hhh           
00000e65  _Z15ST7735_DrawCharsscssh        
000016d9  _Z15ST7735_FillRectsssst         
00002a39  _Z15TimerG12_IntArmjj            
00003b11  _Z16ST7735_SetCursorjj           
00000705  _Z17ST7735_DrawBitmapssPKtss     
00002c69  _Z17ST7735_DrawStringttPcs       
00003e99  _Z17ST7735_FillScreent           
0000268d  _Z17ST7735_InitPrintf10initRFlags
00004271  _Z28TExaS_LaunchPadLogicPB27PB26v
00004101  _Z7P1SHOOTv                      
000015b1  _Z8ADC_InitP10ADC12_Regsjj       
00003b45  _Z8LED_Initv                     
00004363  _Z8PLL_Initv                     
00001905  _Z8SPI_Initv                     
00003fc9  _Z9ADC_StartP10ADC12_Regs        
00003851  _Z9SPI_Resetv                    
0000411d  _Z9Switch_Inv                    
00001bd1  _Z9UART_Initv                    
00004219  _ZN4Tank11NeedsRedrawEv          
00003271  _ZN4Tank11TriVelocityEi          
000011a1  _ZN4Tank12rotateSpriteEf         
00003ce3  _ZN4Tank13TickCooldownsEv        
00003a71  _ZN4Tank15rotateIncrementEi      
00003d15  _ZN4Tank4DrawEv                  
00003f75  _ZN4Tank4MoveEv                  
00003ec5  _ZN4Tank5EraseEv                 
00002905  _ZN4Tank5ShootEP6Bulleti         
00003603  _ZN4Tank6RotateEi                
00004281  _ZN4Tank8CanShootEv              
000024a5  _ZN4TankC1EiiiPKthhjj            
000024a5  _ZN4TankC2EiiiPKthhjj            
00003d79  _ZN6Bullet4DrawEv                
00002ded  _ZN6Bullet4InitEiifii            
0000299f  _ZN6Bullet4MoveEv                
00004069  _ZN6Bullet5EraseEv               
00004187  _ZN6BulletC1Ev                   
00004187  _ZN6BulletC2Ev                   
00004301  _ZN8SlidePot12lastDistanceEv     
000037c9  _ZN8SlidePot2InEv                
00002e69  _ZN8SlidePot4InitEv              
00003da9  _ZN8SlidePot4SaveEj              
00003e69  _ZN8SlidePot4SyncEv              
0000430d  _ZN8SlidePot8DistanceEv          
00004155  _ZN8SlidePotC1Ejj                
00004155  _ZN8SlidePotC2Ejj                
00004291  _ZNK6Bullet8IsActiveEv           
202009a8  __CIOBUF_                        
20208000  __STACK_END                      
00000200  __STACK_SIZE                     
00000200  __SYSMEM_SIZE                    
00000000  __TI_ATRegion0_region_sz         
00000000  __TI_ATRegion0_src_addr          
00000000  __TI_ATRegion0_trg_addr          
00000000  __TI_ATRegion1_region_sz         
00000000  __TI_ATRegion1_src_addr          
00000000  __TI_ATRegion1_trg_addr          
00000000  __TI_ATRegion2_region_sz         
00000000  __TI_ATRegion2_src_addr          
00000000  __TI_ATRegion2_trg_addr          
00004f34  __TI_CINIT_Base                  
00004f44  __TI_CINIT_Limit                 
00004f44  __TI_CINIT_Warm                  
00004f20  __TI_Handler_Table_Base          
00004f2c  __TI_Handler_Table_Limit         
0000355d  __TI_auto_init_nobinit           
00003b79  __TI_cleanup                     
20200770  __TI_cleanup_ptr                 
00002ee5  __TI_closefile                   
00002f61  __TI_decompress_lzss             
0000423d  __TI_decompress_none             
000035b1  __TI_doflush                     
20200774  __TI_dtors_ptr                   
20200784  __TI_ft_end                      
ffffffff  __TI_pprof_out_hndl              
ffffffff  __TI_prof_data_size              
ffffffff  __TI_prof_data_start             
00003bad  __TI_readmsg                     
00000000  __TI_static_base__               
20200ac8  __TI_tmpnams                     
00003be1  __TI_writemsg                    
000041db  __TI_zero_init_nomemset          
00001017  __adddf3                         
00002047  __addsf3                         
00003051  __aeabi_d2f                      
000036a5  __aeabi_d2iz                     
00001017  __aeabi_dadd                     
00003339  __aeabi_dcmpeq                   
00003375  __aeabi_dcmpge                   
00003389  __aeabi_dcmpgt                   
00003361  __aeabi_dcmple                   
0000334d  __aeabi_dcmplt                   
00001da1  __aeabi_dmul                     
0000100d  __aeabi_dsub                     
20200788  __aeabi_errno                    
0000436d  __aeabi_errno_addr               
000038d1  __aeabi_f2d                      
00003a39  __aeabi_f2iz                     
00002047  __aeabi_fadd                     
00002ced  __aeabi_fdiv                     
00002acd  __aeabi_fmul                     
0000203d  __aeabi_fsub                     
00003f1d  __aeabi_i2d                      
00003951  __aeabi_i2f                      
00003505  __aeabi_idiv                     
00002d6f  __aeabi_idiv0                    
00003505  __aeabi_idivmod                  
00004319  __aeabi_memclr                   
00004319  __aeabi_memclr4                  
00004319  __aeabi_memclr8                  
00004375  __aeabi_memcpy                   
00004375  __aeabi_memcpy4                  
00004375  __aeabi_memcpy8                  
00003891  __aeabi_uidiv                    
00003891  __aeabi_uidivmod                 
ffffffff  __binit__                        
00003209  __cmpdf2                         
00002ced  __divsf3                         
00003209  __eqdf2                          
000038d1  __extendsfdf2                    
000036a5  __fixdfsi                        
00003a39  __fixsfsi                        
00003f1d  __floatsidf                      
00003951  __floatsisf                      
00002fdd  __gedf2                          
00002fdd  __gtdf2                          
000000c1  __kernel_rem_pio2                
00003209  __ledf2                          
00003209  __ltdf2                          
UNDEFED   __mpu_init                       
00001da1  __muldf3                         
0000398d  __muldsi3                        
00002acd  __mulsf3                         
00003209  __nedf2                          
20207e00  __stack                          
20200000  __start___llvm_prf_bits          
20200000  __start___llvm_prf_cnts          
20200000  __stop___llvm_prf_bits           
20200000  __stop___llvm_prf_cnts           
0000100d  __subdf3                         
0000203d  __subsf3                         
00003051  __truncdfsf2                     
00004041  _c_int00_noargs                  
20200678  _device                          
20200498  _ftable                          
2020078c  _lock                            
0000339b  _nop                             
202006f0  _stream                          
202007a8  _sys_memory                      
UNDEFED   _system_post_cinit               
000043cd  _system_pre_init                 
20200790  _unlock                          
000043d1  abort                            
000019fd  add_device                       
000017f1  aligned_alloc                    
ffffffff  binit                            
20200588  bullets                          
00003655  close                            
00000915  cosf                             
00003c15  exit                             
00003c49  finddevice                       
0000146d  floor                            
0000146d  floorl                           
00003e39  fopen                            
00001cb9  free                             
00003c7d  freopen                          
0000319d  getdevice                        
00000000  interruptVectors                 
00001f65  ldexp                            
00001f65  ldexpl                           
000021e9  main                             
00004325  malloc                           
000017f1  memalign                         
0000272d  open                             
20200000  p1                               
2020024c  p2                               
20200b68  parmbuf                          
20200740  player1SP                        
20200758  player2SP                        
0000437d  remove                           
00001f65  scalbn                           
00001f65  scalbnl                          
00001e85  setvbuf                          
00000ae9  sinf                             
00002be1  strcmp                           
20200794  time                             
00003f49  unlink                           
00004019  write                            


GLOBAL SYMBOLS: SORTED BY Symbol Address 

address   name                             
-------   ----                             
00000000  __TI_ATRegion0_region_sz         
00000000  __TI_ATRegion0_src_addr          
00000000  __TI_ATRegion0_trg_addr          
00000000  __TI_ATRegion1_region_sz         
00000000  __TI_ATRegion1_src_addr          
00000000  __TI_ATRegion1_trg_addr          
00000000  __TI_ATRegion2_region_sz         
00000000  __TI_ATRegion2_src_addr          
00000000  __TI_ATRegion2_trg_addr          
00000000  __TI_static_base__               
00000000  interruptVectors                 
000000c1  __kernel_rem_pio2                
00000200  __STACK_SIZE                     
00000200  __SYSMEM_SIZE                    
00000705  _Z17ST7735_DrawBitmapssPKtss     
00000915  cosf                             
00000ae9  sinf                             
00000cb1  _Z15Clock_Init80MHzi             
00000e65  _Z15ST7735_DrawCharsscssh        
0000100d  __aeabi_dsub                     
0000100d  __subdf3                         
00001017  __adddf3                         
00001017  __aeabi_dadd                     
0000119f  SysTick_Handler                  
000011a1  _ZN4Tank12rotateSpriteEf         
0000146d  floor                            
0000146d  floorl                           
000015b1  _Z8ADC_InitP10ADC12_Regsjj       
000016d9  _Z15ST7735_FillRectsssst         
000017f1  aligned_alloc                    
000017f1  memalign                         
00001905  _Z8SPI_Initv                     
000019fd  add_device                       
00001ae9  _Z14ST7735_OutCharc              
00001bd1  _Z9UART_Initv                    
00001cb9  free                             
00001da1  __aeabi_dmul                     
00001da1  __muldf3                         
00001e85  setvbuf                          
00001f65  ldexp                            
00001f65  ldexpl                           
00001f65  scalbn                           
00001f65  scalbnl                          
0000203d  __aeabi_fsub                     
0000203d  __subsf3                         
00002047  __addsf3                         
00002047  __aeabi_fadd                     
00002115  TIMG12_IRQHandler                
000021e9  main                             
000023fd  _Z14TimerG7_IntArmtjj            
000024a5  _ZN4TankC1EiiiPKthhjj            
000024a5  _ZN4TankC2EiiiPKthhjj            
000025ed  _Z12ST7735_InitR10initRFlags     
0000268d  _Z17ST7735_InitPrintf10initRFlags
0000272d  open                             
00002905  _ZN4Tank5ShootEP6Bulleti         
0000299f  _ZN6Bullet4MoveEv                
00002a37  _Z10Sound_Initv                  
00002a39  _Z15TimerG12_IntArmjj            
00002acd  __aeabi_fmul                     
00002acd  __mulsf3                         
00002be1  strcmp                           
00002c69  _Z17ST7735_DrawStringttPcs       
00002ced  __aeabi_fdiv                     
00002ced  __divsf3                         
00002d6f  __aeabi_idiv0                    
00002d71  _Z14LaunchPad_Initv              
00002ded  _ZN6Bullet4InitEiifii            
00002e69  _ZN8SlidePot4InitEv              
00002ee5  __TI_closefile                   
00002f61  __TI_decompress_lzss             
00002fdd  __gedf2                          
00002fdd  __gtdf2                          
00003051  __aeabi_d2f                      
00003051  __truncdfsf2                     
000030c5  HOSTlseek                        
00003131  HOSTrename                       
0000319d  getdevice                        
00003209  __cmpdf2                         
00003209  __eqdf2                          
00003209  __ledf2                          
00003209  __ltdf2                          
00003209  __nedf2                          
00003271  _ZN4Tank11TriVelocityEi          
00003339  __aeabi_dcmpeq                   
0000334d  __aeabi_dcmplt                   
00003361  __aeabi_dcmple                   
00003375  __aeabi_dcmpge                   
00003389  __aeabi_dcmpgt                   
0000339b  _nop                             
0000339d  HOSTopen                         
000033fd  HOSTread                         
00003455  HOSTwrite                        
000034ad  _Z10TExaS_InitP10ADC12_RegsjPFhvE
00003505  __aeabi_idiv                     
00003505  __aeabi_idivmod                  
0000355d  __TI_auto_init_nobinit           
000035b1  __TI_doflush                     
00003603  _ZN4Tank6RotateEi                
00003655  close                            
000036a5  __aeabi_d2iz                     
000036a5  __fixdfsi                        
000036f1  HOSTclose                        
00003739  HOSTunlink                       
00003781  _Z14SPI_OutCommandc              
000037c9  _ZN8SlidePot2InEv                
00003811  TIMG7_IRQHandler                 
00003851  _Z9SPI_Resetv                    
00003891  __aeabi_uidiv                    
00003891  __aeabi_uidivmod                 
000038d1  __aeabi_f2d                      
000038d1  __extendsfdf2                    
00003951  __aeabi_i2f                      
00003951  __floatsisf                      
0000398d  __muldsi3                        
000039c9  _Z11SPI_OutDatac                 
00003a01  _Z15ActivatePortA_Bv             
00003a39  __aeabi_f2iz                     
00003a39  __fixsfsi                        
00003a71  _ZN4Tank15rotateIncrementEi      
00003aa7  _Z12ST7735_writeiPKcj            
00003add  _Z14Clock_Delay1msj              
00003b11  _Z16ST7735_SetCursorjj           
00003b45  _Z8LED_Initv                     
00003b79  __TI_cleanup                     
00003bad  __TI_readmsg                     
00003be1  __TI_writemsg                    
00003c0d  C$$IO$$                          
00003c15  exit                             
00003c49  finddevice                       
00003c7d  freopen                          
00003cb1  _Z15ST7735_Color565hhh           
00003ce3  _ZN4Tank13TickCooldownsEv        
00003d15  _ZN4Tank4DrawEv                  
00003d79  _ZN6Bullet4DrawEv                
00003da9  _ZN8SlidePot4SaveEj              
00003e39  fopen                            
00003e69  _ZN8SlidePot4SyncEv              
00003e99  _Z17ST7735_FillScreent           
00003ec5  _ZN4Tank5EraseEv                 
00003f1d  __aeabi_i2d                      
00003f1d  __floatsidf                      
00003f49  unlink                           
00003f75  _ZN4Tank4MoveEv                  
00003fa1  _Z11Switch_Initv                 
00003fc9  _Z9ADC_StartP10ADC12_Regs        
00004019  write                            
00004041  _c_int00_noargs                  
00004069  _ZN6Bullet5EraseEv               
000040ad  ADC0_IRQHandler                  
000040ad  ADC1_IRQHandler                  
000040ad  AES_IRQHandler                   
000040ad  CANFD0_IRQHandler                
000040ad  DAC0_IRQHandler                  
000040ad  DMA_IRQHandler                   
000040ad  Default_Handler                  
000040ad  GROUP0_IRQHandler                
000040ad  GROUP1_IRQHandler                
000040ad  I2C0_IRQHandler                  
000040ad  I2C1_IRQHandler                  
000040ad  NMI_Handler                      
000040ad  PendSV_Handler                   
000040ad  RTC_IRQHandler                   
000040ad  SPI0_IRQHandler                  
000040ad  SPI1_IRQHandler                  
000040ad  SVC_Handler                      
000040ad  TIMA0_IRQHandler                 
000040ad  TIMA1_IRQHandler                 
000040ad  TIMG0_IRQHandler                 
000040ad  TIMG6_IRQHandler                 
000040ad  TIMG8_IRQHandler                 
000040ad  UART0_IRQHandler                 
000040ad  UART1_IRQHandler                 
000040ad  UART2_IRQHandler                 
000040ad  UART3_IRQHandler                 
000040c9  HardFault_Handler                
000040e5  _Z11ST7735_openPKcji             
00004101  _Z7P1SHOOTv                      
0000411d  _Z9Switch_Inv                    
00004155  _ZN8SlidePotC1Ejj                
00004155  _ZN8SlidePotC2Ejj                
00004187  _ZN6BulletC1Ev                   
00004187  _ZN6BulletC2Ev                   
000041c5  _Z11ST7735_readiPcj              
000041db  __TI_zero_init_nomemset          
00004219  _ZN4Tank11NeedsRedrawEv          
0000422b  TI_memcpy_small                  
0000423d  __TI_decompress_none             
0000425f  _Z11Clock_Delayj                 
00004271  _Z28TExaS_LaunchPadLogicPB27PB26v
00004281  _ZN4Tank8CanShootEv              
00004291  _ZNK6Bullet8IsActiveEv           
000042af  _Z12ST7735_lseekili              
000042d9  TI_memset_small                  
000042e9  _Z10Clock_Freqv                  
000042f5  _Z13ST7735_renamePKcS0_          
00004301  _ZN8SlidePot12lastDistanceEv     
0000430d  _ZN8SlidePot8DistanceEv          
00004319  __aeabi_memclr                   
00004319  __aeabi_memclr4                  
00004319  __aeabi_memclr8                  
00004325  malloc                           
0000434f  _Z12ST7735_closei                
00004359  _Z13ST7735_unlinkPKc             
00004363  _Z8PLL_Initv                     
0000436d  __aeabi_errno_addr               
00004375  __aeabi_memcpy                   
00004375  __aeabi_memcpy4                  
00004375  __aeabi_memcpy8                  
0000437d  remove                           
000043c9  Reset_Handler                    
000043cd  _system_pre_init                 
000043d0  C$$EXIT                          
000043d1  abort                            
00004ea8  SHT$$INIT_ARRAY$$Base            
00004eac  SHT$$INIT_ARRAY$$Limit           
00004f20  __TI_Handler_Table_Base          
00004f2c  __TI_Handler_Table_Limit         
00004f34  __TI_CINIT_Base                  
00004f44  __TI_CINIT_Limit                 
00004f44  __TI_CINIT_Warm                  
20200000  __start___llvm_prf_bits          
20200000  __start___llvm_prf_cnts          
20200000  __stop___llvm_prf_bits           
20200000  __stop___llvm_prf_cnts           
20200000  p1                               
2020024c  p2                               
20200498  _ftable                          
20200588  bullets                          
20200678  _device                          
202006f0  _stream                          
20200740  player1SP                        
20200758  player2SP                        
20200770  __TI_cleanup_ptr                 
20200774  __TI_dtors_ptr                   
20200778  BusFreq                          
2020077c  StX                              
20200780  StY                              
20200784  __TI_ft_end                      
20200788  __aeabi_errno                    
2020078c  _lock                            
20200790  _unlock                          
20200794  time                             
202007a8  _sys_memory                      
202009a8  _CIOBUF_                         
202009a8  __CIOBUF_                        
20200ac8  __TI_tmpnams                     
20200b68  parmbuf                          
20200b70  TExaSLogic                       
20200b74  TExaSadc                         
20200b7c  StTextColor                      
20207e00  __stack                          
20208000  __STACK_END                      
ffffffff  __TI_pprof_out_hndl              
ffffffff  __TI_prof_data_size              
ffffffff  __TI_prof_data_start             
ffffffff  __binit__                        
ffffffff  binit                            
UNDEFED   __mpu_init                       
UNDEFED   _system_post_cinit               

[260 symbols]
